warning: redefining global symbol: pi
when processing file: /home/chroma/Documents/bugwright2-ws/bugwright_ws/src/my_sim/models/CrawlerUGW/crawler.xacro
warning: redefining global symbol: pi
when processing file: /home/chroma/Documents/bugwright2-ws/bugwright_ws/src/my_sim/models/CrawlerUGW/crawler.xacro
[0m[ INFO] [1685550710.225210497]: Finished loading Gazebo ROS API Plugin.[0m
[0m[ INFO] [1685550710.226316050]: waitForService: Service [/gazebo/set_physics_properties] has not been advertised, waiting...[0m
[0m[ INFO] [1685550710.680966339]: waitForService: Service [/gazebo/set_physics_properties] is now available.[0m
[0m[ INFO] [1685550710.950539215, 0.161000000]: Physics dynamic reconfigure ready.[0m
[0m[ INFO] [1685550711.788843792, 0.351000000]: Laser Plugin: Using the 'robotNamespace' param: '/'[0m
[0m[ INFO] [1685550711.788912686, 0.351000000]: Starting Laser Plugin (ns = /)[0m
[0m[ INFO] [1685550711.790620969, 0.351000000]: Laser Plugin (ns = /)  <tf_prefix_>, set to ""[0m
[0m[ INFO] [1685550711.797276566, 0.351000000]: <robotNamespace> set to: //[0m
[0m[ INFO] [1685550711.797297176, 0.351000000]: <topicName> set to: /crawler0/imu[0m
[0m[ INFO] [1685550711.797306131, 0.351000000]: <frameName> set to: crawler_0/base_link[0m
[0m[ INFO] [1685550711.797326850, 0.351000000]: <updateRateHZ> set to: 10[0m
[0m[ INFO] [1685550711.797340279, 0.351000000]: <gaussianNoise> set to: 0[0m
[0m[ INFO] [1685550711.797372773, 0.351000000]: <xyzOffset> set to: 0 0 0[0m
[0m[ INFO] [1685550711.797439120, 0.351000000]: <rpyOffset> set to: 0 -0 0[0m
[0m[ INFO] [1685550711.808795498, 0.351000000]: NS UWBe0 UwbPlugin::Load crawler0 Tag 0 Publish TF 1[0m
NS UWBe0 Uwb topic: uwb
[0m[ INFO] [1685550711.809841737, 0.351000000]: NS TAG0 UwbPlugin::Load crawler0 Tag 1 Publish TF 0[0m
NS TAG0 Uwb topic: crawler0/uwb_sim
[33m[ WARN] [1685550711.820076726, 0.351000000]: DiffDrive(ns = //): missing <rosDebugLevel> default is na[0m
[33m[ WARN] [1685550711.820959172, 0.351000000]: DiffDrive(ns = //): missing <wheelAcceleration> default is 0[0m
[33m[ WARN] [1685550711.821025180, 0.351000000]: DiffDrive(ns = //): missing <wheelTorque> default is 5[0m
[0m[ INFO] [1685550711.820011873, 0.351000000]: Starting plugin DiffDrive(ns = //)[0m
[0m[ INFO] [1685550711.820801099, 0.351000000]: DiffDrive(ns = //): <tf_prefix> = [0m
[0m[ INFO] [1685550711.821210537, 0.351000000]: DiffDrive(ns = //): Try to subscribe to /crawler0/base_controller/cmd_vel[0m
[0m[ INFO] [1685550711.823423295, 0.351000000]: DiffDrive(ns = //): Subscribe to /crawler0/base_controller/cmd_vel[0m
[0m[ INFO] [1685550711.823865711, 0.351000000]: DiffDrive(ns = //): Advertise odom on /crawler0/odom [0m
[0m[ INFO] [1685550712.641121711, 0.552000000]: Laser Plugin: Using the 'robotNamespace' param: '/'[0m
[0m[ INFO] [1685550712.641212589, 0.552000000]: Starting Laser Plugin (ns = /)[0m
[0m[ INFO] [1685550712.642178360, 0.552000000]: Laser Plugin (ns = /)  <tf_prefix_>, set to ""[0m
[0m[ INFO] [1685550712.643852812, 0.552000000]: <robotNamespace> set to: //[0m
[0m[ INFO] [1685550712.643877211, 0.552000000]: <topicName> set to: /crawler1/imu[0m
[0m[ INFO] [1685550712.643919962, 0.552000000]: <frameName> set to: crawler_1/base_link[0m
[0m[ INFO] [1685550712.643984907, 0.552000000]: <updateRateHZ> set to: 10[0m
[0m[ INFO] [1685550712.644040242, 0.552000000]: <gaussianNoise> set to: 0[0m
[0m[ INFO] [1685550712.644107442, 0.552000000]: <xyzOffset> set to: 0 0 0[0m
[0m[ INFO] [1685550712.644135108, 0.552000000]: <rpyOffset> set to: 0 -0 0[0m
[0m[ INFO] [1685550712.650987946, 0.552000000]: NS UWBe1 UwbPlugin::Load crawler1 Tag 0 Publish TF 1[0m
NS UWBe1 Uwb topic: uwb
[0m[ INFO] [1685550712.651303963, 0.552000000]: NS TAG1 UwbPlugin::Load crawler1 Tag 1 Publish TF 0[0m
NS TAG1 Uwb topic: crawler1/uwb_sim
[33m[ WARN] [1685550712.652603088, 0.552000000]: DiffDrive(ns = //): missing <rosDebugLevel> default is na[0m
[33m[ WARN] [1685550712.653792752, 0.552000000]: DiffDrive(ns = //): missing <wheelAcceleration> default is 0[0m
[33m[ WARN] [1685550712.653811310, 0.552000000]: DiffDrive(ns = //): missing <wheelTorque> default is 5[0m
[ERROR] [1685550713.886714, 1.755000]: bad callback: <function handle_uwb at 0x7f7c160cc280>
Traceback (most recent call last):
  File "/opt/ros/noetic/lib/python3/dist-packages/rospy/topics.py", line 748, in _invoke_callback
    cb(msg, cb_args)
  File "/home/chroma/Documents/bugwright2-ws/bugwright_ws/src/my_sim/nodes/occgrid_visualization.py", line 40, in handle_uwb
    listener.waitForTransform('/' + str(reference_frame), tag, msg.header.stamp, rospy.Duration(1.0))
  File "/opt/ros/noetic/lib/python3/dist-packages/tf/listener.py", line 76, in waitForTransform
    raise tf2_ros.TransformException(error_msg or "no such transformation: \"{}\" -> \"{}\"".format(source_frame, target_frame))
tf2.TransformException: Lookup would require extrapolation 0.001000000s into the past.  Requested time 0.651000000 but the earliest data is at time 0.652000000, when looking up transform from frame [crawler_1/UWBe] to frame [world]

[ERROR] [1685550713.785854, 1.655000]: bad callback: <function handle_uwb at 0x7f5daf36b310>
Traceback (most recent call last):
  File "/opt/ros/noetic/lib/python3/dist-packages/rospy/topics.py", line 750, in _invoke_callback
    cb(msg)
  File "/home/chroma/Documents/bugwright2-ws/bugwright_ws/src/my_sim/nodes/ugw_visualization.py", line 21, in handle_uwb
    listener.waitForTransform(base_frame, tag_frame, msg.header.stamp,rospy.Duration(1.0))
  File "/opt/ros/noetic/lib/python3/dist-packages/tf/listener.py", line 76, in waitForTransform
    raise tf2_ros.TransformException(error_msg or "no such transformation: \"{}\" -> \"{}\"".format(source_frame, target_frame))
tf2.TransformException: Lookup would require extrapolation 0.001000000s into the past.  Requested time 0.651000000 but the earliest data is at time 0.652000000, when looking up transform from frame [crawler_1/UWBe] to frame [crawler_0/UWBe]

[ERROR] [1685554884.505588, 3908.419000]: Delete model service call failed: transport error completing service call: unable to receive data from sender, check sender's logs for details
[INFO] [1685550709.842211, 0.000000]: Loading model XML from ros parameter robot_description_crawler_1
[INFO] [1685550709.850042, 0.000000]: Waiting for service /gazebo/spawn_urdf_model
[INFO] [1685550710.757489, 0.000000]: Calling service /gazebo/spawn_urdf_model
[INFO] [1685550712.650916, 0.552000]: Spawn status: SpawnModel: Successfully spawned entity
[INFO] [1685550712.652545, 0.552000]: Waiting for shutdown to delete model crawler1
[INFO] [1685554884.200982, 3908.216000]: Deleting model crawler1
[ERROR] [1685554884.505665, 3908.419000]: Delete model service call failed: transport error completing service call: unable to receive data from sender, check sender's logs for details
[INFO] [1685550709.812601, 0.000000]: Loading model XML from ros parameter robot_description_crawler_0
[INFO] [1685550709.819297, 0.000000]: Waiting for service /gazebo/spawn_urdf_model
[INFO] [1685550710.725500, 0.000000]: Calling service /gazebo/spawn_urdf_model
[INFO] [1685550711.798967, 0.351000]: Spawn status: SpawnModel: Successfully spawned entity
[INFO] [1685550711.800349, 0.351000]: Waiting for shutdown to delete model crawler0
[INFO] [1685554884.201411, 3908.217000]: Deleting model crawler0
[ERROR] [1685554884.505677, 3908.419000]: Delete model service call failed: transport error completing service call: unable to receive data from sender, check sender's logs for details
[INFO] [1685550709.760492, 0.000000]: Loading model XML from ros parameter world_description
[INFO] [1685550709.766449, 0.000000]: Waiting for service /gazebo/spawn_urdf_model
[INFO] [1685550710.673045, 0.000000]: Calling service /gazebo/spawn_urdf_model
[INFO] [1685550710.942318, 0.153000]: Spawn status: SpawnModel: Successfully spawned entity
[INFO] [1685550710.944524, 0.155000]: Waiting for shutdown to delete model corrosion
[INFO] [1685554884.402981, 3908.417000]: Deleting model corrosion
[31m[gazebo-2] escalating to SIGTERM[0m
... logging to /home/chroma/.ros/log/a358f454-ffd0-11ed-9a5c-45fd429ce793/roslaunch-chroma-HP-ProBook-650-G2-7640.log
Checking log directory for disk usage. This may take a while.
Press Ctrl-C to interrupt
Done checking log file disk usage. Usage is <1GB.
]2;/home/chroma/Documents/bugwright2-ws/bugwright_ws/src/my_sim/launch/crawler_ugw_with_uwb_simulation_spawn.launch
[1mstarted roslaunch server http://chroma-HP-ProBook-650-G2:42535/[0m

SUMMARY
========

PARAMETERS
 * /crawler0_gt/base_frame: crawler0_gt
 * /crawler0_gt/reference_frame: world
 * /crawler1_gt/base_frame: crawler1_gt
 * /crawler1_gt/reference_frame: world
 * /crawler_0_1_ugw_viz/base_frame: crawler_0/UWBe
 * /crawler_0_1_ugw_viz/tag_frame: crawler_1/UWBe
 * /crawler_0_1_ugw_viz/tag_name: crawler1
 * /gazebo/enable_ros_network: True
 * /og_viz/base_frame: UWBe
 * /og_viz/buddies/crawler0: crawler1
 * /og_viz/grid_height: 6
 * /og_viz/grid_resolution: 0.05
 * /og_viz/grid_width: 6
 * /og_viz/reference_frame: world
 * /robot_description_crawler_0: <?xml version="1....
 * /robot_description_crawler_1: <?xml version="1....
 * /robot_state_publisher_crawler_0/publish_frequency: 10.0
 * /robot_state_publisher_crawler_0/tf_prefix: crawler_0
 * /robot_state_publisher_crawler_1/publish_frequency: 10.0
 * /robot_state_publisher_crawler_1/tf_prefix: crawler_1
 * /robot_state_publisher_world/publish_frequency: 1.0
 * /rosdistro: noetic
 * /rosversion: 1.16.0
 * /use_sim_time: True
 * /world_description: <?xml version="1....

NODES
  /
    crawler0_gt (my_sim/pose_to_tf.py)
    crawler1_gt (my_sim/pose_to_tf.py)
    crawler_0_1_ugw_viz (my_sim/ugw_visualization.py)
    gazebo (gazebo_ros/gzserver)
    og_viz (my_sim/occgrid_visualization.py)
    robot_state_publisher_crawler_0 (robot_state_publisher/robot_state_publisher)
    robot_state_publisher_crawler_1 (robot_state_publisher/robot_state_publisher)
    robot_state_publisher_world (robot_state_publisher/robot_state_publisher)
    rviz (rviz/rviz)
    spawn_corrosion (gazebo_ros/spawn_model)
    spawn_crawler_0 (gazebo_ros/spawn_model)
    spawn_crawler_1 (gazebo_ros/spawn_model)
    world_to_world_tf (tf2_ros/static_transform_publisher)

auto-starting new master
[1mprocess[master]: started with pid [7676][0m
[1mROS_MASTER_URI=http://localhost:11311[0m
]2;/home/chroma/Documents/bugwright2-ws/bugwright_ws/src/my_sim/launch/crawler_ugw_with_uwb_simulation_spawn.launch http://localhost:11311
[1msetting /run_id to a358f454-ffd0-11ed-9a5c-45fd429ce793[0m
[1mprocess[rosout-1]: started with pid [7693][0m
started core service [/rosout]
[1mprocess[gazebo-2]: started with pid [7700][0m
[1mprocess[spawn_corrosion-3]: started with pid [7704][0m
[1mprocess[robot_state_publisher_world-4]: started with pid [7706][0m
[1mprocess[world_to_world_tf-5]: started with pid [7707][0m
[1mprocess[spawn_crawler_0-6]: started with pid [7708][0m
[1mprocess[robot_state_publisher_crawler_0-7]: started with pid [7713][0m
[1mprocess[spawn_crawler_1-8]: started with pid [7719][0m
[1mprocess[robot_state_publisher_crawler_1-9]: started with pid [7721][0m
[1mprocess[crawler0_gt-10]: started with pid [7723][0m
[1mprocess[crawler1_gt-11]: started with pid [7729][0m
[1mprocess[crawler_0_1_ugw_viz-12]: started with pid [7731][0m
[1mprocess[og_viz-13]: started with pid [7737][0m
[1mprocess[rviz-14]: started with pid [7746][0m
[rviz-14] killing on exit
[og_viz-13] killing on exit
[crawler_0_1_ugw_viz-12] killing on exit
[crawler0_gt-10] killing on exit
[crawler1_gt-11] killing on exit
[spawn_crawler_1-8] killing on exit
[robot_state_publisher_crawler_0-7] killing on exit
[spawn_crawler_0-6] killing on exit
[robot_state_publisher_crawler_1-9] killing on exit
[world_to_world_tf-5] killing on exit
[robot_state_publisher_world-4] killing on exit
[spawn_corrosion-3] killing on exit
[gazebo-2] killing on exit
[rosout-1] killing on exit
[master] killing on exit
shutting down processing monitor...
... shutting down processing monitor complete
[1mdone[0m
