warning: redefining global symbol: pi
when processing file: /home/chroma/Documents/bugwright2-ws/bugwright_ws/src/my_sim/models/CrawlerUGW/crawler.xacro
warning: redefining global symbol: pi
when processing file: /home/chroma/Documents/bugwright2-ws/bugwright_ws/src/my_sim/models/CrawlerUGW/crawler.xacro
[0m[ INFO] [1683661196.432371652]: Finished loading Gazebo ROS API Plugin.[0m
[0m[ INFO] [1683661196.434049502]: waitForService: Service [/gazebo/set_physics_properties] has not been advertised, waiting...[0m
Couldn't find a preferred IP via the getifaddrs() call; I'm assuming that your IP address is 127.0.0.1.  This should work for local processes, but will almost certainly not work if you have remote processes.Report to the disc-zmq development team to seek a fix.
Couldn't find a preferred IP via the getifaddrs() call; I'm assuming that your IP address is 127.0.0.1.  This should work for local processes, but will almost certainly not work if you have remote processes.Report to the disc-zmq development team to seek a fix.
Couldn't find a preferred IP via the getifaddrs() call; I'm assuming that your IP address is 127.0.0.1.  This should work for local processes, but will almost certainly not work if you have remote processes.Report to the disc-zmq development team to seek a fix.
Couldn't find a preferred IP via the getifaddrs() call; I'm assuming that your IP address is 127.0.0.1.  This should work for local processes, but will almost certainly not work if you have remote processes.Report to the disc-zmq development team to seek a fix.
[0m[ INFO] [1683661196.929945754]: waitForService: Service [/gazebo/set_physics_properties] is now available.[0m
[0m[ INFO] [1683661197.877739826, 0.140000000]: Camera Plugin: Using the 'robotNamespace' param: '/'[0m
[0m[ INFO] [1683661197.881462881, 0.140000000]: Camera Plugin (ns = /)  <tf_prefix_>, set to ""[0m
[0m[ INFO] [1683661197.889806884, 0.140000000]: <robotNamespace> set to: //[0m
[0m[ INFO] [1683661197.889846667, 0.140000000]: <topicName> set to: /crawler1/imu[0m
[0m[ INFO] [1683661197.891285614, 0.140000000]: <frameName> set to: crawler_1/base_link[0m
[0m[ INFO] [1683661197.891773792, 0.140000000]: <updateRateHZ> set to: 10[0m
[0m[ INFO] [1683661197.892792736, 0.140000000]: <gaussianNoise> set to: 0[0m
[0m[ INFO] [1683661197.895098313, 0.140000000]: <xyzOffset> set to: 0 0 0[0m
[0m[ INFO] [1683661197.896164165, 0.140000000]: <rpyOffset> set to: 0 -0 0[0m
[0m[ INFO] [1683661197.902510981, 0.140000000]: Physics dynamic reconfigure ready.[0m
[0m[ INFO] [1683661197.999102496, 0.140000000]: NS UWBe1 UwbPlugin::Load crawler1 Tag 0 Publish TF 1[0m
NS UWBe1 Uwb topic: uwb
[0m[ INFO] [1683661198.000123812, 0.140000000]: NS TAG1 UwbPlugin::Load crawler1 Tag 1 Publish TF 0[0m
NS TAG1 Uwb topic: crawler1/uwb_sim
[33m[ WARN] [1683661198.011012870, 0.140000000]: DiffDrive(ns = //): missing <rosDebugLevel> default is na[0m
[33m[ WARN] [1683661198.012604530, 0.140000000]: DiffDrive(ns = //): missing <wheelAcceleration> default is 0[0m
[33m[ WARN] [1683661198.012661862, 0.140000000]: DiffDrive(ns = //): missing <wheelTorque> default is 5[0m
[31m[ERROR] [1683661198.340374391, 0.339000000]: Tried to advertise a service that is already advertised in this node [/IFM_ir/set_camera_info][0m
[31m[ERROR] [1683661198.342066312, 0.339000000]: Tried to advertise a service that is already advertised in this node [/IFM_ir/set_parameters][0m
[0m[ INFO] [1683661198.010942231, 0.140000000]: Starting plugin DiffDrive(ns = //)[0m
[0m[ INFO] [1683661198.012339935, 0.140000000]: DiffDrive(ns = //): <tf_prefix> = [0m
[0m[ INFO] [1683661198.012874328, 0.140000000]: DiffDrive(ns = //): Try to subscribe to /crawler1/base_controller/cmd_vel[0m
[0m[ INFO] [1683661198.014821196, 0.140000000]: DiffDrive(ns = //): Subscribe to /crawler1/base_controller/cmd_vel[0m
[0m[ INFO] [1683661198.015310519, 0.140000000]: DiffDrive(ns = //): Advertise odom on /crawler1/odom [0m
[0m[ INFO] [1683661198.340084791, 0.339000000]: Camera Plugin: Using the 'robotNamespace' param: '/'[0m
[0m[ INFO] [1683661198.340590226, 0.339000000]: <robotNamespace> set to: //[0m
[0m[ INFO] [1683661198.340611591, 0.339000000]: <topicName> set to: /crawler0/imu[0m
[0m[ INFO] [1683661198.340621303, 0.339000000]: <frameName> set to: crawler_0/base_link[0m
[0m[ INFO] [1683661198.340636230, 0.339000000]: <updateRateHZ> set to: 10[0m
[0m[ INFO] [1683661198.340647398, 0.339000000]: <gaussianNoise> set to: 0[0m
[0m[ INFO] [1683661198.340683262, 0.339000000]: <xyzOffset> set to: 0 0 0[0m
[0m[ INFO] [1683661198.340698844, 0.339000000]: <rpyOffset> set to: 0 -0 0[0m
[0m[ INFO] [1683661198.342019002, 0.339000000]: Camera Plugin (ns = /)  <tf_prefix_>, set to ""[0m
[0m[ INFO] [1683661198.428326108, 0.339000000]: NS UWBe0 UwbPlugin::Load crawler0 Tag 0 Publish TF 1[0m
NS UWBe0 Uwb topic: uwb
[0m[ INFO] [1683661198.429001800, 0.339000000]: NS TAG0 UwbPlugin::Load crawler0 Tag 1 Publish TF 0[0m
NS TAG0 Uwb topic: crawler0/uwb_sim
[33m[ WARN] [1683661198.431342248, 0.339000000]: DiffDrive(ns = //): missing <rosDebugLevel> default is na[0m
[33m[ WARN] [1683661198.433039254, 0.339000000]: DiffDrive(ns = //): missing <wheelAcceleration> default is 0[0m
[33m[ WARN] [1683661198.433122426, 0.339000000]: DiffDrive(ns = //): missing <wheelTorque> default is 5[0m
[ERROR] [1683661473.410266, 273.640000]: Delete model service call failed: transport error completing service call: unable to receive data from sender, check sender's logs for details
[INFO] [1683661195.854923, 0.000000]: Loading model XML from ros parameter world_description
[INFO] [1683661195.881198, 0.000000]: Waiting for service /gazebo/spawn_urdf_model
[INFO] [1683661197.092336, 0.140000]: Calling service /gazebo/spawn_urdf_model
[INFO] [1683661198.741764, 0.517000]: Spawn status: SpawnModel: Successfully spawned entity
[INFO] [1683661198.743563, 0.519000]: Waiting for shutdown to delete model corrosion
[INFO] [1683661473.301873, 273.639000]: Deleting model corrosion
[ERROR] [1683661473.410266, 273.640000]: Delete model service call failed: transport error completing service call: unable to receive data from sender, check sender's logs for details
[INFO] [1683661195.853283, 0.000000]: Loading model XML from ros parameter robot_description_crawler_0
[INFO] [1683661195.874957, 0.000000]: Waiting for service /gazebo/spawn_urdf_model
[INFO] [1683661197.086915, 0.140000]: Calling service /gazebo/spawn_urdf_model
[INFO] [1683661198.327799, 0.339000]: Spawn status: SpawnModel: Successfully spawned entity
[INFO] [1683661198.329600, 0.339000]: Waiting for shutdown to delete model crawler0
[INFO] [1683661473.199375, 273.538000]: Deleting model crawler0
[ERROR] [1683661473.410268, 273.640000]: Delete model service call failed: transport error completing service call: unable to receive data from sender, check sender's logs for details
[INFO] [1683661196.015256, 0.000000]: Loading model XML from ros parameter robot_description_crawler_1
[INFO] [1683661196.023669, 0.000000]: Waiting for service /gazebo/spawn_urdf_model
[INFO] [1683661196.930959, 0.000000]: Calling service /gazebo/spawn_urdf_model
[INFO] [1683661197.889855, 0.000000]: Spawn status: SpawnModel: Successfully spawned entity
[INFO] [1683661197.891567, 0.000000]: Waiting for shutdown to delete model crawler1
[INFO] [1683661473.199347, 273.538000]: Deleting model crawler1
[31mWARNING: disk usage in log directory [/home/chroma/.ros/log] is over 1GB.
It's recommended that you use the 'rosclean' command.[0m
[31m[gazebo-2] escalating to SIGTERM[0m
... logging to /home/chroma/.ros/log/45418664-eea1-11ed-9197-3fa0c4db1b13/roslaunch-chroma-HP-ProBook-650-G2-14268.log
Checking log directory for disk usage. This may take a while.
Press Ctrl-C to interrupt
]2;/home/chroma/Documents/bugwright2-ws/bugwright_ws/src/my_sim/launch/crawler_ugw_with_uwb_simulation_spawn.launch
[1mstarted roslaunch server http://chroma-HP-ProBook-650-G2:46587/[0m

SUMMARY
========

PARAMETERS
 * /crawler0_gt/base_frame: crawler0_gt
 * /crawler0_gt/reference_frame: world
 * /crawler1_gt/base_frame: crawler1_gt
 * /crawler1_gt/reference_frame: world
 * /crawler_0_1_ugw_viz/base_frame: crawler_0/UWBe
 * /crawler_0_1_ugw_viz/tag_frame: crawler_1/UWBe
 * /crawler_0_1_ugw_viz/tag_name: crawler1
 * /gazebo/enable_ros_network: True
 * /og_viz/base_frame: UWBe
 * /og_viz/buddies/crawler0: crawler1
 * /og_viz/grid_height: 6
 * /og_viz/grid_resolution: 0.05
 * /og_viz/grid_width: 6
 * /og_viz/reference_frame: world
 * /robot_description_crawler_0: <?xml version="1....
 * /robot_description_crawler_1: <?xml version="1....
 * /robot_state_publisher_crawler_0/publish_frequency: 10.0
 * /robot_state_publisher_crawler_0/tf_prefix: crawler_0
 * /robot_state_publisher_crawler_1/publish_frequency: 10.0
 * /robot_state_publisher_crawler_1/tf_prefix: crawler_1
 * /robot_state_publisher_world/publish_frequency: 1.0
 * /rosdistro: noetic
 * /rosversion: 1.16.0
 * /use_sim_time: True
 * /world_description: <?xml version="1....

NODES
  /
    crawler0_gt (my_sim/pose_to_tf.py)
    crawler1_gt (my_sim/pose_to_tf.py)
    crawler_0_1_ugw_viz (my_sim/ugw_visualization.py)
    gazebo (gazebo_ros/gzserver)
    og_viz (my_sim/occgrid_visualization.py)
    robot_state_publisher_crawler_0 (robot_state_publisher/robot_state_publisher)
    robot_state_publisher_crawler_1 (robot_state_publisher/robot_state_publisher)
    robot_state_publisher_world (robot_state_publisher/robot_state_publisher)
    rviz (rviz/rviz)
    spawn_corrosion (gazebo_ros/spawn_model)
    spawn_crawler_0 (gazebo_ros/spawn_model)
    spawn_crawler_1 (gazebo_ros/spawn_model)
    world_to_world_tf (tf2_ros/static_transform_publisher)

auto-starting new master
[1mprocess[master]: started with pid [14315][0m
[1mROS_MASTER_URI=http://localhost:11311[0m
]2;/home/chroma/Documents/bugwright2-ws/bugwright_ws/src/my_sim/launch/crawler_ugw_with_uwb_simulation_spawn.launch http://localhost:11311
[1msetting /run_id to 45418664-eea1-11ed-9197-3fa0c4db1b13[0m
[1mprocess[rosout-1]: started with pid [14332][0m
started core service [/rosout]
[1mprocess[gazebo-2]: started with pid [14340][0m
[1mprocess[spawn_corrosion-3]: started with pid [14345][0m
[1mprocess[robot_state_publisher_world-4]: started with pid [14346][0m
[1mprocess[world_to_world_tf-5]: started with pid [14347][0m
[1mprocess[spawn_crawler_0-6]: started with pid [14348][0m
[1mprocess[robot_state_publisher_crawler_0-7]: started with pid [14353][0m
[1mprocess[spawn_crawler_1-8]: started with pid [14359][0m
[1mprocess[robot_state_publisher_crawler_1-9]: started with pid [14362][0m
[1mprocess[crawler0_gt-10]: started with pid [14363][0m
[1mprocess[crawler1_gt-11]: started with pid [14369][0m
[1mprocess[crawler_0_1_ugw_viz-12]: started with pid [14372][0m
[1mprocess[og_viz-13]: started with pid [14383][0m
[1mprocess[rviz-14]: started with pid [14385][0m
[rviz-14] killing on exit
[og_viz-13] killing on exit
[crawler_0_1_ugw_viz-12] killing on exit
[crawler1_gt-11] killing on exit
[spawn_crawler_0-6] killing on exit
[crawler0_gt-10] killing on exit
[robot_state_publisher_crawler_1-9] killing on exit
[spawn_crawler_1-8] killing on exit
[robot_state_publisher_crawler_0-7] killing on exit
[world_to_world_tf-5] killing on exit
[robot_state_publisher_world-4] killing on exit
[spawn_corrosion-3] killing on exit
[gazebo-2] killing on exit
[rosout-1] killing on exit
[master] killing on exit
shutting down processing monitor...
... shutting down processing monitor complete
[1mdone[0m
