warning: redefining global symbol: pi
when processing file: /home/chroma/Documents/bugwright2-ws/bugwright_ws/src/my_sim/models/CrawlerUGW/crawler.xacro
warning: redefining global symbol: pi
when processing file: /home/chroma/Documents/bugwright2-ws/bugwright_ws/src/my_sim/models/CrawlerUGW/crawler.xacro
[0m[ INFO] [1685894572.463296666]: Finished loading Gazebo ROS API Plugin.[0m
[0m[ INFO] [1685894572.464393073]: waitForService: Service [/gazebo/set_physics_properties] has not been advertised, waiting...[0m
[0m[ INFO] [1685894572.959821773]: waitForService: Service [/gazebo/set_physics_properties] is now available.[0m
[0m[ INFO] [1685894572.994222247, 0.024000000]: Physics dynamic reconfigure ready.[0m
[0m[ INFO] [1685894573.775250972, 0.157000000]: Laser Plugin: Using the 'robotNamespace' param: '/'[0m
[0m[ INFO] [1685894573.775313558, 0.157000000]: Starting Laser Plugin (ns = /)[0m
[0m[ INFO] [1685894573.777073665, 0.157000000]: Laser Plugin (ns = /)  <tf_prefix_>, set to ""[0m
[0m[ INFO] [1685894573.785280368, 0.157000000]: <robotNamespace> set to: //[0m
[0m[ INFO] [1685894573.785344507, 0.157000000]: <topicName> set to: /crawler1/imu[0m
[0m[ INFO] [1685894573.785377948, 0.157000000]: <frameName> set to: crawler_1/base_link[0m
[0m[ INFO] [1685894573.785400599, 0.157000000]: <updateRateHZ> set to: 10[0m
[0m[ INFO] [1685894573.785435408, 0.157000000]: <gaussianNoise> set to: 0[0m
[0m[ INFO] [1685894573.785458987, 0.157000000]: <xyzOffset> set to: 0 0 0[0m
[0m[ INFO] [1685894573.785504122, 0.157000000]: <rpyOffset> set to: 0 -0 0[0m
[0m[ INFO] [1685894573.796704450, 0.157000000]: NS UWBe1 UwbPlugin::Load crawler1 Tag 0 Publish TF 1[0m
NS UWBe1 Uwb topic: uwb
[0m[ INFO] [1685894573.797306042, 0.157000000]: NS TAG1 UwbPlugin::Load crawler1 Tag 1 Publish TF 0[0m
NS TAG1 Uwb topic: crawler1/uwb_sim
[33m[ WARN] [1685894573.806944089, 0.157000000]: DiffDrive(ns = //): missing <rosDebugLevel> default is na[0m
[33m[ WARN] [1685894573.807910008, 0.157000000]: DiffDrive(ns = //): missing <wheelAcceleration> default is 0[0m
[33m[ WARN] [1685894573.807948193, 0.157000000]: DiffDrive(ns = //): missing <wheelTorque> default is 5[0m
[0m[ INFO] [1685894573.806871788, 0.157000000]: Starting plugin DiffDrive(ns = //)[0m
[0m[ INFO] [1685894573.807672123, 0.157000000]: DiffDrive(ns = //): <tf_prefix> = [0m
[0m[ INFO] [1685894573.808161031, 0.157000000]: DiffDrive(ns = //): Try to subscribe to /crawler1/base_controller/cmd_vel[0m
[0m[ INFO] [1685894573.811005786, 0.157000000]: DiffDrive(ns = //): Subscribe to /crawler1/base_controller/cmd_vel[0m
[0m[ INFO] [1685894573.811514272, 0.157000000]: DiffDrive(ns = //): Advertise odom on /crawler1/odom [0m
[0m[ INFO] [1685894574.928990104, 0.559000000]: Laser Plugin: Using the 'robotNamespace' param: '/'[0m
[0m[ INFO] [1685894574.929048180, 0.559000000]: Starting Laser Plugin (ns = /)[0m
[0m[ INFO] [1685894574.930352966, 0.559000000]: Laser Plugin (ns = /)  <tf_prefix_>, set to ""[0m
[0m[ INFO] [1685894574.932762872, 0.559000000]: <robotNamespace> set to: //[0m
[0m[ INFO] [1685894574.932795124, 0.559000000]: <topicName> set to: /crawler0/imu[0m
[0m[ INFO] [1685894574.932853684, 0.559000000]: <frameName> set to: crawler_0/base_link[0m
[0m[ INFO] [1685894574.932886506, 0.559000000]: <updateRateHZ> set to: 10[0m
[0m[ INFO] [1685894574.932911465, 0.559000000]: <gaussianNoise> set to: 0[0m
[0m[ INFO] [1685894574.932953168, 0.559000000]: <xyzOffset> set to: 0 0 0[0m
[0m[ INFO] [1685894574.932994344, 0.559000000]: <rpyOffset> set to: 0 -0 0[0m
[0m[ INFO] [1685894574.939063446, 0.559000000]: NS UWBe0 UwbPlugin::Load crawler0 Tag 0 Publish TF 1[0m
NS UWBe0 Uwb topic: uwb
[0m[ INFO] [1685894574.939316099, 0.559000000]: NS TAG0 UwbPlugin::Load crawler0 Tag 1 Publish TF 0[0m
NS TAG0 Uwb topic: crawler0/uwb_sim
[33m[ WARN] [1685894574.940367792, 0.559000000]: DiffDrive(ns = //): missing <rosDebugLevel> default is na[0m
[33m[ WARN] [1685894574.941104101, 0.559000000]: DiffDrive(ns = //): missing <wheelAcceleration> default is 0[0m
[33m[ WARN] [1685894574.941123383, 0.559000000]: DiffDrive(ns = //): missing <wheelTorque> default is 5[0m
[ERROR] [1685895946.478413, 1252.236000]: bad callback: <function handle_pose at 0x7f730e561310>
Traceback (most recent call last):
  File "/opt/ros/noetic/lib/python3/dist-packages/rospy/topics.py", line 750, in _invoke_callback
    cb(msg)
  File "/home/chroma/Documents/bugwright2-ws/bugwright_ws/src/my_sim/nodes/pose_to_tf.py", line 14, in handle_pose
    br.sendTransform((P.x, P.y, P.z),
  File "/opt/ros/noetic/lib/python3/dist-packages/tf/broadcaster.py", line 68, in sendTransform
    self.sendTransformMessage(t)
  File "/opt/ros/noetic/lib/python3/dist-packages/tf/broadcaster.py", line 75, in sendTransformMessage
    self.tf2_broadcaster.sendTransform([transform])
  File "/opt/ros/noetic/lib/python3/dist-packages/tf2_ros/transform_broadcaster.py", line 54, in sendTransform
    self.pub_tf.publish(TFMessage(transform))
  File "/opt/ros/noetic/lib/python3/dist-packages/rospy/topics.py", line 882, in publish
    self.impl.publish(data)
  File "/opt/ros/noetic/lib/python3/dist-packages/rospy/topics.py", line 1041, in publish
    raise ROSException("publish() to a closed topic")
rospy.exceptions.ROSException: publish() to a closed topic

[ERROR] [1685895946.759025, 1252.419000]: Delete model service call failed: transport error completing service call: unable to receive data from sender, check sender's logs for details
[INFO] [1685894572.124917, 0.000000]: Loading model XML from ros parameter robot_description_crawler_1
[INFO] [1685894572.130104, 0.000000]: Waiting for service /gazebo/spawn_urdf_model
[INFO] [1685894573.038972, 0.064000]: Calling service /gazebo/spawn_urdf_model
[INFO] [1685894573.787609, 0.157000]: Spawn status: SpawnModel: Successfully spawned entity
[INFO] [1685894573.788885, 0.157000]: Waiting for shutdown to delete model crawler1
[INFO] [1685895946.456815, 1252.216000]: Deleting model crawler1
[ERROR] [1685895946.759625, 1252.419000]: Delete model service call failed: transport error completing service call: unable to receive data from sender, check sender's logs for details
[INFO] [1685894572.148399, 0.000000]: Loading model XML from ros parameter robot_description_crawler_0
[INFO] [1685894572.157320, 0.000000]: Waiting for service /gazebo/spawn_urdf_model
[INFO] [1685894573.064478, 0.089000]: Calling service /gazebo/spawn_urdf_model
[INFO] [1685894574.938946, 0.559000]: Spawn status: SpawnModel: Successfully spawned entity
[INFO] [1685894574.940786, 0.559000]: Waiting for shutdown to delete model crawler0
[INFO] [1685895946.456742, 1252.216000]: Deleting model crawler0
[ERROR] [1685895946.759636, 1252.419000]: Delete model service call failed: transport error completing service call: unable to receive data from sender, check sender's logs for details
[INFO] [1685894572.116057, 0.000000]: Loading model XML from ros parameter world_description
[INFO] [1685894572.133436, 0.000000]: Waiting for service /gazebo/spawn_urdf_model
[INFO] [1685894573.042161, 0.067000]: Calling service /gazebo/spawn_urdf_model
[INFO] [1685894574.121944, 0.358000]: Spawn status: SpawnModel: Successfully spawned entity
[INFO] [1685894574.123622, 0.360000]: Waiting for shutdown to delete model corrosion
[INFO] [1685895946.559120, 1252.318000]: Deleting model corrosion
[31mWARNING: disk usage in log directory [/home/chroma/.ros/log] is over 1GB.
It's recommended that you use the 'rosclean' command.[0m
[31m[gazebo-2] escalating to SIGTERM[0m
... logging to /home/chroma/.ros/log/41340bbe-02f1-11ee-835a-cbdee1d2ed59/roslaunch-chroma-HP-ProBook-650-G2-78170.log
Checking log directory for disk usage. This may take a while.
Press Ctrl-C to interrupt
]2;/home/chroma/Documents/bugwright2-ws/bugwright_ws/src/my_sim/launch/crawler_ugw_with_uwb_simulation_spawn.launch
[1mstarted roslaunch server http://chroma-HP-ProBook-650-G2:38705/[0m

SUMMARY
========

PARAMETERS
 * /crawler0_gt/base_frame: crawler0_gt
 * /crawler0_gt/reference_frame: world
 * /crawler1_gt/base_frame: crawler1_gt
 * /crawler1_gt/reference_frame: world
 * /crawler_0_1_ugw_viz/base_frame: crawler_0/UWBe
 * /crawler_0_1_ugw_viz/tag_frame: crawler_1/UWBe
 * /crawler_0_1_ugw_viz/tag_name: crawler1
 * /gazebo/enable_ros_network: True
 * /og_viz/base_frame: UWBe
 * /og_viz/buddies/crawler0: crawler1
 * /og_viz/grid_height: 6
 * /og_viz/grid_resolution: 0.05
 * /og_viz/grid_width: 6
 * /og_viz/reference_frame: world
 * /robot_description_crawler_0: <?xml version="1....
 * /robot_description_crawler_1: <?xml version="1....
 * /robot_state_publisher_crawler_0/publish_frequency: 10.0
 * /robot_state_publisher_crawler_0/tf_prefix: crawler_0
 * /robot_state_publisher_crawler_1/publish_frequency: 10.0
 * /robot_state_publisher_crawler_1/tf_prefix: crawler_1
 * /robot_state_publisher_world/publish_frequency: 1.0
 * /rosdistro: noetic
 * /rosversion: 1.16.0
 * /use_sim_time: True
 * /world_description: <?xml version="1....

NODES
  /
    crawler0_gt (my_sim/pose_to_tf.py)
    crawler1_gt (my_sim/pose_to_tf.py)
    crawler_0_1_ugw_viz (my_sim/ugw_visualization.py)
    gazebo (gazebo_ros/gzserver)
    og_viz (my_sim/occgrid_visualization.py)
    robot_state_publisher_crawler_0 (robot_state_publisher/robot_state_publisher)
    robot_state_publisher_crawler_1 (robot_state_publisher/robot_state_publisher)
    robot_state_publisher_world (robot_state_publisher/robot_state_publisher)
    rviz (rviz/rviz)
    spawn_corrosion (gazebo_ros/spawn_model)
    spawn_crawler_0 (gazebo_ros/spawn_model)
    spawn_crawler_1 (gazebo_ros/spawn_model)
    world_to_world_tf (tf2_ros/static_transform_publisher)

auto-starting new master
[1mprocess[master]: started with pid [78206][0m
[1mROS_MASTER_URI=http://localhost:11311[0m
]2;/home/chroma/Documents/bugwright2-ws/bugwright_ws/src/my_sim/launch/crawler_ugw_with_uwb_simulation_spawn.launch http://localhost:11311
[1msetting /run_id to 41340bbe-02f1-11ee-835a-cbdee1d2ed59[0m
[1mprocess[rosout-1]: started with pid [78223][0m
started core service [/rosout]
[1mprocess[gazebo-2]: started with pid [78230][0m
[1mprocess[spawn_corrosion-3]: started with pid [78234][0m
[1mprocess[robot_state_publisher_world-4]: started with pid [78236][0m
[1mprocess[world_to_world_tf-5]: started with pid [78237][0m
[1mprocess[spawn_crawler_0-6]: started with pid [78238][0m
[1mprocess[robot_state_publisher_crawler_0-7]: started with pid [78243][0m
[1mprocess[spawn_crawler_1-8]: started with pid [78249][0m
[1mprocess[robot_state_publisher_crawler_1-9]: started with pid [78250][0m
[1mprocess[crawler0_gt-10]: started with pid [78253][0m
[1mprocess[crawler1_gt-11]: started with pid [78258][0m
[1mprocess[crawler_0_1_ugw_viz-12]: started with pid [78262][0m
[1mprocess[og_viz-13]: started with pid [78266][0m
[1mprocess[rviz-14]: started with pid [78276][0m
[rviz-14] killing on exit
[og_viz-13] killing on exit
[crawler_0_1_ugw_viz-12] killing on exit
[crawler1_gt-11] killing on exit
[crawler0_gt-10] killing on exit
[robot_state_publisher_crawler_1-9] killing on exit
[spawn_crawler_0-6] killing on exit
[spawn_crawler_1-8] killing on exit
[robot_state_publisher_crawler_0-7] killing on exit
[world_to_world_tf-5] killing on exit
[robot_state_publisher_world-4] killing on exit
[spawn_corrosion-3] killing on exit
[gazebo-2] killing on exit
[rosout-1] killing on exit
[master] killing on exit
shutting down processing monitor...
... shutting down processing monitor complete
[1mdone[0m
