warning: redefining global symbol: pi
when processing file: /home/chroma/Documents/bugwright2-ws/bugwright_ws/src/my_sim/models/CrawlerUGW/crawler.xacro
warning: redefining global symbol: pi
when processing file: /home/chroma/Documents/bugwright2-ws/bugwright_ws/src/my_sim/models/CrawlerUGW/crawler.xacro
[0m[ INFO] [1683662482.590255190]: Finished loading Gazebo ROS API Plugin.[0m
[0m[ INFO] [1683662482.591546667]: waitForService: Service [/gazebo/set_physics_properties] has not been advertised, waiting...[0m
Couldn't find a preferred IP via the getifaddrs() call; I'm assuming that your IP address is 127.0.0.1.  This should work for local processes, but will almost certainly not work if you have remote processes.Report to the disc-zmq development team to seek a fix.
Couldn't find a preferred IP via the getifaddrs() call; I'm assuming that your IP address is 127.0.0.1.  This should work for local processes, but will almost certainly not work if you have remote processes.Report to the disc-zmq development team to seek a fix.
Couldn't find a preferred IP via the getifaddrs() call; I'm assuming that your IP address is 127.0.0.1.  This should work for local processes, but will almost certainly not work if you have remote processes.Report to the disc-zmq development team to seek a fix.
Couldn't find a preferred IP via the getifaddrs() call; I'm assuming that your IP address is 127.0.0.1.  This should work for local processes, but will almost certainly not work if you have remote processes.Report to the disc-zmq development team to seek a fix.
[0m[ INFO] [1683662483.067564630]: waitForService: Service [/gazebo/set_physics_properties] is now available.[0m
[0m[ INFO] [1683662483.090041214, 0.010000000]: Physics dynamic reconfigure ready.[0m
[0m[ INFO] [1683662484.028984742, 0.156000000]: Camera Plugin: Using the 'robotNamespace' param: '/'[0m
[0m[ INFO] [1683662484.031887534, 0.156000000]: Camera Plugin (ns = /)  <tf_prefix_>, set to ""[0m
[0m[ INFO] [1683662484.043312214, 0.156000000]: <robotNamespace> set to: //[0m
[0m[ INFO] [1683662484.043356336, 0.156000000]: <topicName> set to: /crawler0/imu[0m
[0m[ INFO] [1683662484.043382189, 0.156000000]: <frameName> set to: crawler_0/base_link[0m
[0m[ INFO] [1683662484.043452361, 0.156000000]: <updateRateHZ> set to: 10[0m
[0m[ INFO] [1683662484.043523232, 0.156000000]: <gaussianNoise> set to: 0[0m
[0m[ INFO] [1683662484.043563998, 0.156000000]: <xyzOffset> set to: 0 0 0[0m
[0m[ INFO] [1683662484.043645081, 0.156000000]: <rpyOffset> set to: 0 -0 0[0m
[0m[ INFO] [1683662484.157071239, 0.156000000]: NS UWBe0 UwbPlugin::Load crawler0 Tag 0 Publish TF 1[0m
NS UWBe0 Uwb topic: uwb
[0m[ INFO] [1683662484.158179337, 0.156000000]: NS TAG0 UwbPlugin::Load crawler0 Tag 1 Publish TF 0[0m
NS TAG0 Uwb topic: crawler0/uwb_sim
[33m[ WARN] [1683662484.173450051, 0.156000000]: DiffDrive(ns = //): missing <rosDebugLevel> default is na[0m
[33m[ WARN] [1683662484.176281431, 0.156000000]: DiffDrive(ns = //): missing <wheelAcceleration> default is 0[0m
[33m[ WARN] [1683662484.176313507, 0.156000000]: DiffDrive(ns = //): missing <wheelTorque> default is 5[0m
[31m[ERROR] [1683662484.814586806, 0.554000000]: Tried to advertise a service that is already advertised in this node [/IFM_ir/set_camera_info][0m
[31m[ERROR] [1683662484.815774754, 0.554000000]: Tried to advertise a service that is already advertised in this node [/IFM_ir/set_parameters][0m
[0m[ INFO] [1683662484.173349187, 0.156000000]: Starting plugin DiffDrive(ns = //)[0m
[0m[ INFO] [1683662484.176050388, 0.156000000]: DiffDrive(ns = //): <tf_prefix> = [0m
[0m[ INFO] [1683662484.176497126, 0.156000000]: DiffDrive(ns = //): Try to subscribe to /crawler0/base_controller/cmd_vel[0m
[0m[ INFO] [1683662484.178680313, 0.156000000]: DiffDrive(ns = //): Subscribe to /crawler0/base_controller/cmd_vel[0m
[0m[ INFO] [1683662484.179298404, 0.156000000]: DiffDrive(ns = //): Advertise odom on /crawler0/odom [0m
[0m[ INFO] [1683662484.814402235, 0.554000000]: Camera Plugin: Using the 'robotNamespace' param: '/'[0m
[0m[ INFO] [1683662484.814646621, 0.554000000]: <robotNamespace> set to: //[0m
[0m[ INFO] [1683662484.814663210, 0.554000000]: <topicName> set to: /crawler1/imu[0m
[0m[ INFO] [1683662484.814673096, 0.554000000]: <frameName> set to: crawler_1/base_link[0m
[0m[ INFO] [1683662484.814690847, 0.554000000]: <updateRateHZ> set to: 10[0m
[0m[ INFO] [1683662484.814710630, 0.554000000]: <gaussianNoise> set to: 0[0m
[0m[ INFO] [1683662484.814727740, 0.554000000]: <xyzOffset> set to: 0 0 0[0m
[0m[ INFO] [1683662484.814744780, 0.554000000]: <rpyOffset> set to: 0 -0 0[0m
[0m[ INFO] [1683662484.815749599, 0.554000000]: Camera Plugin (ns = /)  <tf_prefix_>, set to ""[0m
[0m[ INFO] [1683662484.820793982, 0.554000000]: NS UWBe1 UwbPlugin::Load crawler1 Tag 0 Publish TF 1[0m
NS UWBe1 Uwb topic: uwb
[0m[ INFO] [1683662484.820990857, 0.554000000]: NS TAG1 UwbPlugin::Load crawler1 Tag 1 Publish TF 0[0m
NS TAG1 Uwb topic: crawler1/uwb_sim
[33m[ WARN] [1683662484.821879856, 0.554000000]: DiffDrive(ns = //): missing <rosDebugLevel> default is na[0m
[33m[ WARN] [1683662484.822607169, 0.554000000]: DiffDrive(ns = //): missing <wheelAcceleration> default is 0[0m
[33m[ WARN] [1683662484.822679935, 0.554000000]: DiffDrive(ns = //): missing <wheelTorque> default is 5[0m
[ERROR] [1683662485.851019, 1.558000]: bad callback: <function handle_uwb at 0x7f7d0276d310>
Traceback (most recent call last):
  File "/opt/ros/noetic/lib/python3/dist-packages/rospy/topics.py", line 750, in _invoke_callback
    cb(msg)
  File "/home/chroma/Documents/bugwright2-ws/bugwright_ws/src/my_sim/nodes/ugw_visualization.py", line 21, in handle_uwb
    listener.waitForTransform(base_frame, tag_frame, msg.header.stamp,rospy.Duration(1.0))
  File "/opt/ros/noetic/lib/python3/dist-packages/tf/listener.py", line 76, in waitForTransform
    raise tf2_ros.TransformException(error_msg or "no such transformation: \"{}\" -> \"{}\"".format(source_frame, target_frame))
tf2.TransformException: Lookup would require extrapolation 0.097000000s into the past.  Requested time 0.556000000 but the earliest data is at time 0.653000000, when looking up transform from frame [crawler_1/UWBe] to frame [crawler_0/UWBe]

[ERROR] [1683662724.938452, 239.339000]: Delete model service call failed: transport error completing service call: unable to receive data from sender, check sender's logs for details
[INFO] [1683662482.182241, 0.000000]: Loading model XML from ros parameter robot_description_crawler_0
[INFO] [1683662482.190595, 0.000000]: Waiting for service /gazebo/spawn_urdf_model
[INFO] [1683662483.097803, 0.000000]: Calling service /gazebo/spawn_urdf_model
[INFO] [1683662484.043127, 0.000000]: Spawn status: SpawnModel: Successfully spawned entity
[INFO] [1683662484.044898, 0.000000]: Waiting for shutdown to delete model crawler0
[INFO] [1683662724.743512, 239.236000]: Deleting model crawler0
[ERROR] [1683662724.938452, 239.339000]: Delete model service call failed: transport error completing service call: unable to receive data from sender, check sender's logs for details
[INFO] [1683662482.252828, 0.000000]: Loading model XML from ros parameter robot_description_crawler_1
[INFO] [1683662482.257941, 0.000000]: Waiting for service /gazebo/spawn_urdf_model
[INFO] [1683662483.166588, 0.000000]: Calling service /gazebo/spawn_urdf_model
[INFO] [1683662484.820675, 0.554000]: Spawn status: SpawnModel: Successfully spawned entity
[INFO] [1683662484.822356, 0.554000]: Waiting for shutdown to delete model crawler1
[INFO] [1683662724.744985, 239.237000]: Deleting model crawler1
[ERROR] [1683662724.938495, 239.339000]: Delete model service call failed: transport error completing service call: unable to receive data from sender, check sender's logs for details
[INFO] [1683662482.174538, 0.000000]: Loading model XML from ros parameter world_description
[INFO] [1683662482.190312, 0.000000]: Waiting for service /gazebo/spawn_urdf_model
[INFO] [1683662483.098890, 0.000000]: Calling service /gazebo/spawn_urdf_model
[INFO] [1683662484.529109, 0.354000]: Spawn status: SpawnModel: Successfully spawned entity
[INFO] [1683662484.530543, 0.354000]: Waiting for shutdown to delete model corrosion
[INFO] [1683662724.846941, 239.339000]: Deleting model corrosion
[31mWARNING: disk usage in log directory [/home/chroma/.ros/log] is over 1GB.
It's recommended that you use the 'rosclean' command.[0m
[31m[gazebo-2] escalating to SIGTERM[0m
... logging to /home/chroma/.ros/log/43f2b6e0-eea4-11ed-9197-3fa0c4db1b13/roslaunch-chroma-HP-ProBook-650-G2-23988.log
Checking log directory for disk usage. This may take a while.
Press Ctrl-C to interrupt
]2;/home/chroma/Documents/bugwright2-ws/bugwright_ws/src/my_sim/launch/crawler_ugw_with_uwb_simulation_spawn.launch
[1mstarted roslaunch server http://chroma-HP-ProBook-650-G2:45077/[0m

SUMMARY
========

PARAMETERS
 * /crawler0_gt/base_frame: crawler0_gt
 * /crawler0_gt/reference_frame: world
 * /crawler1_gt/base_frame: crawler1_gt
 * /crawler1_gt/reference_frame: world
 * /crawler_0_1_ugw_viz/base_frame: crawler_0/UWBe
 * /crawler_0_1_ugw_viz/tag_frame: crawler_1/UWBe
 * /crawler_0_1_ugw_viz/tag_name: crawler1
 * /gazebo/enable_ros_network: True
 * /og_viz/base_frame: UWBe
 * /og_viz/buddies/crawler0: crawler1
 * /og_viz/grid_height: 6
 * /og_viz/grid_resolution: 0.05
 * /og_viz/grid_width: 6
 * /og_viz/reference_frame: world
 * /robot_description_crawler_0: <?xml version="1....
 * /robot_description_crawler_1: <?xml version="1....
 * /robot_state_publisher_crawler_0/publish_frequency: 10.0
 * /robot_state_publisher_crawler_0/tf_prefix: crawler_0
 * /robot_state_publisher_crawler_1/publish_frequency: 10.0
 * /robot_state_publisher_crawler_1/tf_prefix: crawler_1
 * /robot_state_publisher_world/publish_frequency: 1.0
 * /rosdistro: noetic
 * /rosversion: 1.16.0
 * /use_sim_time: True
 * /world_description: <?xml version="1....

NODES
  /
    crawler0_gt (my_sim/pose_to_tf.py)
    crawler1_gt (my_sim/pose_to_tf.py)
    crawler_0_1_ugw_viz (my_sim/ugw_visualization.py)
    gazebo (gazebo_ros/gzserver)
    og_viz (my_sim/occgrid_visualization.py)
    robot_state_publisher_crawler_0 (robot_state_publisher/robot_state_publisher)
    robot_state_publisher_crawler_1 (robot_state_publisher/robot_state_publisher)
    robot_state_publisher_world (robot_state_publisher/robot_state_publisher)
    rviz (rviz/rviz)
    spawn_corrosion (gazebo_ros/spawn_model)
    spawn_crawler_0 (gazebo_ros/spawn_model)
    spawn_crawler_1 (gazebo_ros/spawn_model)
    world_to_world_tf (tf2_ros/static_transform_publisher)

auto-starting new master
[1mprocess[master]: started with pid [24035][0m
[1mROS_MASTER_URI=http://localhost:11311[0m
]2;/home/chroma/Documents/bugwright2-ws/bugwright_ws/src/my_sim/launch/crawler_ugw_with_uwb_simulation_spawn.launch http://localhost:11311
[1msetting /run_id to 43f2b6e0-eea4-11ed-9197-3fa0c4db1b13[0m
[1mprocess[rosout-1]: started with pid [24053][0m
started core service [/rosout]
[1mprocess[gazebo-2]: started with pid [24060][0m
[1mprocess[spawn_corrosion-3]: started with pid [24064][0m
[1mprocess[robot_state_publisher_world-4]: started with pid [24066][0m
[1mprocess[world_to_world_tf-5]: started with pid [24067][0m
[1mprocess[spawn_crawler_0-6]: started with pid [24068][0m
[1mprocess[robot_state_publisher_crawler_0-7]: started with pid [24073][0m
[1mprocess[spawn_crawler_1-8]: started with pid [24079][0m
[1mprocess[robot_state_publisher_crawler_1-9]: started with pid [24082][0m
[1mprocess[crawler0_gt-10]: started with pid [24084][0m
[1mprocess[crawler1_gt-11]: started with pid [24089][0m
[1mprocess[crawler_0_1_ugw_viz-12]: started with pid [24096][0m
[1mprocess[og_viz-13]: started with pid [24104][0m
[1mprocess[rviz-14]: started with pid [24105][0m
[rviz-14] killing on exit
[crawler_0_1_ugw_viz-12] killing on exit
[og_viz-13] killing on exit
[crawler1_gt-11] killing on exit
[crawler0_gt-10] killing on exit
[world_to_world_tf-5] killing on exit
[spawn_crawler_1-8] killing on exit
[robot_state_publisher_crawler_0-7] killing on exit
[spawn_crawler_0-6] killing on exit
[robot_state_publisher_crawler_1-9] killing on exit
[robot_state_publisher_world-4] killing on exit
[spawn_corrosion-3] killing on exit
[gazebo-2] killing on exit
[rosout-1] killing on exit
[master] killing on exit
shutting down processing monitor...
... shutting down processing monitor complete
[1mdone[0m
