warning: redefining global symbol: pi
when processing file: /home/chroma/Documents/bugwright2-ws/bugwright_ws/src/my_sim/models/CrawlerUGW/crawler.xacro
warning: redefining global symbol: pi
when processing file: /home/chroma/Documents/bugwright2-ws/bugwright_ws/src/my_sim/models/CrawlerUGW/crawler.xacro
[0m[ INFO] [1684039512.023367933]: Finished loading Gazebo ROS API Plugin.[0m
[0m[ INFO] [1684039512.024877394]: waitForService: Service [/gazebo/set_physics_properties] has not been advertised, waiting...[0m
[0m[ INFO] [1684039512.541024775]: waitForService: Service [/gazebo/set_physics_properties] is now available.[0m
[0m[ INFO] [1684039512.561342531, 0.016000000]: Physics dynamic reconfigure ready.[0m
[0m[ INFO] [1684039513.496354980, 0.158000000]: Camera Plugin: Using the 'robotNamespace' param: '/'[0m
[0m[ INFO] [1684039513.499275116, 0.158000000]: Camera Plugin (ns = /)  <tf_prefix_>, set to ""[0m
[0m[ INFO] [1684039513.507184229, 0.158000000]: <robotNamespace> set to: //[0m
[0m[ INFO] [1684039513.507237945, 0.158000000]: <topicName> set to: /crawler0/imu[0m
[0m[ INFO] [1684039513.507249660, 0.158000000]: <frameName> set to: crawler_0/base_link[0m
[0m[ INFO] [1684039513.507268636, 0.158000000]: <updateRateHZ> set to: 10[0m
[0m[ INFO] [1684039513.507301930, 0.158000000]: <gaussianNoise> set to: 0[0m
[0m[ INFO] [1684039513.507322236, 0.158000000]: <xyzOffset> set to: 0 0 0[0m
[0m[ INFO] [1684039513.507350366, 0.158000000]: <rpyOffset> set to: 0 -0 0[0m
[0m[ INFO] [1684039513.520425206, 0.158000000]: NS UWBe0 UwbPlugin::Load crawler0 Tag 0 Publish TF 1[0m
NS UWBe0 Uwb topic: uwb
[0m[ INFO] [1684039513.521235729, 0.158000000]: NS TAG0 UwbPlugin::Load crawler0 Tag 1 Publish TF 0[0m
NS TAG0 Uwb topic: crawler0/uwb_sim
[33m[ WARN] [1684039513.532148211, 0.158000000]: DiffDrive(ns = //): missing <rosDebugLevel> default is na[0m
[33m[ WARN] [1684039513.533458978, 0.158000000]: DiffDrive(ns = //): missing <wheelAcceleration> default is 0[0m
[33m[ WARN] [1684039513.533481143, 0.158000000]: DiffDrive(ns = //): missing <wheelTorque> default is 5[0m
[31m[ERROR] [1684039513.934833194, 0.359000000]: Tried to advertise a service that is already advertised in this node [/IFM_ir/set_camera_info][0m
[31m[ERROR] [1684039513.936137271, 0.359000000]: Tried to advertise a service that is already advertised in this node [/IFM_ir/set_parameters][0m
[0m[ INFO] [1684039513.532076684, 0.158000000]: Starting plugin DiffDrive(ns = //)[0m
[0m[ INFO] [1684039513.533263457, 0.158000000]: DiffDrive(ns = //): <tf_prefix> = [0m
[0m[ INFO] [1684039513.533633502, 0.158000000]: DiffDrive(ns = //): Try to subscribe to /crawler0/base_controller/cmd_vel[0m
[0m[ INFO] [1684039513.535839825, 0.158000000]: DiffDrive(ns = //): Subscribe to /crawler0/base_controller/cmd_vel[0m
[0m[ INFO] [1684039513.536351587, 0.158000000]: DiffDrive(ns = //): Advertise odom on /crawler0/odom [0m
[0m[ INFO] [1684039513.934596086, 0.359000000]: Camera Plugin: Using the 'robotNamespace' param: '/'[0m
[0m[ INFO] [1684039513.934881699, 0.359000000]: <robotNamespace> set to: //[0m
[0m[ INFO] [1684039513.934958600, 0.359000000]: <topicName> set to: /crawler1/imu[0m
[0m[ INFO] [1684039513.934976256, 0.359000000]: <frameName> set to: crawler_1/base_link[0m
[0m[ INFO] [1684039513.934994548, 0.359000000]: <updateRateHZ> set to: 10[0m
[0m[ INFO] [1684039513.935007167, 0.359000000]: <gaussianNoise> set to: 0[0m
[0m[ INFO] [1684039513.935023052, 0.359000000]: <xyzOffset> set to: 0 0 0[0m
[0m[ INFO] [1684039513.935038382, 0.359000000]: <rpyOffset> set to: 0 -0 0[0m
[0m[ INFO] [1684039513.936101368, 0.359000000]: Camera Plugin (ns = /)  <tf_prefix_>, set to ""[0m
[0m[ INFO] [1684039513.938589666, 0.359000000]: NS UWBe1 UwbPlugin::Load crawler1 Tag 0 Publish TF 1[0m
NS UWBe1 Uwb topic: uwb
[0m[ INFO] [1684039513.938767799, 0.359000000]: NS TAG1 UwbPlugin::Load crawler1 Tag 1 Publish TF 0[0m
NS TAG1 Uwb topic: crawler1/uwb_sim
[33m[ WARN] [1684039513.939775442, 0.359000000]: DiffDrive(ns = //): missing <rosDebugLevel> default is na[0m
[33m[ WARN] [1684039513.940438451, 0.359000000]: DiffDrive(ns = //): missing <wheelAcceleration> default is 0[0m
[33m[ WARN] [1684039513.940456486, 0.359000000]: DiffDrive(ns = //): missing <wheelTorque> default is 5[0m
[ERROR] [1684040794.311390, 1275.656000]: Delete model service call failed: transport error completing service call: unable to receive data from sender, check sender's logs for details
[INFO] [1684039511.639685, 0.000000]: Loading model XML from ros parameter robot_description_crawler_0
[INFO] [1684039511.652040, 0.000000]: Waiting for service /gazebo/spawn_urdf_model
[INFO] [1684039512.558512, 0.000000]: Calling service /gazebo/spawn_urdf_model
[INFO] [1684039513.509209, 0.158000]: Spawn status: SpawnModel: Successfully spawned entity
[INFO] [1684039513.510605, 0.158000]: Waiting for shutdown to delete model crawler0
[INFO] [1684040794.025552, 1275.460000]: Deleting model crawler0
[ERROR] [1684040794.311406, 1275.656000]: Delete model service call failed: transport error completing service call: unable to receive data from sender, check sender's logs for details
[INFO] [1684039511.784054, 0.000000]: Loading model XML from ros parameter world_description
[INFO] [1684039511.792643, 0.000000]: Waiting for service /gazebo/spawn_urdf_model
[INFO] [1684039512.700005, 0.131000]: Calling service /gazebo/spawn_urdf_model
[INFO] [1684039514.226684, 0.558000]: Spawn status: SpawnModel: Successfully spawned entity
[INFO] [1684039514.228404, 0.559000]: Waiting for shutdown to delete model corrosion
[INFO] [1684040794.126698, 1275.561000]: Deleting model corrosion
[ERROR] [1684040794.311395, 1275.656000]: Delete model service call failed: transport error completing service call: unable to receive data from sender, check sender's logs for details
[INFO] [1684039511.757980, 0.000000]: Loading model XML from ros parameter robot_description_crawler_1
[INFO] [1684039511.762702, 0.000000]: Waiting for service /gazebo/spawn_urdf_model
[INFO] [1684039512.670969, 0.118000]: Calling service /gazebo/spawn_urdf_model
[INFO] [1684039513.838512, 0.359000]: Spawn status: SpawnModel: Successfully spawned entity
[INFO] [1684039513.839897, 0.359000]: Waiting for shutdown to delete model crawler1
[INFO] [1684040794.031584, 1275.465000]: Deleting model crawler1
[31m[gazebo-2] escalating to SIGTERM[0m
... logging to /home/chroma/.ros/log/1b1f59e6-f212-11ed-9003-e5e619360a76/roslaunch-chroma-HP-ProBook-650-G2-156412.log
Checking log directory for disk usage. This may take a while.
Press Ctrl-C to interrupt
Done checking log file disk usage. Usage is <1GB.
]2;/home/chroma/Documents/bugwright2-ws/bugwright_ws/src/my_sim/launch/crawler_ugw_with_uwb_simulation_spawn.launch
[1mstarted roslaunch server http://chroma-HP-ProBook-650-G2:32975/[0m

SUMMARY
========

PARAMETERS
 * /crawler0_gt/base_frame: crawler0_gt
 * /crawler0_gt/reference_frame: world
 * /crawler1_gt/base_frame: crawler1_gt
 * /crawler1_gt/reference_frame: world
 * /crawler_0_1_ugw_viz/base_frame: crawler_0/UWBe
 * /crawler_0_1_ugw_viz/tag_frame: crawler_1/UWBe
 * /crawler_0_1_ugw_viz/tag_name: crawler1
 * /gazebo/enable_ros_network: True
 * /og_viz/base_frame: UWBe
 * /og_viz/buddies/crawler0: crawler1
 * /og_viz/grid_height: 6
 * /og_viz/grid_resolution: 0.05
 * /og_viz/grid_width: 6
 * /og_viz/reference_frame: world
 * /robot_description_crawler_0: <?xml version="1....
 * /robot_description_crawler_1: <?xml version="1....
 * /robot_state_publisher_crawler_0/publish_frequency: 10.0
 * /robot_state_publisher_crawler_0/tf_prefix: crawler_0
 * /robot_state_publisher_crawler_1/publish_frequency: 10.0
 * /robot_state_publisher_crawler_1/tf_prefix: crawler_1
 * /robot_state_publisher_world/publish_frequency: 1.0
 * /rosdistro: noetic
 * /rosversion: 1.16.0
 * /use_sim_time: True
 * /world_description: <?xml version="1....

NODES
  /
    crawler0_gt (my_sim/pose_to_tf.py)
    crawler1_gt (my_sim/pose_to_tf.py)
    crawler_0_1_ugw_viz (my_sim/ugw_visualization.py)
    gazebo (gazebo_ros/gzserver)
    og_viz (my_sim/occgrid_visualization.py)
    robot_state_publisher_crawler_0 (robot_state_publisher/robot_state_publisher)
    robot_state_publisher_crawler_1 (robot_state_publisher/robot_state_publisher)
    robot_state_publisher_world (robot_state_publisher/robot_state_publisher)
    rviz (rviz/rviz)
    spawn_corrosion (gazebo_ros/spawn_model)
    spawn_crawler_0 (gazebo_ros/spawn_model)
    spawn_crawler_1 (gazebo_ros/spawn_model)
    world_to_world_tf (tf2_ros/static_transform_publisher)

auto-starting new master
[1mprocess[master]: started with pid [156448][0m
[1mROS_MASTER_URI=http://localhost:11311[0m
]2;/home/chroma/Documents/bugwright2-ws/bugwright_ws/src/my_sim/launch/crawler_ugw_with_uwb_simulation_spawn.launch http://localhost:11311
[1msetting /run_id to 1b1f59e6-f212-11ed-9003-e5e619360a76[0m
[1mprocess[rosout-1]: started with pid [156465][0m
started core service [/rosout]
[1mprocess[gazebo-2]: started with pid [156472][0m
[1mprocess[spawn_corrosion-3]: started with pid [156476][0m
[1mprocess[robot_state_publisher_world-4]: started with pid [156478][0m
[1mprocess[world_to_world_tf-5]: started with pid [156479][0m
[1mprocess[spawn_crawler_0-6]: started with pid [156480][0m
[1mprocess[robot_state_publisher_crawler_0-7]: started with pid [156485][0m
[1mprocess[spawn_crawler_1-8]: started with pid [156491][0m
[1mprocess[robot_state_publisher_crawler_1-9]: started with pid [156494][0m
[1mprocess[crawler0_gt-10]: started with pid [156495][0m
[1mprocess[crawler1_gt-11]: started with pid [156501][0m
[1mprocess[crawler_0_1_ugw_viz-12]: started with pid [156507][0m
[1mprocess[og_viz-13]: started with pid [156517][0m
[1mprocess[rviz-14]: started with pid [156525][0m
[rviz-14] killing on exit
[og_viz-13] killing on exit
[crawler_0_1_ugw_viz-12] killing on exit
[crawler1_gt-11] killing on exit
[crawler0_gt-10] killing on exit
[robot_state_publisher_crawler_1-9] killing on exit
[robot_state_publisher_crawler_0-7] killing on exit
[spawn_crawler_0-6] killing on exit
[world_to_world_tf-5] killing on exit
[spawn_crawler_1-8] killing on exit
[robot_state_publisher_world-4] killing on exit
[spawn_corrosion-3] killing on exit
[gazebo-2] killing on exit
[rosout-1] killing on exit
[master] killing on exit
shutting down processing monitor...
... shutting down processing monitor complete
[1mdone[0m
