warning: redefining global symbol: pi
when processing file: /home/chroma/Documents/bugwright2-ws/bugwright_ws/src/my_sim/models/CrawlerUGW/crawler.xacro
warning: redefining global symbol: pi
when processing file: /home/chroma/Documents/bugwright2-ws/bugwright_ws/src/my_sim/models/CrawlerUGW/crawler.xacro
[0m[ INFO] [1685285018.494572286]: Finished loading Gazebo ROS API Plugin.[0m
[0m[ INFO] [1685285018.496747803]: waitForService: Service [/gazebo/set_physics_properties] has not been advertised, waiting...[0m
[0m[ INFO] [1685285018.991035120]: waitForService: Service [/gazebo/set_physics_properties] is now available.[0m
[0m[ INFO] [1685285019.012006322, 0.016000000]: Physics dynamic reconfigure ready.[0m
[0m[ INFO] [1685285019.812720985, 0.158000000]: Laser Plugin: Using the 'robotNamespace' param: '/'[0m
[0m[ INFO] [1685285019.812772545, 0.158000000]: Starting Laser Plugin (ns = /)[0m
[0m[ INFO] [1685285019.814486354, 0.158000000]: Laser Plugin (ns = /)  <tf_prefix_>, set to ""[0m
[0m[ INFO] [1685285019.820762148, 0.158000000]: <robotNamespace> set to: //[0m
[0m[ INFO] [1685285019.820783804, 0.158000000]: <topicName> set to: /crawler0/imu[0m
[0m[ INFO] [1685285019.820793716, 0.158000000]: <frameName> set to: crawler_0/base_link[0m
[0m[ INFO] [1685285019.820824857, 0.158000000]: <updateRateHZ> set to: 10[0m
[0m[ INFO] [1685285019.820838106, 0.158000000]: <gaussianNoise> set to: 0[0m
[0m[ INFO] [1685285019.820882974, 0.158000000]: <xyzOffset> set to: 0 0 0[0m
[0m[ INFO] [1685285019.820950362, 0.158000000]: <rpyOffset> set to: 0 -0 0[0m
[0m[ INFO] [1685285019.833589288, 0.158000000]: NS UWBe0 UwbPlugin::Load crawler0 Tag 0 Publish TF 1[0m
NS UWBe0 Uwb topic: uwb
[0m[ INFO] [1685285019.834291931, 0.158000000]: NS TAG0 UwbPlugin::Load crawler0 Tag 1 Publish TF 0[0m
NS TAG0 Uwb topic: crawler0/uwb_sim
[33m[ WARN] [1685285019.844446149, 0.158000000]: DiffDrive(ns = //): missing <rosDebugLevel> default is na[0m
[33m[ WARN] [1685285019.845140183, 0.158000000]: DiffDrive(ns = //): missing <wheelAcceleration> default is 0[0m
[33m[ WARN] [1685285019.845158282, 0.158000000]: DiffDrive(ns = //): missing <wheelTorque> default is 5[0m
[0m[ INFO] [1685285019.844326341, 0.158000000]: Starting plugin DiffDrive(ns = //)[0m
[0m[ INFO] [1685285019.844990603, 0.158000000]: DiffDrive(ns = //): <tf_prefix> = [0m
[0m[ INFO] [1685285019.845357472, 0.158000000]: DiffDrive(ns = //): Try to subscribe to /crawler0/base_controller/cmd_vel[0m
[0m[ INFO] [1685285019.848103123, 0.158000000]: DiffDrive(ns = //): Subscribe to /crawler0/base_controller/cmd_vel[0m
[0m[ INFO] [1685285019.849643952, 0.158000000]: DiffDrive(ns = //): Advertise odom on /crawler0/odom [0m
[0m[ INFO] [1685285020.686650547, 0.356000000]: Laser Plugin: Using the 'robotNamespace' param: '/'[0m
[0m[ INFO] [1685285020.686688781, 0.356000000]: Starting Laser Plugin (ns = /)[0m
[0m[ INFO] [1685285020.687715737, 0.356000000]: Laser Plugin (ns = /)  <tf_prefix_>, set to ""[0m
[0m[ INFO] [1685285020.690361683, 0.356000000]: <robotNamespace> set to: //[0m
[0m[ INFO] [1685285020.690388667, 0.356000000]: <topicName> set to: /crawler1/imu[0m
[0m[ INFO] [1685285020.690402095, 0.356000000]: <frameName> set to: crawler_1/base_link[0m
[0m[ INFO] [1685285020.690460744, 0.356000000]: <updateRateHZ> set to: 10[0m
[0m[ INFO] [1685285020.690473833, 0.356000000]: <gaussianNoise> set to: 0[0m
[0m[ INFO] [1685285020.690491314, 0.356000000]: <xyzOffset> set to: 0 0 0[0m
[0m[ INFO] [1685285020.690531461, 0.356000000]: <rpyOffset> set to: 0 -0 0[0m
[0m[ INFO] [1685285020.696582922, 0.356000000]: NS UWBe1 UwbPlugin::Load crawler1 Tag 0 Publish TF 1[0m
NS UWBe1 Uwb topic: uwb
[0m[ INFO] [1685285020.696814525, 0.356000000]: NS TAG1 UwbPlugin::Load crawler1 Tag 1 Publish TF 0[0m
NS TAG1 Uwb topic: crawler1/uwb_sim
[33m[ WARN] [1685285020.698082157, 0.356000000]: DiffDrive(ns = //): missing <rosDebugLevel> default is na[0m
[33m[ WARN] [1685285020.698981443, 0.356000000]: DiffDrive(ns = //): missing <wheelAcceleration> default is 0[0m
[33m[ WARN] [1685285020.699021739, 0.356000000]: DiffDrive(ns = //): missing <wheelTorque> default is 5[0m
[ERROR] [1685285021.950134, 1.458000]: bad callback: <function handle_uwb at 0x7f169cf8a280>
Traceback (most recent call last):
  File "/opt/ros/noetic/lib/python3/dist-packages/rospy/topics.py", line 748, in _invoke_callback
    cb(msg, cb_args)
  File "/home/chroma/Documents/bugwright2-ws/bugwright_ws/src/my_sim/nodes/occgrid_visualization.py", line 40, in handle_uwb
    listener.waitForTransform('/' + str(reference_frame), tag, msg.header.stamp, rospy.Duration(1.0))
  File "/opt/ros/noetic/lib/python3/dist-packages/tf/listener.py", line 76, in waitForTransform
    raise tf2_ros.TransformException(error_msg or "no such transformation: \"{}\" -> \"{}\"".format(source_frame, target_frame))
tf2.TransformException: Lookup would require extrapolation 0.097000000s into the past.  Requested time 0.358000000 but the earliest data is at time 0.455000000, when looking up transform from frame [crawler_1/UWBe] to frame [world]

[ERROR] [1685285021.845542, 1.361000]: bad callback: <function handle_uwb at 0x7f659f8fe310>
Traceback (most recent call last):
  File "/opt/ros/noetic/lib/python3/dist-packages/rospy/topics.py", line 750, in _invoke_callback
    cb(msg)
  File "/home/chroma/Documents/bugwright2-ws/bugwright_ws/src/my_sim/nodes/ugw_visualization.py", line 21, in handle_uwb
    listener.waitForTransform(base_frame, tag_frame, msg.header.stamp,rospy.Duration(1.0))
  File "/opt/ros/noetic/lib/python3/dist-packages/tf/listener.py", line 76, in waitForTransform
    raise tf2_ros.TransformException(error_msg or "no such transformation: \"{}\" -> \"{}\"".format(source_frame, target_frame))
tf2.TransformException: Lookup would require extrapolation 0.097000000s into the past.  Requested time 0.358000000 but the earliest data is at time 0.455000000, when looking up transform from frame [crawler_1/UWBe] to frame [crawler_0/UWBe]

[ERROR] [1685285326.950097, 273.451000]: Delete model service call failed: transport error completing service call: unable to receive data from sender, check sender's logs for details
[INFO] [1685285018.148160, 0.000000]: Loading model XML from ros parameter robot_description_crawler_1
[INFO] [1685285018.153751, 0.000000]: Waiting for service /gazebo/spawn_urdf_model
[INFO] [1685285019.063119, 0.060000]: Calling service /gazebo/spawn_urdf_model
[INFO] [1685285020.696564, 0.356000]: Spawn status: SpawnModel: Successfully spawned entity
[INFO] [1685285020.698576, 0.356000]: Waiting for shutdown to delete model crawler1
[INFO] [1685285326.648074, 273.253000]: Deleting model crawler1
[ERROR] [1685285326.950126, 273.451000]: Delete model service call failed: transport error completing service call: unable to receive data from sender, check sender's logs for details
[INFO] [1685285018.141692, 0.000000]: Loading model XML from ros parameter robot_description_crawler_0
[INFO] [1685285018.148858, 0.000000]: Waiting for service /gazebo/spawn_urdf_model
[INFO] [1685285019.057512, 0.057000]: Calling service /gazebo/spawn_urdf_model
[INFO] [1685285019.823028, 0.158000]: Spawn status: SpawnModel: Successfully spawned entity
[INFO] [1685285019.824090, 0.158000]: Waiting for shutdown to delete model crawler0
[INFO] [1685285326.654221, 273.256000]: Deleting model crawler0
[ERROR] [1685285326.950648, 273.451000]: Delete model service call failed: transport error completing service call: unable to receive data from sender, check sender's logs for details
[INFO] [1685285018.044085, 0.000000]: Loading model XML from ros parameter world_description
[INFO] [1685285018.059985, 0.000000]: Waiting for service /gazebo/spawn_urdf_model
[INFO] [1685285019.268507, 0.158000]: Calling service /gazebo/spawn_urdf_model
[INFO] [1685285021.012473, 0.553000]: Spawn status: SpawnModel: Successfully spawned entity
[INFO] [1685285021.013743, 0.554000]: Waiting for shutdown to delete model corrosion
[INFO] [1685285326.853864, 273.449000]: Deleting model corrosion
[31m[gazebo-2] escalating to SIGTERM[0m
... logging to /home/chroma/.ros/log/06cad948-fd66-11ed-ac04-a1f748f19be9/roslaunch-chroma-HP-ProBook-650-G2-127543.log
Checking log directory for disk usage. This may take a while.
Press Ctrl-C to interrupt
Done checking log file disk usage. Usage is <1GB.
]2;/home/chroma/Documents/bugwright2-ws/bugwright_ws/src/my_sim/launch/crawler_ugw_with_uwb_simulation_spawn.launch
[1mstarted roslaunch server http://chroma-HP-ProBook-650-G2:37393/[0m

SUMMARY
========

PARAMETERS
 * /crawler0_gt/base_frame: crawler0_gt
 * /crawler0_gt/reference_frame: world
 * /crawler1_gt/base_frame: crawler1_gt
 * /crawler1_gt/reference_frame: world
 * /crawler_0_1_ugw_viz/base_frame: crawler_0/UWBe
 * /crawler_0_1_ugw_viz/tag_frame: crawler_1/UWBe
 * /crawler_0_1_ugw_viz/tag_name: crawler1
 * /gazebo/enable_ros_network: True
 * /og_viz/base_frame: UWBe
 * /og_viz/buddies/crawler0: crawler1
 * /og_viz/grid_height: 6
 * /og_viz/grid_resolution: 0.05
 * /og_viz/grid_width: 6
 * /og_viz/reference_frame: world
 * /robot_description_crawler_0: <?xml version="1....
 * /robot_description_crawler_1: <?xml version="1....
 * /robot_state_publisher_crawler_0/publish_frequency: 10.0
 * /robot_state_publisher_crawler_0/tf_prefix: crawler_0
 * /robot_state_publisher_crawler_1/publish_frequency: 10.0
 * /robot_state_publisher_crawler_1/tf_prefix: crawler_1
 * /robot_state_publisher_world/publish_frequency: 1.0
 * /rosdistro: noetic
 * /rosversion: 1.16.0
 * /use_sim_time: True
 * /world_description: <?xml version="1....

NODES
  /
    crawler0_gt (my_sim/pose_to_tf.py)
    crawler1_gt (my_sim/pose_to_tf.py)
    crawler_0_1_ugw_viz (my_sim/ugw_visualization.py)
    gazebo (gazebo_ros/gzserver)
    og_viz (my_sim/occgrid_visualization.py)
    robot_state_publisher_crawler_0 (robot_state_publisher/robot_state_publisher)
    robot_state_publisher_crawler_1 (robot_state_publisher/robot_state_publisher)
    robot_state_publisher_world (robot_state_publisher/robot_state_publisher)
    rviz (rviz/rviz)
    spawn_corrosion (gazebo_ros/spawn_model)
    spawn_crawler_0 (gazebo_ros/spawn_model)
    spawn_crawler_1 (gazebo_ros/spawn_model)
    world_to_world_tf (tf2_ros/static_transform_publisher)

auto-starting new master
[1mprocess[master]: started with pid [127579][0m
[1mROS_MASTER_URI=http://localhost:11311[0m
]2;/home/chroma/Documents/bugwright2-ws/bugwright_ws/src/my_sim/launch/crawler_ugw_with_uwb_simulation_spawn.launch http://localhost:11311
[1msetting /run_id to 06cad948-fd66-11ed-ac04-a1f748f19be9[0m
[1mprocess[rosout-1]: started with pid [127596][0m
started core service [/rosout]
[1mprocess[gazebo-2]: started with pid [127603][0m
[1mprocess[spawn_corrosion-3]: started with pid [127607][0m
[1mprocess[robot_state_publisher_world-4]: started with pid [127609][0m
[1mprocess[world_to_world_tf-5]: started with pid [127610][0m
[1mprocess[spawn_crawler_0-6]: started with pid [127611][0m
[1mprocess[robot_state_publisher_crawler_0-7]: started with pid [127616][0m
[1mprocess[spawn_crawler_1-8]: started with pid [127622][0m
[1mprocess[robot_state_publisher_crawler_1-9]: started with pid [127624][0m
[1mprocess[crawler0_gt-10]: started with pid [127626][0m
[1mprocess[crawler1_gt-11]: started with pid [127632][0m
[1mprocess[crawler_0_1_ugw_viz-12]: started with pid [127634][0m
[1mprocess[og_viz-13]: started with pid [127646][0m
[1mprocess[rviz-14]: started with pid [127647][0m
[rviz-14] killing on exit
[crawler_0_1_ugw_viz-12] killing on exit
[og_viz-13] killing on exit
[robot_state_publisher_crawler_1-9] killing on exit
[crawler1_gt-11] killing on exit
[world_to_world_tf-5] killing on exit
[spawn_crawler_1-8] killing on exit
[crawler0_gt-10] killing on exit
[spawn_crawler_0-6] killing on exit
[robot_state_publisher_crawler_0-7] killing on exit
[robot_state_publisher_world-4] killing on exit
[spawn_corrosion-3] killing on exit
[gazebo-2] killing on exit
[rosout-1] killing on exit
[master] killing on exit
shutting down processing monitor...
... shutting down processing monitor complete
[1mdone[0m
