warning: redefining global symbol: pi
when processing file: /home/chroma/Documents/bugwright2-ws/bugwright_ws/src/my_sim/models/CrawlerUGW/crawler.xacro
warning: redefining global symbol: pi
when processing file: /home/chroma/Documents/bugwright2-ws/bugwright_ws/src/my_sim/models/CrawlerUGW/crawler.xacro
[0m[ INFO] [1684160927.095719807]: Finished loading Gazebo ROS API Plugin.[0m
[0m[ INFO] [1684160927.097064020]: waitForService: Service [/gazebo/set_physics_properties] has not been advertised, waiting...[0m
[0m[ INFO] [1684160927.612413690]: waitForService: Service [/gazebo/set_physics_properties] is now available.[0m
[0m[ INFO] [1684160928.563621992, 0.160000000]: Camera Plugin: Using the 'robotNamespace' param: '/'[0m
[0m[ INFO] [1684160928.567454007, 0.160000000]: Camera Plugin (ns = /)  <tf_prefix_>, set to ""[0m
[0m[ INFO] [1684160928.575578319, 0.160000000]: <robotNamespace> set to: //[0m
[0m[ INFO] [1684160928.576029784, 0.160000000]: <topicName> set to: /crawler1/imu[0m
[0m[ INFO] [1684160928.576692568, 0.160000000]: <frameName> set to: crawler_1/base_link[0m
[0m[ INFO] [1684160928.577237099, 0.160000000]: <updateRateHZ> set to: 10[0m
[0m[ INFO] [1684160928.577936304, 0.160000000]: <gaussianNoise> set to: 0[0m
[0m[ INFO] [1684160928.578677942, 0.160000000]: <xyzOffset> set to: 0 0 0[0m
[0m[ INFO] [1684160928.579253984, 0.160000000]: <rpyOffset> set to: 0 -0 0[0m
[0m[ INFO] [1684160928.586728536, 0.160000000]: Physics dynamic reconfigure ready.[0m
[0m[ INFO] [1684160928.684248389, 0.160000000]: NS UWBe1 UwbPlugin::Load crawler1 Tag 0 Publish TF 1[0m
NS UWBe1 Uwb topic: uwb
[0m[ INFO] [1684160928.685027979, 0.160000000]: NS TAG1 UwbPlugin::Load crawler1 Tag 1 Publish TF 0[0m
NS TAG1 Uwb topic: crawler1/uwb_sim
[33m[ WARN] [1684160928.696354523, 0.160000000]: DiffDrive(ns = //): missing <rosDebugLevel> default is na[0m
[33m[ WARN] [1684160928.697840571, 0.160000000]: DiffDrive(ns = //): missing <wheelAcceleration> default is 0[0m
[33m[ WARN] [1684160928.697865634, 0.160000000]: DiffDrive(ns = //): missing <wheelTorque> default is 5[0m
[31m[ERROR] [1684160929.400861791, 0.561000000]: Tried to advertise a service that is already advertised in this node [/IFM_ir/set_camera_info][0m
[31m[ERROR] [1684160929.402422475, 0.561000000]: Tried to advertise a service that is already advertised in this node [/IFM_ir/set_parameters][0m
[0m[ INFO] [1684160928.696276940, 0.160000000]: Starting plugin DiffDrive(ns = //)[0m
[0m[ INFO] [1684160928.697633368, 0.160000000]: DiffDrive(ns = //): <tf_prefix> = [0m
[0m[ INFO] [1684160928.698026604, 0.160000000]: DiffDrive(ns = //): Try to subscribe to /crawler1/base_controller/cmd_vel[0m
[0m[ INFO] [1684160928.700518976, 0.160000000]: DiffDrive(ns = //): Subscribe to /crawler1/base_controller/cmd_vel[0m
[0m[ INFO] [1684160928.701198439, 0.160000000]: DiffDrive(ns = //): Advertise odom on /crawler1/odom [0m
[0m[ INFO] [1684160929.400552109, 0.561000000]: Camera Plugin: Using the 'robotNamespace' param: '/'[0m
[0m[ INFO] [1684160929.401003697, 0.561000000]: <robotNamespace> set to: //[0m
[0m[ INFO] [1684160929.401032629, 0.561000000]: <topicName> set to: /crawler0/imu[0m
[0m[ INFO] [1684160929.401052920, 0.561000000]: <frameName> set to: crawler_0/base_link[0m
[0m[ INFO] [1684160929.401078898, 0.561000000]: <updateRateHZ> set to: 10[0m
[0m[ INFO] [1684160929.401102616, 0.561000000]: <gaussianNoise> set to: 0[0m
[0m[ INFO] [1684160929.401137469, 0.561000000]: <xyzOffset> set to: 0 0 0[0m
[0m[ INFO] [1684160929.401167466, 0.561000000]: <rpyOffset> set to: 0 -0 0[0m
[0m[ INFO] [1684160929.402366275, 0.561000000]: Camera Plugin (ns = /)  <tf_prefix_>, set to ""[0m
[0m[ INFO] [1684160929.409370346, 0.561000000]: NS UWBe0 UwbPlugin::Load crawler0 Tag 0 Publish TF 1[0m
NS UWBe0 Uwb topic: uwb
[0m[ INFO] [1684160929.409767240, 0.561000000]: NS TAG0 UwbPlugin::Load crawler0 Tag 1 Publish TF 0[0m
NS TAG0 Uwb topic: crawler0/uwb_sim
[33m[ WARN] [1684160929.410928994, 0.561000000]: DiffDrive(ns = //): missing <rosDebugLevel> default is na[0m
[33m[ WARN] [1684160929.412681295, 0.561000000]: DiffDrive(ns = //): missing <wheelAcceleration> default is 0[0m
[33m[ WARN] [1684160929.412734418, 0.561000000]: DiffDrive(ns = //): missing <wheelTorque> default is 5[0m
[ERROR] [1684161744.735194, 782.323000]: Delete model service call failed: transport error completing service call: unable to receive data from sender, check sender's logs for details
[INFO] [1684160926.661700, 0.000000]: Loading model XML from ros parameter robot_description_crawler_0
[INFO] [1684160926.668743, 0.000000]: Waiting for service /gazebo/spawn_urdf_model
[INFO] [1684160927.875768, 0.160000]: Calling service /gazebo/spawn_urdf_model
[INFO] [1684160929.408940, 0.561000]: Spawn status: SpawnModel: Successfully spawned entity
[INFO] [1684160929.410971, 0.561000]: Waiting for shutdown to delete model crawler0
[INFO] [1684161744.426863, 782.131000]: Deleting model crawler0
[ERROR] [1684161744.735234, 782.323000]: Delete model service call failed: transport error completing service call: unable to receive data from sender, check sender's logs for details
[INFO] [1684160926.705533, 0.000000]: Loading model XML from ros parameter robot_description_crawler_1
[INFO] [1684160926.713727, 0.000000]: Waiting for service /gazebo/spawn_urdf_model
[INFO] [1684160927.620691, 0.000000]: Calling service /gazebo/spawn_urdf_model
[INFO] [1684160928.575029, 0.160000]: Spawn status: SpawnModel: Successfully spawned entity
[INFO] [1684160928.576939, 0.160000]: Waiting for shutdown to delete model crawler1
[INFO] [1684161744.427819, 782.133000]: Deleting model crawler1
[ERROR] [1684161744.735215, 782.323000]: Delete model service call failed: transport error completing service call: unable to receive data from sender, check sender's logs for details
[INFO] [1684160926.554798, 0.000000]: Loading model XML from ros parameter world_description
[INFO] [1684160926.579201, 0.000000]: Waiting for service /gazebo/spawn_urdf_model
[INFO] [1684160927.787874, 0.160000]: Calling service /gazebo/spawn_urdf_model
[INFO] [1684160929.081312, 0.361000]: Spawn status: SpawnModel: Successfully spawned entity
[INFO] [1684160929.083754, 0.362000]: Waiting for shutdown to delete model corrosion
[INFO] [1684161744.532578, 782.221000]: Deleting model corrosion
[31m[gazebo-2] escalating to SIGTERM[0m
... logging to /home/chroma/.ros/log/cbc2c7e0-f32c-11ed-9003-e5e619360a76/roslaunch-chroma-HP-ProBook-650-G2-365334.log
Checking log directory for disk usage. This may take a while.
Press Ctrl-C to interrupt
Done checking log file disk usage. Usage is <1GB.
]2;/home/chroma/Documents/bugwright2-ws/bugwright_ws/src/my_sim/launch/crawler_ugw_with_uwb_simulation_spawn.launch
[1mstarted roslaunch server http://chroma-HP-ProBook-650-G2:34765/[0m

SUMMARY
========

PARAMETERS
 * /crawler0_gt/base_frame: crawler0_gt
 * /crawler0_gt/reference_frame: world
 * /crawler1_gt/base_frame: crawler1_gt
 * /crawler1_gt/reference_frame: world
 * /crawler_0_1_ugw_viz/base_frame: crawler_0/UWBe
 * /crawler_0_1_ugw_viz/tag_frame: crawler_1/UWBe
 * /crawler_0_1_ugw_viz/tag_name: crawler1
 * /gazebo/enable_ros_network: True
 * /og_viz/base_frame: UWBe
 * /og_viz/buddies/crawler0: crawler1
 * /og_viz/grid_height: 6
 * /og_viz/grid_resolution: 0.05
 * /og_viz/grid_width: 6
 * /og_viz/reference_frame: world
 * /robot_description_crawler_0: <?xml version="1....
 * /robot_description_crawler_1: <?xml version="1....
 * /robot_state_publisher_crawler_0/publish_frequency: 10.0
 * /robot_state_publisher_crawler_0/tf_prefix: crawler_0
 * /robot_state_publisher_crawler_1/publish_frequency: 10.0
 * /robot_state_publisher_crawler_1/tf_prefix: crawler_1
 * /robot_state_publisher_world/publish_frequency: 1.0
 * /rosdistro: noetic
 * /rosversion: 1.16.0
 * /use_sim_time: True
 * /world_description: <?xml version="1....

NODES
  /
    crawler0_gt (my_sim/pose_to_tf.py)
    crawler1_gt (my_sim/pose_to_tf.py)
    crawler_0_1_ugw_viz (my_sim/ugw_visualization.py)
    gazebo (gazebo_ros/gzserver)
    og_viz (my_sim/occgrid_visualization.py)
    robot_state_publisher_crawler_0 (robot_state_publisher/robot_state_publisher)
    robot_state_publisher_crawler_1 (robot_state_publisher/robot_state_publisher)
    robot_state_publisher_world (robot_state_publisher/robot_state_publisher)
    rviz (rviz/rviz)
    spawn_corrosion (gazebo_ros/spawn_model)
    spawn_crawler_0 (gazebo_ros/spawn_model)
    spawn_crawler_1 (gazebo_ros/spawn_model)
    world_to_world_tf (tf2_ros/static_transform_publisher)

auto-starting new master
[1mprocess[master]: started with pid [365370][0m
[1mROS_MASTER_URI=http://localhost:11311[0m
]2;/home/chroma/Documents/bugwright2-ws/bugwright_ws/src/my_sim/launch/crawler_ugw_with_uwb_simulation_spawn.launch http://localhost:11311
[1msetting /run_id to cbc2c7e0-f32c-11ed-9003-e5e619360a76[0m
[1mprocess[rosout-1]: started with pid [365393][0m
started core service [/rosout]
[1mprocess[gazebo-2]: started with pid [365400][0m
[1mprocess[spawn_corrosion-3]: started with pid [365404][0m
[1mprocess[robot_state_publisher_world-4]: started with pid [365406][0m
[1mprocess[world_to_world_tf-5]: started with pid [365407][0m
[1mprocess[spawn_crawler_0-6]: started with pid [365408][0m
[1mprocess[robot_state_publisher_crawler_0-7]: started with pid [365413][0m
[1mprocess[spawn_crawler_1-8]: started with pid [365420][0m
[1mprocess[robot_state_publisher_crawler_1-9]: started with pid [365422][0m
[1mprocess[crawler0_gt-10]: started with pid [365423][0m
[1mprocess[crawler1_gt-11]: started with pid [365429][0m
[1mprocess[crawler_0_1_ugw_viz-12]: started with pid [365432][0m
[1mprocess[og_viz-13]: started with pid [365443][0m
[1mprocess[rviz-14]: started with pid [365445][0m
[rviz-14] killing on exit
[og_viz-13] killing on exit
[crawler_0_1_ugw_viz-12] killing on exit
[crawler1_gt-11] killing on exit
[spawn_crawler_0-6] killing on exit
[crawler0_gt-10] killing on exit
[robot_state_publisher_crawler_1-9] killing on exit
[spawn_crawler_1-8] killing on exit
[robot_state_publisher_crawler_0-7] killing on exit
[world_to_world_tf-5] killing on exit
[robot_state_publisher_world-4] killing on exit
[spawn_corrosion-3] killing on exit
[gazebo-2] killing on exit
[rosout-1] killing on exit
[master] killing on exit
shutting down processing monitor...
... shutting down processing monitor complete
[1mdone[0m
