warning: redefining global symbol: pi
when processing file: /home/chroma/Documents/bugwright2-ws/bugwright_ws/src/my_sim/models/CrawlerUGW/crawler.xacro
warning: redefining global symbol: pi
when processing file: /home/chroma/Documents/bugwright2-ws/bugwright_ws/src/my_sim/models/CrawlerUGW/crawler.xacro
[0m[ INFO] [1685857524.618580806]: Finished loading Gazebo ROS API Plugin.[0m
[0m[ INFO] [1685857524.619680402]: waitForService: Service [/gazebo/set_physics_properties] has not been advertised, waiting...[0m
[0m[ INFO] [1685857525.116105851, 0.004000000]: waitForService: Service [/gazebo/set_physics_properties] is now available.[0m
[0m[ INFO] [1685857525.137088523, 0.023000000]: Physics dynamic reconfigure ready.[0m
[0m[ INFO] [1685857526.258325165, 0.361000000]: Laser Plugin: Using the 'robotNamespace' param: '/'[0m
[0m[ INFO] [1685857526.258399310, 0.361000000]: Starting Laser Plugin (ns = /)[0m
[0m[ INFO] [1685857526.260032521, 0.361000000]: Laser Plugin (ns = /)  <tf_prefix_>, set to ""[0m
[0m[ INFO] [1685857526.266963884, 0.361000000]: <robotNamespace> set to: //[0m
[0m[ INFO] [1685857526.266986554, 0.361000000]: <topicName> set to: /crawler1/imu[0m
[0m[ INFO] [1685857526.266995294, 0.361000000]: <frameName> set to: crawler_1/base_link[0m
[0m[ INFO] [1685857526.267029981, 0.361000000]: <updateRateHZ> set to: 10[0m
[0m[ INFO] [1685857526.267061123, 0.361000000]: <gaussianNoise> set to: 0[0m
[0m[ INFO] [1685857526.267132592, 0.361000000]: <xyzOffset> set to: 0 0 0[0m
[0m[ INFO] [1685857526.267241274, 0.361000000]: <rpyOffset> set to: 0 -0 0[0m
[0m[ INFO] [1685857526.279368974, 0.361000000]: NS UWBe1 UwbPlugin::Load crawler1 Tag 0 Publish TF 1[0m
NS UWBe1 Uwb topic: uwb
[0m[ INFO] [1685857526.280000396, 0.361000000]: NS TAG1 UwbPlugin::Load crawler1 Tag 1 Publish TF 0[0m
NS TAG1 Uwb topic: crawler1/uwb_sim
[33m[ WARN] [1685857526.290835004, 0.361000000]: DiffDrive(ns = //): missing <rosDebugLevel> default is na[0m
[33m[ WARN] [1685857526.291815684, 0.361000000]: DiffDrive(ns = //): missing <wheelAcceleration> default is 0[0m
[33m[ WARN] [1685857526.291853608, 0.361000000]: DiffDrive(ns = //): missing <wheelTorque> default is 5[0m
[0m[ INFO] [1685857526.290786740, 0.361000000]: Starting plugin DiffDrive(ns = //)[0m
[0m[ INFO] [1685857526.291617207, 0.361000000]: DiffDrive(ns = //): <tf_prefix> = [0m
[0m[ INFO] [1685857526.292024390, 0.361000000]: DiffDrive(ns = //): Try to subscribe to /crawler1/base_controller/cmd_vel[0m
[0m[ INFO] [1685857526.294564275, 0.361000000]: DiffDrive(ns = //): Subscribe to /crawler1/base_controller/cmd_vel[0m
[0m[ INFO] [1685857526.295368133, 0.361000000]: DiffDrive(ns = //): Advertise odom on /crawler1/odom [0m
[0m[ INFO] [1685857527.121543237, 0.561000000]: Laser Plugin: Using the 'robotNamespace' param: '/'[0m
[0m[ INFO] [1685857527.121566338, 0.561000000]: Starting Laser Plugin (ns = /)[0m
[0m[ INFO] [1685857527.122743656, 0.561000000]: Laser Plugin (ns = /)  <tf_prefix_>, set to ""[0m
[0m[ INFO] [1685857527.125026878, 0.561000000]: <robotNamespace> set to: //[0m
[0m[ INFO] [1685857527.125043952, 0.561000000]: <topicName> set to: /crawler0/imu[0m
[0m[ INFO] [1685857527.125072928, 0.561000000]: <frameName> set to: crawler_0/base_link[0m
[0m[ INFO] [1685857527.125087165, 0.561000000]: <updateRateHZ> set to: 10[0m
[0m[ INFO] [1685857527.125100310, 0.561000000]: <gaussianNoise> set to: 0[0m
[0m[ INFO] [1685857527.125148116, 0.561000000]: <xyzOffset> set to: 0 0 0[0m
[0m[ INFO] [1685857527.125177325, 0.561000000]: <rpyOffset> set to: 0 -0 0[0m
[0m[ INFO] [1685857527.131530588, 0.561000000]: NS UWBe0 UwbPlugin::Load crawler0 Tag 0 Publish TF 1[0m
NS UWBe0 Uwb topic: uwb
[0m[ INFO] [1685857527.131893621, 0.561000000]: NS TAG0 UwbPlugin::Load crawler0 Tag 1 Publish TF 0[0m
NS TAG0 Uwb topic: crawler0/uwb_sim
[33m[ WARN] [1685857527.133057914, 0.561000000]: DiffDrive(ns = //): missing <rosDebugLevel> default is na[0m
[33m[ WARN] [1685857527.133914913, 0.561000000]: DiffDrive(ns = //): missing <wheelAcceleration> default is 0[0m
[33m[ WARN] [1685857527.133989698, 0.561000000]: DiffDrive(ns = //): missing <wheelTorque> default is 5[0m
[ERROR] [1685860216.152611, 2460.705000]: Delete model service call failed: transport error completing service call: unable to receive data from sender, check sender's logs for details
[INFO] [1685857524.273567, 0.000000]: Loading model XML from ros parameter robot_description_crawler_1
[INFO] [1685857524.279428, 0.000000]: Waiting for service /gazebo/spawn_urdf_model
[INFO] [1685857525.185463, 0.068000]: Calling service /gazebo/spawn_urdf_model
[INFO] [1685857526.270207, 0.361000]: Spawn status: SpawnModel: Successfully spawned entity
[INFO] [1685857526.271646, 0.361000]: Waiting for shutdown to delete model crawler1
[INFO] [1685860215.843703, 2460.503000]: Deleting model crawler1
[ERROR] [1685860216.152582, 2460.705000]: Delete model service call failed: transport error completing service call: unable to receive data from sender, check sender's logs for details
[INFO] [1685857524.210532, 0.000000]: Loading model XML from ros parameter world_description
[INFO] [1685857524.220631, 0.000000]: Waiting for service /gazebo/spawn_urdf_model
[INFO] [1685857525.126842, 0.000000]: Calling service /gazebo/spawn_urdf_model
[INFO] [1685857525.399330, 0.160000]: Spawn status: SpawnModel: Successfully spawned entity
[INFO] [1685857525.401940, 0.163000]: Waiting for shutdown to delete model corrosion
[INFO] [1685860216.045539, 2460.704000]: Deleting model corrosion
[ERROR] [1685860216.152623, 2460.705000]: Delete model service call failed: transport error completing service call: unable to receive data from sender, check sender's logs for details
[INFO] [1685857524.289071, 0.000000]: Loading model XML from ros parameter robot_description_crawler_0
[INFO] [1685857524.294645, 0.000000]: Waiting for service /gazebo/spawn_urdf_model
[INFO] [1685857525.200178, 0.082000]: Calling service /gazebo/spawn_urdf_model
[INFO] [1685857527.131445, 0.561000]: Spawn status: SpawnModel: Successfully spawned entity
[INFO] [1685857527.133395, 0.561000]: Waiting for shutdown to delete model crawler0
[INFO] [1685860215.843895, 2460.503000]: Deleting model crawler0
[31mWARNING: disk usage in log directory [/home/chroma/.ros/log] is over 1GB.
It's recommended that you use the 'rosclean' command.[0m
[31m[gazebo-2] escalating to SIGTERM[0m
... logging to /home/chroma/.ros/log/feed8b64-029a-11ee-835a-cbdee1d2ed59/roslaunch-chroma-HP-ProBook-650-G2-52698.log
Checking log directory for disk usage. This may take a while.
Press Ctrl-C to interrupt
]2;/home/chroma/Documents/bugwright2-ws/bugwright_ws/src/my_sim/launch/crawler_ugw_with_uwb_simulation_spawn.launch
[1mstarted roslaunch server http://chroma-HP-ProBook-650-G2:40991/[0m

SUMMARY
========

PARAMETERS
 * /crawler0_gt/base_frame: crawler0_gt
 * /crawler0_gt/reference_frame: world
 * /crawler1_gt/base_frame: crawler1_gt
 * /crawler1_gt/reference_frame: world
 * /crawler_0_1_ugw_viz/base_frame: crawler_0/UWBe
 * /crawler_0_1_ugw_viz/tag_frame: crawler_1/UWBe
 * /crawler_0_1_ugw_viz/tag_name: crawler1
 * /gazebo/enable_ros_network: True
 * /og_viz/base_frame: UWBe
 * /og_viz/buddies/crawler0: crawler1
 * /og_viz/grid_height: 6
 * /og_viz/grid_resolution: 0.05
 * /og_viz/grid_width: 6
 * /og_viz/reference_frame: world
 * /robot_description_crawler_0: <?xml version="1....
 * /robot_description_crawler_1: <?xml version="1....
 * /robot_state_publisher_crawler_0/publish_frequency: 10.0
 * /robot_state_publisher_crawler_0/tf_prefix: crawler_0
 * /robot_state_publisher_crawler_1/publish_frequency: 10.0
 * /robot_state_publisher_crawler_1/tf_prefix: crawler_1
 * /robot_state_publisher_world/publish_frequency: 1.0
 * /rosdistro: noetic
 * /rosversion: 1.16.0
 * /use_sim_time: True
 * /world_description: <?xml version="1....

NODES
  /
    crawler0_gt (my_sim/pose_to_tf.py)
    crawler1_gt (my_sim/pose_to_tf.py)
    crawler_0_1_ugw_viz (my_sim/ugw_visualization.py)
    gazebo (gazebo_ros/gzserver)
    og_viz (my_sim/occgrid_visualization.py)
    robot_state_publisher_crawler_0 (robot_state_publisher/robot_state_publisher)
    robot_state_publisher_crawler_1 (robot_state_publisher/robot_state_publisher)
    robot_state_publisher_world (robot_state_publisher/robot_state_publisher)
    rviz (rviz/rviz)
    spawn_corrosion (gazebo_ros/spawn_model)
    spawn_crawler_0 (gazebo_ros/spawn_model)
    spawn_crawler_1 (gazebo_ros/spawn_model)
    world_to_world_tf (tf2_ros/static_transform_publisher)

auto-starting new master
[1mprocess[master]: started with pid [52734][0m
[1mROS_MASTER_URI=http://localhost:11311[0m
]2;/home/chroma/Documents/bugwright2-ws/bugwright_ws/src/my_sim/launch/crawler_ugw_with_uwb_simulation_spawn.launch http://localhost:11311
[1msetting /run_id to feed8b64-029a-11ee-835a-cbdee1d2ed59[0m
[1mprocess[rosout-1]: started with pid [52751][0m
started core service [/rosout]
[1mprocess[gazebo-2]: started with pid [52758][0m
[1mprocess[spawn_corrosion-3]: started with pid [52762][0m
[1mprocess[robot_state_publisher_world-4]: started with pid [52764][0m
[1mprocess[world_to_world_tf-5]: started with pid [52765][0m
[1mprocess[spawn_crawler_0-6]: started with pid [52766][0m
[1mprocess[robot_state_publisher_crawler_0-7]: started with pid [52771][0m
[1mprocess[spawn_crawler_1-8]: started with pid [52777][0m
[1mprocess[robot_state_publisher_crawler_1-9]: started with pid [52780][0m
[1mprocess[crawler0_gt-10]: started with pid [52781][0m
[1mprocess[crawler1_gt-11]: started with pid [52787][0m
[1mprocess[crawler_0_1_ugw_viz-12]: started with pid [52793][0m
[1mprocess[og_viz-13]: started with pid [52795][0m
[1mprocess[rviz-14]: started with pid [52804][0m
[rviz-14] killing on exit
[og_viz-13] killing on exit
[crawler_0_1_ugw_viz-12] killing on exit
[crawler1_gt-11] killing on exit
[crawler0_gt-10] killing on exit
[robot_state_publisher_crawler_1-9] killing on exit
[spawn_crawler_1-8] killing on exit
[robot_state_publisher_crawler_0-7] killing on exit
[spawn_crawler_0-6] killing on exit
[world_to_world_tf-5] killing on exit
[robot_state_publisher_world-4] killing on exit
[spawn_corrosion-3] killing on exit
[gazebo-2] killing on exit
[rosout-1] killing on exit
[master] killing on exit
shutting down processing monitor...
... shutting down processing monitor complete
[1mdone[0m
