warning: redefining global symbol: pi
when processing file: /home/chroma/Documents/bugwright2-ws/bugwright_ws/src/my_sim/models/CrawlerUGW/crawler.xacro
warning: redefining global symbol: pi
when processing file: /home/chroma/Documents/bugwright2-ws/bugwright_ws/src/my_sim/models/CrawlerUGW/crawler.xacro
[0m[ INFO] [1685843095.335107913]: Finished loading Gazebo ROS API Plugin.[0m
[0m[ INFO] [1685843095.336582647]: waitForService: Service [/gazebo/set_physics_properties] has not been advertised, waiting...[0m
[0m[ INFO] [1685843095.811496494]: waitForService: Service [/gazebo/set_physics_properties] is now available.[0m
[0m[ INFO] [1685843095.849494945, 0.020000000]: Physics dynamic reconfigure ready.[0m
[0m[ INFO] [1685843096.936398240, 0.355000000]: Laser Plugin: Using the 'robotNamespace' param: '/'[0m
[0m[ INFO] [1685843096.936433369, 0.355000000]: Starting Laser Plugin (ns = /)[0m
[0m[ INFO] [1685843096.938140866, 0.355000000]: Laser Plugin (ns = /)  <tf_prefix_>, set to ""[0m
[0m[ INFO] [1685843096.944096550, 0.355000000]: <robotNamespace> set to: //[0m
[0m[ INFO] [1685843096.944117001, 0.355000000]: <topicName> set to: /crawler1/imu[0m
[0m[ INFO] [1685843096.944126286, 0.355000000]: <frameName> set to: crawler_1/base_link[0m
[0m[ INFO] [1685843096.944150186, 0.355000000]: <updateRateHZ> set to: 10[0m
[0m[ INFO] [1685843096.944163247, 0.355000000]: <gaussianNoise> set to: 0[0m
[0m[ INFO] [1685843096.944185029, 0.355000000]: <xyzOffset> set to: 0 0 0[0m
[0m[ INFO] [1685843096.944226593, 0.355000000]: <rpyOffset> set to: 0 -0 0[0m
[0m[ INFO] [1685843096.955174852, 0.355000000]: NS UWBe1 UwbPlugin::Load crawler1 Tag 0 Publish TF 1[0m
NS UWBe1 Uwb topic: uwb
[0m[ INFO] [1685843096.956144874, 0.355000000]: NS TAG1 UwbPlugin::Load crawler1 Tag 1 Publish TF 0[0m
NS TAG1 Uwb topic: crawler1/uwb_sim
[33m[ WARN] [1685843096.967199885, 0.355000000]: DiffDrive(ns = //): missing <rosDebugLevel> default is na[0m
[33m[ WARN] [1685843096.968317650, 0.355000000]: DiffDrive(ns = //): missing <wheelAcceleration> default is 0[0m
[33m[ WARN] [1685843096.968345072, 0.355000000]: DiffDrive(ns = //): missing <wheelTorque> default is 5[0m
[0m[ INFO] [1685843096.967131422, 0.355000000]: Starting plugin DiffDrive(ns = //)[0m
[0m[ INFO] [1685843096.968083572, 0.355000000]: DiffDrive(ns = //): <tf_prefix> = [0m
[0m[ INFO] [1685843096.968602536, 0.355000000]: DiffDrive(ns = //): Try to subscribe to /crawler1/base_controller/cmd_vel[0m
[0m[ INFO] [1685843096.971129491, 0.355000000]: DiffDrive(ns = //): Subscribe to /crawler1/base_controller/cmd_vel[0m
[0m[ INFO] [1685843096.971643219, 0.355000000]: DiffDrive(ns = //): Advertise odom on /crawler1/odom [0m
[0m[ INFO] [1685843097.795542126, 0.556000000]: Laser Plugin: Using the 'robotNamespace' param: '/'[0m
[0m[ INFO] [1685843097.795566939, 0.556000000]: Starting Laser Plugin (ns = /)[0m
[0m[ INFO] [1685843097.796442454, 0.556000000]: Laser Plugin (ns = /)  <tf_prefix_>, set to ""[0m
[0m[ INFO] [1685843097.798027505, 0.556000000]: <robotNamespace> set to: //[0m
[0m[ INFO] [1685843097.798045009, 0.556000000]: <topicName> set to: /crawler0/imu[0m
[0m[ INFO] [1685843097.798076327, 0.556000000]: <frameName> set to: crawler_0/base_link[0m
[0m[ INFO] [1685843097.798090817, 0.556000000]: <updateRateHZ> set to: 10[0m
[0m[ INFO] [1685843097.798104250, 0.556000000]: <gaussianNoise> set to: 0[0m
[0m[ INFO] [1685843097.798138498, 0.556000000]: <xyzOffset> set to: 0 0 0[0m
[0m[ INFO] [1685843097.798153968, 0.556000000]: <rpyOffset> set to: 0 -0 0[0m
[0m[ INFO] [1685843097.804405321, 0.556000000]: NS UWBe0 UwbPlugin::Load crawler0 Tag 0 Publish TF 1[0m
NS UWBe0 Uwb topic: uwb
[0m[ INFO] [1685843097.804633342, 0.556000000]: NS TAG0 UwbPlugin::Load crawler0 Tag 1 Publish TF 0[0m
NS TAG0 Uwb topic: crawler0/uwb_sim
[33m[ WARN] [1685843097.805783810, 0.556000000]: DiffDrive(ns = //): missing <rosDebugLevel> default is na[0m
[33m[ WARN] [1685843097.806519222, 0.556000000]: DiffDrive(ns = //): missing <wheelAcceleration> default is 0[0m
[33m[ WARN] [1685843097.806558388, 0.556000000]: DiffDrive(ns = //): missing <wheelTorque> default is 5[0m
[ERROR] [1685844488.777169, 1271.604000]: Delete model service call failed: transport error completing service call: unable to receive data from sender, check sender's logs for details
[INFO] [1685843094.864646, 0.000000]: Loading model XML from ros parameter robot_description_crawler_0
[INFO] [1685843094.872220, 0.000000]: Waiting for service /gazebo/spawn_urdf_model
[INFO] [1685843096.080003, 0.155000]: Calling service /gazebo/spawn_urdf_model
[INFO] [1685843097.804359, 0.556000]: Spawn status: SpawnModel: Successfully spawned entity
[INFO] [1685843097.806196, 0.556000]: Waiting for shutdown to delete model crawler0
[INFO] [1685844488.470427, 1271.403000]: Deleting model crawler0
[ERROR] [1685844488.777273, 1271.604000]: Delete model service call failed: transport error completing service call: unable to receive data from sender, check sender's logs for details
[INFO] [1685843094.982598, 0.000000]: Loading model XML from ros parameter world_description
[INFO] [1685843094.995035, 0.000000]: Waiting for service /gazebo/spawn_urdf_model
[INFO] [1685843095.906034, 0.072000]: Calling service /gazebo/spawn_urdf_model
[INFO] [1685843096.113676, 0.155000]: Spawn status: SpawnModel: Successfully spawned entity
[INFO] [1685843096.115514, 0.157000]: Waiting for shutdown to delete model corrosion
[INFO] [1685844488.572224, 1271.504000]: Deleting model corrosion
[ERROR] [1685844488.777208, 1271.604000]: Delete model service call failed: transport error completing service call: unable to receive data from sender, check sender's logs for details
[INFO] [1685843095.025860, 0.000000]: Loading model XML from ros parameter robot_description_crawler_1
[INFO] [1685843095.031425, 0.000000]: Waiting for service /gazebo/spawn_urdf_model
[INFO] [1685843095.937243, 0.102000]: Calling service /gazebo/spawn_urdf_model
[INFO] [1685843096.946921, 0.355000]: Spawn status: SpawnModel: Successfully spawned entity
[INFO] [1685843096.947944, 0.355000]: Waiting for shutdown to delete model crawler1
[INFO] [1685844488.469577, 1271.402000]: Deleting model crawler1
[31mWARNING: disk usage in log directory [/home/chroma/.ros/log] is over 1GB.
It's recommended that you use the 'rosclean' command.[0m
[31m[gazebo-2] escalating to SIGTERM[0m
... logging to /home/chroma/.ros/log/6670e2d0-0279-11ee-835a-cbdee1d2ed59/roslaunch-chroma-HP-ProBook-650-G2-35593.log
Checking log directory for disk usage. This may take a while.
Press Ctrl-C to interrupt
]2;/home/chroma/Documents/bugwright2-ws/bugwright_ws/src/my_sim/launch/crawler_ugw_with_uwb_simulation_spawn.launch
[1mstarted roslaunch server http://chroma-HP-ProBook-650-G2:41749/[0m

SUMMARY
========

PARAMETERS
 * /crawler0_gt/base_frame: crawler0_gt
 * /crawler0_gt/reference_frame: world
 * /crawler1_gt/base_frame: crawler1_gt
 * /crawler1_gt/reference_frame: world
 * /crawler_0_1_ugw_viz/base_frame: crawler_0/UWBe
 * /crawler_0_1_ugw_viz/tag_frame: crawler_1/UWBe
 * /crawler_0_1_ugw_viz/tag_name: crawler1
 * /gazebo/enable_ros_network: True
 * /og_viz/base_frame: UWBe
 * /og_viz/buddies/crawler0: crawler1
 * /og_viz/grid_height: 6
 * /og_viz/grid_resolution: 0.05
 * /og_viz/grid_width: 6
 * /og_viz/reference_frame: world
 * /robot_description_crawler_0: <?xml version="1....
 * /robot_description_crawler_1: <?xml version="1....
 * /robot_state_publisher_crawler_0/publish_frequency: 10.0
 * /robot_state_publisher_crawler_0/tf_prefix: crawler_0
 * /robot_state_publisher_crawler_1/publish_frequency: 10.0
 * /robot_state_publisher_crawler_1/tf_prefix: crawler_1
 * /robot_state_publisher_world/publish_frequency: 1.0
 * /rosdistro: noetic
 * /rosversion: 1.16.0
 * /use_sim_time: True
 * /world_description: <?xml version="1....

NODES
  /
    crawler0_gt (my_sim/pose_to_tf.py)
    crawler1_gt (my_sim/pose_to_tf.py)
    crawler_0_1_ugw_viz (my_sim/ugw_visualization.py)
    gazebo (gazebo_ros/gzserver)
    og_viz (my_sim/occgrid_visualization.py)
    robot_state_publisher_crawler_0 (robot_state_publisher/robot_state_publisher)
    robot_state_publisher_crawler_1 (robot_state_publisher/robot_state_publisher)
    robot_state_publisher_world (robot_state_publisher/robot_state_publisher)
    rviz (rviz/rviz)
    spawn_corrosion (gazebo_ros/spawn_model)
    spawn_crawler_0 (gazebo_ros/spawn_model)
    spawn_crawler_1 (gazebo_ros/spawn_model)
    world_to_world_tf (tf2_ros/static_transform_publisher)

auto-starting new master
[1mprocess[master]: started with pid [35629][0m
[1mROS_MASTER_URI=http://localhost:11311[0m
]2;/home/chroma/Documents/bugwright2-ws/bugwright_ws/src/my_sim/launch/crawler_ugw_with_uwb_simulation_spawn.launch http://localhost:11311
[1msetting /run_id to 6670e2d0-0279-11ee-835a-cbdee1d2ed59[0m
[1mprocess[rosout-1]: started with pid [35646][0m
started core service [/rosout]
[1mprocess[gazebo-2]: started with pid [35653][0m
[1mprocess[spawn_corrosion-3]: started with pid [35657][0m
[1mprocess[robot_state_publisher_world-4]: started with pid [35659][0m
[1mprocess[world_to_world_tf-5]: started with pid [35660][0m
[1mprocess[spawn_crawler_0-6]: started with pid [35661][0m
[1mprocess[robot_state_publisher_crawler_0-7]: started with pid [35666][0m
[1mprocess[spawn_crawler_1-8]: started with pid [35672][0m
[1mprocess[robot_state_publisher_crawler_1-9]: started with pid [35673][0m
[1mprocess[crawler0_gt-10]: started with pid [35675][0m
[1mprocess[crawler1_gt-11]: started with pid [35681][0m
[1mprocess[crawler_0_1_ugw_viz-12]: started with pid [35687][0m
[1mprocess[og_viz-13]: started with pid [35698][0m
[1mprocess[rviz-14]: started with pid [35699][0m
[rviz-14] killing on exit
[og_viz-13] killing on exit
[crawler_0_1_ugw_viz-12] killing on exit
[crawler1_gt-11] killing on exit
[crawler0_gt-10] killing on exit
[robot_state_publisher_crawler_1-9] killing on exit
[spawn_crawler_1-8] killing on exit
[robot_state_publisher_crawler_0-7] killing on exit
[spawn_crawler_0-6] killing on exit
[world_to_world_tf-5] killing on exit
[robot_state_publisher_world-4] killing on exit
[spawn_corrosion-3] killing on exit
[gazebo-2] killing on exit
[rosout-1] killing on exit
[master] killing on exit
shutting down processing monitor...
... shutting down processing monitor complete
[1mdone[0m
