warning: redefining global symbol: pi
when processing file: /home/chroma/Documents/bugwright2-ws/bugwright_ws/src/my_sim/models/CrawlerUGW/crawler.xacro
warning: redefining global symbol: pi
when processing file: /home/chroma/Documents/bugwright2-ws/bugwright_ws/src/my_sim/models/CrawlerUGW/crawler.xacro
[0m[ INFO] [1684111445.769516898]: Finished loading Gazebo ROS API Plugin.[0m
[0m[ INFO] [1684111445.772833343]: waitForService: Service [/gazebo/set_physics_properties] has not been advertised, waiting...[0m
[0m[ INFO] [1684111446.268920932]: waitForService: Service [/gazebo/set_physics_properties] is now available.[0m
[0m[ INFO] [1684111446.288432471, 0.012000000]: Physics dynamic reconfigure ready.[0m
[0m[ INFO] [1684111447.230070265, 0.157000000]: Camera Plugin: Using the 'robotNamespace' param: '/'[0m
[0m[ INFO] [1684111447.233229687, 0.157000000]: Camera Plugin (ns = /)  <tf_prefix_>, set to ""[0m
[0m[ INFO] [1684111447.240888018, 0.157000000]: <robotNamespace> set to: //[0m
[0m[ INFO] [1684111447.240927256, 0.157000000]: <topicName> set to: /crawler0/imu[0m
[0m[ INFO] [1684111447.240937424, 0.157000000]: <frameName> set to: crawler_0/base_link[0m
[0m[ INFO] [1684111447.240954352, 0.157000000]: <updateRateHZ> set to: 10[0m
[0m[ INFO] [1684111447.240984966, 0.157000000]: <gaussianNoise> set to: 0[0m
[0m[ INFO] [1684111447.241004761, 0.157000000]: <xyzOffset> set to: 0 0 0[0m
[0m[ INFO] [1684111447.241050558, 0.157000000]: <rpyOffset> set to: 0 -0 0[0m
[0m[ INFO] [1684111447.254741509, 0.157000000]: NS UWBe0 UwbPlugin::Load crawler0 Tag 0 Publish TF 1[0m
NS UWBe0 Uwb topic: uwb
[0m[ INFO] [1684111447.255505692, 0.157000000]: NS TAG0 UwbPlugin::Load crawler0 Tag 1 Publish TF 0[0m
NS TAG0 Uwb topic: crawler0/uwb_sim
[33m[ WARN] [1684111447.265680849, 0.157000000]: DiffDrive(ns = //): missing <rosDebugLevel> default is na[0m
[33m[ WARN] [1684111447.266971850, 0.157000000]: DiffDrive(ns = //): missing <wheelAcceleration> default is 0[0m
[33m[ WARN] [1684111447.267048159, 0.157000000]: DiffDrive(ns = //): missing <wheelTorque> default is 5[0m
[31m[ERROR] [1684111447.661019280, 0.359000000]: Tried to advertise a service that is already advertised in this node [/IFM_ir/set_camera_info][0m
[31m[ERROR] [1684111447.662532198, 0.359000000]: Tried to advertise a service that is already advertised in this node [/IFM_ir/set_parameters][0m
[0m[ INFO] [1684111447.265596410, 0.157000000]: Starting plugin DiffDrive(ns = //)[0m
[0m[ INFO] [1684111447.266771079, 0.157000000]: DiffDrive(ns = //): <tf_prefix> = [0m
[0m[ INFO] [1684111447.267200714, 0.157000000]: DiffDrive(ns = //): Try to subscribe to /crawler0/base_controller/cmd_vel[0m
[0m[ INFO] [1684111447.269388628, 0.157000000]: DiffDrive(ns = //): Subscribe to /crawler0/base_controller/cmd_vel[0m
[0m[ INFO] [1684111447.269844648, 0.157000000]: DiffDrive(ns = //): Advertise odom on /crawler0/odom [0m
[0m[ INFO] [1684111447.660673744, 0.359000000]: Camera Plugin: Using the 'robotNamespace' param: '/'[0m
[0m[ INFO] [1684111447.661157980, 0.359000000]: <robotNamespace> set to: //[0m
[0m[ INFO] [1684111447.661178507, 0.359000000]: <topicName> set to: /crawler1/imu[0m
[0m[ INFO] [1684111447.661188341, 0.359000000]: <frameName> set to: crawler_1/base_link[0m
[0m[ INFO] [1684111447.661224223, 0.359000000]: <updateRateHZ> set to: 10[0m
[0m[ INFO] [1684111447.661236084, 0.359000000]: <gaussianNoise> set to: 0[0m
[0m[ INFO] [1684111447.661252275, 0.359000000]: <xyzOffset> set to: 0 0 0[0m
[0m[ INFO] [1684111447.661285304, 0.359000000]: <rpyOffset> set to: 0 -0 0[0m
[0m[ INFO] [1684111447.662473532, 0.359000000]: Camera Plugin (ns = /)  <tf_prefix_>, set to ""[0m
[0m[ INFO] [1684111447.677101703, 0.359000000]: NS UWBe1 UwbPlugin::Load crawler1 Tag 0 Publish TF 1[0m
NS UWBe1 Uwb topic: uwb
[0m[ INFO] [1684111447.677274316, 0.359000000]: NS TAG1 UwbPlugin::Load crawler1 Tag 1 Publish TF 0[0m
NS TAG1 Uwb topic: crawler1/uwb_sim
[33m[ WARN] [1684111447.678103042, 0.359000000]: DiffDrive(ns = //): missing <rosDebugLevel> default is na[0m
[33m[ WARN] [1684111447.678719194, 0.359000000]: DiffDrive(ns = //): missing <wheelAcceleration> default is 0[0m
[33m[ WARN] [1684111447.678785587, 0.359000000]: DiffDrive(ns = //): missing <wheelTorque> default is 5[0m
[ERROR] [1684111449.101763, 1.568000]: bad callback: <function handle_uwb at 0x7f37f4e0f280>
Traceback (most recent call last):
  File "/opt/ros/noetic/lib/python3/dist-packages/rospy/topics.py", line 748, in _invoke_callback
    cb(msg, cb_args)
  File "/home/chroma/Documents/bugwright2-ws/bugwright_ws/src/my_sim/nodes/occgrid_visualization.py", line 40, in handle_uwb
    listener.waitForTransform('/' + str(reference_frame), tag, msg.header.stamp, rospy.Duration(1.0))
  File "/opt/ros/noetic/lib/python3/dist-packages/tf/listener.py", line 76, in waitForTransform
    raise tf2_ros.TransformException(error_msg or "no such transformation: \"{}\" -> \"{}\"".format(source_frame, target_frame))
tf2.TransformException: Lookup would require extrapolation 0.001000000s into the past.  Requested time 0.457000000 but the earliest data is at time 0.458000000, when looking up transform from frame [crawler_1/UWBe] to frame [world]

[ERROR] [1684111448.991271, 1.459000]: bad callback: <function handle_uwb at 0x7f9572990310>
Traceback (most recent call last):
  File "/opt/ros/noetic/lib/python3/dist-packages/rospy/topics.py", line 750, in _invoke_callback
    cb(msg)
  File "/home/chroma/Documents/bugwright2-ws/bugwright_ws/src/my_sim/nodes/ugw_visualization.py", line 21, in handle_uwb
    listener.waitForTransform(base_frame, tag_frame, msg.header.stamp,rospy.Duration(1.0))
  File "/opt/ros/noetic/lib/python3/dist-packages/tf/listener.py", line 76, in waitForTransform
    raise tf2_ros.TransformException(error_msg or "no such transformation: \"{}\" -> \"{}\"".format(source_frame, target_frame))
tf2.TransformException: Lookup would require extrapolation 0.001000000s into the past.  Requested time 0.457000000 but the earliest data is at time 0.458000000, when looking up transform from frame [crawler_1/UWBe] to frame [crawler_0/UWBe]

[ERROR] [1684112728.518926, 1275.566000]: Delete model service call failed: transport error completing service call: unable to receive data from sender, check sender's logs for details
[INFO] [1684111445.432595, 0.000000]: Loading model XML from ros parameter robot_description_crawler_0
[INFO] [1684111445.438861, 0.000000]: Waiting for service /gazebo/spawn_urdf_model
[INFO] [1684111446.346143, 0.066000]: Calling service /gazebo/spawn_urdf_model
[INFO] [1684111447.242994, 0.157000]: Spawn status: SpawnModel: Successfully spawned entity
[INFO] [1684111447.244447, 0.157000]: Waiting for shutdown to delete model crawler0
[INFO] [1684112728.233042, 1275.367000]: Deleting model crawler0
[ERROR] [1684112728.518912, 1275.566000]: Delete model service call failed: transport error completing service call: unable to receive data from sender, check sender's logs for details
[INFO] [1684111445.446604, 0.000000]: Loading model XML from ros parameter world_description
[INFO] [1684111445.472534, 0.000000]: Waiting for service /gazebo/spawn_urdf_model
[INFO] [1684111446.379289, 0.097000]: Calling service /gazebo/spawn_urdf_model
[INFO] [1684111448.067065, 0.557000]: Spawn status: SpawnModel: Successfully spawned entity
[INFO] [1684111448.068596, 0.559000]: Waiting for shutdown to delete model corrosion
[INFO] [1684112728.335341, 1275.464000]: Deleting model corrosion
[ERROR] [1684112728.518950, 1275.566000]: Delete model service call failed: transport error completing service call: unable to receive data from sender, check sender's logs for details
[INFO] [1684111445.461932, 0.000000]: Loading model XML from ros parameter robot_description_crawler_1
[INFO] [1684111445.469906, 0.000000]: Waiting for service /gazebo/spawn_urdf_model
[INFO] [1684111446.378058, 0.096000]: Calling service /gazebo/spawn_urdf_model
[INFO] [1684111447.576986, 0.359000]: Spawn status: SpawnModel: Successfully spawned entity
[INFO] [1684111447.578331, 0.359000]: Waiting for shutdown to delete model crawler1
[INFO] [1684112728.231932, 1275.367000]: Deleting model crawler1
[31m[gazebo-2] escalating to SIGTERM[0m
... logging to /home/chroma/.ros/log/96ec3948-f2b9-11ed-9003-e5e619360a76/roslaunch-chroma-HP-ProBook-650-G2-219443.log
Checking log directory for disk usage. This may take a while.
Press Ctrl-C to interrupt
Done checking log file disk usage. Usage is <1GB.
]2;/home/chroma/Documents/bugwright2-ws/bugwright_ws/src/my_sim/launch/crawler_ugw_with_uwb_simulation_spawn.launch
[1mstarted roslaunch server http://chroma-HP-ProBook-650-G2:40321/[0m

SUMMARY
========

PARAMETERS
 * /crawler0_gt/base_frame: crawler0_gt
 * /crawler0_gt/reference_frame: world
 * /crawler1_gt/base_frame: crawler1_gt
 * /crawler1_gt/reference_frame: world
 * /crawler_0_1_ugw_viz/base_frame: crawler_0/UWBe
 * /crawler_0_1_ugw_viz/tag_frame: crawler_1/UWBe
 * /crawler_0_1_ugw_viz/tag_name: crawler1
 * /gazebo/enable_ros_network: True
 * /og_viz/base_frame: UWBe
 * /og_viz/buddies/crawler0: crawler1
 * /og_viz/grid_height: 6
 * /og_viz/grid_resolution: 0.05
 * /og_viz/grid_width: 6
 * /og_viz/reference_frame: world
 * /robot_description_crawler_0: <?xml version="1....
 * /robot_description_crawler_1: <?xml version="1....
 * /robot_state_publisher_crawler_0/publish_frequency: 10.0
 * /robot_state_publisher_crawler_0/tf_prefix: crawler_0
 * /robot_state_publisher_crawler_1/publish_frequency: 10.0
 * /robot_state_publisher_crawler_1/tf_prefix: crawler_1
 * /robot_state_publisher_world/publish_frequency: 1.0
 * /rosdistro: noetic
 * /rosversion: 1.16.0
 * /use_sim_time: True
 * /world_description: <?xml version="1....

NODES
  /
    crawler0_gt (my_sim/pose_to_tf.py)
    crawler1_gt (my_sim/pose_to_tf.py)
    crawler_0_1_ugw_viz (my_sim/ugw_visualization.py)
    gazebo (gazebo_ros/gzserver)
    og_viz (my_sim/occgrid_visualization.py)
    robot_state_publisher_crawler_0 (robot_state_publisher/robot_state_publisher)
    robot_state_publisher_crawler_1 (robot_state_publisher/robot_state_publisher)
    robot_state_publisher_world (robot_state_publisher/robot_state_publisher)
    rviz (rviz/rviz)
    spawn_corrosion (gazebo_ros/spawn_model)
    spawn_crawler_0 (gazebo_ros/spawn_model)
    spawn_crawler_1 (gazebo_ros/spawn_model)
    world_to_world_tf (tf2_ros/static_transform_publisher)

auto-starting new master
[1mprocess[master]: started with pid [219479][0m
[1mROS_MASTER_URI=http://localhost:11311[0m
]2;/home/chroma/Documents/bugwright2-ws/bugwright_ws/src/my_sim/launch/crawler_ugw_with_uwb_simulation_spawn.launch http://localhost:11311
[1msetting /run_id to 96ec3948-f2b9-11ed-9003-e5e619360a76[0m
[1mprocess[rosout-1]: started with pid [219496][0m
started core service [/rosout]
[1mprocess[gazebo-2]: started with pid [219503][0m
[1mprocess[spawn_corrosion-3]: started with pid [219507][0m
[1mprocess[robot_state_publisher_world-4]: started with pid [219509][0m
[1mprocess[world_to_world_tf-5]: started with pid [219510][0m
[1mprocess[spawn_crawler_0-6]: started with pid [219511][0m
[1mprocess[robot_state_publisher_crawler_0-7]: started with pid [219516][0m
[1mprocess[spawn_crawler_1-8]: started with pid [219522][0m
[1mprocess[robot_state_publisher_crawler_1-9]: started with pid [219524][0m
[1mprocess[crawler0_gt-10]: started with pid [219525][0m
[1mprocess[crawler1_gt-11]: started with pid [219532][0m
[1mprocess[crawler_0_1_ugw_viz-12]: started with pid [219538][0m
[1mprocess[og_viz-13]: started with pid [219547][0m
[1mprocess[rviz-14]: started with pid [219549][0m
[rviz-14] killing on exit
[og_viz-13] killing on exit
[crawler_0_1_ugw_viz-12] killing on exit
[robot_state_publisher_crawler_0-7] killing on exit
[crawler0_gt-10] killing on exit
[robot_state_publisher_crawler_1-9] killing on exit
[spawn_crawler_1-8] killing on exit
[crawler1_gt-11] killing on exit
[spawn_crawler_0-6] killing on exit
[world_to_world_tf-5] killing on exit
[robot_state_publisher_world-4] killing on exit
[spawn_corrosion-3] killing on exit
[gazebo-2] killing on exit
[rosout-1] killing on exit
[master] killing on exit
shutting down processing monitor...
... shutting down processing monitor complete
[1mdone[0m
