warning: redefining global symbol: pi
when processing file: /home/chroma/Documents/bugwright2-ws/bugwright_ws/src/my_sim/models/CrawlerUGW/crawler.xacro
warning: redefining global symbol: pi
when processing file: /home/chroma/Documents/bugwright2-ws/bugwright_ws/src/my_sim/models/CrawlerUGW/crawler.xacro
[0m[ INFO] [1685375298.415141448]: Finished loading Gazebo ROS API Plugin.[0m
[0m[ INFO] [1685375298.416479454]: waitForService: Service [/gazebo/set_physics_properties] has not been advertised, waiting...[0m
[0m[ INFO] [1685375298.892680168]: waitForService: Service [/gazebo/set_physics_properties] is now available.[0m
[0m[ INFO] [1685375298.921146514, 0.008000000]: Physics dynamic reconfigure ready.[0m
[0m[ INFO] [1685375299.713610221, 0.150000000]: Laser Plugin: Using the 'robotNamespace' param: '/'[0m
[0m[ INFO] [1685375299.713684691, 0.150000000]: Starting Laser Plugin (ns = /)[0m
[0m[ INFO] [1685375299.715743256, 0.150000000]: Laser Plugin (ns = /)  <tf_prefix_>, set to ""[0m
[0m[ INFO] [1685375299.722825017, 0.150000000]: <robotNamespace> set to: //[0m
[0m[ INFO] [1685375299.722857810, 0.150000000]: <topicName> set to: /crawler0/imu[0m
[0m[ INFO] [1685375299.722887847, 0.150000000]: <frameName> set to: crawler_0/base_link[0m
[0m[ INFO] [1685375299.722964807, 0.150000000]: <updateRateHZ> set to: 10[0m
[0m[ INFO] [1685375299.723022472, 0.150000000]: <gaussianNoise> set to: 0[0m
[0m[ INFO] [1685375299.723056190, 0.150000000]: <xyzOffset> set to: 0 0 0[0m
[0m[ INFO] [1685375299.723130563, 0.150000000]: <rpyOffset> set to: 0 -0 0[0m
[0m[ INFO] [1685375299.734880582, 0.150000000]: NS UWBe0 UwbPlugin::Load crawler0 Tag 0 Publish TF 1[0m
NS UWBe0 Uwb topic: uwb
[0m[ INFO] [1685375299.735715141, 0.150000000]: NS TAG0 UwbPlugin::Load crawler0 Tag 1 Publish TF 0[0m
NS TAG0 Uwb topic: crawler0/uwb_sim
[33m[ WARN] [1685375299.747193944, 0.150000000]: DiffDrive(ns = //): missing <rosDebugLevel> default is na[0m
[33m[ WARN] [1685375299.748227970, 0.150000000]: DiffDrive(ns = //): missing <wheelAcceleration> default is 0[0m
[33m[ WARN] [1685375299.748250297, 0.150000000]: DiffDrive(ns = //): missing <wheelTorque> default is 5[0m
[0m[ INFO] [1685375299.747141172, 0.150000000]: Starting plugin DiffDrive(ns = //)[0m
[0m[ INFO] [1685375299.748004140, 0.150000000]: DiffDrive(ns = //): <tf_prefix> = [0m
[0m[ INFO] [1685375299.748375589, 0.150000000]: DiffDrive(ns = //): Try to subscribe to /crawler0/base_controller/cmd_vel[0m
[0m[ INFO] [1685375299.750401638, 0.150000000]: DiffDrive(ns = //): Subscribe to /crawler0/base_controller/cmd_vel[0m
[0m[ INFO] [1685375299.750942327, 0.150000000]: DiffDrive(ns = //): Advertise odom on /crawler0/odom [0m
[0m[ INFO] [1685375300.815778516, 0.548000000]: Laser Plugin: Using the 'robotNamespace' param: '/'[0m
[0m[ INFO] [1685375300.815822097, 0.548000000]: Starting Laser Plugin (ns = /)[0m
[0m[ INFO] [1685375300.816780048, 0.548000000]: Laser Plugin (ns = /)  <tf_prefix_>, set to ""[0m
[0m[ INFO] [1685375300.818246424, 0.548000000]: <robotNamespace> set to: //[0m
[0m[ INFO] [1685375300.818281919, 0.548000000]: <topicName> set to: /crawler1/imu[0m
[0m[ INFO] [1685375300.818291125, 0.548000000]: <frameName> set to: crawler_1/base_link[0m
[0m[ INFO] [1685375300.818305677, 0.548000000]: <updateRateHZ> set to: 10[0m
[0m[ INFO] [1685375300.818336948, 0.548000000]: <gaussianNoise> set to: 0[0m
[0m[ INFO] [1685375300.818368894, 0.548000000]: <xyzOffset> set to: 0 0 0[0m
[0m[ INFO] [1685375300.818381648, 0.548000000]: <rpyOffset> set to: 0 -0 0[0m
[0m[ INFO] [1685375300.825556399, 0.548000000]: NS UWBe1 UwbPlugin::Load crawler1 Tag 0 Publish TF 1[0m
NS UWBe1 Uwb topic: uwb
[0m[ INFO] [1685375300.825854180, 0.548000000]: NS TAG1 UwbPlugin::Load crawler1 Tag 1 Publish TF 0[0m
NS TAG1 Uwb topic: crawler1/uwb_sim
[33m[ WARN] [1685375300.827228686, 0.548000000]: DiffDrive(ns = //): missing <rosDebugLevel> default is na[0m
[33m[ WARN] [1685375300.828031545, 0.548000000]: DiffDrive(ns = //): missing <wheelAcceleration> default is 0[0m
[33m[ WARN] [1685375300.828051204, 0.548000000]: DiffDrive(ns = //): missing <wheelTorque> default is 5[0m
[ERROR] [1685375301.863508, 1.553000]: bad callback: <function handle_uwb at 0x7fd357212310>
Traceback (most recent call last):
  File "/opt/ros/noetic/lib/python3/dist-packages/rospy/topics.py", line 750, in _invoke_callback
    cb(msg)
  File "/home/chroma/Documents/bugwright2-ws/bugwright_ws/src/my_sim/nodes/ugw_visualization.py", line 21, in handle_uwb
    listener.waitForTransform(base_frame, tag_frame, msg.header.stamp,rospy.Duration(1.0))
  File "/opt/ros/noetic/lib/python3/dist-packages/tf/listener.py", line 76, in waitForTransform
    raise tf2_ros.TransformException(error_msg or "no such transformation: \"{}\" -> \"{}\"".format(source_frame, target_frame))
tf2.TransformException: Lookup would require extrapolation 0.097000000s into the past.  Requested time 0.550000000 but the earliest data is at time 0.647000000, when looking up transform from frame [crawler_1/UWBe] to frame [crawler_0/UWBe]

[ERROR] [1685375301.977829, 1.663000]: bad callback: <function handle_uwb at 0x7f1c7cdb3280>
Traceback (most recent call last):
  File "/opt/ros/noetic/lib/python3/dist-packages/rospy/topics.py", line 748, in _invoke_callback
    cb(msg, cb_args)
  File "/home/chroma/Documents/bugwright2-ws/bugwright_ws/src/my_sim/nodes/occgrid_visualization.py", line 40, in handle_uwb
    listener.waitForTransform('/' + str(reference_frame), tag, msg.header.stamp, rospy.Duration(1.0))
  File "/opt/ros/noetic/lib/python3/dist-packages/tf/listener.py", line 76, in waitForTransform
    raise tf2_ros.TransformException(error_msg or "no such transformation: \"{}\" -> \"{}\"".format(source_frame, target_frame))
tf2.TransformException: Lookup would require extrapolation 0.097000000s into the past.  Requested time 0.550000000 but the earliest data is at time 0.647000000, when looking up transform from frame [crawler_1/UWBe] to frame [world]

[ERROR] [1685376270.951278, 886.868000]: Delete model service call failed: transport error completing service call: unable to receive data from sender, check sender's logs for details
[INFO] [1685375298.165573, 0.000000]: Loading model XML from ros parameter robot_description_crawler_1
[INFO] [1685375298.172096, 0.000000]: Waiting for service /gazebo/spawn_urdf_model
[INFO] [1685375299.079406, 0.150000]: Calling service /gazebo/spawn_urdf_model
[INFO] [1685375300.825500, 0.548000]: Spawn status: SpawnModel: Successfully spawned entity
[INFO] [1685375300.827229, 0.548000]: Waiting for shutdown to delete model crawler1
[INFO] [1685376270.642376, 886.668000]: Deleting model crawler1
[ERROR] [1685376270.951412, 886.868000]: Delete model service call failed: transport error completing service call: unable to receive data from sender, check sender's logs for details
[INFO] [1685375298.147877, 0.000000]: Loading model XML from ros parameter world_description
[INFO] [1685375298.152478, 0.000000]: Waiting for service /gazebo/spawn_urdf_model
[INFO] [1685375299.060625, 0.139000]: Calling service /gazebo/spawn_urdf_model
[INFO] [1685375300.013491, 0.348000]: Spawn status: SpawnModel: Successfully spawned entity
[INFO] [1685375300.014976, 0.350000]: Waiting for shutdown to delete model corrosion
[INFO] [1685376270.845266, 886.867000]: Deleting model corrosion
[ERROR] [1685376270.951383, 886.868000]: Delete model service call failed: transport error completing service call: unable to receive data from sender, check sender's logs for details
[INFO] [1685375298.105048, 0.000000]: Loading model XML from ros parameter robot_description_crawler_0
[INFO] [1685375298.109494, 0.000000]: Waiting for service /gazebo/spawn_urdf_model
[INFO] [1685375299.016195, 0.097000]: Calling service /gazebo/spawn_urdf_model
[INFO] [1685375299.725271, 0.150000]: Spawn status: SpawnModel: Successfully spawned entity
[INFO] [1685375299.726495, 0.150000]: Waiting for shutdown to delete model crawler0
[INFO] [1685376270.642903, 886.669000]: Deleting model crawler0
[31m[gazebo-2] escalating to SIGTERM[0m
... logging to /home/chroma/.ros/log/39d68eea-fe38-11ed-ac04-a1f748f19be9/roslaunch-chroma-HP-ProBook-650-G2-290459.log
Checking log directory for disk usage. This may take a while.
Press Ctrl-C to interrupt
Done checking log file disk usage. Usage is <1GB.
]2;/home/chroma/Documents/bugwright2-ws/bugwright_ws/src/my_sim/launch/crawler_ugw_with_uwb_simulation_spawn.launch
[1mstarted roslaunch server http://chroma-HP-ProBook-650-G2:40041/[0m

SUMMARY
========

PARAMETERS
 * /crawler0_gt/base_frame: crawler0_gt
 * /crawler0_gt/reference_frame: world
 * /crawler1_gt/base_frame: crawler1_gt
 * /crawler1_gt/reference_frame: world
 * /crawler_0_1_ugw_viz/base_frame: crawler_0/UWBe
 * /crawler_0_1_ugw_viz/tag_frame: crawler_1/UWBe
 * /crawler_0_1_ugw_viz/tag_name: crawler1
 * /gazebo/enable_ros_network: True
 * /og_viz/base_frame: UWBe
 * /og_viz/buddies/crawler0: crawler1
 * /og_viz/grid_height: 6
 * /og_viz/grid_resolution: 0.05
 * /og_viz/grid_width: 6
 * /og_viz/reference_frame: world
 * /robot_description_crawler_0: <?xml version="1....
 * /robot_description_crawler_1: <?xml version="1....
 * /robot_state_publisher_crawler_0/publish_frequency: 10.0
 * /robot_state_publisher_crawler_0/tf_prefix: crawler_0
 * /robot_state_publisher_crawler_1/publish_frequency: 10.0
 * /robot_state_publisher_crawler_1/tf_prefix: crawler_1
 * /robot_state_publisher_world/publish_frequency: 1.0
 * /rosdistro: noetic
 * /rosversion: 1.16.0
 * /use_sim_time: True
 * /world_description: <?xml version="1....

NODES
  /
    crawler0_gt (my_sim/pose_to_tf.py)
    crawler1_gt (my_sim/pose_to_tf.py)
    crawler_0_1_ugw_viz (my_sim/ugw_visualization.py)
    gazebo (gazebo_ros/gzserver)
    og_viz (my_sim/occgrid_visualization.py)
    robot_state_publisher_crawler_0 (robot_state_publisher/robot_state_publisher)
    robot_state_publisher_crawler_1 (robot_state_publisher/robot_state_publisher)
    robot_state_publisher_world (robot_state_publisher/robot_state_publisher)
    rviz (rviz/rviz)
    spawn_corrosion (gazebo_ros/spawn_model)
    spawn_crawler_0 (gazebo_ros/spawn_model)
    spawn_crawler_1 (gazebo_ros/spawn_model)
    world_to_world_tf (tf2_ros/static_transform_publisher)

auto-starting new master
[1mprocess[master]: started with pid [290495][0m
[1mROS_MASTER_URI=http://localhost:11311[0m
]2;/home/chroma/Documents/bugwright2-ws/bugwright_ws/src/my_sim/launch/crawler_ugw_with_uwb_simulation_spawn.launch http://localhost:11311
[1msetting /run_id to 39d68eea-fe38-11ed-ac04-a1f748f19be9[0m
[1mprocess[rosout-1]: started with pid [290512][0m
started core service [/rosout]
[1mprocess[gazebo-2]: started with pid [290519][0m
[1mprocess[spawn_corrosion-3]: started with pid [290523][0m
[1mprocess[robot_state_publisher_world-4]: started with pid [290525][0m
[1mprocess[world_to_world_tf-5]: started with pid [290526][0m
[1mprocess[spawn_crawler_0-6]: started with pid [290527][0m
[1mprocess[robot_state_publisher_crawler_0-7]: started with pid [290532][0m
[1mprocess[spawn_crawler_1-8]: started with pid [290535][0m
[1mprocess[robot_state_publisher_crawler_1-9]: started with pid [290540][0m
[1mprocess[crawler0_gt-10]: started with pid [290542][0m
[1mprocess[crawler1_gt-11]: started with pid [290548][0m
[1mprocess[crawler_0_1_ugw_viz-12]: started with pid [290554][0m
[1mprocess[og_viz-13]: started with pid [290557][0m
[1mprocess[rviz-14]: started with pid [290565][0m
[rviz-14] killing on exit
[og_viz-13] killing on exit
[crawler_0_1_ugw_viz-12] killing on exit
[crawler1_gt-11] killing on exit
[crawler0_gt-10] killing on exit
[spawn_crawler_1-8] killing on exit
[robot_state_publisher_crawler_0-7] killing on exit
[spawn_crawler_0-6] killing on exit
[robot_state_publisher_crawler_1-9] killing on exit
[world_to_world_tf-5] killing on exit
[robot_state_publisher_world-4] killing on exit
[spawn_corrosion-3] killing on exit
[gazebo-2] killing on exit
[rosout-1] killing on exit
[master] killing on exit
shutting down processing monitor...
... shutting down processing monitor complete
[1mdone[0m
