warning: redefining global symbol: pi
when processing file: /home/chroma/Documents/bugwright2-ws/bugwright_ws/src/my_sim/models/CrawlerUGW/crawler.xacro
warning: redefining global symbol: pi
when processing file: /home/chroma/Documents/bugwright2-ws/bugwright_ws/src/my_sim/models/CrawlerUGW/crawler.xacro
[0m[ INFO] [1685646313.084726742]: Finished loading Gazebo ROS API Plugin.[0m
[0m[ INFO] [1685646313.085957913]: waitForService: Service [/gazebo/set_physics_properties] has not been advertised, waiting...[0m
[0m[ INFO] [1685646313.560448617]: waitForService: Service [/gazebo/set_physics_properties] is now available.[0m
[0m[ INFO] [1685646313.579569843, 0.017000000]: Physics dynamic reconfigure ready.[0m
[0m[ INFO] [1685646314.681580640, 0.356000000]: Laser Plugin: Using the 'robotNamespace' param: '/'[0m
[0m[ INFO] [1685646314.681615589, 0.356000000]: Starting Laser Plugin (ns = /)[0m
[0m[ INFO] [1685646314.682849697, 0.356000000]: Laser Plugin (ns = /)  <tf_prefix_>, set to ""[0m
[0m[ INFO] [1685646314.690198911, 0.356000000]: <robotNamespace> set to: //[0m
[0m[ INFO] [1685646314.690232521, 0.356000000]: <topicName> set to: /crawler0/imu[0m
[0m[ INFO] [1685646314.690255488, 0.356000000]: <frameName> set to: crawler_0/base_link[0m
[0m[ INFO] [1685646314.690295929, 0.356000000]: <updateRateHZ> set to: 10[0m
[0m[ INFO] [1685646314.690320557, 0.356000000]: <gaussianNoise> set to: 0[0m
[0m[ INFO] [1685646314.690378046, 0.356000000]: <xyzOffset> set to: 0 0 0[0m
[0m[ INFO] [1685646314.690449850, 0.356000000]: <rpyOffset> set to: 0 -0 0[0m
[0m[ INFO] [1685646314.700889566, 0.356000000]: NS UWBe0 UwbPlugin::Load crawler0 Tag 0 Publish TF 1[0m
NS UWBe0 Uwb topic: uwb
[0m[ INFO] [1685646314.701572151, 0.356000000]: NS TAG0 UwbPlugin::Load crawler0 Tag 1 Publish TF 0[0m
NS TAG0 Uwb topic: crawler0/uwb_sim
[33m[ WARN] [1685646314.711858165, 0.356000000]: DiffDrive(ns = //): missing <rosDebugLevel> default is na[0m
[33m[ WARN] [1685646314.712782196, 0.356000000]: DiffDrive(ns = //): missing <wheelAcceleration> default is 0[0m
[33m[ WARN] [1685646314.712815473, 0.356000000]: DiffDrive(ns = //): missing <wheelTorque> default is 5[0m
[0m[ INFO] [1685646314.711806727, 0.356000000]: Starting plugin DiffDrive(ns = //)[0m
[0m[ INFO] [1685646314.712606132, 0.356000000]: DiffDrive(ns = //): <tf_prefix> = [0m
[0m[ INFO] [1685646314.713045530, 0.356000000]: DiffDrive(ns = //): Try to subscribe to /crawler0/base_controller/cmd_vel[0m
[0m[ INFO] [1685646314.715546000, 0.356000000]: DiffDrive(ns = //): Subscribe to /crawler0/base_controller/cmd_vel[0m
[0m[ INFO] [1685646314.716092391, 0.356000000]: DiffDrive(ns = //): Advertise odom on /crawler0/odom [0m
[0m[ INFO] [1685646315.560994923, 0.556000000]: Laser Plugin: Using the 'robotNamespace' param: '/'[0m
[0m[ INFO] [1685646315.561040569, 0.556000000]: Starting Laser Plugin (ns = /)[0m
[0m[ INFO] [1685646315.562165219, 0.556000000]: Laser Plugin (ns = /)  <tf_prefix_>, set to ""[0m
[0m[ INFO] [1685646315.564553581, 0.556000000]: <robotNamespace> set to: //[0m
[0m[ INFO] [1685646315.564584809, 0.556000000]: <topicName> set to: /crawler1/imu[0m
[0m[ INFO] [1685646315.564609238, 0.556000000]: <frameName> set to: crawler_1/base_link[0m
[0m[ INFO] [1685646315.564681852, 0.556000000]: <updateRateHZ> set to: 10[0m
[0m[ INFO] [1685646315.564732325, 0.556000000]: <gaussianNoise> set to: 0[0m
[0m[ INFO] [1685646315.564775962, 0.556000000]: <xyzOffset> set to: 0 0 0[0m
[0m[ INFO] [1685646315.564872273, 0.556000000]: <rpyOffset> set to: 0 -0 0[0m
[0m[ INFO] [1685646315.570265690, 0.556000000]: NS UWBe1 UwbPlugin::Load crawler1 Tag 0 Publish TF 1[0m
NS UWBe1 Uwb topic: uwb
[0m[ INFO] [1685646315.570488741, 0.556000000]: NS TAG1 UwbPlugin::Load crawler1 Tag 1 Publish TF 0[0m
NS TAG1 Uwb topic: crawler1/uwb_sim
[33m[ WARN] [1685646315.571672664, 0.556000000]: DiffDrive(ns = //): missing <rosDebugLevel> default is na[0m
[33m[ WARN] [1685646315.572280058, 0.556000000]: DiffDrive(ns = //): missing <wheelAcceleration> default is 0[0m
[33m[ WARN] [1685646315.572295426, 0.556000000]: DiffDrive(ns = //): missing <wheelTorque> default is 5[0m
[ERROR] [1685647744.077111, 1285.125000]: Delete model service call failed: transport error completing service call: unable to receive data from sender, check sender's logs for details
[ERROR] [1685647744.077579, 1285.125000]: Delete model service call failed: transport error completing service call: unable to receive data from sender, check sender's logs for details
[INFO] [1685646312.853728, 0.000000]: Loading model XML from ros parameter robot_description_crawler_1
[INFO] [1685646312.860337, 0.000000]: Waiting for service /gazebo/spawn_urdf_model
[INFO] [1685646313.766489, 0.156000]: Calling service /gazebo/spawn_urdf_model
[INFO] [1685646315.570157, 0.556000]: Spawn status: SpawnModel: Successfully spawned entity
[INFO] [1685646315.572115, 0.556000]: Waiting for shutdown to delete model crawler1
[INFO] [1685647743.780594, 1284.924000]: Deleting model crawler1
[INFO] [1685646312.761372, 0.000000]: Loading model XML from ros parameter robot_description_crawler_0
[INFO] [1685646312.766656, 0.000000]: Waiting for service /gazebo/spawn_urdf_model
[INFO] [1685646313.674510, 0.105000]: Calling service /gazebo/spawn_urdf_model
[INFO] [1685646314.692073, 0.356000]: Spawn status: SpawnModel: Successfully spawned entity
[INFO] [1685646314.693548, 0.356000]: Waiting for shutdown to delete model crawler0
[INFO] [1685647743.788161, 1284.926000]: Deleting model crawler0
[ERROR] [1685647744.078067, 1285.125000]: Delete model service call failed: transport error completing service call: unable to receive data from sender, check sender's logs for details
[INFO] [1685646312.744212, 0.000000]: Loading model XML from ros parameter world_description
[INFO] [1685646312.755176, 0.000000]: Waiting for service /gazebo/spawn_urdf_model
[INFO] [1685646313.664485, 0.096000]: Calling service /gazebo/spawn_urdf_model
[INFO] [1685646313.828776, 0.156000]: Spawn status: SpawnModel: Successfully spawned entity
[INFO] [1685646313.830215, 0.156000]: Waiting for shutdown to delete model corrosion
[INFO] [1685647743.987396, 1285.120000]: Deleting model corrosion
[31mWARNING: disk usage in log directory [/home/chroma/.ros/log] is over 1GB.
It's recommended that you use the 'rosclean' command.[0m
[31m[gazebo-2] escalating to SIGTERM[0m
... logging to /home/chroma/.ros/log/3b261224-00af-11ee-9a5c-45fd429ce793/roslaunch-chroma-HP-ProBook-650-G2-69061.log
Checking log directory for disk usage. This may take a while.
Press Ctrl-C to interrupt
]2;/home/chroma/Documents/bugwright2-ws/bugwright_ws/src/my_sim/launch/crawler_ugw_with_uwb_simulation_spawn.launch
[1mstarted roslaunch server http://chroma-HP-ProBook-650-G2:42869/[0m

SUMMARY
========

PARAMETERS
 * /crawler0_gt/base_frame: crawler0_gt
 * /crawler0_gt/reference_frame: world
 * /crawler1_gt/base_frame: crawler1_gt
 * /crawler1_gt/reference_frame: world
 * /crawler_0_1_ugw_viz/base_frame: crawler_0/UWBe
 * /crawler_0_1_ugw_viz/tag_frame: crawler_1/UWBe
 * /crawler_0_1_ugw_viz/tag_name: crawler1
 * /gazebo/enable_ros_network: True
 * /og_viz/base_frame: UWBe
 * /og_viz/buddies/crawler0: crawler1
 * /og_viz/grid_height: 6
 * /og_viz/grid_resolution: 0.05
 * /og_viz/grid_width: 6
 * /og_viz/reference_frame: world
 * /robot_description_crawler_0: <?xml version="1....
 * /robot_description_crawler_1: <?xml version="1....
 * /robot_state_publisher_crawler_0/publish_frequency: 10.0
 * /robot_state_publisher_crawler_0/tf_prefix: crawler_0
 * /robot_state_publisher_crawler_1/publish_frequency: 10.0
 * /robot_state_publisher_crawler_1/tf_prefix: crawler_1
 * /robot_state_publisher_world/publish_frequency: 1.0
 * /rosdistro: noetic
 * /rosversion: 1.16.0
 * /use_sim_time: True
 * /world_description: <?xml version="1....

NODES
  /
    crawler0_gt (my_sim/pose_to_tf.py)
    crawler1_gt (my_sim/pose_to_tf.py)
    crawler_0_1_ugw_viz (my_sim/ugw_visualization.py)
    gazebo (gazebo_ros/gzserver)
    og_viz (my_sim/occgrid_visualization.py)
    robot_state_publisher_crawler_0 (robot_state_publisher/robot_state_publisher)
    robot_state_publisher_crawler_1 (robot_state_publisher/robot_state_publisher)
    robot_state_publisher_world (robot_state_publisher/robot_state_publisher)
    rviz (rviz/rviz)
    spawn_corrosion (gazebo_ros/spawn_model)
    spawn_crawler_0 (gazebo_ros/spawn_model)
    spawn_crawler_1 (gazebo_ros/spawn_model)
    world_to_world_tf (tf2_ros/static_transform_publisher)

auto-starting new master
[1mprocess[master]: started with pid [69097][0m
[1mROS_MASTER_URI=http://localhost:11311[0m
]2;/home/chroma/Documents/bugwright2-ws/bugwright_ws/src/my_sim/launch/crawler_ugw_with_uwb_simulation_spawn.launch http://localhost:11311
[1msetting /run_id to 3b261224-00af-11ee-9a5c-45fd429ce793[0m
[1mprocess[rosout-1]: started with pid [69114][0m
started core service [/rosout]
[1mprocess[gazebo-2]: started with pid [69121][0m
[1mprocess[spawn_corrosion-3]: started with pid [69125][0m
[1mprocess[robot_state_publisher_world-4]: started with pid [69127][0m
[1mprocess[world_to_world_tf-5]: started with pid [69128][0m
[1mprocess[spawn_crawler_0-6]: started with pid [69129][0m
[1mprocess[robot_state_publisher_crawler_0-7]: started with pid [69134][0m
[1mprocess[spawn_crawler_1-8]: started with pid [69140][0m
[1mprocess[robot_state_publisher_crawler_1-9]: started with pid [69142][0m
[1mprocess[crawler0_gt-10]: started with pid [69144][0m
[1mprocess[crawler1_gt-11]: started with pid [69150][0m
[1mprocess[crawler_0_1_ugw_viz-12]: started with pid [69156][0m
[1mprocess[og_viz-13]: started with pid [69166][0m
[1mprocess[rviz-14]: started with pid [69174][0m
[rviz-14] killing on exit
[og_viz-13] killing on exit
[crawler_0_1_ugw_viz-12] killing on exit
[crawler1_gt-11] killing on exit
[crawler0_gt-10] killing on exit
[robot_state_publisher_crawler_1-9] killing on exit
[spawn_crawler_1-8] killing on exit
[world_to_world_tf-5] killing on exit
[spawn_crawler_0-6] killing on exit
[robot_state_publisher_crawler_0-7] killing on exit
[robot_state_publisher_world-4] killing on exit
[spawn_corrosion-3] killing on exit
[gazebo-2] killing on exit
[rosout-1] killing on exit
[master] killing on exit
shutting down processing monitor...
... shutting down processing monitor complete
[1mdone[0m
