warning: redefining global symbol: pi
when processing file: /home/chroma/Documents/bugwright2-ws/bugwright_ws/src/my_sim/models/CrawlerUGW/crawler.xacro
warning: redefining global symbol: pi
when processing file: /home/chroma/Documents/bugwright2-ws/bugwright_ws/src/my_sim/models/CrawlerUGW/crawler.xacro
[0m[ INFO] [1685828571.049320661]: Finished loading Gazebo ROS API Plugin.[0m
[0m[ INFO] [1685828571.050762718]: waitForService: Service [/gazebo/set_physics_properties] has not been advertised, waiting...[0m
[0m[ INFO] [1685828571.545427491]: waitForService: Service [/gazebo/set_physics_properties] is now available.[0m
[0m[ INFO] [1685828571.563837834, 0.011000000]: Physics dynamic reconfigure ready.[0m
[0m[ INFO] [1685828572.356792266, 0.158000000]: Laser Plugin: Using the 'robotNamespace' param: '/'[0m
[0m[ INFO] [1685828572.356827315, 0.158000000]: Starting Laser Plugin (ns = /)[0m
[0m[ INFO] [1685828572.358440330, 0.158000000]: Laser Plugin (ns = /)  <tf_prefix_>, set to ""[0m
[0m[ INFO] [1685828572.365779166, 0.158000000]: <robotNamespace> set to: //[0m
[0m[ INFO] [1685828572.365807449, 0.158000000]: <topicName> set to: /crawler1/imu[0m
[0m[ INFO] [1685828572.365820427, 0.158000000]: <frameName> set to: crawler_1/base_link[0m
[0m[ INFO] [1685828572.365846723, 0.158000000]: <updateRateHZ> set to: 10[0m
[0m[ INFO] [1685828572.365860314, 0.158000000]: <gaussianNoise> set to: 0[0m
[0m[ INFO] [1685828572.365883125, 0.158000000]: <xyzOffset> set to: 0 0 0[0m
[0m[ INFO] [1685828572.365913958, 0.158000000]: <rpyOffset> set to: 0 -0 0[0m
[0m[ INFO] [1685828572.377305334, 0.158000000]: NS UWBe1 UwbPlugin::Load crawler1 Tag 0 Publish TF 1[0m
NS UWBe1 Uwb topic: uwb
[0m[ INFO] [1685828572.377988960, 0.158000000]: NS TAG1 UwbPlugin::Load crawler1 Tag 1 Publish TF 0[0m
NS TAG1 Uwb topic: crawler1/uwb_sim
[33m[ WARN] [1685828572.388532465, 0.158000000]: DiffDrive(ns = //): missing <rosDebugLevel> default is na[0m
[33m[ WARN] [1685828572.389601359, 0.158000000]: DiffDrive(ns = //): missing <wheelAcceleration> default is 0[0m
[33m[ WARN] [1685828572.389642023, 0.158000000]: DiffDrive(ns = //): missing <wheelTorque> default is 5[0m
[0m[ INFO] [1685828572.388434370, 0.158000000]: Starting plugin DiffDrive(ns = //)[0m
[0m[ INFO] [1685828572.389314953, 0.158000000]: DiffDrive(ns = //): <tf_prefix> = [0m
[0m[ INFO] [1685828572.389922215, 0.158000000]: DiffDrive(ns = //): Try to subscribe to /crawler1/base_controller/cmd_vel[0m
[0m[ INFO] [1685828572.392081163, 0.158000000]: DiffDrive(ns = //): Subscribe to /crawler1/base_controller/cmd_vel[0m
[0m[ INFO] [1685828572.392882314, 0.158000000]: DiffDrive(ns = //): Advertise odom on /crawler1/odom [0m
[0m[ INFO] [1685828573.521004692, 0.558000000]: Laser Plugin: Using the 'robotNamespace' param: '/'[0m
[0m[ INFO] [1685828573.521080035, 0.558000000]: Starting Laser Plugin (ns = /)[0m
[0m[ INFO] [1685828573.522035763, 0.558000000]: Laser Plugin (ns = /)  <tf_prefix_>, set to ""[0m
[0m[ INFO] [1685828573.523648850, 0.558000000]: <robotNamespace> set to: //[0m
[0m[ INFO] [1685828573.523677188, 0.558000000]: <topicName> set to: /crawler0/imu[0m
[0m[ INFO] [1685828573.523702321, 0.558000000]: <frameName> set to: crawler_0/base_link[0m
[0m[ INFO] [1685828573.523748843, 0.558000000]: <updateRateHZ> set to: 10[0m
[0m[ INFO] [1685828573.523774319, 0.558000000]: <gaussianNoise> set to: 0[0m
[0m[ INFO] [1685828573.523844352, 0.558000000]: <xyzOffset> set to: 0 0 0[0m
[0m[ INFO] [1685828573.523890631, 0.558000000]: <rpyOffset> set to: 0 -0 0[0m
[0m[ INFO] [1685828573.529368514, 0.558000000]: NS UWBe0 UwbPlugin::Load crawler0 Tag 0 Publish TF 1[0m
NS UWBe0 Uwb topic: uwb
[0m[ INFO] [1685828573.529557786, 0.558000000]: NS TAG0 UwbPlugin::Load crawler0 Tag 1 Publish TF 0[0m
NS TAG0 Uwb topic: crawler0/uwb_sim
[33m[ WARN] [1685828573.530593655, 0.558000000]: DiffDrive(ns = //): missing <rosDebugLevel> default is na[0m
[33m[ WARN] [1685828573.531314360, 0.558000000]: DiffDrive(ns = //): missing <wheelAcceleration> default is 0[0m
[33m[ WARN] [1685828573.531349489, 0.558000000]: DiffDrive(ns = //): missing <wheelTorque> default is 5[0m
[ERROR] [1685829361.610693, 726.078000]: Delete model service call failed: transport error completing service call: unable to receive data from sender, check sender's logs for details
[INFO] [1685828570.806253, 0.000000]: Loading model XML from ros parameter robot_description_crawler_0
[INFO] [1685828570.811225, 0.000000]: Waiting for service /gazebo/spawn_urdf_model
[INFO] [1685828571.717713, 0.155000]: Calling service /gazebo/spawn_urdf_model
[INFO] [1685828573.529325, 0.558000]: Spawn status: SpawnModel: Successfully spawned entity
[INFO] [1685828573.531577, 0.558000]: Waiting for shutdown to delete model crawler0
[INFO] [1685829361.326136, 725.875000]: Deleting model crawler0
[ERROR] [1685829361.610724, 726.078000]: Delete model service call failed: transport error completing service call: unable to receive data from sender, check sender's logs for details
[INFO] [1685828570.783317, 0.000000]: Loading model XML from ros parameter world_description
[INFO] [1685828570.801797, 0.000000]: Waiting for service /gazebo/spawn_urdf_model
[INFO] [1685828571.708842, 0.147000]: Calling service /gazebo/spawn_urdf_model
[INFO] [1685828572.709419, 0.358000]: Spawn status: SpawnModel: Successfully spawned entity
[INFO] [1685828572.711222, 0.360000]: Waiting for shutdown to delete model corrosion
[INFO] [1685829361.427022, 725.977000]: Deleting model corrosion
[ERROR] [1685829361.610724, 726.078000]: Delete model service call failed: transport error completing service call: unable to receive data from sender, check sender's logs for details
[INFO] [1685828570.750329, 0.000000]: Loading model XML from ros parameter robot_description_crawler_1
[INFO] [1685828570.758135, 0.000000]: Waiting for service /gazebo/spawn_urdf_model
[INFO] [1685828571.665583, 0.105000]: Calling service /gazebo/spawn_urdf_model
[INFO] [1685828572.366980, 0.158000]: Spawn status: SpawnModel: Successfully spawned entity
[INFO] [1685828572.368182, 0.158000]: Waiting for shutdown to delete model crawler1
[INFO] [1685829361.325610, 725.875000]: Deleting model crawler1
[31mWARNING: disk usage in log directory [/home/chroma/.ros/log] is over 1GB.
It's recommended that you use the 'rosclean' command.[0m
[31m[gazebo-2] escalating to SIGTERM[0m
... logging to /home/chroma/.ros/log/95506fac-0257-11ee-835a-cbdee1d2ed59/roslaunch-chroma-HP-ProBook-650-G2-25405.log
Checking log directory for disk usage. This may take a while.
Press Ctrl-C to interrupt
]2;/home/chroma/Documents/bugwright2-ws/bugwright_ws/src/my_sim/launch/crawler_ugw_with_uwb_simulation_spawn.launch
[1mstarted roslaunch server http://chroma-HP-ProBook-650-G2:40015/[0m

SUMMARY
========

PARAMETERS
 * /crawler0_gt/base_frame: crawler0_gt
 * /crawler0_gt/reference_frame: world
 * /crawler1_gt/base_frame: crawler1_gt
 * /crawler1_gt/reference_frame: world
 * /crawler_0_1_ugw_viz/base_frame: crawler_0/UWBe
 * /crawler_0_1_ugw_viz/tag_frame: crawler_1/UWBe
 * /crawler_0_1_ugw_viz/tag_name: crawler1
 * /gazebo/enable_ros_network: True
 * /og_viz/base_frame: UWBe
 * /og_viz/buddies/crawler0: crawler1
 * /og_viz/grid_height: 6
 * /og_viz/grid_resolution: 0.05
 * /og_viz/grid_width: 6
 * /og_viz/reference_frame: world
 * /robot_description_crawler_0: <?xml version="1....
 * /robot_description_crawler_1: <?xml version="1....
 * /robot_state_publisher_crawler_0/publish_frequency: 10.0
 * /robot_state_publisher_crawler_0/tf_prefix: crawler_0
 * /robot_state_publisher_crawler_1/publish_frequency: 10.0
 * /robot_state_publisher_crawler_1/tf_prefix: crawler_1
 * /robot_state_publisher_world/publish_frequency: 1.0
 * /rosdistro: noetic
 * /rosversion: 1.16.0
 * /use_sim_time: True
 * /world_description: <?xml version="1....

NODES
  /
    crawler0_gt (my_sim/pose_to_tf.py)
    crawler1_gt (my_sim/pose_to_tf.py)
    crawler_0_1_ugw_viz (my_sim/ugw_visualization.py)
    gazebo (gazebo_ros/gzserver)
    og_viz (my_sim/occgrid_visualization.py)
    robot_state_publisher_crawler_0 (robot_state_publisher/robot_state_publisher)
    robot_state_publisher_crawler_1 (robot_state_publisher/robot_state_publisher)
    robot_state_publisher_world (robot_state_publisher/robot_state_publisher)
    rviz (rviz/rviz)
    spawn_corrosion (gazebo_ros/spawn_model)
    spawn_crawler_0 (gazebo_ros/spawn_model)
    spawn_crawler_1 (gazebo_ros/spawn_model)
    world_to_world_tf (tf2_ros/static_transform_publisher)

auto-starting new master
[1mprocess[master]: started with pid [25441][0m
[1mROS_MASTER_URI=http://localhost:11311[0m
]2;/home/chroma/Documents/bugwright2-ws/bugwright_ws/src/my_sim/launch/crawler_ugw_with_uwb_simulation_spawn.launch http://localhost:11311
[1msetting /run_id to 95506fac-0257-11ee-835a-cbdee1d2ed59[0m
[1mprocess[rosout-1]: started with pid [25458][0m
started core service [/rosout]
[1mprocess[gazebo-2]: started with pid [25465][0m
[1mprocess[spawn_corrosion-3]: started with pid [25469][0m
[1mprocess[robot_state_publisher_world-4]: started with pid [25471][0m
[1mprocess[world_to_world_tf-5]: started with pid [25472][0m
[1mprocess[spawn_crawler_0-6]: started with pid [25473][0m
[1mprocess[robot_state_publisher_crawler_0-7]: started with pid [25478][0m
[1mprocess[spawn_crawler_1-8]: started with pid [25484][0m
[1mprocess[robot_state_publisher_crawler_1-9]: started with pid [25487][0m
[1mprocess[crawler0_gt-10]: started with pid [25488][0m
[1mprocess[crawler1_gt-11]: started with pid [25494][0m
[1mprocess[crawler_0_1_ugw_viz-12]: started with pid [25500][0m
[1mprocess[og_viz-13]: started with pid [25510][0m
[1mprocess[rviz-14]: started with pid [25511][0m
[rviz-14] killing on exit
[og_viz-13] killing on exit
[crawler_0_1_ugw_viz-12] killing on exit
[crawler1_gt-11] killing on exit
[crawler0_gt-10] killing on exit
[robot_state_publisher_crawler_1-9] killing on exit
[spawn_crawler_1-8] killing on exit
[robot_state_publisher_crawler_0-7] killing on exit
[spawn_crawler_0-6] killing on exit
[world_to_world_tf-5] killing on exit
[robot_state_publisher_world-4] killing on exit
[spawn_corrosion-3] killing on exit
[gazebo-2] killing on exit
[rosout-1] killing on exit
[master] killing on exit
shutting down processing monitor...
... shutting down processing monitor complete
[1mdone[0m
