warning: redefining global symbol: pi
when processing file: /home/chroma/Documents/bugwright2-ws/bugwright_ws/src/my_sim/models/CrawlerUGW/crawler.xacro
warning: redefining global symbol: pi
when processing file: /home/chroma/Documents/bugwright2-ws/bugwright_ws/src/my_sim/models/CrawlerUGW/crawler.xacro
[0m[ INFO] [1685431344.750934715]: Finished loading Gazebo ROS API Plugin.[0m
[0m[ INFO] [1685431344.752071717]: waitForService: Service [/gazebo/set_physics_properties] has not been advertised, waiting...[0m
[0m[ INFO] [1685431345.246233175, 0.003000000]: waitForService: Service [/gazebo/set_physics_properties] is now available.[0m
[0m[ INFO] [1685431345.264680093, 0.021000000]: Physics dynamic reconfigure ready.[0m
[0m[ INFO] [1685431346.074691372, 0.157000000]: Laser Plugin: Using the 'robotNamespace' param: '/'[0m
[0m[ INFO] [1685431346.074776232, 0.157000000]: Starting Laser Plugin (ns = /)[0m
[0m[ INFO] [1685431346.076612873, 0.157000000]: Laser Plugin (ns = /)  <tf_prefix_>, set to ""[0m
[0m[ INFO] [1685431346.084822152, 0.157000000]: <robotNamespace> set to: //[0m
[0m[ INFO] [1685431346.084871924, 0.157000000]: <topicName> set to: /crawler0/imu[0m
[0m[ INFO] [1685431346.084902315, 0.157000000]: <frameName> set to: crawler_0/base_link[0m
[0m[ INFO] [1685431346.084948631, 0.157000000]: <updateRateHZ> set to: 10[0m
[0m[ INFO] [1685431346.084980558, 0.157000000]: <gaussianNoise> set to: 0[0m
[0m[ INFO] [1685431346.085032191, 0.157000000]: <xyzOffset> set to: 0 0 0[0m
[0m[ INFO] [1685431346.085106103, 0.157000000]: <rpyOffset> set to: 0 -0 0[0m
[0m[ INFO] [1685431346.096952854, 0.157000000]: NS UWBe0 UwbPlugin::Load crawler0 Tag 0 Publish TF 1[0m
NS UWBe0 Uwb topic: uwb
[0m[ INFO] [1685431346.097542682, 0.157000000]: NS TAG0 UwbPlugin::Load crawler0 Tag 1 Publish TF 0[0m
NS TAG0 Uwb topic: crawler0/uwb_sim
[33m[ WARN] [1685431346.107337147, 0.157000000]: DiffDrive(ns = //): missing <rosDebugLevel> default is na[0m
[33m[ WARN] [1685431346.108131124, 0.157000000]: DiffDrive(ns = //): missing <wheelAcceleration> default is 0[0m
[33m[ WARN] [1685431346.108189347, 0.157000000]: DiffDrive(ns = //): missing <wheelTorque> default is 5[0m
[0m[ INFO] [1685431346.107236471, 0.157000000]: Starting plugin DiffDrive(ns = //)[0m
[0m[ INFO] [1685431346.107967243, 0.157000000]: DiffDrive(ns = //): <tf_prefix> = [0m
[0m[ INFO] [1685431346.108327976, 0.157000000]: DiffDrive(ns = //): Try to subscribe to /crawler0/base_controller/cmd_vel[0m
[0m[ INFO] [1685431346.110092170, 0.157000000]: DiffDrive(ns = //): Subscribe to /crawler0/base_controller/cmd_vel[0m
[0m[ INFO] [1685431346.110578139, 0.157000000]: DiffDrive(ns = //): Advertise odom on /crawler0/odom [0m
[0m[ INFO] [1685431346.963865893, 0.356000000]: Laser Plugin: Using the 'robotNamespace' param: '/'[0m
[0m[ INFO] [1685431346.963894524, 0.356000000]: Starting Laser Plugin (ns = /)[0m
[0m[ INFO] [1685431346.964793211, 0.356000000]: Laser Plugin (ns = /)  <tf_prefix_>, set to ""[0m
[0m[ INFO] [1685431346.966440085, 0.356000000]: <robotNamespace> set to: //[0m
[0m[ INFO] [1685431346.966461909, 0.356000000]: <topicName> set to: /crawler1/imu[0m
[0m[ INFO] [1685431346.966506037, 0.356000000]: <frameName> set to: crawler_1/base_link[0m
[0m[ INFO] [1685431346.966556007, 0.356000000]: <updateRateHZ> set to: 10[0m
[0m[ INFO] [1685431346.966615636, 0.356000000]: <gaussianNoise> set to: 0[0m
[0m[ INFO] [1685431346.966657123, 0.356000000]: <xyzOffset> set to: 0 0 0[0m
[0m[ INFO] [1685431346.966720340, 0.356000000]: <rpyOffset> set to: 0 -0 0[0m
[0m[ INFO] [1685431346.973183901, 0.356000000]: NS UWBe1 UwbPlugin::Load crawler1 Tag 0 Publish TF 1[0m
NS UWBe1 Uwb topic: uwb
[0m[ INFO] [1685431346.973429804, 0.356000000]: NS TAG1 UwbPlugin::Load crawler1 Tag 1 Publish TF 0[0m
NS TAG1 Uwb topic: crawler1/uwb_sim
[33m[ WARN] [1685431346.974417623, 0.356000000]: DiffDrive(ns = //): missing <rosDebugLevel> default is na[0m
[33m[ WARN] [1685431346.975523105, 0.356000000]: DiffDrive(ns = //): missing <wheelAcceleration> default is 0[0m
[33m[ WARN] [1685431346.975587580, 0.356000000]: DiffDrive(ns = //): missing <wheelTorque> default is 5[0m
[ERROR] [1685431348.068705, 1.359000]: bad callback: <function handle_uwb at 0x7fbfeaaa8310>
Traceback (most recent call last):
  File "/opt/ros/noetic/lib/python3/dist-packages/rospy/topics.py", line 750, in _invoke_callback
    cb(msg)
  File "/home/chroma/Documents/bugwright2-ws/bugwright_ws/src/my_sim/nodes/ugw_visualization.py", line 21, in handle_uwb
    listener.waitForTransform(base_frame, tag_frame, msg.header.stamp,rospy.Duration(1.0))
  File "/opt/ros/noetic/lib/python3/dist-packages/tf/listener.py", line 76, in waitForTransform
    raise tf2_ros.TransformException(error_msg or "no such transformation: \"{}\" -> \"{}\"".format(source_frame, target_frame))
tf2.TransformException: Lookup would require extrapolation 0.098000000s into the past.  Requested time 0.357000000 but the earliest data is at time 0.455000000, when looking up transform from frame [crawler_1/UWBe] to frame [crawler_0/UWBe]

[ERROR] [1685431348.170909, 1.461000]: bad callback: <function handle_uwb at 0x7fa16cc26280>
Traceback (most recent call last):
  File "/opt/ros/noetic/lib/python3/dist-packages/rospy/topics.py", line 748, in _invoke_callback
    cb(msg, cb_args)
  File "/home/chroma/Documents/bugwright2-ws/bugwright_ws/src/my_sim/nodes/occgrid_visualization.py", line 40, in handle_uwb
    listener.waitForTransform('/' + str(reference_frame), tag, msg.header.stamp, rospy.Duration(1.0))
  File "/opt/ros/noetic/lib/python3/dist-packages/tf/listener.py", line 76, in waitForTransform
    raise tf2_ros.TransformException(error_msg or "no such transformation: \"{}\" -> \"{}\"".format(source_frame, target_frame))
tf2.TransformException: Lookup would require extrapolation 0.098000000s into the past.  Requested time 0.357000000 but the earliest data is at time 0.455000000, when looking up transform from frame [crawler_1/UWBe] to frame [world]

[ERROR] [1685431887.019263, 491.178000]: Delete model service call failed: transport error completing service call: unable to receive data from sender, check sender's logs for details
[INFO] [1685431344.453460, 0.000000]: Loading model XML from ros parameter robot_description_crawler_1
[INFO] [1685431344.461601, 0.000000]: Waiting for service /gazebo/spawn_urdf_model
[INFO] [1685431345.370177, 0.119000]: Calling service /gazebo/spawn_urdf_model
[INFO] [1685431346.972959, 0.356000]: Spawn status: SpawnModel: Successfully spawned entity
[INFO] [1685431346.974701, 0.356000]: Waiting for shutdown to delete model crawler1
[INFO] [1685431886.722279, 490.977000]: Deleting model crawler1
[ERROR] [1685431887.019323, 491.178000]: Delete model service call failed: transport error completing service call: unable to receive data from sender, check sender's logs for details
[ERROR] [1685431887.019252, 491.178000]: Delete model service call failed: transport error completing service call: unable to receive data from sender, check sender's logs for details
[INFO] [1685431344.407492, 0.000000]: Loading model XML from ros parameter robot_description_crawler_0
[INFO] [1685431344.412395, 0.000000]: Waiting for service /gazebo/spawn_urdf_model
[INFO] [1685431345.317956, 0.069000]: Calling service /gazebo/spawn_urdf_model
[INFO] [1685431346.088389, 0.157000]: Spawn status: SpawnModel: Successfully spawned entity
[INFO] [1685431346.089594, 0.157000]: Waiting for shutdown to delete model crawler0
[INFO] [1685431886.722520, 490.977000]: Deleting model crawler0
[INFO] [1685431344.496592, 0.000000]: Loading model XML from ros parameter world_description
[INFO] [1685431344.508503, 0.000000]: Waiting for service /gazebo/spawn_urdf_model
[INFO] [1685431345.416572, 0.157000]: Calling service /gazebo/spawn_urdf_model
[INFO] [1685431347.248873, 0.552000]: Spawn status: SpawnModel: Successfully spawned entity
[INFO] [1685431347.250267, 0.553000]: Waiting for shutdown to delete model corrosion
[INFO] [1685431886.924701, 491.177000]: Deleting model corrosion
[31m[gazebo-2] escalating to SIGTERM[0m
... logging to /home/chroma/.ros/log/b8077144-feba-11ed-ac04-a1f748f19be9/roslaunch-chroma-HP-ProBook-650-G2-350780.log
Checking log directory for disk usage. This may take a while.
Press Ctrl-C to interrupt
Done checking log file disk usage. Usage is <1GB.
]2;/home/chroma/Documents/bugwright2-ws/bugwright_ws/src/my_sim/launch/crawler_ugw_with_uwb_simulation_spawn.launch
[1mstarted roslaunch server http://chroma-HP-ProBook-650-G2:36991/[0m

SUMMARY
========

PARAMETERS
 * /crawler0_gt/base_frame: crawler0_gt
 * /crawler0_gt/reference_frame: world
 * /crawler1_gt/base_frame: crawler1_gt
 * /crawler1_gt/reference_frame: world
 * /crawler_0_1_ugw_viz/base_frame: crawler_0/UWBe
 * /crawler_0_1_ugw_viz/tag_frame: crawler_1/UWBe
 * /crawler_0_1_ugw_viz/tag_name: crawler1
 * /gazebo/enable_ros_network: True
 * /og_viz/base_frame: UWBe
 * /og_viz/buddies/crawler0: crawler1
 * /og_viz/grid_height: 6
 * /og_viz/grid_resolution: 0.05
 * /og_viz/grid_width: 6
 * /og_viz/reference_frame: world
 * /robot_description_crawler_0: <?xml version="1....
 * /robot_description_crawler_1: <?xml version="1....
 * /robot_state_publisher_crawler_0/publish_frequency: 10.0
 * /robot_state_publisher_crawler_0/tf_prefix: crawler_0
 * /robot_state_publisher_crawler_1/publish_frequency: 10.0
 * /robot_state_publisher_crawler_1/tf_prefix: crawler_1
 * /robot_state_publisher_world/publish_frequency: 1.0
 * /rosdistro: noetic
 * /rosversion: 1.16.0
 * /use_sim_time: True
 * /world_description: <?xml version="1....

NODES
  /
    crawler0_gt (my_sim/pose_to_tf.py)
    crawler1_gt (my_sim/pose_to_tf.py)
    crawler_0_1_ugw_viz (my_sim/ugw_visualization.py)
    gazebo (gazebo_ros/gzserver)
    og_viz (my_sim/occgrid_visualization.py)
    robot_state_publisher_crawler_0 (robot_state_publisher/robot_state_publisher)
    robot_state_publisher_crawler_1 (robot_state_publisher/robot_state_publisher)
    robot_state_publisher_world (robot_state_publisher/robot_state_publisher)
    rviz (rviz/rviz)
    spawn_corrosion (gazebo_ros/spawn_model)
    spawn_crawler_0 (gazebo_ros/spawn_model)
    spawn_crawler_1 (gazebo_ros/spawn_model)
    world_to_world_tf (tf2_ros/static_transform_publisher)

auto-starting new master
[1mprocess[master]: started with pid [350816][0m
[1mROS_MASTER_URI=http://localhost:11311[0m
]2;/home/chroma/Documents/bugwright2-ws/bugwright_ws/src/my_sim/launch/crawler_ugw_with_uwb_simulation_spawn.launch http://localhost:11311
[1msetting /run_id to b8077144-feba-11ed-ac04-a1f748f19be9[0m
[1mprocess[rosout-1]: started with pid [350833][0m
started core service [/rosout]
[1mprocess[gazebo-2]: started with pid [350840][0m
[1mprocess[spawn_corrosion-3]: started with pid [350844][0m
[1mprocess[robot_state_publisher_world-4]: started with pid [350846][0m
[1mprocess[world_to_world_tf-5]: started with pid [350847][0m
[1mprocess[spawn_crawler_0-6]: started with pid [350848][0m
[1mprocess[robot_state_publisher_crawler_0-7]: started with pid [350853][0m
[1mprocess[spawn_crawler_1-8]: started with pid [350859][0m
[1mprocess[robot_state_publisher_crawler_1-9]: started with pid [350862][0m
[1mprocess[crawler0_gt-10]: started with pid [350863][0m
[1mprocess[crawler1_gt-11]: started with pid [350869][0m
[1mprocess[crawler_0_1_ugw_viz-12]: started with pid [350871][0m
[1mprocess[og_viz-13]: started with pid [350876][0m
[1mprocess[rviz-14]: started with pid [350877][0m
[rviz-14] killing on exit
[og_viz-13] killing on exit
[crawler_0_1_ugw_viz-12] killing on exit
[robot_state_publisher_crawler_1-9] killing on exit
[crawler1_gt-11] killing on exit
[crawler0_gt-10] killing on exit
[spawn_crawler_1-8] killing on exit
[robot_state_publisher_crawler_0-7] killing on exit
[world_to_world_tf-5] killing on exit
[spawn_crawler_0-6] killing on exit
[robot_state_publisher_world-4] killing on exit
[spawn_corrosion-3] killing on exit
[gazebo-2] killing on exit
[rosout-1] killing on exit
[master] killing on exit
shutting down processing monitor...
... shutting down processing monitor complete
[1mdone[0m
