warning: redefining global symbol: pi
when processing file: /home/chroma/Documents/bugwright2-ws/bugwright_ws/src/my_sim/models/CrawlerUGW/crawler.xacro
warning: redefining global symbol: pi
when processing file: /home/chroma/Documents/bugwright2-ws/bugwright_ws/src/my_sim/models/CrawlerUGW/crawler.xacro
[0m[ INFO] [1685818714.496834430]: Finished loading Gazebo ROS API Plugin.[0m
[0m[ INFO] [1685818714.498327894]: waitForService: Service [/gazebo/set_physics_properties] has not been advertised, waiting...[0m
[0m[ INFO] [1685818715.013558062]: waitForService: Service [/gazebo/set_physics_properties] is now available.[0m
[0m[ INFO] [1685818715.032027405, 0.014000000]: Physics dynamic reconfigure ready.[0m
[0m[ INFO] [1685818715.820413951, 0.157000000]: Laser Plugin: Using the 'robotNamespace' param: '/'[0m
[0m[ INFO] [1685818715.820453107, 0.157000000]: Starting Laser Plugin (ns = /)[0m
[0m[ INFO] [1685818715.821989252, 0.157000000]: Laser Plugin (ns = /)  <tf_prefix_>, set to ""[0m
[0m[ INFO] [1685818715.829102066, 0.157000000]: <robotNamespace> set to: //[0m
[0m[ INFO] [1685818715.829140550, 0.157000000]: <topicName> set to: /crawler0/imu[0m
[0m[ INFO] [1685818715.829149462, 0.157000000]: <frameName> set to: crawler_0/base_link[0m
[0m[ INFO] [1685818715.829202049, 0.157000000]: <updateRateHZ> set to: 10[0m
[0m[ INFO] [1685818715.829240920, 0.157000000]: <gaussianNoise> set to: 0[0m
[0m[ INFO] [1685818715.829355379, 0.157000000]: <xyzOffset> set to: 0 0 0[0m
[0m[ INFO] [1685818715.829431635, 0.157000000]: <rpyOffset> set to: 0 -0 0[0m
[0m[ INFO] [1685818715.840700702, 0.157000000]: NS UWBe0 UwbPlugin::Load crawler0 Tag 0 Publish TF 1[0m
NS UWBe0 Uwb topic: uwb
[0m[ INFO] [1685818715.841491938, 0.157000000]: NS TAG0 UwbPlugin::Load crawler0 Tag 1 Publish TF 0[0m
NS TAG0 Uwb topic: crawler0/uwb_sim
[33m[ WARN] [1685818715.852108760, 0.157000000]: DiffDrive(ns = //): missing <rosDebugLevel> default is na[0m
[33m[ WARN] [1685818715.852957539, 0.157000000]: DiffDrive(ns = //): missing <wheelAcceleration> default is 0[0m
[33m[ WARN] [1685818715.852992402, 0.157000000]: DiffDrive(ns = //): missing <wheelTorque> default is 5[0m
[0m[ INFO] [1685818715.852046191, 0.157000000]: Starting plugin DiffDrive(ns = //)[0m
[0m[ INFO] [1685818715.852805469, 0.157000000]: DiffDrive(ns = //): <tf_prefix> = [0m
[0m[ INFO] [1685818715.853119489, 0.157000000]: DiffDrive(ns = //): Try to subscribe to /crawler0/base_controller/cmd_vel[0m
[0m[ INFO] [1685818715.855425820, 0.157000000]: DiffDrive(ns = //): Subscribe to /crawler0/base_controller/cmd_vel[0m
[0m[ INFO] [1685818715.855924126, 0.157000000]: DiffDrive(ns = //): Advertise odom on /crawler0/odom [0m
[0m[ INFO] [1685818716.673165336, 0.357000000]: Laser Plugin: Using the 'robotNamespace' param: '/'[0m
[0m[ INFO] [1685818716.673204210, 0.357000000]: Starting Laser Plugin (ns = /)[0m
[0m[ INFO] [1685818716.674381071, 0.357000000]: Laser Plugin (ns = /)  <tf_prefix_>, set to ""[0m
[0m[ INFO] [1685818716.676760530, 0.357000000]: <robotNamespace> set to: //[0m
[0m[ INFO] [1685818716.676786818, 0.357000000]: <topicName> set to: /crawler1/imu[0m
[0m[ INFO] [1685818716.676803998, 0.357000000]: <frameName> set to: crawler_1/base_link[0m
[0m[ INFO] [1685818716.676889465, 0.357000000]: <updateRateHZ> set to: 10[0m
[0m[ INFO] [1685818716.676927598, 0.357000000]: <gaussianNoise> set to: 0[0m
[0m[ INFO] [1685818716.677022814, 0.357000000]: <xyzOffset> set to: 0 0 0[0m
[0m[ INFO] [1685818716.677053405, 0.357000000]: <rpyOffset> set to: 0 -0 0[0m
[0m[ INFO] [1685818716.683396596, 0.357000000]: NS UWBe1 UwbPlugin::Load crawler1 Tag 0 Publish TF 1[0m
NS UWBe1 Uwb topic: uwb
[0m[ INFO] [1685818716.683592830, 0.357000000]: NS TAG1 UwbPlugin::Load crawler1 Tag 1 Publish TF 0[0m
NS TAG1 Uwb topic: crawler1/uwb_sim
[33m[ WARN] [1685818716.684789302, 0.357000000]: DiffDrive(ns = //): missing <rosDebugLevel> default is na[0m
[33m[ WARN] [1685818716.685836177, 0.357000000]: DiffDrive(ns = //): missing <wheelAcceleration> default is 0[0m
[33m[ WARN] [1685818716.685907301, 0.357000000]: DiffDrive(ns = //): missing <wheelTorque> default is 5[0m
[ERROR] [1685820302.788008, 1451.901000]: Delete model service call failed: transport error completing service call: unable to receive data from sender, check sender's logs for details
[INFO] [1685818714.128365, 0.000000]: Loading model XML from ros parameter robot_description_crawler_0
[INFO] [1685818714.133409, 0.000000]: Waiting for service /gazebo/spawn_urdf_model
[INFO] [1685818715.041525, 0.000000]: Calling service /gazebo/spawn_urdf_model
[INFO] [1685818715.831232, 0.157000]: Spawn status: SpawnModel: Successfully spawned entity
[INFO] [1685818715.832705, 0.157000]: Waiting for shutdown to delete model crawler0
[INFO] [1685820302.482398, 1451.701000]: Deleting model crawler0
[ERROR] [1685820302.789068, 1451.901000]: Delete model service call failed: transport error completing service call: unable to receive data from sender, check sender's logs for details
[INFO] [1685818714.159609, 0.000000]: Loading model XML from ros parameter robot_description_crawler_1
[INFO] [1685818714.167024, 0.000000]: Waiting for service /gazebo/spawn_urdf_model
[INFO] [1685818715.076617, 0.000000]: Calling service /gazebo/spawn_urdf_model
[INFO] [1685818716.683273, 0.357000]: Spawn status: SpawnModel: Successfully spawned entity
[INFO] [1685818716.684957, 0.357000]: Waiting for shutdown to delete model crawler1
[INFO] [1685820302.481827, 1451.701000]: Deleting model crawler1
[ERROR] [1685820302.788983, 1451.901000]: Delete model service call failed: transport error completing service call: unable to receive data from sender, check sender's logs for details
[INFO] [1685818714.154294, 0.000000]: Loading model XML from ros parameter world_description
[INFO] [1685818714.174387, 0.000000]: Waiting for service /gazebo/spawn_urdf_model
[INFO] [1685818715.083270, 0.060000]: Calling service /gazebo/spawn_urdf_model
[INFO] [1685818716.993160, 0.546000]: Spawn status: SpawnModel: Successfully spawned entity
[INFO] [1685818716.995288, 0.549000]: Waiting for shutdown to delete model corrosion
[INFO] [1685820302.583434, 1451.802000]: Deleting model corrosion
[31mWARNING: disk usage in log directory [/home/chroma/.ros/log] is over 1GB.
It's recommended that you use the 'rosclean' command.[0m
[31m[gazebo-2] escalating to SIGTERM[0m
... logging to /home/chroma/.ros/log/a24ed41c-0240-11ee-835a-cbdee1d2ed59/roslaunch-chroma-HP-ProBook-650-G2-16214.log
Checking log directory for disk usage. This may take a while.
Press Ctrl-C to interrupt
]2;/home/chroma/Documents/bugwright2-ws/bugwright_ws/src/my_sim/launch/crawler_ugw_with_uwb_simulation_spawn.launch
[1mstarted roslaunch server http://chroma-HP-ProBook-650-G2:36307/[0m

SUMMARY
========

PARAMETERS
 * /crawler0_gt/base_frame: crawler0_gt
 * /crawler0_gt/reference_frame: world
 * /crawler1_gt/base_frame: crawler1_gt
 * /crawler1_gt/reference_frame: world
 * /crawler_0_1_ugw_viz/base_frame: crawler_0/UWBe
 * /crawler_0_1_ugw_viz/tag_frame: crawler_1/UWBe
 * /crawler_0_1_ugw_viz/tag_name: crawler1
 * /gazebo/enable_ros_network: True
 * /og_viz/base_frame: UWBe
 * /og_viz/buddies/crawler0: crawler1
 * /og_viz/grid_height: 6
 * /og_viz/grid_resolution: 0.05
 * /og_viz/grid_width: 6
 * /og_viz/reference_frame: world
 * /robot_description_crawler_0: <?xml version="1....
 * /robot_description_crawler_1: <?xml version="1....
 * /robot_state_publisher_crawler_0/publish_frequency: 10.0
 * /robot_state_publisher_crawler_0/tf_prefix: crawler_0
 * /robot_state_publisher_crawler_1/publish_frequency: 10.0
 * /robot_state_publisher_crawler_1/tf_prefix: crawler_1
 * /robot_state_publisher_world/publish_frequency: 1.0
 * /rosdistro: noetic
 * /rosversion: 1.16.0
 * /use_sim_time: True
 * /world_description: <?xml version="1....

NODES
  /
    crawler0_gt (my_sim/pose_to_tf.py)
    crawler1_gt (my_sim/pose_to_tf.py)
    crawler_0_1_ugw_viz (my_sim/ugw_visualization.py)
    gazebo (gazebo_ros/gzserver)
    og_viz (my_sim/occgrid_visualization.py)
    robot_state_publisher_crawler_0 (robot_state_publisher/robot_state_publisher)
    robot_state_publisher_crawler_1 (robot_state_publisher/robot_state_publisher)
    robot_state_publisher_world (robot_state_publisher/robot_state_publisher)
    rviz (rviz/rviz)
    spawn_corrosion (gazebo_ros/spawn_model)
    spawn_crawler_0 (gazebo_ros/spawn_model)
    spawn_crawler_1 (gazebo_ros/spawn_model)
    world_to_world_tf (tf2_ros/static_transform_publisher)

auto-starting new master
[1mprocess[master]: started with pid [16250][0m
[1mROS_MASTER_URI=http://localhost:11311[0m
]2;/home/chroma/Documents/bugwright2-ws/bugwright_ws/src/my_sim/launch/crawler_ugw_with_uwb_simulation_spawn.launch http://localhost:11311
[1msetting /run_id to a24ed41c-0240-11ee-835a-cbdee1d2ed59[0m
[1mprocess[rosout-1]: started with pid [16267][0m
started core service [/rosout]
[1mprocess[gazebo-2]: started with pid [16274][0m
[1mprocess[spawn_corrosion-3]: started with pid [16278][0m
[1mprocess[robot_state_publisher_world-4]: started with pid [16280][0m
[1mprocess[world_to_world_tf-5]: started with pid [16281][0m
[1mprocess[spawn_crawler_0-6]: started with pid [16282][0m
[1mprocess[robot_state_publisher_crawler_0-7]: started with pid [16287][0m
[1mprocess[spawn_crawler_1-8]: started with pid [16293][0m
[1mprocess[robot_state_publisher_crawler_1-9]: started with pid [16296][0m
[1mprocess[crawler0_gt-10]: started with pid [16297][0m
[1mprocess[crawler1_gt-11]: started with pid [16302][0m
[1mprocess[crawler_0_1_ugw_viz-12]: started with pid [16308][0m
[1mprocess[og_viz-13]: started with pid [16312][0m
[1mprocess[rviz-14]: started with pid [16320][0m
[rviz-14] killing on exit
[og_viz-13] killing on exit
[crawler1_gt-11] killing on exit
[crawler_0_1_ugw_viz-12] killing on exit
[crawler0_gt-10] killing on exit
[robot_state_publisher_crawler_1-9] killing on exit
[spawn_crawler_1-8] killing on exit
[robot_state_publisher_crawler_0-7] killing on exit
[spawn_crawler_0-6] killing on exit
[world_to_world_tf-5] killing on exit
[robot_state_publisher_world-4] killing on exit
[spawn_corrosion-3] killing on exit
[gazebo-2] killing on exit
[rosout-1] killing on exit
[master] killing on exit
shutting down processing monitor...
... shutting down processing monitor complete
[1mdone[0m
