warning: redefining global symbol: pi
when processing file: /home/chroma/Documents/bugwright2-ws/bugwright_ws/src/my_sim/models/CrawlerUGW/crawler.xacro
warning: redefining global symbol: pi
when processing file: /home/chroma/Documents/bugwright2-ws/bugwright_ws/src/my_sim/models/CrawlerUGW/crawler.xacro
[0m[ INFO] [1685479563.396446499]: Finished loading Gazebo ROS API Plugin.[0m
[0m[ INFO] [1685479563.398552898]: waitForService: Service [/gazebo/set_physics_properties] has not been advertised, waiting...[0m
[0m[ INFO] [1685479563.916579175, 0.002000000]: waitForService: Service [/gazebo/set_physics_properties] is now available.[0m
[0m[ INFO] [1685479563.971891862, 0.053000000]: Physics dynamic reconfigure ready.[0m
[0m[ INFO] [1685479564.725125700, 0.153000000]: Laser Plugin: Using the 'robotNamespace' param: '/'[0m
[0m[ INFO] [1685479564.725194349, 0.153000000]: Starting Laser Plugin (ns = /)[0m
[0m[ INFO] [1685479564.727046976, 0.153000000]: Laser Plugin (ns = /)  <tf_prefix_>, set to ""[0m
[0m[ INFO] [1685479564.733761891, 0.153000000]: <robotNamespace> set to: //[0m
[0m[ INFO] [1685479564.733791838, 0.153000000]: <topicName> set to: /crawler1/imu[0m
[0m[ INFO] [1685479564.733820877, 0.153000000]: <frameName> set to: crawler_1/base_link[0m
[0m[ INFO] [1685479564.733853594, 0.153000000]: <updateRateHZ> set to: 10[0m
[0m[ INFO] [1685479564.733877192, 0.153000000]: <gaussianNoise> set to: 0[0m
[0m[ INFO] [1685479564.733965784, 0.153000000]: <xyzOffset> set to: 0 0 0[0m
[0m[ INFO] [1685479564.734025432, 0.153000000]: <rpyOffset> set to: 0 -0 0[0m
[0m[ INFO] [1685479564.745541843, 0.153000000]: NS UWBe1 UwbPlugin::Load crawler1 Tag 0 Publish TF 1[0m
NS UWBe1 Uwb topic: uwb
[0m[ INFO] [1685479564.746225137, 0.153000000]: NS TAG1 UwbPlugin::Load crawler1 Tag 1 Publish TF 0[0m
NS TAG1 Uwb topic: crawler1/uwb_sim
[33m[ WARN] [1685479564.757283279, 0.153000000]: DiffDrive(ns = //): missing <rosDebugLevel> default is na[0m
[33m[ WARN] [1685479564.758650245, 0.153000000]: DiffDrive(ns = //): missing <wheelAcceleration> default is 0[0m
[33m[ WARN] [1685479564.758713778, 0.153000000]: DiffDrive(ns = //): missing <wheelTorque> default is 5[0m
[0m[ INFO] [1685479564.757207614, 0.153000000]: Starting plugin DiffDrive(ns = //)[0m
[0m[ INFO] [1685479564.758235774, 0.153000000]: DiffDrive(ns = //): <tf_prefix> = [0m
[0m[ INFO] [1685479564.758986638, 0.153000000]: DiffDrive(ns = //): Try to subscribe to /crawler1/base_controller/cmd_vel[0m
[0m[ INFO] [1685479564.761939854, 0.153000000]: DiffDrive(ns = //): Subscribe to /crawler1/base_controller/cmd_vel[0m
[0m[ INFO] [1685479564.762526563, 0.153000000]: DiffDrive(ns = //): Advertise odom on /crawler1/odom [0m
[0m[ INFO] [1685479565.878942762, 0.551000000]: Laser Plugin: Using the 'robotNamespace' param: '/'[0m
[0m[ INFO] [1685479565.878972531, 0.551000000]: Starting Laser Plugin (ns = /)[0m
[0m[ INFO] [1685479565.880460112, 0.551000000]: Laser Plugin (ns = /)  <tf_prefix_>, set to ""[0m
[0m[ INFO] [1685479565.883746845, 0.551000000]: <robotNamespace> set to: //[0m
[0m[ INFO] [1685479565.883819922, 0.551000000]: <topicName> set to: /crawler0/imu[0m
[0m[ INFO] [1685479565.883860783, 0.551000000]: <frameName> set to: crawler_0/base_link[0m
[0m[ INFO] [1685479565.883893180, 0.551000000]: <updateRateHZ> set to: 10[0m
[0m[ INFO] [1685479565.883939244, 0.551000000]: <gaussianNoise> set to: 0[0m
[0m[ INFO] [1685479565.883989632, 0.551000000]: <xyzOffset> set to: 0 0 0[0m
[0m[ INFO] [1685479565.884016560, 0.551000000]: <rpyOffset> set to: 0 -0 0[0m
[0m[ INFO] [1685479565.890470469, 0.551000000]: NS UWBe0 UwbPlugin::Load crawler0 Tag 0 Publish TF 1[0m
NS UWBe0 Uwb topic: uwb
[0m[ INFO] [1685479565.890811972, 0.551000000]: NS TAG0 UwbPlugin::Load crawler0 Tag 1 Publish TF 0[0m
NS TAG0 Uwb topic: crawler0/uwb_sim
[33m[ WARN] [1685479565.891851598, 0.551000000]: DiffDrive(ns = //): missing <rosDebugLevel> default is na[0m
[33m[ WARN] [1685479565.892663280, 0.551000000]: DiffDrive(ns = //): missing <wheelAcceleration> default is 0[0m
[33m[ WARN] [1685479565.892746203, 0.551000000]: DiffDrive(ns = //): missing <wheelTorque> default is 5[0m
[ERROR] [1685480638.298647, 968.927000]: Delete model service call failed: transport error completing service call: unable to receive data from sender, check sender's logs for details
[INFO] [1685479563.133065, 0.000000]: Loading model XML from ros parameter world_description
[INFO] [1685479563.139271, 0.000000]: Waiting for service /gazebo/spawn_urdf_model
[INFO] [1685479564.045842, 0.122000]: Calling service /gazebo/spawn_urdf_model
[INFO] [1685479565.055650, 0.351000]: Spawn status: SpawnModel: Successfully spawned entity
[INFO] [1685479565.057065, 0.353000]: Waiting for shutdown to delete model corrosion
[INFO] [1685480638.204469, 968.926000]: Deleting model corrosion
[ERROR] [1685480638.298674, 968.927000]: Delete model service call failed: transport error completing service call: unable to receive data from sender, check sender's logs for details
[INFO] [1685479563.122765, 0.000000]: Loading model XML from ros parameter robot_description_crawler_1
[INFO] [1685479563.129498, 0.000000]: Waiting for service /gazebo/spawn_urdf_model
[INFO] [1685479564.039042, 0.116000]: Calling service /gazebo/spawn_urdf_model
[INFO] [1685479564.736060, 0.153000]: Spawn status: SpawnModel: Successfully spawned entity
[INFO] [1685479564.737513, 0.153000]: Waiting for shutdown to delete model crawler1
[INFO] [1685480638.102314, 968.823000]: Deleting model crawler1
[ERROR] [1685480638.298609, 968.927000]: Delete model service call failed: transport error completing service call: unable to receive data from sender, check sender's logs for details
[INFO] [1685479563.196789, 0.000000]: Loading model XML from ros parameter robot_description_crawler_0
[INFO] [1685479563.204626, 0.000000]: Waiting for service /gazebo/spawn_urdf_model
[INFO] [1685479564.111032, 0.153000]: Calling service /gazebo/spawn_urdf_model
[INFO] [1685479565.890341, 0.551000]: Spawn status: SpawnModel: Successfully spawned entity
[INFO] [1685479565.892459, 0.551000]: Waiting for shutdown to delete model crawler0
[INFO] [1685480638.101346, 968.822000]: Deleting model crawler0
[31m[gazebo-2] escalating to SIGTERM[0m
... logging to /home/chroma/.ros/log/fc9dc4fa-ff2a-11ed-ac04-a1f748f19be9/roslaunch-chroma-HP-ProBook-650-G2-393484.log
Checking log directory for disk usage. This may take a while.
Press Ctrl-C to interrupt
Done checking log file disk usage. Usage is <1GB.
]2;/home/chroma/Documents/bugwright2-ws/bugwright_ws/src/my_sim/launch/crawler_ugw_with_uwb_simulation_spawn.launch
[1mstarted roslaunch server http://chroma-HP-ProBook-650-G2:45505/[0m

SUMMARY
========

PARAMETERS
 * /crawler0_gt/base_frame: crawler0_gt
 * /crawler0_gt/reference_frame: world
 * /crawler1_gt/base_frame: crawler1_gt
 * /crawler1_gt/reference_frame: world
 * /crawler_0_1_ugw_viz/base_frame: crawler_0/UWBe
 * /crawler_0_1_ugw_viz/tag_frame: crawler_1/UWBe
 * /crawler_0_1_ugw_viz/tag_name: crawler1
 * /gazebo/enable_ros_network: True
 * /og_viz/base_frame: UWBe
 * /og_viz/buddies/crawler0: crawler1
 * /og_viz/grid_height: 6
 * /og_viz/grid_resolution: 0.05
 * /og_viz/grid_width: 6
 * /og_viz/reference_frame: world
 * /robot_description_crawler_0: <?xml version="1....
 * /robot_description_crawler_1: <?xml version="1....
 * /robot_state_publisher_crawler_0/publish_frequency: 10.0
 * /robot_state_publisher_crawler_0/tf_prefix: crawler_0
 * /robot_state_publisher_crawler_1/publish_frequency: 10.0
 * /robot_state_publisher_crawler_1/tf_prefix: crawler_1
 * /robot_state_publisher_world/publish_frequency: 1.0
 * /rosdistro: noetic
 * /rosversion: 1.16.0
 * /use_sim_time: True
 * /world_description: <?xml version="1....

NODES
  /
    crawler0_gt (my_sim/pose_to_tf.py)
    crawler1_gt (my_sim/pose_to_tf.py)
    crawler_0_1_ugw_viz (my_sim/ugw_visualization.py)
    gazebo (gazebo_ros/gzserver)
    og_viz (my_sim/occgrid_visualization.py)
    robot_state_publisher_crawler_0 (robot_state_publisher/robot_state_publisher)
    robot_state_publisher_crawler_1 (robot_state_publisher/robot_state_publisher)
    robot_state_publisher_world (robot_state_publisher/robot_state_publisher)
    rviz (rviz/rviz)
    spawn_corrosion (gazebo_ros/spawn_model)
    spawn_crawler_0 (gazebo_ros/spawn_model)
    spawn_crawler_1 (gazebo_ros/spawn_model)
    world_to_world_tf (tf2_ros/static_transform_publisher)

auto-starting new master
[1mprocess[master]: started with pid [393520][0m
[1mROS_MASTER_URI=http://localhost:11311[0m
]2;/home/chroma/Documents/bugwright2-ws/bugwright_ws/src/my_sim/launch/crawler_ugw_with_uwb_simulation_spawn.launch http://localhost:11311
[1msetting /run_id to fc9dc4fa-ff2a-11ed-ac04-a1f748f19be9[0m
[1mprocess[rosout-1]: started with pid [393537][0m
started core service [/rosout]
[1mprocess[gazebo-2]: started with pid [393544][0m
[1mprocess[spawn_corrosion-3]: started with pid [393548][0m
[1mprocess[robot_state_publisher_world-4]: started with pid [393550][0m
[1mprocess[world_to_world_tf-5]: started with pid [393551][0m
[1mprocess[spawn_crawler_0-6]: started with pid [393552][0m
[1mprocess[robot_state_publisher_crawler_0-7]: started with pid [393557][0m
[1mprocess[spawn_crawler_1-8]: started with pid [393563][0m
[1mprocess[robot_state_publisher_crawler_1-9]: started with pid [393566][0m
[1mprocess[crawler0_gt-10]: started with pid [393567][0m
[1mprocess[crawler1_gt-11]: started with pid [393572][0m
[1mprocess[crawler_0_1_ugw_viz-12]: started with pid [393579][0m
[1mprocess[og_viz-13]: started with pid [393582][0m
[1mprocess[rviz-14]: started with pid [393590][0m
[rviz-14] killing on exit
[og_viz-13] killing on exit
[crawler_0_1_ugw_viz-12] killing on exit
[crawler1_gt-11] killing on exit
[crawler0_gt-10] killing on exit
[robot_state_publisher_crawler_1-9] killing on exit
[robot_state_publisher_crawler_0-7] killing on exit
[spawn_crawler_0-6] killing on exit
[world_to_world_tf-5] killing on exit
[spawn_crawler_1-8] killing on exit
[robot_state_publisher_world-4] killing on exit
[spawn_corrosion-3] killing on exit
[gazebo-2] killing on exit
[rosout-1] killing on exit
[master] killing on exit
shutting down processing monitor...
... shutting down processing monitor complete
[1mdone[0m
