warning: redefining global symbol: pi
when processing file: /home/chroma/Documents/bugwright2-ws/bugwright_ws/src/my_sim/models/CrawlerUGW/crawler.xacro
warning: redefining global symbol: pi
when processing file: /home/chroma/Documents/bugwright2-ws/bugwright_ws/src/my_sim/models/CrawlerUGW/crawler.xacro
[0m[ INFO] [1685258460.823676741]: Finished loading Gazebo ROS API Plugin.[0m
[0m[ INFO] [1685258460.825652417]: waitForService: Service [/gazebo/set_physics_properties] has not been advertised, waiting...[0m
[0m[ INFO] [1685258461.342582429]: waitForService: Service [/gazebo/set_physics_properties] is now available.[0m
[0m[ INFO] [1685258461.584243913, 0.140000000]: Physics dynamic reconfigure ready.[0m
[0m[ INFO] [1685258462.441381409, 0.330000000]: Laser Plugin: Using the 'robotNamespace' param: '/'[0m
[0m[ INFO] [1685258462.441488739, 0.330000000]: Starting Laser Plugin (ns = /)[0m
[0m[ INFO] [1685258462.443555870, 0.330000000]: Laser Plugin (ns = /)  <tf_prefix_>, set to ""[0m
[0m[ INFO] [1685258462.451753053, 0.330000000]: <robotNamespace> set to: //[0m
[0m[ INFO] [1685258462.451792261, 0.330000000]: <topicName> set to: /crawler1/imu[0m
[0m[ INFO] [1685258462.451810734, 0.330000000]: <frameName> set to: crawler_1/base_link[0m
[0m[ INFO] [1685258462.451847950, 0.330000000]: <updateRateHZ> set to: 10[0m
[0m[ INFO] [1685258462.451874618, 0.330000000]: <gaussianNoise> set to: 0[0m
[0m[ INFO] [1685258462.451916601, 0.330000000]: <xyzOffset> set to: 0 0 0[0m
[0m[ INFO] [1685258462.451962142, 0.330000000]: <rpyOffset> set to: 0 -0 0[0m
[0m[ INFO] [1685258462.464863364, 0.330000000]: NS UWBe1 UwbPlugin::Load crawler1 Tag 0 Publish TF 1[0m
NS UWBe1 Uwb topic: uwb
[0m[ INFO] [1685258462.465585358, 0.330000000]: NS TAG1 UwbPlugin::Load crawler1 Tag 1 Publish TF 0[0m
NS TAG1 Uwb topic: crawler1/uwb_sim
[33m[ WARN] [1685258462.476249546, 0.330000000]: DiffDrive(ns = //): missing <rosDebugLevel> default is na[0m
[33m[ WARN] [1685258462.477635549, 0.330000000]: DiffDrive(ns = //): missing <wheelAcceleration> default is 0[0m
[33m[ WARN] [1685258462.477671781, 0.330000000]: DiffDrive(ns = //): missing <wheelTorque> default is 5[0m
[0m[ INFO] [1685258462.476163178, 0.330000000]: Starting plugin DiffDrive(ns = //)[0m
[0m[ INFO] [1685258462.477352771, 0.330000000]: DiffDrive(ns = //): <tf_prefix> = [0m
[0m[ INFO] [1685258462.477910979, 0.330000000]: DiffDrive(ns = //): Try to subscribe to /crawler1/base_controller/cmd_vel[0m
[0m[ INFO] [1685258462.480355297, 0.330000000]: DiffDrive(ns = //): Subscribe to /crawler1/base_controller/cmd_vel[0m
[0m[ INFO] [1685258462.481028450, 0.330000000]: DiffDrive(ns = //): Advertise odom on /crawler1/odom [0m
[0m[ INFO] [1685258463.316932517, 0.531000000]: Laser Plugin: Using the 'robotNamespace' param: '/'[0m
[0m[ INFO] [1685258463.316970889, 0.531000000]: Starting Laser Plugin (ns = /)[0m
[0m[ INFO] [1685258463.318041527, 0.531000000]: Laser Plugin (ns = /)  <tf_prefix_>, set to ""[0m
[0m[ INFO] [1685258463.320472706, 0.531000000]: <robotNamespace> set to: //[0m
[0m[ INFO] [1685258463.320520668, 0.531000000]: <topicName> set to: /crawler0/imu[0m
[0m[ INFO] [1685258463.320557964, 0.531000000]: <frameName> set to: crawler_0/base_link[0m
[0m[ INFO] [1685258463.320591740, 0.531000000]: <updateRateHZ> set to: 10[0m
[0m[ INFO] [1685258463.320656819, 0.531000000]: <gaussianNoise> set to: 0[0m
[0m[ INFO] [1685258463.320703494, 0.531000000]: <xyzOffset> set to: 0 0 0[0m
[0m[ INFO] [1685258463.320793925, 0.531000000]: <rpyOffset> set to: 0 -0 0[0m
[0m[ INFO] [1685258463.327154887, 0.531000000]: NS UWBe0 UwbPlugin::Load crawler0 Tag 0 Publish TF 1[0m
NS UWBe0 Uwb topic: uwb
[0m[ INFO] [1685258463.327453498, 0.531000000]: NS TAG0 UwbPlugin::Load crawler0 Tag 1 Publish TF 0[0m
NS TAG0 Uwb topic: crawler0/uwb_sim
[33m[ WARN] [1685258463.328822167, 0.531000000]: DiffDrive(ns = //): missing <rosDebugLevel> default is na[0m
[33m[ WARN] [1685258463.329988663, 0.531000000]: DiffDrive(ns = //): missing <wheelAcceleration> default is 0[0m
[33m[ WARN] [1685258463.330027457, 0.531000000]: DiffDrive(ns = //): missing <wheelTorque> default is 5[0m
[ERROR] [1685259084.143966, 570.048000]: Delete model service call failed: transport error completing service call: unable to receive data from sender, check sender's logs for details
[INFO] [1685258460.415427, 0.000000]: Loading model XML from ros parameter robot_description_crawler_0
[INFO] [1685258460.421297, 0.000000]: Waiting for service /gazebo/spawn_urdf_model
[INFO] [1685258461.631481, 0.181000]: Calling service /gazebo/spawn_urdf_model
[INFO] [1685258463.327091, 0.531000]: Spawn status: SpawnModel: Successfully spawned entity
[INFO] [1685258463.329101, 0.531000]: Waiting for shutdown to delete model crawler0
[INFO] [1685259083.838483, 569.844000]: Deleting model crawler0
[ERROR] [1685259084.144026, 570.048000]: Delete model service call failed: transport error completing service call: unable to receive data from sender, check sender's logs for details
[INFO] [1685258460.507635, 0.000000]: Loading model XML from ros parameter robot_description_crawler_1
[INFO] [1685258460.513288, 0.000000]: Waiting for service /gazebo/spawn_urdf_model
[INFO] [1685258461.420326, 0.000000]: Calling service /gazebo/spawn_urdf_model
[INFO] [1685258462.454243, 0.000000]: Spawn status: SpawnModel: Successfully spawned entity
[INFO] [1685258462.456230, 0.000000]: Waiting for shutdown to delete model crawler1
[INFO] [1685259083.855309, 569.862000]: Deleting model crawler1
[ERROR] [1685259084.144570, 570.048000]: Delete model service call failed: transport error completing service call: unable to receive data from sender, check sender's logs for details
[INFO] [1685258460.428302, 0.000000]: Loading model XML from ros parameter world_description
[INFO] [1685258460.440490, 0.000000]: Waiting for service /gazebo/spawn_urdf_model
[INFO] [1685258461.351511, 0.000000]: Calling service /gazebo/spawn_urdf_model
[INFO] [1685258461.576736, 0.000000]: Spawn status: SpawnModel: Successfully spawned entity
[INFO] [1685258461.578629, 0.000000]: Waiting for shutdown to delete model corrosion
[INFO] [1685259084.040388, 570.047000]: Deleting model corrosion
[31m[gazebo-2] escalating to SIGTERM[0m
... logging to /home/chroma/.ros/log/311f54aa-fd28-11ed-ac04-a1f748f19be9/roslaunch-chroma-HP-ProBook-650-G2-58314.log
Checking log directory for disk usage. This may take a while.
Press Ctrl-C to interrupt
Done checking log file disk usage. Usage is <1GB.
]2;/home/chroma/Documents/bugwright2-ws/bugwright_ws/src/my_sim/launch/crawler_ugw_with_uwb_simulation_spawn.launch
[1mstarted roslaunch server http://chroma-HP-ProBook-650-G2:44783/[0m

SUMMARY
========

PARAMETERS
 * /crawler0_gt/base_frame: crawler0_gt
 * /crawler0_gt/reference_frame: world
 * /crawler1_gt/base_frame: crawler1_gt
 * /crawler1_gt/reference_frame: world
 * /crawler_0_1_ugw_viz/base_frame: crawler_0/UWBe
 * /crawler_0_1_ugw_viz/tag_frame: crawler_1/UWBe
 * /crawler_0_1_ugw_viz/tag_name: crawler1
 * /gazebo/enable_ros_network: True
 * /og_viz/base_frame: UWBe
 * /og_viz/buddies/crawler0: crawler1
 * /og_viz/grid_height: 6
 * /og_viz/grid_resolution: 0.05
 * /og_viz/grid_width: 6
 * /og_viz/reference_frame: world
 * /robot_description_crawler_0: <?xml version="1....
 * /robot_description_crawler_1: <?xml version="1....
 * /robot_state_publisher_crawler_0/publish_frequency: 10.0
 * /robot_state_publisher_crawler_0/tf_prefix: crawler_0
 * /robot_state_publisher_crawler_1/publish_frequency: 10.0
 * /robot_state_publisher_crawler_1/tf_prefix: crawler_1
 * /robot_state_publisher_world/publish_frequency: 1.0
 * /rosdistro: noetic
 * /rosversion: 1.16.0
 * /use_sim_time: True
 * /world_description: <?xml version="1....

NODES
  /
    crawler0_gt (my_sim/pose_to_tf.py)
    crawler1_gt (my_sim/pose_to_tf.py)
    crawler_0_1_ugw_viz (my_sim/ugw_visualization.py)
    gazebo (gazebo_ros/gzserver)
    og_viz (my_sim/occgrid_visualization.py)
    robot_state_publisher_crawler_0 (robot_state_publisher/robot_state_publisher)
    robot_state_publisher_crawler_1 (robot_state_publisher/robot_state_publisher)
    robot_state_publisher_world (robot_state_publisher/robot_state_publisher)
    rviz (rviz/rviz)
    spawn_corrosion (gazebo_ros/spawn_model)
    spawn_crawler_0 (gazebo_ros/spawn_model)
    spawn_crawler_1 (gazebo_ros/spawn_model)
    world_to_world_tf (tf2_ros/static_transform_publisher)

auto-starting new master
[1mprocess[master]: started with pid [58361][0m
[1mROS_MASTER_URI=http://localhost:11311[0m
]2;/home/chroma/Documents/bugwright2-ws/bugwright_ws/src/my_sim/launch/crawler_ugw_with_uwb_simulation_spawn.launch http://localhost:11311
[1msetting /run_id to 311f54aa-fd28-11ed-ac04-a1f748f19be9[0m
[1mprocess[rosout-1]: started with pid [58378][0m
started core service [/rosout]
[1mprocess[gazebo-2]: started with pid [58385][0m
[1mprocess[spawn_corrosion-3]: started with pid [58391][0m
[1mprocess[robot_state_publisher_world-4]: started with pid [58392][0m
[1mprocess[world_to_world_tf-5]: started with pid [58393][0m
[1mprocess[spawn_crawler_0-6]: started with pid [58394][0m
[1mprocess[robot_state_publisher_crawler_0-7]: started with pid [58399][0m
[1mprocess[spawn_crawler_1-8]: started with pid [58404][0m
[1mprocess[robot_state_publisher_crawler_1-9]: started with pid [58407][0m
[1mprocess[crawler0_gt-10]: started with pid [58413][0m
[1mprocess[crawler1_gt-11]: started with pid [58415][0m
[1mprocess[crawler_0_1_ugw_viz-12]: started with pid [58430][0m
[1mprocess[og_viz-13]: started with pid [58431][0m
[1mprocess[rviz-14]: started with pid [58432][0m
[rviz-14] killing on exit
[og_viz-13] killing on exit
[crawler_0_1_ugw_viz-12] killing on exit
[robot_state_publisher_crawler_1-9] killing on exit
[crawler1_gt-11] killing on exit
[robot_state_publisher_crawler_0-7] killing on exit
[crawler0_gt-10] killing on exit
[spawn_crawler_1-8] killing on exit
[spawn_crawler_0-6] killing on exit
[world_to_world_tf-5] killing on exit
[robot_state_publisher_world-4] killing on exit
[spawn_corrosion-3] killing on exit
[gazebo-2] killing on exit
[rosout-1] killing on exit
[master] killing on exit
shutting down processing monitor...
... shutting down processing monitor complete
[1mdone[0m
