warning: redefining global symbol: pi
when processing file: /home/chroma/Documents/bugwright2-ws/bugwright_ws/src/my_sim/models/CrawlerUGW/crawler.xacro
warning: redefining global symbol: pi
when processing file: /home/chroma/Documents/bugwright2-ws/bugwright_ws/src/my_sim/models/CrawlerUGW/crawler.xacro
[0m[ INFO] [1686229272.422181882]: Finished loading Gazebo ROS API Plugin.[0m
[0m[ INFO] [1686229272.423687746]: waitForService: Service [/gazebo/set_physics_properties] has not been advertised, waiting...[0m
[0m[ INFO] [1686229272.963458287]: waitForService: Service [/gazebo/set_physics_properties] is now available.[0m
[0m[ INFO] [1686229273.221245568, 0.166000000]: Physics dynamic reconfigure ready.[0m
[0m[ INFO] [1686229274.105345357, 0.355000000]: Laser Plugin: Using the 'robotNamespace' param: '/'[0m
[0m[ INFO] [1686229274.105404457, 0.355000000]: Starting Laser Plugin (ns = /)[0m
[0m[ INFO] [1686229274.107065645, 0.355000000]: Laser Plugin (ns = /)  <tf_prefix_>, set to ""[0m
[0m[ INFO] [1686229274.114078093, 0.355000000]: <robotNamespace> set to: //[0m
[0m[ INFO] [1686229274.114121015, 0.355000000]: <topicName> set to: /crawler1/imu[0m
[0m[ INFO] [1686229274.114130758, 0.355000000]: <frameName> set to: crawler_1/base_link[0m
[0m[ INFO] [1686229274.114152388, 0.355000000]: <updateRateHZ> set to: 10[0m
[0m[ INFO] [1686229274.114179374, 0.355000000]: <gaussianNoise> set to: 0[0m
[0m[ INFO] [1686229274.114228465, 0.355000000]: <xyzOffset> set to: 0 0 0[0m
[0m[ INFO] [1686229274.114257984, 0.355000000]: <rpyOffset> set to: 0 -0 0[0m
[0m[ INFO] [1686229274.127304084, 0.355000000]: NS UWBe1 UwbPlugin::Load crawler1 Tag 0 Publish TF 1[0m
NS UWBe1 Uwb topic: uwb
[0m[ INFO] [1686229274.128087131, 0.355000000]: NS TAG1 UwbPlugin::Load crawler1 Tag 1 Publish TF 0[0m
NS TAG1 Uwb topic: crawler1/uwb_sim
[33m[ WARN] [1686229274.138915529, 0.355000000]: DiffDrive(ns = //): missing <rosDebugLevel> default is na[0m
[33m[ WARN] [1686229274.139914040, 0.355000000]: DiffDrive(ns = //): missing <wheelAcceleration> default is 0[0m
[33m[ WARN] [1686229274.139935051, 0.355000000]: DiffDrive(ns = //): missing <wheelTorque> default is 5[0m
[0m[ INFO] [1686229274.138826963, 0.355000000]: Starting plugin DiffDrive(ns = //)[0m
[0m[ INFO] [1686229274.139744655, 0.355000000]: DiffDrive(ns = //): <tf_prefix> = [0m
[0m[ INFO] [1686229274.140077269, 0.355000000]: DiffDrive(ns = //): Try to subscribe to /crawler1/base_controller/cmd_vel[0m
[0m[ INFO] [1686229274.142449995, 0.355000000]: DiffDrive(ns = //): Subscribe to /crawler1/base_controller/cmd_vel[0m
[0m[ INFO] [1686229274.143110652, 0.355000000]: DiffDrive(ns = //): Advertise odom on /crawler1/odom [0m
[0m[ INFO] [1686229275.071305943, 0.557000000]: Laser Plugin: Using the 'robotNamespace' param: '/'[0m
[0m[ INFO] [1686229275.071363152, 0.557000000]: Starting Laser Plugin (ns = /)[0m
[0m[ INFO] [1686229275.072352825, 0.557000000]: Laser Plugin (ns = /)  <tf_prefix_>, set to ""[0m
[0m[ INFO] [1686229275.074895791, 0.557000000]: <robotNamespace> set to: //[0m
[0m[ INFO] [1686229275.074943213, 0.557000000]: <topicName> set to: /crawler0/imu[0m
[0m[ INFO] [1686229275.074962518, 0.557000000]: <frameName> set to: crawler_0/base_link[0m
[0m[ INFO] [1686229275.074994972, 0.557000000]: <updateRateHZ> set to: 10[0m
[0m[ INFO] [1686229275.075035401, 0.557000000]: <gaussianNoise> set to: 0[0m
[0m[ INFO] [1686229275.075066840, 0.557000000]: <xyzOffset> set to: 0 0 0[0m
[0m[ INFO] [1686229275.075093262, 0.557000000]: <rpyOffset> set to: 0 -0 0[0m
[0m[ INFO] [1686229275.082454955, 0.557000000]: NS UWBe0 UwbPlugin::Load crawler0 Tag 0 Publish TF 1[0m
NS UWBe0 Uwb topic: uwb
[0m[ INFO] [1686229275.082710795, 0.557000000]: NS TAG0 UwbPlugin::Load crawler0 Tag 1 Publish TF 0[0m
NS TAG0 Uwb topic: crawler0/uwb_sim
[33m[ WARN] [1686229275.083977270, 0.557000000]: DiffDrive(ns = //): missing <rosDebugLevel> default is na[0m
[33m[ WARN] [1686229275.084630428, 0.557000000]: DiffDrive(ns = //): missing <wheelAcceleration> default is 0[0m
[33m[ WARN] [1686229275.084649606, 0.557000000]: DiffDrive(ns = //): missing <wheelTorque> default is 5[0m
[INFO] [1686229271.962184, 0.000000]: Loading model XML from ros parameter robot_description_crawler_0
[INFO] [1686229271.969444, 0.000000]: Waiting for service /gazebo/spawn_urdf_model
[INFO] [1686229273.177125, 0.156000]: Calling service /gazebo/spawn_urdf_model
[INFO] [1686229275.082428, 0.557000]: Spawn status: SpawnModel: Successfully spawned entity
[INFO] [1686229275.084380, 0.557000]: Waiting for shutdown to delete model crawler0
[INFO] [1686229800.823123, 477.764000]: Deleting model crawler0
[ERROR] [1686229801.258369, 477.974000]: Delete model service call failed: transport error completing service call: unable to receive data from sender, check sender's logs for details
[INFO] [1686229272.164565, 0.000000]: Loading model XML from ros parameter robot_description_crawler_1
[INFO] [1686229272.171021, 0.000000]: Waiting for service /gazebo/spawn_urdf_model
[INFO] [1686229273.077182, 0.104000]: Calling service /gazebo/spawn_urdf_model
[INFO] [1686229274.116340, 0.355000]: Spawn status: SpawnModel: Successfully spawned entity
[INFO] [1686229274.118307, 0.355000]: Waiting for shutdown to delete model crawler1
[INFO] [1686229800.820348, 477.764000]: Deleting model crawler1
[ERROR] [1686229801.258944, 477.974000]: Delete model service call failed: transport error completing service call: unable to receive data from sender, check sender's logs for details
[INFO] [1686229272.046258, 0.000000]: Loading model XML from ros parameter world_description
[INFO] [1686229272.057482, 0.000000]: Waiting for service /gazebo/spawn_urdf_model
[INFO] [1686229272.966455, 0.000000]: Calling service /gazebo/spawn_urdf_model
[INFO] [1686229273.210322, 0.156000]: Spawn status: SpawnModel: Successfully spawned entity
[INFO] [1686229273.212277, 0.157000]: Waiting for shutdown to delete model corrosion
[INFO] [1686229801.123658, 477.974000]: Deleting model corrosion
warning: redefining global symbol: pi
when processing file: /home/chroma/Documents/bugwright2-ws/bugwright_ws/src/my_sim/models/CrawlerUGW/crawler.xacro
warning: redefining global symbol: pi
when processing file: /home/chroma/Documents/bugwright2-ws/bugwright_ws/src/my_sim/models/CrawlerUGW/crawler.xacro
[INFO] [1686229808.973223, 0.000000]: Loading model XML from ros parameter robot_description_crawler_1
[INFO] [1686229808.980659, 0.000000]: Waiting for service /gazebo/spawn_urdf_model
Traceback (most recent call last):
  File "/opt/ros/noetic/lib/gazebo_ros/spawn_model", line 239, in <module>
    exit_code = sm.run()
  File "/opt/ros/noetic/lib/gazebo_ros/spawn_model", line 183, in run
    success = gazebo_interface.spawn_urdf_model_client(self.args.model, model_xml, self.args.robot_namespace,
  File "/opt/ros/noetic/lib/python3/dist-packages/gazebo_ros/gazebo_interface.py", line 28, in spawn_urdf_model_client
    rospy.wait_for_service(gazebo_namespace+'/spawn_urdf_model')
  File "/opt/ros/noetic/lib/python3/dist-packages/rospy/impl/tcpros_service.py", line 166, in wait_for_service
    raise ROSInterruptException("rospy shutdown")
rospy.exceptions.ROSInterruptException: rospy shutdown
[INFO] [1686229809.005887, 0.000000]: Loading model XML from ros parameter world_description
[INFO] [1686229809.015123, 0.000000]: Waiting for service /gazebo/spawn_urdf_model
[INFO] [1686229808.965600, 0.000000]: Loading model XML from ros parameter robot_description_crawler_0
[INFO] [1686229808.974395, 0.000000]: Waiting for service /gazebo/spawn_urdf_model
Traceback (most recent call last):
  File "/opt/ros/noetic/lib/gazebo_ros/spawn_model", line 239, in <module>
    exit_code = sm.run()
  File "/opt/ros/noetic/lib/gazebo_ros/spawn_model", line 183, in run
    success = gazebo_interface.spawn_urdf_model_client(self.args.model, model_xml, self.args.robot_namespace,
  File "/opt/ros/noetic/lib/python3/dist-packages/gazebo_ros/gazebo_interface.py", line 28, in spawn_urdf_model_client
    rospy.wait_for_service(gazebo_namespace+'/spawn_urdf_model')
  File "/opt/ros/noetic/lib/python3/dist-packages/rospy/impl/tcpros_service.py", line 166, in wait_for_service
    raise ROSInterruptException("rospy shutdown")
rospy.exceptions.ROSInterruptException: rospy shutdown
Traceback (most recent call last):
  File "/opt/ros/noetic/lib/gazebo_ros/spawn_model", line 239, in <module>
    exit_code = sm.run()
  File "/opt/ros/noetic/lib/gazebo_ros/spawn_model", line 183, in run
    success = gazebo_interface.spawn_urdf_model_client(self.args.model, model_xml, self.args.robot_namespace,
  File "/opt/ros/noetic/lib/python3/dist-packages/gazebo_ros/gazebo_interface.py", line 28, in spawn_urdf_model_client
    rospy.wait_for_service(gazebo_namespace+'/spawn_urdf_model')
  File "/opt/ros/noetic/lib/python3/dist-packages/rospy/impl/tcpros_service.py", line 166, in wait_for_service
    raise ROSInterruptException("rospy shutdown")
rospy.exceptions.ROSInterruptException: rospy shutdown
[31mWARNING: disk usage in log directory [/home/chroma/.ros/log] is over 1GB.
It's recommended that you use the 'rosclean' command.[0m
[31m[gazebo-1] process has died [pid 477074, exit code 255, cmd /opt/ros/noetic/lib/gazebo_ros/gzserver -e ode worlds/empty.world __name:=gazebo __log:=/home/chroma/.ros/log/89de7ec2-05fc-11ee-9aa2-738ee4d56d4e/gazebo-1.log].
log file: /home/chroma/.ros/log/89de7ec2-05fc-11ee-9aa2-738ee4d56d4e/gazebo-1*.log[0m
... logging to /home/chroma/.ros/log/89de7ec2-05fc-11ee-9aa2-738ee4d56d4e/roslaunch-chroma-HP-ProBook-650-G2-477032.log
Checking log directory for disk usage. This may take a while.
Press Ctrl-C to interrupt
]2;/home/chroma/Documents/bugwright2-ws/bugwright_ws/src/my_sim/launch/crawler_ugw_with_uwb_simulation_spawn.launch
[1mstarted roslaunch server http://chroma-HP-ProBook-650-G2:42147/[0m

SUMMARY
========

PARAMETERS
 * /crawler0_gt/base_frame: crawler0_gt
 * /crawler0_gt/reference_frame: world
 * /crawler1_gt/base_frame: crawler1_gt
 * /crawler1_gt/reference_frame: world
 * /crawler_0_1_ugw_viz/base_frame: crawler_0/UWBe
 * /crawler_0_1_ugw_viz/tag_frame: crawler_1/UWBe
 * /crawler_0_1_ugw_viz/tag_name: crawler1
 * /gazebo/enable_ros_network: True
 * /og_viz/base_frame: UWBe
 * /og_viz/buddies/crawler0: crawler1
 * /og_viz/grid_height: 6
 * /og_viz/grid_resolution: 0.05
 * /og_viz/grid_width: 6
 * /og_viz/reference_frame: world
 * /robot_description_crawler_0: <?xml version="1....
 * /robot_description_crawler_1: <?xml version="1....
 * /robot_state_publisher_crawler_0/publish_frequency: 10.0
 * /robot_state_publisher_crawler_0/tf_prefix: crawler_0
 * /robot_state_publisher_crawler_1/publish_frequency: 10.0
 * /robot_state_publisher_crawler_1/tf_prefix: crawler_1
 * /robot_state_publisher_world/publish_frequency: 1.0
 * /rosdistro: noetic
 * /rosversion: 1.16.0
 * /use_sim_time: True
 * /world_description: <?xml version="1....

NODES
  /
    crawler0_gt (my_sim/pose_to_tf.py)
    crawler1_gt (my_sim/pose_to_tf.py)
    crawler_0_1_ugw_viz (my_sim/ugw_visualization.py)
    gazebo (gazebo_ros/gzserver)
    og_viz (my_sim/occgrid_visualization.py)
    robot_state_publisher_crawler_0 (robot_state_publisher/robot_state_publisher)
    robot_state_publisher_crawler_1 (robot_state_publisher/robot_state_publisher)
    robot_state_publisher_world (robot_state_publisher/robot_state_publisher)
    rviz (rviz/rviz)
    spawn_corrosion (gazebo_ros/spawn_model)
    spawn_crawler_0 (gazebo_ros/spawn_model)
    spawn_crawler_1 (gazebo_ros/spawn_model)
    world_to_world_tf (tf2_ros/static_transform_publisher)

[1mROS_MASTER_URI=http://localhost:11311[0m
]2;/home/chroma/Documents/bugwright2-ws/bugwright_ws/src/my_sim/launch/crawler_ugw_with_uwb_simulation_spawn.launch http://localhost:11311
[1mprocess[gazebo-1]: started with pid [477074][0m
[1mprocess[spawn_corrosion-2]: started with pid [477078][0m
[1mprocess[robot_state_publisher_world-3]: started with pid [477080][0m
[1mprocess[world_to_world_tf-4]: started with pid [477081][0m
[1mprocess[spawn_crawler_0-5]: started with pid [477082][0m
[1mprocess[robot_state_publisher_crawler_0-6]: started with pid [477087][0m
[1mprocess[spawn_crawler_1-7]: started with pid [477093][0m
[1mprocess[robot_state_publisher_crawler_1-8]: started with pid [477096][0m
[1mprocess[crawler0_gt-9]: started with pid [477097][0m
[1mprocess[crawler1_gt-10]: started with pid [477103][0m
[1mprocess[crawler_0_1_ugw_viz-11]: started with pid [477109][0m
[1mprocess[og_viz-12]: started with pid [477111][0m
[1mprocess[rviz-13]: started with pid [477120][0m
[rviz-13] killing on exit
[og_viz-12] killing on exit
[crawler_0_1_ugw_viz-11] killing on exit
[crawler1_gt-10] killing on exit
[crawler0_gt-9] killing on exit
[robot_state_publisher_crawler_1-8] killing on exit
[spawn_crawler_1-7] killing on exit
[robot_state_publisher_crawler_0-6] killing on exit
[spawn_crawler_0-5] killing on exit
[world_to_world_tf-4] killing on exit
[robot_state_publisher_world-3] killing on exit
[spawn_corrosion-2] killing on exit
shutting down processing monitor...
... shutting down processing monitor complete
[1mdone[0m
[31mWARNING: disk usage in log directory [/home/chroma/.ros/log] is over 1GB.
It's recommended that you use the 'rosclean' command.[0m
[31m[gazebo-2] escalating to SIGTERM[0m
... logging to /home/chroma/.ros/log/89de7ec2-05fc-11ee-9aa2-738ee4d56d4e/roslaunch-chroma-HP-ProBook-650-G2-474970.log
Checking log directory for disk usage. This may take a while.
Press Ctrl-C to interrupt
]2;/home/chroma/Documents/bugwright2-ws/bugwright_ws/src/my_sim/launch/crawler_ugw_with_uwb_simulation_spawn.launch
[1mstarted roslaunch server http://chroma-HP-ProBook-650-G2:44399/[0m

SUMMARY
========

PARAMETERS
 * /crawler0_gt/base_frame: crawler0_gt
 * /crawler0_gt/reference_frame: world
 * /crawler1_gt/base_frame: crawler1_gt
 * /crawler1_gt/reference_frame: world
 * /crawler_0_1_ugw_viz/base_frame: crawler_0/UWBe
 * /crawler_0_1_ugw_viz/tag_frame: crawler_1/UWBe
 * /crawler_0_1_ugw_viz/tag_name: crawler1
 * /gazebo/enable_ros_network: True
 * /og_viz/base_frame: UWBe
 * /og_viz/buddies/crawler0: crawler1
 * /og_viz/grid_height: 6
 * /og_viz/grid_resolution: 0.05
 * /og_viz/grid_width: 6
 * /og_viz/reference_frame: world
 * /robot_description_crawler_0: <?xml version="1....
 * /robot_description_crawler_1: <?xml version="1....
 * /robot_state_publisher_crawler_0/publish_frequency: 10.0
 * /robot_state_publisher_crawler_0/tf_prefix: crawler_0
 * /robot_state_publisher_crawler_1/publish_frequency: 10.0
 * /robot_state_publisher_crawler_1/tf_prefix: crawler_1
 * /robot_state_publisher_world/publish_frequency: 1.0
 * /rosdistro: noetic
 * /rosversion: 1.16.0
 * /use_sim_time: True
 * /world_description: <?xml version="1....

NODES
  /
    crawler0_gt (my_sim/pose_to_tf.py)
    crawler1_gt (my_sim/pose_to_tf.py)
    crawler_0_1_ugw_viz (my_sim/ugw_visualization.py)
    gazebo (gazebo_ros/gzserver)
    og_viz (my_sim/occgrid_visualization.py)
    robot_state_publisher_crawler_0 (robot_state_publisher/robot_state_publisher)
    robot_state_publisher_crawler_1 (robot_state_publisher/robot_state_publisher)
    robot_state_publisher_world (robot_state_publisher/robot_state_publisher)
    rviz (rviz/rviz)
    spawn_corrosion (gazebo_ros/spawn_model)
    spawn_crawler_0 (gazebo_ros/spawn_model)
    spawn_crawler_1 (gazebo_ros/spawn_model)
    world_to_world_tf (tf2_ros/static_transform_publisher)

auto-starting new master
[1mprocess[master]: started with pid [475009][0m
[1mROS_MASTER_URI=http://localhost:11311[0m
]2;/home/chroma/Documents/bugwright2-ws/bugwright_ws/src/my_sim/launch/crawler_ugw_with_uwb_simulation_spawn.launch http://localhost:11311
[1msetting /run_id to 89de7ec2-05fc-11ee-9aa2-738ee4d56d4e[0m
[1mprocess[rosout-1]: started with pid [475026][0m
started core service [/rosout]
[1mprocess[gazebo-2]: started with pid [475033][0m
[1mprocess[spawn_corrosion-3]: started with pid [475038][0m
[1mprocess[robot_state_publisher_world-4]: started with pid [475039][0m
[1mprocess[world_to_world_tf-5]: started with pid [475040][0m
[1mprocess[spawn_crawler_0-6]: started with pid [475041][0m
[1mprocess[robot_state_publisher_crawler_0-7]: started with pid [475042][0m
[1mprocess[spawn_crawler_1-8]: started with pid [475052][0m
[1mprocess[robot_state_publisher_crawler_1-9]: started with pid [475054][0m
[1mprocess[crawler0_gt-10]: started with pid [475055][0m
[1mprocess[crawler1_gt-11]: started with pid [475061][0m
[1mprocess[crawler_0_1_ugw_viz-12]: started with pid [475071][0m
[1mprocess[og_viz-13]: started with pid [475073][0m
[1mprocess[rviz-14]: started with pid [475085][0m
[og_viz-13] killing on exit
[crawler_0_1_ugw_viz-12] killing on exit
[rviz-14] killing on exit
[crawler1_gt-11] killing on exit
[crawler0_gt-10] killing on exit
[robot_state_publisher_crawler_1-9] killing on exit
[spawn_crawler_1-8] killing on exit
[robot_state_publisher_crawler_0-7] killing on exit
[spawn_crawler_0-6] killing on exit
[world_to_world_tf-5] killing on exit
[robot_state_publisher_world-4] killing on exit
[spawn_corrosion-3] killing on exit
[gazebo-2] killing on exit
[rosout-1] killing on exit
[master] killing on exit
shutting down processing monitor...
... shutting down processing monitor complete
[1mdone[0m
warning: redefining global symbol: pi
when processing file: /home/chroma/Documents/bugwright2-ws/bugwright_ws/src/my_sim/models/CrawlerUGW/crawler.xacro
warning: redefining global symbol: pi
when processing file: /home/chroma/Documents/bugwright2-ws/bugwright_ws/src/my_sim/models/CrawlerUGW/crawler.xacro
[0m[ INFO] [1686229820.450591008]: Finished loading Gazebo ROS API Plugin.[0m
[0m[ INFO] [1686229820.451730272]: waitForService: Service [/gazebo/set_physics_properties] has not been advertised, waiting...[0m
[0m[ INFO] [1686229821.009117244]: waitForService: Service [/gazebo/set_physics_properties] is now available.[0m
[0m[ INFO] [1686229821.029697670, 0.016000000]: Physics dynamic reconfigure ready.[0m
[0m[ INFO] [1686229822.061993770, 0.356000000]: Laser Plugin: Using the 'robotNamespace' param: '/'[0m
[0m[ INFO] [1686229822.062029504, 0.356000000]: Starting Laser Plugin (ns = /)[0m
[0m[ INFO] [1686229822.063822150, 0.356000000]: Laser Plugin (ns = /)  <tf_prefix_>, set to ""[0m
[0m[ INFO] [1686229822.071140534, 0.356000000]: <robotNamespace> set to: //[0m
[0m[ INFO] [1686229822.071166801, 0.356000000]: <topicName> set to: /crawler1/imu[0m
[0m[ INFO] [1686229822.071196694, 0.356000000]: <frameName> set to: crawler_1/base_link[0m
[0m[ INFO] [1686229822.071229435, 0.356000000]: <updateRateHZ> set to: 10[0m
[0m[ INFO] [1686229822.071285441, 0.356000000]: <gaussianNoise> set to: 0[0m
[0m[ INFO] [1686229822.071364582, 0.356000000]: <xyzOffset> set to: 0 0 0[0m
[0m[ INFO] [1686229822.071456563, 0.356000000]: <rpyOffset> set to: 0 -0 0[0m
[0m[ INFO] [1686229822.083758889, 0.356000000]: NS UWBe1 UwbPlugin::Load crawler1 Tag 0 Publish TF 1[0m
NS UWBe1 Uwb topic: uwb
[0m[ INFO] [1686229822.084369513, 0.356000000]: NS TAG1 UwbPlugin::Load crawler1 Tag 1 Publish TF 0[0m
NS TAG1 Uwb topic: crawler1/uwb_sim
[33m[ WARN] [1686229822.094563796, 0.356000000]: DiffDrive(ns = //): missing <rosDebugLevel> default is na[0m
[33m[ WARN] [1686229822.095385510, 0.356000000]: DiffDrive(ns = //): missing <wheelAcceleration> default is 0[0m
[33m[ WARN] [1686229822.095415698, 0.356000000]: DiffDrive(ns = //): missing <wheelTorque> default is 5[0m
[0m[ INFO] [1686229822.094518590, 0.356000000]: Starting plugin DiffDrive(ns = //)[0m
[0m[ INFO] [1686229822.095249053, 0.356000000]: DiffDrive(ns = //): <tf_prefix> = [0m
[0m[ INFO] [1686229822.095682189, 0.356000000]: DiffDrive(ns = //): Try to subscribe to /crawler1/base_controller/cmd_vel[0m
[0m[ INFO] [1686229822.097756771, 0.356000000]: DiffDrive(ns = //): Subscribe to /crawler1/base_controller/cmd_vel[0m
[0m[ INFO] [1686229822.098246076, 0.356000000]: DiffDrive(ns = //): Advertise odom on /crawler1/odom [0m
[0m[ INFO] [1686229823.284062896, 0.756000000]: Laser Plugin: Using the 'robotNamespace' param: '/'[0m
[0m[ INFO] [1686229823.284117157, 0.756000000]: Starting Laser Plugin (ns = /)[0m
[0m[ INFO] [1686229823.285042586, 0.756000000]: Laser Plugin (ns = /)  <tf_prefix_>, set to ""[0m
[0m[ INFO] [1686229823.286708703, 0.756000000]: <robotNamespace> set to: //[0m
[0m[ INFO] [1686229823.286739569, 0.756000000]: <topicName> set to: /crawler0/imu[0m
[0m[ INFO] [1686229823.286776692, 0.756000000]: <frameName> set to: crawler_0/base_link[0m
[0m[ INFO] [1686229823.286801993, 0.756000000]: <updateRateHZ> set to: 10[0m
[0m[ INFO] [1686229823.286863814, 0.756000000]: <gaussianNoise> set to: 0[0m
[0m[ INFO] [1686229823.286893739, 0.756000000]: <xyzOffset> set to: 0 0 0[0m
[0m[ INFO] [1686229823.286923051, 0.756000000]: <rpyOffset> set to: 0 -0 0[0m
[0m[ INFO] [1686229823.294072857, 0.756000000]: NS UWBe0 UwbPlugin::Load crawler0 Tag 0 Publish TF 1[0m
NS UWBe0 Uwb topic: uwb
[0m[ INFO] [1686229823.294348551, 0.756000000]: NS TAG0 UwbPlugin::Load crawler0 Tag 1 Publish TF 0[0m
NS TAG0 Uwb topic: crawler0/uwb_sim
[33m[ WARN] [1686229823.295656475, 0.756000000]: DiffDrive(ns = //): missing <rosDebugLevel> default is na[0m
[33m[ WARN] [1686229823.296342787, 0.756000000]: DiffDrive(ns = //): missing <wheelAcceleration> default is 0[0m
[33m[ WARN] [1686229823.296396993, 0.756000000]: DiffDrive(ns = //): missing <wheelTorque> default is 5[0m
[ERROR] [1686231183.530083, 1225.977000]: Delete model service call failed: transport error completing service call: unable to receive data from sender, check sender's logs for details
[ERROR] [1686231183.530138, 1225.977000]: Delete model service call failed: transport error completing service call: unable to receive data from sender, check sender's logs for details
[INFO] [1686229820.075618, 0.000000]: Loading model XML from ros parameter robot_description_crawler_0
[INFO] [1686229820.083190, 0.000000]: Waiting for service /gazebo/spawn_urdf_model
[INFO] [1686229821.292823, 0.270000]: Calling service /gazebo/spawn_urdf_model
[INFO] [1686229823.293951, 0.756000]: Spawn status: SpawnModel: Successfully spawned entity
[INFO] [1686229823.296036, 0.756000]: Waiting for shutdown to delete model crawler0
[INFO] [1686231183.222418, 1225.779000]: Deleting model crawler0
[INFO] [1686229820.247985, 0.000000]: Loading model XML from ros parameter robot_description_crawler_1
[INFO] [1686229820.255749, 0.000000]: Waiting for service /gazebo/spawn_urdf_model
[INFO] [1686229821.164796, 0.143000]: Calling service /gazebo/spawn_urdf_model
[INFO] [1686229822.074205, 0.356000]: Spawn status: SpawnModel: Successfully spawned entity
[INFO] [1686229822.075374, 0.356000]: Waiting for shutdown to delete model crawler1
[INFO] [1686231183.217308, 1225.774000]: Deleting model crawler1
[ERROR] [1686231183.530162, 1225.977000]: Delete model service call failed: transport error completing service call: unable to receive data from sender, check sender's logs for details
[INFO] [1686229820.013966, 0.000000]: Loading model XML from ros parameter world_description
[INFO] [1686229820.027327, 0.000000]: Waiting for service /gazebo/spawn_urdf_model
[INFO] [1686229821.236974, 0.214000]: Calling service /gazebo/spawn_urdf_model
[INFO] [1686229822.392756, 0.558000]: Spawn status: SpawnModel: Successfully spawned entity
[INFO] [1686229822.394115, 0.558000]: Waiting for shutdown to delete model corrosion
[INFO] [1686231183.422230, 1225.975000]: Deleting model corrosion
[31mWARNING: disk usage in log directory [/home/chroma/.ros/log] is over 1GB.
It's recommended that you use the 'rosclean' command.[0m
[31m[gazebo-2] escalating to SIGTERM[0m
... logging to /home/chroma/.ros/log/d07e5d6a-05fd-11ee-9aa2-738ee4d56d4e/roslaunch-chroma-HP-ProBook-650-G2-477824.log
Checking log directory for disk usage. This may take a while.
Press Ctrl-C to interrupt
]2;/home/chroma/Documents/bugwright2-ws/bugwright_ws/src/my_sim/launch/crawler_ugw_with_uwb_simulation_spawn.launch
[1mstarted roslaunch server http://chroma-HP-ProBook-650-G2:36333/[0m

SUMMARY
========

PARAMETERS
 * /crawler0_gt/base_frame: crawler0_gt
 * /crawler0_gt/reference_frame: world
 * /crawler1_gt/base_frame: crawler1_gt
 * /crawler1_gt/reference_frame: world
 * /crawler_0_1_ugw_viz/base_frame: crawler_0/UWBe
 * /crawler_0_1_ugw_viz/tag_frame: crawler_1/UWBe
 * /crawler_0_1_ugw_viz/tag_name: crawler1
 * /gazebo/enable_ros_network: True
 * /og_viz/base_frame: UWBe
 * /og_viz/buddies/crawler0: crawler1
 * /og_viz/grid_height: 6
 * /og_viz/grid_resolution: 0.05
 * /og_viz/grid_width: 6
 * /og_viz/reference_frame: world
 * /robot_description_crawler_0: <?xml version="1....
 * /robot_description_crawler_1: <?xml version="1....
 * /robot_state_publisher_crawler_0/publish_frequency: 10.0
 * /robot_state_publisher_crawler_0/tf_prefix: crawler_0
 * /robot_state_publisher_crawler_1/publish_frequency: 10.0
 * /robot_state_publisher_crawler_1/tf_prefix: crawler_1
 * /robot_state_publisher_world/publish_frequency: 1.0
 * /rosdistro: noetic
 * /rosversion: 1.16.0
 * /use_sim_time: True
 * /world_description: <?xml version="1....

NODES
  /
    crawler0_gt (my_sim/pose_to_tf.py)
    crawler1_gt (my_sim/pose_to_tf.py)
    crawler_0_1_ugw_viz (my_sim/ugw_visualization.py)
    gazebo (gazebo_ros/gzserver)
    og_viz (my_sim/occgrid_visualization.py)
    robot_state_publisher_crawler_0 (robot_state_publisher/robot_state_publisher)
    robot_state_publisher_crawler_1 (robot_state_publisher/robot_state_publisher)
    robot_state_publisher_world (robot_state_publisher/robot_state_publisher)
    rviz (rviz/rviz)
    spawn_corrosion (gazebo_ros/spawn_model)
    spawn_crawler_0 (gazebo_ros/spawn_model)
    spawn_crawler_1 (gazebo_ros/spawn_model)
    world_to_world_tf (tf2_ros/static_transform_publisher)

auto-starting new master
[1mprocess[master]: started with pid [477860][0m
[1mROS_MASTER_URI=http://localhost:11311[0m
]2;/home/chroma/Documents/bugwright2-ws/bugwright_ws/src/my_sim/launch/crawler_ugw_with_uwb_simulation_spawn.launch http://localhost:11311
[1msetting /run_id to d07e5d6a-05fd-11ee-9aa2-738ee4d56d4e[0m
[1mprocess[rosout-1]: started with pid [477880][0m
started core service [/rosout]
[1mprocess[gazebo-2]: started with pid [477887][0m
[1mprocess[spawn_corrosion-3]: started with pid [477892][0m
[1mprocess[robot_state_publisher_world-4]: started with pid [477893][0m
[1mprocess[world_to_world_tf-5]: started with pid [477894][0m
[1mprocess[spawn_crawler_0-6]: started with pid [477895][0m
[1mprocess[robot_state_publisher_crawler_0-7]: started with pid [477897][0m
[1mprocess[spawn_crawler_1-8]: started with pid [477906][0m
[1mprocess[robot_state_publisher_crawler_1-9]: started with pid [477907][0m
[1mprocess[crawler0_gt-10]: started with pid [477915][0m
[1mprocess[crawler1_gt-11]: started with pid [477916][0m
[1mprocess[crawler_0_1_ugw_viz-12]: started with pid [477919][0m
[1mprocess[og_viz-13]: started with pid [477931][0m
[1mprocess[rviz-14]: started with pid [477939][0m
[rviz-14] killing on exit
[og_viz-13] killing on exit
[crawler_0_1_ugw_viz-12] killing on exit
[crawler0_gt-10] killing on exit
[crawler1_gt-11] killing on exit
[robot_state_publisher_crawler_0-7] killing on exit
[robot_state_publisher_crawler_1-9] killing on exit
[spawn_crawler_1-8] killing on exit
[world_to_world_tf-5] killing on exit
[spawn_crawler_0-6] killing on exit
[robot_state_publisher_world-4] killing on exit
[spawn_corrosion-3] killing on exit
[gazebo-2] killing on exit
[rosout-1] killing on exit
[master] killing on exit
shutting down processing monitor...
... shutting down processing monitor complete
[1mdone[0m
