warning: redefining global symbol: pi
when processing file: /home/chroma/Documents/bugwright2-ws/bugwright_ws/src/my_sim/models/CrawlerUGW/crawler.xacro
warning: redefining global symbol: pi
when processing file: /home/chroma/Documents/bugwright2-ws/bugwright_ws/src/my_sim/models/CrawlerUGW/crawler.xacro
[0m[ INFO] [1684106147.027886540]: Finished loading Gazebo ROS API Plugin.[0m
[0m[ INFO] [1684106147.029370477]: waitForService: Service [/gazebo/set_physics_properties] has not been advertised, waiting...[0m
[0m[ INFO] [1684106147.546892373, 0.003000000]: waitForService: Service [/gazebo/set_physics_properties] is now available.[0m
[0m[ INFO] [1684106147.577940850, 0.032000000]: Physics dynamic reconfigure ready.[0m
[0m[ INFO] [1684106148.488109470, 0.157000000]: Camera Plugin: Using the 'robotNamespace' param: '/'[0m
[0m[ INFO] [1684106148.491075872, 0.157000000]: Camera Plugin (ns = /)  <tf_prefix_>, set to ""[0m
[0m[ INFO] [1684106148.499874104, 0.157000000]: <robotNamespace> set to: //[0m
[0m[ INFO] [1684106148.499920616, 0.157000000]: <topicName> set to: /crawler1/imu[0m
[0m[ INFO] [1684106148.499935219, 0.157000000]: <frameName> set to: crawler_1/base_link[0m
[0m[ INFO] [1684106148.499980619, 0.157000000]: <updateRateHZ> set to: 10[0m
[0m[ INFO] [1684106148.500012632, 0.157000000]: <gaussianNoise> set to: 0[0m
[0m[ INFO] [1684106148.500055152, 0.157000000]: <xyzOffset> set to: 0 0 0[0m
[0m[ INFO] [1684106148.500106149, 0.157000000]: <rpyOffset> set to: 0 -0 0[0m
[0m[ INFO] [1684106148.610294260, 0.157000000]: NS UWBe1 UwbPlugin::Load crawler1 Tag 0 Publish TF 1[0m
NS UWBe1 Uwb topic: uwb
[0m[ INFO] [1684106148.611020662, 0.157000000]: NS TAG1 UwbPlugin::Load crawler1 Tag 1 Publish TF 0[0m
NS TAG1 Uwb topic: crawler1/uwb_sim
[33m[ WARN] [1684106148.622253774, 0.157000000]: DiffDrive(ns = //): missing <rosDebugLevel> default is na[0m
[33m[ WARN] [1684106148.623942679, 0.157000000]: DiffDrive(ns = //): missing <wheelAcceleration> default is 0[0m
[33m[ WARN] [1684106148.623964858, 0.157000000]: DiffDrive(ns = //): missing <wheelTorque> default is 5[0m
[31m[ERROR] [1684106149.325745868, 0.558000000]: Tried to advertise a service that is already advertised in this node [/IFM_ir/set_camera_info][0m
[31m[ERROR] [1684106149.327448261, 0.558000000]: Tried to advertise a service that is already advertised in this node [/IFM_ir/set_parameters][0m
[0m[ INFO] [1684106148.622176513, 0.157000000]: Starting plugin DiffDrive(ns = //)[0m
[0m[ INFO] [1684106148.623705277, 0.157000000]: DiffDrive(ns = //): <tf_prefix> = [0m
[0m[ INFO] [1684106148.624180670, 0.157000000]: DiffDrive(ns = //): Try to subscribe to /crawler1/base_controller/cmd_vel[0m
[0m[ INFO] [1684106148.626689176, 0.157000000]: DiffDrive(ns = //): Subscribe to /crawler1/base_controller/cmd_vel[0m
[0m[ INFO] [1684106148.627420151, 0.157000000]: DiffDrive(ns = //): Advertise odom on /crawler1/odom [0m
[0m[ INFO] [1684106149.325291834, 0.558000000]: Camera Plugin: Using the 'robotNamespace' param: '/'[0m
[0m[ INFO] [1684106149.327403798, 0.558000000]: Camera Plugin (ns = /)  <tf_prefix_>, set to ""[0m
[0m[ INFO] [1684106149.366693739, 0.558000000]: <robotNamespace> set to: //[0m
[0m[ INFO] [1684106149.366736368, 0.558000000]: <topicName> set to: /crawler0/imu[0m
[0m[ INFO] [1684106149.366759701, 0.558000000]: <frameName> set to: crawler_0/base_link[0m
[0m[ INFO] [1684106149.366777455, 0.558000000]: <updateRateHZ> set to: 10[0m
[0m[ INFO] [1684106149.366791172, 0.558000000]: <gaussianNoise> set to: 0[0m
[0m[ INFO] [1684106149.366810394, 0.558000000]: <xyzOffset> set to: 0 0 0[0m
[0m[ INFO] [1684106149.366826273, 0.558000000]: <rpyOffset> set to: 0 -0 0[0m
[0m[ INFO] [1684106149.436695386, 0.558000000]: NS UWBe0 UwbPlugin::Load crawler0 Tag 0 Publish TF 1[0m
NS UWBe0 Uwb topic: uwb
[0m[ INFO] [1684106149.437157075, 0.558000000]: NS TAG0 UwbPlugin::Load crawler0 Tag 1 Publish TF 0[0m
NS TAG0 Uwb topic: crawler0/uwb_sim
[33m[ WARN] [1684106149.438474692, 0.558000000]: DiffDrive(ns = //): missing <rosDebugLevel> default is na[0m
[33m[ WARN] [1684106149.439550291, 0.558000000]: DiffDrive(ns = //): missing <wheelAcceleration> default is 0[0m
[33m[ WARN] [1684106149.439593100, 0.558000000]: DiffDrive(ns = //): missing <wheelTorque> default is 5[0m
[ERROR] [1684106945.259492, 792.942000]: Delete model service call failed: transport error completing service call: unable to receive data from sender, check sender's logs for details
[INFO] [1684106146.708071, 0.000000]: Loading model XML from ros parameter robot_description_crawler_1
[INFO] [1684106146.712775, 0.000000]: Waiting for service /gazebo/spawn_urdf_model
[INFO] [1684106147.618795, 0.070000]: Calling service /gazebo/spawn_urdf_model
[INFO] [1684106148.500223, 0.157000]: Spawn status: SpawnModel: Successfully spawned entity
[INFO] [1684106148.501986, 0.157000]: Waiting for shutdown to delete model crawler1
[INFO] [1684106944.963505, 792.742000]: Deleting model crawler1
[ERROR] [1684106945.259494, 792.942000]: Delete model service call failed: transport error completing service call: unable to receive data from sender, check sender's logs for details
[INFO] [1684106146.747266, 0.000000]: Loading model XML from ros parameter robot_description_crawler_0
[INFO] [1684106146.752104, 0.000000]: Waiting for service /gazebo/spawn_urdf_model
[INFO] [1684106147.657915, 0.107000]: Calling service /gazebo/spawn_urdf_model
[INFO] [1684106149.336068, 0.558000]: Spawn status: SpawnModel: Successfully spawned entity
[INFO] [1684106149.337551, 0.558000]: Waiting for shutdown to delete model crawler0
[INFO] [1684106944.959735, 792.740000]: Deleting model crawler0
[ERROR] [1684106945.259492, 792.942000]: Delete model service call failed: transport error completing service call: unable to receive data from sender, check sender's logs for details
[INFO] [1684106146.724143, 0.000000]: Loading model XML from ros parameter world_description
[INFO] [1684106146.741231, 0.000000]: Waiting for service /gazebo/spawn_urdf_model
[INFO] [1684106147.648032, 0.097000]: Calling service /gazebo/spawn_urdf_model
[INFO] [1684106149.039201, 0.358000]: Spawn status: SpawnModel: Successfully spawned entity
[INFO] [1684106149.040788, 0.360000]: Waiting for shutdown to delete model corrosion
[INFO] [1684106945.062433, 792.840000]: Deleting model corrosion
[31m[gazebo-2] escalating to SIGTERM[0m
... logging to /home/chroma/.ros/log/409fc098-f2ad-11ed-9003-e5e619360a76/roslaunch-chroma-HP-ProBook-650-G2-213873.log
Checking log directory for disk usage. This may take a while.
Press Ctrl-C to interrupt
Done checking log file disk usage. Usage is <1GB.
]2;/home/chroma/Documents/bugwright2-ws/bugwright_ws/src/my_sim/launch/crawler_ugw_with_uwb_simulation_spawn.launch
[1mstarted roslaunch server http://chroma-HP-ProBook-650-G2:35057/[0m

SUMMARY
========

PARAMETERS
 * /crawler0_gt/base_frame: crawler0_gt
 * /crawler0_gt/reference_frame: world
 * /crawler1_gt/base_frame: crawler1_gt
 * /crawler1_gt/reference_frame: world
 * /crawler_0_1_ugw_viz/base_frame: crawler_0/UWBe
 * /crawler_0_1_ugw_viz/tag_frame: crawler_1/UWBe
 * /crawler_0_1_ugw_viz/tag_name: crawler1
 * /gazebo/enable_ros_network: True
 * /og_viz/base_frame: UWBe
 * /og_viz/buddies/crawler0: crawler1
 * /og_viz/grid_height: 6
 * /og_viz/grid_resolution: 0.05
 * /og_viz/grid_width: 6
 * /og_viz/reference_frame: world
 * /robot_description_crawler_0: <?xml version="1....
 * /robot_description_crawler_1: <?xml version="1....
 * /robot_state_publisher_crawler_0/publish_frequency: 10.0
 * /robot_state_publisher_crawler_0/tf_prefix: crawler_0
 * /robot_state_publisher_crawler_1/publish_frequency: 10.0
 * /robot_state_publisher_crawler_1/tf_prefix: crawler_1
 * /robot_state_publisher_world/publish_frequency: 1.0
 * /rosdistro: noetic
 * /rosversion: 1.16.0
 * /use_sim_time: True
 * /world_description: <?xml version="1....

NODES
  /
    crawler0_gt (my_sim/pose_to_tf.py)
    crawler1_gt (my_sim/pose_to_tf.py)
    crawler_0_1_ugw_viz (my_sim/ugw_visualization.py)
    gazebo (gazebo_ros/gzserver)
    og_viz (my_sim/occgrid_visualization.py)
    robot_state_publisher_crawler_0 (robot_state_publisher/robot_state_publisher)
    robot_state_publisher_crawler_1 (robot_state_publisher/robot_state_publisher)
    robot_state_publisher_world (robot_state_publisher/robot_state_publisher)
    rviz (rviz/rviz)
    spawn_corrosion (gazebo_ros/spawn_model)
    spawn_crawler_0 (gazebo_ros/spawn_model)
    spawn_crawler_1 (gazebo_ros/spawn_model)
    world_to_world_tf (tf2_ros/static_transform_publisher)

auto-starting new master
[1mprocess[master]: started with pid [213909][0m
[1mROS_MASTER_URI=http://localhost:11311[0m
]2;/home/chroma/Documents/bugwright2-ws/bugwright_ws/src/my_sim/launch/crawler_ugw_with_uwb_simulation_spawn.launch http://localhost:11311
[1msetting /run_id to 409fc098-f2ad-11ed-9003-e5e619360a76[0m
[1mprocess[rosout-1]: started with pid [213926][0m
started core service [/rosout]
[1mprocess[gazebo-2]: started with pid [213933][0m
[1mprocess[spawn_corrosion-3]: started with pid [213937][0m
[1mprocess[robot_state_publisher_world-4]: started with pid [213939][0m
[1mprocess[world_to_world_tf-5]: started with pid [213940][0m
[1mprocess[spawn_crawler_0-6]: started with pid [213941][0m
[1mprocess[robot_state_publisher_crawler_0-7]: started with pid [213946][0m
[1mprocess[spawn_crawler_1-8]: started with pid [213952][0m
[1mprocess[robot_state_publisher_crawler_1-9]: started with pid [213954][0m
[1mprocess[crawler0_gt-10]: started with pid [213956][0m
[1mprocess[crawler1_gt-11]: started with pid [213961][0m
[1mprocess[crawler_0_1_ugw_viz-12]: started with pid [213968][0m
[1mprocess[og_viz-13]: started with pid [213977][0m
[1mprocess[rviz-14]: started with pid [213978][0m
[rviz-14] killing on exit
[crawler_0_1_ugw_viz-12] killing on exit
[crawler0_gt-10] killing on exit
[og_viz-13] killing on exit
[crawler1_gt-11] killing on exit
[spawn_crawler_0-6] killing on exit
[world_to_world_tf-5] killing on exit
[robot_state_publisher_crawler_0-7] killing on exit
[spawn_crawler_1-8] killing on exit
[robot_state_publisher_crawler_1-9] killing on exit
[robot_state_publisher_world-4] killing on exit
[spawn_corrosion-3] killing on exit
[gazebo-2] killing on exit
[rosout-1] killing on exit
[master] killing on exit
shutting down processing monitor...
... shutting down processing monitor complete
[1mdone[0m
