warning: redefining global symbol: pi
when processing file: /home/chroma/Documents/bugwright2-ws/bugwright_ws/src/my_sim/models/CrawlerUGW/crawler.xacro
warning: redefining global symbol: pi
when processing file: /home/chroma/Documents/bugwright2-ws/bugwright_ws/src/my_sim/models/CrawlerUGW/crawler.xacro
[0m[ INFO] [1684092269.225734079]: Finished loading Gazebo ROS API Plugin.[0m
[0m[ INFO] [1684092269.227048851]: waitForService: Service [/gazebo/set_physics_properties] has not been advertised, waiting...[0m
[0m[ INFO] [1684092269.722649398, 0.001000000]: waitForService: Service [/gazebo/set_physics_properties] is now available.[0m
[0m[ INFO] [1684092269.750002683, 0.027000000]: Physics dynamic reconfigure ready.[0m
[0m[ INFO] [1684092270.682391544, 0.159000000]: Camera Plugin: Using the 'robotNamespace' param: '/'[0m
[0m[ INFO] [1684092270.685411290, 0.159000000]: Camera Plugin (ns = /)  <tf_prefix_>, set to ""[0m
[0m[ INFO] [1684092270.693849142, 0.159000000]: <robotNamespace> set to: //[0m
[0m[ INFO] [1684092270.693870466, 0.159000000]: <topicName> set to: /crawler0/imu[0m
[0m[ INFO] [1684092270.693882804, 0.159000000]: <frameName> set to: crawler_0/base_link[0m
[0m[ INFO] [1684092270.693918114, 0.159000000]: <updateRateHZ> set to: 10[0m
[0m[ INFO] [1684092270.693929544, 0.159000000]: <gaussianNoise> set to: 0[0m
[0m[ INFO] [1684092270.693962813, 0.159000000]: <xyzOffset> set to: 0 0 0[0m
[0m[ INFO] [1684092270.694033464, 0.159000000]: <rpyOffset> set to: 0 -0 0[0m
[0m[ INFO] [1684092270.804304722, 0.159000000]: NS UWBe0 UwbPlugin::Load crawler0 Tag 0 Publish TF 1[0m
NS UWBe0 Uwb topic: uwb
[0m[ INFO] [1684092270.805259060, 0.159000000]: NS TAG0 UwbPlugin::Load crawler0 Tag 1 Publish TF 0[0m
NS TAG0 Uwb topic: crawler0/uwb_sim
[33m[ WARN] [1684092270.816019746, 0.159000000]: DiffDrive(ns = //): missing <rosDebugLevel> default is na[0m
[33m[ WARN] [1684092270.817506058, 0.159000000]: DiffDrive(ns = //): missing <wheelAcceleration> default is 0[0m
[33m[ WARN] [1684092270.817554590, 0.159000000]: DiffDrive(ns = //): missing <wheelTorque> default is 5[0m
[31m[ERROR] [1684092271.474637789, 0.559000000]: Tried to advertise a service that is already advertised in this node [/IFM_ir/set_camera_info][0m
[31m[ERROR] [1684092271.476264832, 0.559000000]: Tried to advertise a service that is already advertised in this node [/IFM_ir/set_parameters][0m
[0m[ INFO] [1684092270.815919895, 0.159000000]: Starting plugin DiffDrive(ns = //)[0m
[0m[ INFO] [1684092270.817281848, 0.159000000]: DiffDrive(ns = //): <tf_prefix> = [0m
[0m[ INFO] [1684092270.817682826, 0.159000000]: DiffDrive(ns = //): Try to subscribe to /crawler0/base_controller/cmd_vel[0m
[0m[ INFO] [1684092270.819692558, 0.159000000]: DiffDrive(ns = //): Subscribe to /crawler0/base_controller/cmd_vel[0m
[0m[ INFO] [1684092270.820331009, 0.159000000]: DiffDrive(ns = //): Advertise odom on /crawler0/odom [0m
[0m[ INFO] [1684092271.474395856, 0.559000000]: Camera Plugin: Using the 'robotNamespace' param: '/'[0m
[0m[ INFO] [1684092271.476200905, 0.559000000]: Camera Plugin (ns = /)  <tf_prefix_>, set to ""[0m
[0m[ INFO] [1684092271.479085222, 0.559000000]: <robotNamespace> set to: //[0m
[0m[ INFO] [1684092271.479116963, 0.559000000]: <topicName> set to: /crawler1/imu[0m
[0m[ INFO] [1684092271.479165368, 0.559000000]: <frameName> set to: crawler_1/base_link[0m
[0m[ INFO] [1684092271.479201172, 0.559000000]: <updateRateHZ> set to: 10[0m
[0m[ INFO] [1684092271.479251054, 0.559000000]: <gaussianNoise> set to: 0[0m
[0m[ INFO] [1684092271.479298658, 0.559000000]: <xyzOffset> set to: 0 0 0[0m
[0m[ INFO] [1684092271.479337633, 0.559000000]: <rpyOffset> set to: 0 -0 0[0m
[0m[ INFO] [1684092271.485398219, 0.559000000]: NS UWBe1 UwbPlugin::Load crawler1 Tag 0 Publish TF 1[0m
NS UWBe1 Uwb topic: uwb
[0m[ INFO] [1684092271.485564035, 0.559000000]: NS TAG1 UwbPlugin::Load crawler1 Tag 1 Publish TF 0[0m
NS TAG1 Uwb topic: crawler1/uwb_sim
[33m[ WARN] [1684092271.486481889, 0.559000000]: DiffDrive(ns = //): missing <rosDebugLevel> default is na[0m
[33m[ WARN] [1684092271.487335466, 0.559000000]: DiffDrive(ns = //): missing <wheelAcceleration> default is 0[0m
[33m[ WARN] [1684092271.487369669, 0.559000000]: DiffDrive(ns = //): missing <wheelTorque> default is 5[0m
[ERROR] [1684094428.937792, 2150.741000]: Delete model service call failed: transport error completing service call: unable to receive data from sender, check sender's logs for details
[INFO] [1684092268.851348, 0.000000]: Loading model XML from ros parameter robot_description_crawler_0
[INFO] [1684092268.855864, 0.000000]: Waiting for service /gazebo/spawn_urdf_model
[INFO] [1684092269.761827, 0.037000]: Calling service /gazebo/spawn_urdf_model
[INFO] [1684092270.694634, 0.159000]: Spawn status: SpawnModel: Successfully spawned entity
[INFO] [1684092270.695879, 0.159000]: Waiting for shutdown to delete model crawler0
[INFO] [1684094428.655987, 2150.542000]: Deleting model crawler0
[ERROR] [1684094428.937777, 2150.741000]: Delete model service call failed: transport error completing service call: unable to receive data from sender, check sender's logs for details
[INFO] [1684092268.872856, 0.000000]: Loading model XML from ros parameter world_description
[INFO] [1684092268.888137, 0.000000]: Waiting for service /gazebo/spawn_urdf_model
[INFO] [1684092269.796369, 0.069000]: Calling service /gazebo/spawn_urdf_model
[INFO] [1684092271.173132, 0.360000]: Spawn status: SpawnModel: Successfully spawned entity
[INFO] [1684092271.174401, 0.360000]: Waiting for shutdown to delete model corrosion
[INFO] [1684094428.758251, 2150.641000]: Deleting model corrosion
[ERROR] [1684094428.937695, 2150.741000]: Delete model service call failed: transport error completing service call: unable to receive data from sender, check sender's logs for details
[INFO] [1684092268.893277, 0.000000]: Loading model XML from ros parameter robot_description_crawler_1
[INFO] [1684092268.900476, 0.000000]: Waiting for service /gazebo/spawn_urdf_model
[INFO] [1684092269.807115, 0.079000]: Calling service /gazebo/spawn_urdf_model
[INFO] [1684092271.485283, 0.559000]: Spawn status: SpawnModel: Successfully spawned entity
[INFO] [1684092271.486852, 0.559000]: Waiting for shutdown to delete model crawler1
[INFO] [1684094428.653506, 2150.539000]: Deleting model crawler1
[31m[gazebo-2] escalating to SIGTERM[0m
... logging to /home/chroma/.ros/log/f0ccf948-f28c-11ed-9003-e5e619360a76/roslaunch-chroma-HP-ProBook-650-G2-203515.log
Checking log directory for disk usage. This may take a while.
Press Ctrl-C to interrupt
Done checking log file disk usage. Usage is <1GB.
]2;/home/chroma/Documents/bugwright2-ws/bugwright_ws/src/my_sim/launch/crawler_ugw_with_uwb_simulation_spawn.launch
[1mstarted roslaunch server http://chroma-HP-ProBook-650-G2:41989/[0m

SUMMARY
========

PARAMETERS
 * /crawler0_gt/base_frame: crawler0_gt
 * /crawler0_gt/reference_frame: world
 * /crawler1_gt/base_frame: crawler1_gt
 * /crawler1_gt/reference_frame: world
 * /crawler_0_1_ugw_viz/base_frame: crawler_0/UWBe
 * /crawler_0_1_ugw_viz/tag_frame: crawler_1/UWBe
 * /crawler_0_1_ugw_viz/tag_name: crawler1
 * /gazebo/enable_ros_network: True
 * /og_viz/base_frame: UWBe
 * /og_viz/buddies/crawler0: crawler1
 * /og_viz/grid_height: 6
 * /og_viz/grid_resolution: 0.05
 * /og_viz/grid_width: 6
 * /og_viz/reference_frame: world
 * /robot_description_crawler_0: <?xml version="1....
 * /robot_description_crawler_1: <?xml version="1....
 * /robot_state_publisher_crawler_0/publish_frequency: 10.0
 * /robot_state_publisher_crawler_0/tf_prefix: crawler_0
 * /robot_state_publisher_crawler_1/publish_frequency: 10.0
 * /robot_state_publisher_crawler_1/tf_prefix: crawler_1
 * /robot_state_publisher_world/publish_frequency: 1.0
 * /rosdistro: noetic
 * /rosversion: 1.16.0
 * /use_sim_time: True
 * /world_description: <?xml version="1....

NODES
  /
    crawler0_gt (my_sim/pose_to_tf.py)
    crawler1_gt (my_sim/pose_to_tf.py)
    crawler_0_1_ugw_viz (my_sim/ugw_visualization.py)
    gazebo (gazebo_ros/gzserver)
    og_viz (my_sim/occgrid_visualization.py)
    robot_state_publisher_crawler_0 (robot_state_publisher/robot_state_publisher)
    robot_state_publisher_crawler_1 (robot_state_publisher/robot_state_publisher)
    robot_state_publisher_world (robot_state_publisher/robot_state_publisher)
    rviz (rviz/rviz)
    spawn_corrosion (gazebo_ros/spawn_model)
    spawn_crawler_0 (gazebo_ros/spawn_model)
    spawn_crawler_1 (gazebo_ros/spawn_model)
    world_to_world_tf (tf2_ros/static_transform_publisher)

auto-starting new master
[1mprocess[master]: started with pid [203551][0m
[1mROS_MASTER_URI=http://localhost:11311[0m
]2;/home/chroma/Documents/bugwright2-ws/bugwright_ws/src/my_sim/launch/crawler_ugw_with_uwb_simulation_spawn.launch http://localhost:11311
[1msetting /run_id to f0ccf948-f28c-11ed-9003-e5e619360a76[0m
[1mprocess[rosout-1]: started with pid [203568][0m
started core service [/rosout]
[1mprocess[gazebo-2]: started with pid [203575][0m
[1mprocess[spawn_corrosion-3]: started with pid [203579][0m
[1mprocess[robot_state_publisher_world-4]: started with pid [203581][0m
[1mprocess[world_to_world_tf-5]: started with pid [203582][0m
[1mprocess[spawn_crawler_0-6]: started with pid [203583][0m
[1mprocess[robot_state_publisher_crawler_0-7]: started with pid [203585][0m
[1mprocess[spawn_crawler_1-8]: started with pid [203594][0m
[1mprocess[robot_state_publisher_crawler_1-9]: started with pid [203596][0m
[1mprocess[crawler0_gt-10]: started with pid [203597][0m
[1mprocess[crawler1_gt-11]: started with pid [203602][0m
[1mprocess[crawler_0_1_ugw_viz-12]: started with pid [203611][0m
[1mprocess[og_viz-13]: started with pid [203615][0m
[1mprocess[rviz-14]: started with pid [203619][0m
[rviz-14] killing on exit
[og_viz-13] killing on exit
[crawler_0_1_ugw_viz-12] killing on exit
[crawler1_gt-11] killing on exit
[crawler0_gt-10] killing on exit
[spawn_crawler_1-8] killing on exit
[spawn_crawler_0-6] killing on exit
[world_to_world_tf-5] killing on exit
[robot_state_publisher_crawler_0-7] killing on exit
[robot_state_publisher_crawler_1-9] killing on exit
[robot_state_publisher_world-4] killing on exit
[spawn_corrosion-3] killing on exit
[gazebo-2] killing on exit
[rosout-1] killing on exit
[master] killing on exit
shutting down processing monitor...
... shutting down processing monitor complete
[1mdone[0m
