warning: redefining global symbol: pi
when processing file: /home/chroma/Documents/bugwright2-ws/bugwright_ws/src/my_sim/models/CrawlerUGW/crawler.xacro
warning: redefining global symbol: pi
when processing file: /home/chroma/Documents/bugwright2-ws/bugwright_ws/src/my_sim/models/CrawlerUGW/crawler.xacro
[0m[ INFO] [1685561237.027345280]: Finished loading Gazebo ROS API Plugin.[0m
[0m[ INFO] [1685561237.028816818]: waitForService: Service [/gazebo/set_physics_properties] has not been advertised, waiting...[0m
[0m[ INFO] [1685561237.544566386, 0.004000000]: waitForService: Service [/gazebo/set_physics_properties] is now available.[0m
[0m[ INFO] [1685561237.575854934, 0.034000000]: Physics dynamic reconfigure ready.[0m
[0m[ INFO] [1685561238.614755028, 0.358000000]: Laser Plugin: Using the 'robotNamespace' param: '/'[0m
[0m[ INFO] [1685561238.614838823, 0.358000000]: Starting Laser Plugin (ns = /)[0m
[0m[ INFO] [1685561238.616847276, 0.358000000]: Laser Plugin (ns = /)  <tf_prefix_>, set to ""[0m
[0m[ INFO] [1685561238.627589849, 0.358000000]: <robotNamespace> set to: //[0m
[0m[ INFO] [1685561238.627626223, 0.358000000]: <topicName> set to: /crawler1/imu[0m
[0m[ INFO] [1685561238.627664033, 0.358000000]: <frameName> set to: crawler_1/base_link[0m
[0m[ INFO] [1685561238.627723712, 0.358000000]: <updateRateHZ> set to: 10[0m
[0m[ INFO] [1685561238.627758391, 0.358000000]: <gaussianNoise> set to: 0[0m
[0m[ INFO] [1685561238.627812756, 0.358000000]: <xyzOffset> set to: 0 0 0[0m
[0m[ INFO] [1685561238.627865530, 0.358000000]: <rpyOffset> set to: 0 -0 0[0m
[0m[ INFO] [1685561238.639199219, 0.358000000]: NS UWBe1 UwbPlugin::Load crawler1 Tag 0 Publish TF 1[0m
NS UWBe1 Uwb topic: uwb
[0m[ INFO] [1685561238.639881328, 0.358000000]: NS TAG1 UwbPlugin::Load crawler1 Tag 1 Publish TF 0[0m
NS TAG1 Uwb topic: crawler1/uwb_sim
[33m[ WARN] [1685561238.652461669, 0.358000000]: DiffDrive(ns = //): missing <rosDebugLevel> default is na[0m
[33m[ WARN] [1685561238.653311092, 0.358000000]: DiffDrive(ns = //): missing <wheelAcceleration> default is 0[0m
[33m[ WARN] [1685561238.653343560, 0.358000000]: DiffDrive(ns = //): missing <wheelTorque> default is 5[0m
[0m[ INFO] [1685561238.652396248, 0.358000000]: Starting plugin DiffDrive(ns = //)[0m
[0m[ INFO] [1685561238.653164566, 0.358000000]: DiffDrive(ns = //): <tf_prefix> = [0m
[0m[ INFO] [1685561238.653482169, 0.358000000]: DiffDrive(ns = //): Try to subscribe to /crawler1/base_controller/cmd_vel[0m
[0m[ INFO] [1685561238.655864419, 0.358000000]: DiffDrive(ns = //): Subscribe to /crawler1/base_controller/cmd_vel[0m
[0m[ INFO] [1685561238.656347947, 0.358000000]: DiffDrive(ns = //): Advertise odom on /crawler1/odom [0m
[0m[ INFO] [1685561239.497064682, 0.558000000]: Laser Plugin: Using the 'robotNamespace' param: '/'[0m
[0m[ INFO] [1685561239.497089466, 0.558000000]: Starting Laser Plugin (ns = /)[0m
[0m[ INFO] [1685561239.497935967, 0.558000000]: Laser Plugin (ns = /)  <tf_prefix_>, set to ""[0m
[0m[ INFO] [1685561239.499463454, 0.558000000]: <robotNamespace> set to: //[0m
[0m[ INFO] [1685561239.499481484, 0.558000000]: <topicName> set to: /crawler0/imu[0m
[0m[ INFO] [1685561239.499490556, 0.558000000]: <frameName> set to: crawler_0/base_link[0m
[0m[ INFO] [1685561239.499506222, 0.558000000]: <updateRateHZ> set to: 10[0m
[0m[ INFO] [1685561239.499518747, 0.558000000]: <gaussianNoise> set to: 0[0m
[0m[ INFO] [1685561239.499534339, 0.558000000]: <xyzOffset> set to: 0 0 0[0m
[0m[ INFO] [1685561239.499548441, 0.558000000]: <rpyOffset> set to: 0 -0 0[0m
[0m[ INFO] [1685561239.506476222, 0.558000000]: NS UWBe0 UwbPlugin::Load crawler0 Tag 0 Publish TF 1[0m
NS UWBe0 Uwb topic: uwb
[0m[ INFO] [1685561239.506697451, 0.558000000]: NS TAG0 UwbPlugin::Load crawler0 Tag 1 Publish TF 0[0m
NS TAG0 Uwb topic: crawler0/uwb_sim
[33m[ WARN] [1685561239.507754103, 0.558000000]: DiffDrive(ns = //): missing <rosDebugLevel> default is na[0m
[33m[ WARN] [1685561239.508680497, 0.558000000]: DiffDrive(ns = //): missing <wheelAcceleration> default is 0[0m
[33m[ WARN] [1685561239.508751346, 0.558000000]: DiffDrive(ns = //): missing <wheelTorque> default is 5[0m
[ERROR] [1685562090.819834, 792.406000]: Delete model service call failed: transport error completing service call: unable to receive data from sender, check sender's logs for details
[INFO] [1685561236.682062, 0.000000]: Loading model XML from ros parameter world_description
[INFO] [1685561236.690706, 0.000000]: Waiting for service /gazebo/spawn_urdf_model
[INFO] [1685561237.596031, 0.053000]: Calling service /gazebo/spawn_urdf_model
[INFO] [1685561237.777594, 0.158000]: Spawn status: SpawnModel: Successfully spawned entity
[INFO] [1685561237.779438, 0.160000]: Waiting for shutdown to delete model corrosion
[INFO] [1685562090.721519, 792.405000]: Deleting model corrosion
[ERROR] [1685562090.819872, 792.406000]: Delete model service call failed: transport error completing service call: unable to receive data from sender, check sender's logs for details
[INFO] [1685561236.760802, 0.000000]: Loading model XML from ros parameter robot_description_crawler_1
[INFO] [1685561236.766261, 0.000000]: Waiting for service /gazebo/spawn_urdf_model
[INFO] [1685561237.674965, 0.127000]: Calling service /gazebo/spawn_urdf_model
[INFO] [1685561238.630499, 0.358000]: Spawn status: SpawnModel: Successfully spawned entity
[INFO] [1685561238.631780, 0.358000]: Waiting for shutdown to delete model crawler1
[INFO] [1685562090.540694, 792.225000]: Deleting model crawler1
[ERROR] [1685562090.819759, 792.406000]: Delete model service call failed: transport error completing service call: unable to receive data from sender, check sender's logs for details
[INFO] [1685561236.786551, 0.000000]: Loading model XML from ros parameter robot_description_crawler_0
[INFO] [1685561236.795119, 0.000000]: Waiting for service /gazebo/spawn_urdf_model
[INFO] [1685561237.702216, 0.154000]: Calling service /gazebo/spawn_urdf_model
[INFO] [1685561239.506342, 0.558000]: Spawn status: SpawnModel: Successfully spawned entity
[INFO] [1685561239.508149, 0.558000]: Waiting for shutdown to delete model crawler0
[INFO] [1685562090.541080, 792.225000]: Deleting model crawler0
[31m[gazebo-2] escalating to SIGTERM[0m
... logging to /home/chroma/.ros/log/25df9244-ffe9-11ed-9a5c-45fd429ce793/roslaunch-chroma-HP-ProBook-650-G2-13984.log
Checking log directory for disk usage. This may take a while.
Press Ctrl-C to interrupt
Done checking log file disk usage. Usage is <1GB.
]2;/home/chroma/Documents/bugwright2-ws/bugwright_ws/src/my_sim/launch/crawler_ugw_with_uwb_simulation_spawn.launch
[1mstarted roslaunch server http://chroma-HP-ProBook-650-G2:42487/[0m

SUMMARY
========

PARAMETERS
 * /crawler0_gt/base_frame: crawler0_gt
 * /crawler0_gt/reference_frame: world
 * /crawler1_gt/base_frame: crawler1_gt
 * /crawler1_gt/reference_frame: world
 * /crawler_0_1_ugw_viz/base_frame: crawler_0/UWBe
 * /crawler_0_1_ugw_viz/tag_frame: crawler_1/UWBe
 * /crawler_0_1_ugw_viz/tag_name: crawler1
 * /gazebo/enable_ros_network: True
 * /og_viz/base_frame: UWBe
 * /og_viz/buddies/crawler0: crawler1
 * /og_viz/grid_height: 6
 * /og_viz/grid_resolution: 0.05
 * /og_viz/grid_width: 6
 * /og_viz/reference_frame: world
 * /robot_description_crawler_0: <?xml version="1....
 * /robot_description_crawler_1: <?xml version="1....
 * /robot_state_publisher_crawler_0/publish_frequency: 10.0
 * /robot_state_publisher_crawler_0/tf_prefix: crawler_0
 * /robot_state_publisher_crawler_1/publish_frequency: 10.0
 * /robot_state_publisher_crawler_1/tf_prefix: crawler_1
 * /robot_state_publisher_world/publish_frequency: 1.0
 * /rosdistro: noetic
 * /rosversion: 1.16.0
 * /use_sim_time: True
 * /world_description: <?xml version="1....

NODES
  /
    crawler0_gt (my_sim/pose_to_tf.py)
    crawler1_gt (my_sim/pose_to_tf.py)
    crawler_0_1_ugw_viz (my_sim/ugw_visualization.py)
    gazebo (gazebo_ros/gzserver)
    og_viz (my_sim/occgrid_visualization.py)
    robot_state_publisher_crawler_0 (robot_state_publisher/robot_state_publisher)
    robot_state_publisher_crawler_1 (robot_state_publisher/robot_state_publisher)
    robot_state_publisher_world (robot_state_publisher/robot_state_publisher)
    rviz (rviz/rviz)
    spawn_corrosion (gazebo_ros/spawn_model)
    spawn_crawler_0 (gazebo_ros/spawn_model)
    spawn_crawler_1 (gazebo_ros/spawn_model)
    world_to_world_tf (tf2_ros/static_transform_publisher)

auto-starting new master
[1mprocess[master]: started with pid [14020][0m
[1mROS_MASTER_URI=http://localhost:11311[0m
]2;/home/chroma/Documents/bugwright2-ws/bugwright_ws/src/my_sim/launch/crawler_ugw_with_uwb_simulation_spawn.launch http://localhost:11311
[1msetting /run_id to 25df9244-ffe9-11ed-9a5c-45fd429ce793[0m
[1mprocess[rosout-1]: started with pid [14037][0m
started core service [/rosout]
[1mprocess[gazebo-2]: started with pid [14044][0m
[1mprocess[spawn_corrosion-3]: started with pid [14048][0m
[1mprocess[robot_state_publisher_world-4]: started with pid [14050][0m
[1mprocess[world_to_world_tf-5]: started with pid [14051][0m
[1mprocess[spawn_crawler_0-6]: started with pid [14052][0m
[1mprocess[robot_state_publisher_crawler_0-7]: started with pid [14057][0m
[1mprocess[spawn_crawler_1-8]: started with pid [14063][0m
[1mprocess[robot_state_publisher_crawler_1-9]: started with pid [14064][0m
[1mprocess[crawler0_gt-10]: started with pid [14067][0m
[1mprocess[crawler1_gt-11]: started with pid [14072][0m
[1mprocess[crawler_0_1_ugw_viz-12]: started with pid [14074][0m
[1mprocess[og_viz-13]: started with pid [14089][0m
[1mprocess[rviz-14]: started with pid [14090][0m
[rviz-14] killing on exit
[og_viz-13] killing on exit
[crawler_0_1_ugw_viz-12] killing on exit
[crawler1_gt-11] killing on exit
[crawler0_gt-10] killing on exit
[robot_state_publisher_crawler_1-9] killing on exit
[spawn_crawler_1-8] killing on exit
[robot_state_publisher_crawler_0-7] killing on exit
[spawn_crawler_0-6] killing on exit
[world_to_world_tf-5] killing on exit
[robot_state_publisher_world-4] killing on exit
[spawn_corrosion-3] killing on exit
[gazebo-2] killing on exit
[rosout-1] killing on exit
[master] killing on exit
shutting down processing monitor...
... shutting down processing monitor complete
[1mdone[0m
