the rosdep view is empty: call 'sudo rosdep init' and 'rosdep update'
the rosdep view is empty: call 'sudo rosdep init' and 'rosdep update'
[33m[ WARN] [1683657851.400582372, 12.411000000]: Task Idle interrupted[0m
[33m[ WARN] [1683657851.400585949, 12.411000000]: Task Idle interrupted[0m
[0m[ INFO] [1683657843.619238747]: Task scheduler created: debug 1[0m
[0m[ INFO] [1683657843.664418196]: Adding task Wait[0m
[0m[ INFO] [1683657843.664560726]: Adding task SetStatusSync[0m
[0m[ INFO] [1683657843.664608303]: Adding task WaitForStatusSync[0m
[0m[ INFO] [1683657843.665443368]: Looking for tasks in /home/chroma/Documents/bugwright2-ws/bugwright_ws/src/floor_nav/../../devel/share/floor_nav/tasks[0m
[0m[ INFO] [1683657843.883916368, 4.954000000]: Adding task WaitForROI[0m
[0m[ INFO] [1683657844.040678772, 5.112000000]: Adding task WaitForCompletion[0m
[0m[ INFO] [1683657844.163984898, 5.236000000]: Adding task WaitForAuto[0m
[0m[ INFO] [1683657844.267250933, 5.339000000]: Adding task Trigger[0m
[0m[ INFO] [1683657844.346999449, 5.418000000]: Adding task SetManual[0m
[0m[ INFO] [1683657844.535034111, 5.606000000]: Adding task SetHeading[0m
[0m[ INFO] [1683657844.681650753, 5.752000000]: Adding task PlanTo[0m
[0m[ INFO] [1683657844.854316709, 5.925000000]: Adding task ActionMoveGoal[0m
[0m[ INFO] [1683657845.094022835, 6.164000000]: Adding task ActionMoveBase[0m
[0m[ INFO] [1683657845.162563107, 6.232000000]: Adding task GoToPose[0m
[0m[ INFO] [1683657845.277800244, 6.347000000]: Adding task GoTo[0m
[0m[ INFO] [1683657845.323092455, 6.392000000]: Adding task FollowLine[0m
[0m[ INFO] [1683657845.380585911, 6.450000000]: Adding task Clear[0m
[0m[ INFO] [1683657845.438631552, 6.508000000]: Adding task AlignWithTarget[0m
[0m[ INFO] [1683657845.707842491, 6.776000000]: Task Directory:[0m
[0m[ INFO] [1683657845.707895427, 6.776000000]: 0 -- ActionMoveBase: Publish an action goal for move base[0m
[0m[ INFO] [1683657845.707943281, 6.776000000]: 1 -- ActionMoveGoal: Reach a desired goal using move base[0m
[0m[ INFO] [1683657845.707981967, 6.776000000]: 2 -- AlignWithTarget: Align with a target[0m
[0m[ INFO] [1683657845.708013505, 6.776000000]: 3 -- Clear: Clear the screen[0m
[0m[ INFO] [1683657845.708045338, 6.776000000]: 4 -- FollowLine: Follow a line[0m
[0m[ INFO] [1683657845.708076415, 6.776000000]: 5 -- GoTo: Reach a desired destination[0m
[0m[ INFO] [1683657845.708107008, 6.776000000]: 6 -- GoToPose: Reach a desired destination[0m
[0m[ INFO] [1683657845.708139728, 6.776000000]: 7 -- PlanTo: Reach a desired destination using the path planner[0m
[0m[ INFO] [1683657845.708173795, 6.776000000]: 8 -- SetHeading: Reach a desired heading angle[0m
[0m[ INFO] [1683657845.708206704, 6.776000000]: 9 -- SetManual: Set the control mux to manual mode[0m
[0m[ INFO] [1683657845.708243226, 6.776000000]: 10 -- SetStatusSync: Update the current task status to be published by the environment[0m
[0m[ INFO] [1683657845.708266328, 6.776000000]: 11 -- Trigger: Call a trigger service[0m
[0m[ INFO] [1683657845.708291429, 6.776000000]: 12 -- Wait: Do nothing for a given time[0m
[0m[ INFO] [1683657845.708323951, 6.776000000]: 13 -- WaitForAuto: Wait for the control mux to switch to auto[0m
[0m[ INFO] [1683657845.708356505, 6.776000000]: 14 -- WaitForCompletion: Do nothing until a given area is completely empty[0m
[0m[ INFO] [1683657845.708386839, 6.776000000]: 15 -- WaitForROI: Do nothing until we reach a given destination[0m
[0m[ INFO] [1683657845.708422141, 6.776000000]: 16 -- WaitForStatusSync: Wait for a sync object to get the desired status[0m
[0m[ INFO] [1683657845.708439972, 6.776000000]: 17 -- Idle: Do nothing[0m
[0m[ INFO] [1683657845.790877003, 6.858000000]: Running task 'Idle' at period 0,500000 main 1 timeout -1,000000 periodic 1[0m
[0m[ INFO] [1683657851.313141303, 12.323000000]: Terminating thread Idle[0m
[0m[ INFO] [1683657851.400725200, 12.411000000]: Cleaning up task 1:Idle[0m
[0m[ INFO] [1683657851.400763273, 12.411000000]: Task 'Idle' terminated[0m
[0m[ INFO] [1683657851.422930085, 12.433000000]: Running task 'SetStatusSync' at period 0.010000 main 1 timeout -1.000000 periodic 1[0m
[0m[ INFO] [1683657851.423090295, 12.433000000]: Task 'SetStatusSync' not running anymore (4)[0m
[0m[ INFO] [1683657851.423149674, 12.433000000]: Cleaning up [0m[ INFO] [1683657843.676567526]: Task scheduler created: debug 1[0m
[0m[ INFO] [1683657843.693475786]: Adding task Wait[0m
[0m[ INFO] [1683657843.693561033]: Adding task SetStatusSync[0m
[0m[ INFO] [1683657843.693597993]: Adding task WaitForStatusSync[0m
[0m[ INFO] [1683657843.694115063]: Looking for tasks in /home/chroma/Documents/bugwright2-ws/bugwright_ws/src/floor_nav/../../devel/share/floor_nav/tasks[0m
[0m[ INFO] [1683657843.883920248, 4.954000000]: Adding task WaitForROI[0m
[0m[ INFO] [1683657844.040666776, 5.113000000]: Adding task WaitForCompletion[0m
[0m[ INFO] [1683657844.163988741, 5.236000000]: Adding task WaitForAuto[0m
[0m[ INFO] [1683657844.267271546, 5.339000000]: Adding task Trigger[0m
[0m[ INFO] [1683657844.346999451, 5.418000000]: Adding task SetManual[0m
[0m[ INFO] [1683657844.535029876, 5.606000000]: Adding task SetHeading[0m
[0m[ INFO] [1683657844.681648839, 5.752000000]: Adding task PlanTo[0m
[0m[ INFO] [1683657844.854316706, 5.925000000]: Adding task ActionMoveGoal[0m
[0m[ INFO] [1683657845.093731330, 6.164000000]: Adding task ActionMoveBase[0m
[0m[ INFO] [1683657845.162563188, 6.232000000]: Adding task GoToPose[0m
[0m[ INFO] [1683657845.277798423, 6.347000000]: Adding task GoTo[0m
[0m[ INFO] [1683657845.323092457, 6.392000000]: Adding task FollowLine[0m
[0m[ INFO] [1683657845.380590571, 6.450000000]: Adding task Clear[0m
[0m[ INFO] [1683657845.438634493, 6.508000000]: Adding task AlignWithTarget[0m
[0m[ INFO] [1683657845.706786695, 6.775000000]: Task Directory:[0m
[0m[ INFO] [1683657845.706842279, 6.775000000]: 0 -- ActionMoveBase: Publish an action goal for move base[0m
[0m[ INFO] [1683657845.706877093, 6.775000000]: 1 -- ActionMoveGoal: Reach a desired goal using move base[0m
[0m[ INFO] [1683657845.706914278, 6.775000000]: 2 -- AlignWithTarget: Align with a target[0m
[0m[ INFO] [1683657845.706950866, 6.775000000]: 3 -- Clear: Clear the screen[0m
[0m[ INFO] [1683657845.706984909, 6.775000000]: 4 -- FollowLine: Follow a line[0m
[0m[ INFO] [1683657845.707018729, 6.775000000]: 5 -- GoTo: Reach a desired destination[0m
[0m[ INFO] [1683657845.707053700, 6.775000000]: 6 -- GoToPose: Reach a desired destination[0m
[0m[ INFO] [1683657845.707100140, 6.775000000]: 7 -- PlanTo: Reach a desired destination using the path planner[0m
[0m[ INFO] [1683657845.707133299, 6.775000000]: 8 -- SetHeading: Reach a desired heading angle[0m
[0m[ INFO] [1683657845.707158559, 6.775000000]: 9 -- SetManual: Set the control mux to manual mode[0m
[0m[ INFO] [1683657845.707176555, 6.775000000]: 10 -- SetStatusSync: Update the current task status to be published by the environment[0m
[0m[ INFO] [1683657845.707193724, 6.775000000]: 11 -- Trigger: Call a trigger service[0m
[0m[ INFO] [1683657845.707211725, 6.775000000]: 12 -- Wait: Do nothing for a given time[0m
[0m[ INFO] [1683657845.707248151, 6.775000000]: 13 -- WaitForAuto: Wait for the control mux to switch to auto[0m
[0m[ INFO] [1683657845.707279958, 6.775000000]: 14 -- WaitForCompletion: Do nothing until a given area is completely empty[0m
[0m[ INFO] [1683657845.707312682, 6.775000000]: 15 -- WaitForROI: Do nothing until we reach a given destination[0m
[0m[ INFO] [1683657845.707346064, 6.775000000]: 16 -- WaitForStatusSync: Wait for a sync object to get the desired status[0m
[0m[ INFO] [1683657845.707373694, 6.775000000]: 17 -- Idle: Do nothing[0m
[0m[ INFO] [1683657845.788542500, 6.856000000]: Running task 'Idle' at period 0,500000 main 1 timeout -1,000000 periodic 1[0m
[0m[ INFO] [1683657851.319484579, 12.330000000]: Terminating thread Idle[0m
[0m[ INFO] [1683657851.400723955, 12.411000000]: Cleaning up task 1:Idle[0m
[0m[ INFO] [1683657851.400757501, 12.411000000]: Task 'Idle' terminated[0m
[0m[ INFO] [1683657851.424373357, 12.434000000]: Running task 'SetStatusSync' at period 0.010000 main 1 timeout -1.000000 periodic 1[0m
[0m[ INFO] [1683657851.424457863, 12.434000000]: Task 'SetStatusSync' not running anymore (4)[0m
[0m[ INFO] [1683657851.424479511, 12.434000000]: Cleaning up task 2:SetStatusSync[0m
[0m[ INFO] [1683657851.424524819, 12.434000000]: Task 'SetStatusSync' terminated[0m
[0m[ INFO] [1683657851.484137395, 12.493000000]: Waiting for partner 'crawler_0' to reach status 0[0m
[0m[ INFO] [1683657851.484289984, 12.493000000]: Running task 'WaitForStatusSync' at period 0.010000 main 1 timeout -1.000000 periodic 1[0m
[0m[ INFO] [1683657851.484475557, 12.493000000]: Task 'WaitForStatusSync' not running anymore (4)[0m
[0m[ INFO] [1683657851.484607196, 12.494000000]: Cleaning up task 3:WaitForStatusSync[0m
[0m[ INFO] [1683657851.484835826, 12.494000000]: Task 'WaitForStatusSync' terminated[0m
[0m[ INFO] [1683657851.537775955, 12.546000000]: Going to 3.10 3.00[0m
[0m[ INFO] [1683657851.537918840, 12.546000000]: Running task 'AlignWithTarget' at period 0.010000 main 1 timeout -1.000000 periodic 1[0m
[0m[ INFO] [1683657851.538041017, 12.546000000]: Task 'AlignWithTarget' not running anymore (4)[0m
[0m[ INFO] [1683657851.538086109, 12.546000000]: Cleaning up task 4:AlignWithTarget[0m
[0m[ INFO] [1683657851.538137218, 12.546000000]: Task 'AlignWithTarget' terminated[0m
[0m[ INFO] [1683657851.603782429, 12.611000000]: Going to 3.10 3.00[0m
[0m[ INFO] [1683657851.604042767, 12.611000000]: Running task 'FollowLine' at period 0.010000 main 1 timeout -1.000000 periodic 1[0m
[0m[ INFO] [1683657881.425206098, 42.352000000]: Task 'FollowLine' not running anymore (4)[0m
[0m[ INFO] [1683657881.425265964, 42.352000000]: Cleaning up task 5:FollowLine[0m
[0m[ INFO] [1683657881.425332839, 42.353000000]: Task 'FollowLine' terminated[0m
[0m[ INFO] [1683657881.454944636, 42.382000000]: Going to 9.10 3.00[0m
[0m[ INFO] [1683657881.455086212, 42.382000000]: Running task 'AlignWithTarget' at period 0.010000 main 1 timeout -1.000000 periodic 1[0m
[0m[ INFO] [1683657886.740548234, 47.652000000]: Task 'AlignWithTarget' not running anymore (4)[0m
[0m[ INFO] [1683657886.740629908, 47.652000000]: Cleaning up task 6:AlignWithTarget[0m
[0m[ INFO] [1683657886.740810446, 47.653000000]: Task 'AlignWithTarget' terminated[0m
[0m[ INFO] [1683657886.776974690, 47.678000000]: Going to 9.10 3.00[0m
[0m[ INFO] [1683657886.777101686, 47.678000000]: Running task 'FollowLine' at period 0.010000 main 1 timeout -1.000000 periodic 1[0m
[0m[ INFO] [1683657915.092288319, 75.898000000]: Task 'FollowLine' not running anymore (4)[0m
[0m[ INFO] [1683657915.092359915, 75.898000000]: Cleaning up task 7:FollowLine[0m
[0m[ INFO] [1683657915.092413741, 75.898000000]: Task 'FollowLine' terminated[0m
[0m[ INFO] [1683657915.147405942, 75.951000000]: Running task 'SetStatusSync' at period 0.010000 main 1 timeout -1.000000 periodic 1[0m
[0m[ INFO] [1683657915.147494226, 75.951000000]: Task 'SetStatusSync' not running anymore (4)[0m
[0m[ INFO] [1683657915.147541486, 75.951000000]: Cleaning up task 8:SetStatusSync[0m
[0m[ INFO] [1683657915.147570356, 75.951000000]: Task 'SetStatusSync' terminated[0m
[0m[ INFO] [1683657915.204850930, 76.008000000]: Waiting for partner 'crawler_0' to reach status 1[0m
[0m[ INFO] [1683657915.205049134, 76.008000000]: Running task 'WaitForStatusSync' at period 0.010000 main 1 timeout -1.000000 periodic 1[0m
[0m[ INFO] [1683657915.205135317, 76.008000000]: Task 'WaitForStatusSync' not running anymore (4)[0m
[0m[ INFO] [1683657915.205169500, 76.008000000]: Cleaning up task 9:WaitForStatusSync[0m
[0m[ INFO] [1683657915.205209441, 76.008000000]: Task 'WaitForStatusSync' terminated[0m
[0m[ INFO] [1683657915.275149736, 76.078000000]: Going to 9.00 3.00[0m
[0m[ INFO] [1683657915.275266409, 76.078000000]: Running task 'GoTo' at period 0.010000 main 1 timeout -1.000000 periodic 1[0m
[0m[ INFO] [1683657915.275352253, 76.079000000]: Task 'GoTo' not running anymore (4)[0m
[0m[ INFO] [1683657915.275379617, 76.079000000]: Cleaning up task 10:GoTo[0m
[0m[ INFO] [1683657915.275416661, 76.079000000]: Task 'GoTo' terminated[0m
[0m[ INFO] [1683657915.300744668, 76.103000000]: Running task 'SetStatusSync' at period 0.010000 main 1 timeout -1.000000 periodic 1[0m
[0m[task 2:SetStatusSync[0m
[0m[ INFO] [1683657851.423242810, 12.433000000]: Task 'SetStatusSync' terminated[0m
[0m[ INFO] [1683657851.484135652, 12.493000000]: Waiting for partner 'crawler_1' to reach status 0[0m
[0m[ INFO] [1683657851.484284248, 12.493000000]: Running task 'WaitForStatusSync' at period 0.010000 main 1 timeout -1.000000 periodic 1[0m
[0m[ INFO] [1683657851.484408721, 12.493000000]: Task 'WaitForStatusSync' not running anymore (4)[0m
[0m[ INFO] [1683657851.484466571, 12.493000000]: Cleaning up task 3:WaitForStatusSync[0m
[0m[ INFO] [1683657851.484530825, 12.493000000]: Task 'WaitForStatusSync' terminated[0m
[0m[ INFO] [1683657851.534980076, 12.543000000]: Going to -3.10 3.00[0m
[0m[ INFO] [1683657851.535150731, 12.544000000]: Running task 'AlignWithTarget' at period 0.010000 main 1 timeout -1.000000 periodic 1[0m
[0m[ INFO] [1683657851.535343382, 12.544000000]: Task 'AlignWithTarget' not running anymore (4)[0m
[0m[ INFO] [1683657851.535372057, 12.544000000]: Cleaning up task 4:AlignWithTarget[0m
[0m[ INFO] [1683657851.535416035, 12.544000000]: Task 'AlignWithTarget' terminated[0m
[0m[ INFO] [1683657851.612479749, 12.620000000]: Going to -3.10 3.00[0m
[0m[ INFO] [1683657851.612619731, 12.620000000]: Running task 'FollowLine' at period 0.010000 main 1 timeout -1.000000 periodic 1[0m
[0m[ INFO] [1683657881.222807865, 42.150000000]: Task 'FollowLine' not running anymore (4)[0m
[0m[ INFO] [1683657881.222839378, 42.150000000]: Cleaning up task 5:FollowLine[0m
[0m[ INFO] [1683657881.222875631, 42.150000000]: Task 'FollowLine' terminated[0m
[0m[ INFO] [1683657881.263686005, 42.191000000]: Going to 2.90 3.00[0m
[0m[ INFO] [1683657881.263798740, 42.191000000]: Running task 'AlignWithTarget' at period 0.010000 main 1 timeout -1.000000 periodic 1[0m
[0m[ INFO] [1683657886.639660009, 47.551000000]: Task 'AlignWithTarget' not running anymore (4)[0m
[0m[ INFO] [1683657886.639725560, 47.551000000]: Cleaning up task 6:AlignWithTarget[0m
[0m[ INFO] [1683657886.639959677, 47.552000000]: Task 'AlignWithTarget' terminated[0m
[0m[ INFO] [1683657886.685250129, 47.597000000]: Going to 2.90 3.00[0m
[0m[ INFO] [1683657886.685373075, 47.597000000]: Running task 'FollowLine' at period 0.010000 main 1 timeout -1.000000 periodic 1[0m
[0m[ INFO] [1683657915.092051533, 75.898000000]: Task 'FollowLine' not running anymore (4)[0m
[0m[ INFO] [1683657915.092095654, 75.898000000]: Cleaning up task 7:FollowLine[0m
[0m[ INFO] [1683657915.092164570, 75.898000000]: Task 'FollowLine' terminated[0m
[0m[ INFO] [1683657915.142847455, 75.946000000]: Running task 'SetStatusSync' at period 0.010000 main 1 timeout -1.000000 periodic 1[0m
[0m[ INFO] [1683657915.142973877, 75.946000000]: Task 'SetStatusSync' not running anymore (4)[0m
[0m[ INFO] [1683657915.143025958, 75.946000000]: Cleaning up task 8:SetStatusSync[0m
[0m[ INFO] [1683657915.143068580, 75.946000000]: Task 'SetStatusSync' terminated[0m
[0m[ INFO] [1683657915.197724190, 76.001000000]: Waiting for partner 'crawler_1' to reach status 1[0m
[0m[ INFO] [1683657915.197903007, 76.001000000]: Running task 'WaitForStatusSync' at period 0.010000 main 1 timeout -1.000000 periodic 1[0m
[0m[ INFO] [1683657915.207706723, 76.011000000]: Task 'WaitForStatusSync' not running anymore (4)[0m
[0m[ INFO] [1683657915.207752498, 76.011000000]: Cleaning up task 9:WaitForStatusSync[0m
[0m[ INFO] [1683657915.207795231, 76.011000000]: Task 'WaitForStatusSync' terminated[0m
[0m[ INFO] [1683657915.282083945, 76.085000000]: Going to 9.00 -3.00[0m
[0m[ INFO] [1683657915.282212100, 76.085000000]: Running task 'GoTo' at period 0.010000 main 1 timeout -1.000000 periodic 1[0m
[0m[ INFO] [1683657959.979362560, 120.645000000]: Task 'GoTo' not running anymore (4)[0m
[0m[ INFO] [1683657959.979400640, 120.645000000]: Cleaning up task 10:GoTo[0m
[0m[ INFO] [1683657959.979438915, 120.645000000]: Task 'GoTo' terminated[0m
[0m[ INFO] [1683657960.003258496, 120.669000000]: Running task 'SetStatusSync' at period 0.010000 main 1 timeout -1.000000 periodic 1[0 INFO] [1683657915.300886163, 76.103000000]: Task 'SetStatusSync' not running anymore (4)[0m
[0m[ INFO] [1683657915.301113755, 76.104000000]: Cleaning up task 11:SetStatusSync[0m
[0m[ INFO] [1683657915.301164583, 76.104000000]: Task 'SetStatusSync' terminated[0m
[0m[ INFO] [1683657915.327994227, 76.130000000]: Waiting for partner 'crawler_0' to reach status 2[0m
[0m[ INFO] [1683657915.328196966, 76.131000000]: Running task 'WaitForStatusSync' at period 0.010000 main 1 timeout -1.000000 periodic 1[0m
[0m[ INFO] [1683657960.045757917, 120.711000000]: Task 'WaitForStatusSync' not running anymore (4)[0m
[0m[ INFO] [1683657960.045882120, 120.711000000]: Cleaning up task 12:WaitForStatusSync[0m
[0m[ INFO] [1683657960.045943280, 120.711000000]: Task 'WaitForStatusSync' terminated[0m
[0m[ INFO] [1683657960.098230790, 120.764000000]: Going to 3.00 3.00[0m
[0m[ INFO] [1683657960.098367162, 120.764000000]: Running task 'GoTo' at period 0.010000 main 1 timeout -1.000000 periodic 1[0m
[0m[ INFO] [1683658002.840858387, 163.354000000]: Task 'GoTo' not running anymore (4)[0m
[0m[ INFO] [1683658002.840896935, 163.354000000]: Cleaning up task 13:GoTo[0m
[0m[ INFO] [1683658002.840964893, 163.354000000]: Task 'GoTo' terminated[0m
[0m[ INFO] [1683658002.873575540, 163.386000000]: Running task 'SetStatusSync' at period 0.010000 main 1 timeout -1.000000 periodic 1[0m
[0m[ INFO] [1683658002.873658261, 163.386000000]: Task 'SetStatusSync' not running anymore (4)[0m
[0m[ INFO] [1683658002.873745725, 163.386000000]: Cleaning up task 14:SetStatusSync[0m
[0m[ INFO] [1683658002.873777911, 163.386000000]: Task 'SetStatusSync' terminated[0m
[0m[ INFO] [1683658002.903106116, 163.416000000]: Waiting for partner 'crawler_0' to reach status 3[0m
[0m[ INFO] [1683658002.903287107, 163.416000000]: Running task 'WaitForStatusSync' at period 0.010000 main 1 timeout -1.000000 periodic 1[0m
[0m[ INFO] [1683658002.903366504, 163.416000000]: Task 'WaitForStatusSync' not running anymore (4)[0m
[0m[ INFO] [1683658002.903400451, 163.416000000]: Cleaning up task 15:WaitForStatusSync[0m
[0m[ INFO] [1683658002.903431049, 163.416000000]: Task 'WaitForStatusSync' terminated[0m
[0m[ INFO] [1683658002.944798823, 163.457000000]: Going to -3.00 3.10[0m
[0m[ INFO] [1683658002.944984815, 163.457000000]: Running task 'AlignWithTarget' at period 0.010000 main 1 timeout -1.000000 periodic 1[0m
[0m[ INFO] [1683658002.945090308, 163.457000000]: Task 'AlignWithTarget' not running anymore (4)[0m
[0m[ INFO] [1683658002.945121745, 163.457000000]: Cleaning up task 16:AlignWithTarget[0m
[0m[ INFO] [1683658002.945156426, 163.457000000]: Task 'AlignWithTarget' terminated[0m
[0m[ INFO] [1683658003.010016146, 163.522000000]: Going to -3.00 3.10[0m
[0m[ INFO] [1683658003.010185584, 163.522000000]: Running task 'FollowLine' at period 0.010000 main 1 timeout -1.000000 periodic 1[0m
[0m[ INFO] [1683658032.207148587, 192.602000000]: Task 'FollowLine' not running anymore (4)[0m
[0m[ INFO] [1683658032.207202005, 192.602000000]: Cleaning up task 17:FollowLine[0m
[0m[ INFO] [1683658032.207258620, 192.602000000]: Task 'FollowLine' terminated[0m
[0m[ INFO] [1683658032.255097647, 192.650000000]: Going to -3.00 9.10[0m
[0m[ INFO] [1683658032.255329037, 192.650000000]: Running task 'AlignWithTarget' at period 0.010000 main 1 timeout -1.000000 periodic 1[0m
[0m[ INFO] [1683658037.834175815, 198.200000000]: Task 'AlignWithTarget' not running anymore (4)[0m
[0m[ INFO] [1683658037.834244204, 198.200000000]: Cleaning up task 18:AlignWithTarget[0m
[0m[ INFO] [1683658037.834306924, 198.200000000]: Task 'AlignWithTarget' terminated[0m
[0m[ INFO] [1683658037.888589945, 198.254000000]: Going to -3.00 9.10[0m
[0m[ INFO] [1683658037.888758469, 198.254000000]: Running task 'FollowLine' at period 0.010000 main 1 timeout -1.000000 periodic 1[0m
[0m[ INFO] [1683658066.239282355, 226.454000000]: Task 'FollowLine' not running anymore (4)[0m
[0m[ INFO] [1683658066.239331799, 226.455000000]: Cleaning up task 19:FollowLine[0m
[0m[ INFO] [168365806m
[0m[ INFO] [1683657960.003346868, 120.669000000]: Task 'SetStatusSync' not running anymore (4)[0m
[0m[ INFO] [1683657960.003381501, 120.669000000]: Cleaning up task 11:SetStatusSync[0m
[0m[ INFO] [1683657960.003405802, 120.669000000]: Task 'SetStatusSync' terminated[0m
[0m[ INFO] [1683657960.032403532, 120.698000000]: Waiting for partner 'crawler_1' to reach status 2[0m
[0m[ INFO] [1683657960.032651272, 120.698000000]: Running task 'WaitForStatusSync' at period 0.010000 main 1 timeout -1.000000 periodic 1[0m
[0m[ INFO] [1683657960.032726410, 120.698000000]: Task 'WaitForStatusSync' not running anymore (4)[0m
[0m[ INFO] [1683657960.032748080, 120.698000000]: Cleaning up task 12:WaitForStatusSync[0m
[0m[ INFO] [1683657960.032767038, 120.698000000]: Task 'WaitForStatusSync' terminated[0m
[0m[ INFO] [1683657960.097105876, 120.762000000]: Going to 3.00 -3.00[0m
[0m[ INFO] [1683657960.097286987, 120.763000000]: Running task 'GoTo' at period 0.010000 main 1 timeout -1.000000 periodic 1[0m
[0m[ INFO] [1683657999.023955861, 159.553000000]: Task 'GoTo' not running anymore (4)[0m
[0m[ INFO] [1683657999.023988992, 159.553000000]: Cleaning up task 13:GoTo[0m
[0m[ INFO] [1683657999.024058443, 159.553000000]: Task 'GoTo' terminated[0m
[0m[ INFO] [1683657999.052337828, 159.581000000]: Running task 'SetStatusSync' at period 0.010000 main 1 timeout -1.000000 periodic 1[0m
[0m[ INFO] [1683657999.052466423, 159.581000000]: Task 'SetStatusSync' not running anymore (4)[0m
[0m[ INFO] [1683657999.052528742, 159.581000000]: Cleaning up task 14:SetStatusSync[0m
[0m[ INFO] [1683657999.052597135, 159.581000000]: Task 'SetStatusSync' terminated[0m
[0m[ INFO] [1683657999.081312259, 159.608000000]: Waiting for partner 'crawler_1' to reach status 3[0m
[0m[ INFO] [1683657999.081499757, 159.609000000]: Running task 'WaitForStatusSync' at period 0.010000 main 1 timeout -1.000000 periodic 1[0m
[0m[ INFO] [1683658002.907274994, 163.420000000]: Task 'WaitForStatusSync' not running anymore (4)[0m
[0m[ INFO] [1683658002.907311620, 163.420000000]: Cleaning up task 15:WaitForStatusSync[0m
[0m[ INFO] [1683658002.907333101, 163.420000000]: Task 'WaitForStatusSync' terminated[0m
[0m[ INFO] [1683658002.965539776, 163.478000000]: Going to -3.00 -3.10[0m
[0m[ INFO] [1683658002.965702262, 163.478000000]: Running task 'AlignWithTarget' at period 0.010000 main 1 timeout -1.000000 periodic 1[0m
[0m[ INFO] [1683658002.965818883, 163.478000000]: Task 'AlignWithTarget' not running anymore (4)[0m
[0m[ INFO] [1683658002.965856275, 163.478000000]: Cleaning up task 16:AlignWithTarget[0m
[0m[ INFO] [1683658002.965909046, 163.478000000]: Task 'AlignWithTarget' terminated[0m
[0m[ INFO] [1683658003.028150721, 163.540000000]: Going to -3.00 -3.10[0m
[0m[ INFO] [1683658003.028325426, 163.540000000]: Running task 'FollowLine' at period 0.010000 main 1 timeout -1.000000 periodic 1[0m
[0m[ INFO] [1683658032.860658913, 193.251000000]: Task 'FollowLine' not running anymore (4)[0m
[0m[ INFO] [1683658032.860699267, 193.251000000]: Cleaning up task 17:FollowLine[0m
[0m[ INFO] [1683658032.860754120, 193.251000000]: Task 'FollowLine' terminated[0m
[0m[ INFO] [1683658032.900474579, 193.290000000]: Going to -3.00 2.90[0m
[0m[ INFO] [1683658032.900676851, 193.290000000]: Running task 'AlignWithTarget' at period 0.010000 main 1 timeout -1.000000 periodic 1[0m
[0m[ INFO] [1683658040.093342373, 200.450000000]: Task 'AlignWithTarget' not running anymore (4)[0m
[0m[ INFO] [1683658040.093423627, 200.450000000]: Cleaning up task 18:AlignWithTarget[0m
[0m[ INFO] [1683658040.093498589, 200.450000000]: Task 'AlignWithTarget' terminated[0m
[0m[ INFO] [1683658040.148663627, 200.504000000]: Going to -3.00 2.90[0m
[0m[ INFO] [1683658040.148854862, 200.504000000]: Running task 'FollowLine' at period 0.010000 main 1 timeout -1.000000 periodic 1[0m
[0m[ INFO] [1683658068.511917771, 228.706000000]: Task 'FollowLine' not running anymore (4)[0m
[0m[ INFO] [1683658068.511966823, 228.706000000]: Cleaning up task 19:FollowLine[0m
[0m[ I[INFO] [1683657850.234165, 0.000000]: Creating link to services on node task_server
[INFO] [1683657851.299620, 12.311000]: Mission connected to server: task_server
[INFO] [1683657851.306485, 12.316000]: task_server: Starting task SetStatusSync in foreground
[INFO] [1683657851.308456, 12.319000]: Starting task SetStatusSync
[INFO] [1683657851.441762, 12.451000]: task_server: Starting task WaitForStatusSync in foreground
[INFO] [1683657851.443463, 12.453000]: Starting task WaitForStatusSync
[INFO] [1683657851.487799, 12.496000]: task_server: Starting task AlignWithTarget in foreground
[INFO] [1683657851.489383, 12.496000]: Starting task AlignWithTarget
[INFO] [1683657851.554929, 12.563000]: task_server: Starting task FollowLine in foreground
[INFO] [1683657851.556939, 12.565000]: Starting task FollowLine
[INFO] [1683657881.236391, 42.163000]: task_server: Starting task AlignWithTarget in foreground
[INFO] [1683657881.238278, 42.165000]: Starting task AlignWithTarget
[INFO] [1683657886.651717, 47.563000]: task_server: Starting task FollowLine in foreground
[INFO] [1683657886.653437, 47.565000]: Starting task FollowLine
[INFO] [1683657915.106481, 75.911000]: task_server: Starting task SetStatusSync in foreground
[INFO] [1683657915.108537, 75.913000]: Starting task SetStatusSync
[INFO] [1683657915.154248, 75.958000]: task_server: Starting task WaitForStatusSync in foreground
[INFO] [1683657915.156349, 75.960000]: Starting task WaitForStatusSync
[INFO] [1683657915.223132, 76.026000]: task_server: Starting task GoTo in foreground
[INFO] [1683657915.225312, 76.028000]: Starting task GoTo
[INFO] [1683657959.985314, 120.651000]: task_server: Starting task SetStatusSync in foreground
[INFO] [1683657959.986968, 120.652000]: Starting task SetStatusSync
[INFO] [1683657960.011265, 120.676000]: task_server: Starting task WaitForStatusSync in foreground
[INFO] [1683657960.013483, 120.678000]: Starting task WaitForStatusSync
[INFO] [1683657960.038261, 120.704000]: task_server: Starting task GoTo in foreground
[INFO] [1683657960.039788, 120.705000]: Starting task GoTo
[INFO] [1683657999.032701, 159.562000]: task_server: Starting task SetStatusSync in foreground
[INFO] [1683657999.034426, 159.563000]: Starting task SetStatusSync
[INFO] [1683657999.059308, 159.588000]: task_server: Starting task WaitForStatusSync in foreground
[INFO] [1683657999.061687, 159.590000]: Starting task WaitForStatusSync
[INFO] [1683658002.925550, 163.438000]: task_server: Starting task AlignWithTarget in foreground
[INFO] [1683658002.928057, 163.440000]: Starting task AlignWithTarget
[INFO] [1683658002.977294, 163.489000]: task_server: Starting task FollowLine in foreground
[INFO] [1683658002.979984, 163.492000]: Starting task FollowLine
[INFO] [1683658032.864379, 193.254000]: task_server: Starting task AlignWithTarget in foreground
[INFO] [1683658032.866426, 193.256000]: Starting task AlignWithTarget
[INFO] [1683658040.101552, 200.458000]: task_server: Starting task FollowLine in foreground
[INFO] [1683658040.103667, 200.459000]: Starting task FollowLine
[INFO] [1683658068.514838, 228.709000]: task_server: Starting task SetStatusSync in foreground
[INFO] [1683658068.516915, 228.711000]: Starting task SetStatusSync
[INFO] [1683658068.546839, 228.741000]: task_server: Starting task WaitForStatusSync in foreground
[INFO] [1683658068.548990, 228.743000]: Starting task WaitForStatusSync
[INFO] [1683658068.594861, 228.789000]: Mission completed in 216.473 seconds
[INFO] [1683657850.236257, 0.000000]: Creating link to services on node task_server
[INFO] [1683657851.305227, 12.316000]: Mission connected to server: task_server
[INFO] [1683657851.314403, 12.325000]: task_server: Starting task SetStatusSync in foreground
[INFO] [1683657851.315805, 12.326000]: Starting task SetStatusSync
[INFO] [1683657851.443990, 12.454000]: task_server: Starting task WaitForStatusSync in foreground
[INFO] [1683657851.445491, 12.455000]: Starting task WaitForStatusSync
[INFO] [1683657851.490850, 12.500000]: task_server: Starting task AlignWithTarget in foreground
[INFO] [1683657851.493275, 12.501000]: Starting task AlignWithTarget
[INFO] [1683657851.546375, 12.554000]: task_server: Starting task FollowLine in foreground
[INFO] [1683657851.548015, 12.556000]: Starting task FollowLine
[INFO] [1683657881.427433, 42.354000]: task_server: Starting task AlignWithTarget in foreground
[INFO] [1683657881.429123, 42.356000]: Starting task AlignWithTarget
[INFO] [1683657886.743243, 47.655000]: task_server: Starting task FollowLine in foreground
[INFO] [1683657886.744832, 47.656000]: Starting task FollowLine
[INFO] [1683657915.112181, 75.917000]: task_server: Starting task SetStatusSync in foreground
[INFO] [1683657915.114563, 75.919000]: Starting task SetStatusSync
[INFO] [1683657915.161923, 75.965000]: task_server: Starting task WaitForStatusSync in foreground
[INFO] [1683657915.165255, 75.968000]: Starting task WaitForStatusSync
[INFO] [1683657915.213839, 76.017000]: task_server: Starting task GoTo in foreground
[INFO] [1683657915.216379, 76.017000]: Starting task GoTo
[INFO] [1683657915.282769, 76.086000]: task_server: Starting task SetStatusSync in foreground
[INFO] [1683657915.284313, 76.087000]: Starting task SetStatusSync
[INFO] [1683657915.308212, 76.111000]: task_server: Starting task WaitForStatusSync in foreground
[INFO] [1683657915.310170, 76.112000]: Starting task WaitForStatusSync
[INFO] [1683657960.046768, 120.712000]: task_server: Starting task GoTo in foreground
[INFO] [1683657960.049177, 120.714000]: Starting task GoTo
[INFO] [1683658002.853123, 163.366000]: task_server: Starting task SetStatusSync in foreground
[INFO] [1683658002.854796, 163.366000]: Starting task SetStatusSync
[INFO] [1683658002.879046, 163.391000]: task_server: Starting task WaitForStatusSync in foreground
[INFO] [1683658002.880833, 163.393000]: Starting task WaitForStatusSync
[INFO] [1683658002.906844, 163.419000]: task_server: Starting task AlignWithTarget in foreground
[INFO] [1683658002.908584, 163.421000]: Starting task AlignWithTarget
[INFO] [1683658002.953087, 163.465000]: task_server: Starting task FollowLine in foreground
[INFO] [1683658002.955947, 163.468000]: Starting task FollowLine
[INFO] [1683658032.218981, 192.614000]: task_server: Starting task AlignWithTarget in foreground
[INFO] [1683658032.221421, 192.616000]: Starting task AlignWithTarget
[INFO] [1683658037.843674, 198.209000]: task_server: Starting task FollowLine in foreground
[INFO] [1683658037.845872, 198.211000]: Starting task FollowLine
[INFO] [1683658066.242061, 226.457000]: task_server: Starting task SetStatusSync in foreground
[INFO] [1683658066.244145, 226.458000]: Starting task SetStatusSync
[INFO] [1683658066.269583, 226.484000]: task_server: Starting task WaitForStatusSync in foreground
[INFO] [1683658066.271789, 226.486000]: Starting task WaitForStatusSync
[INFO] [1683658068.633163, 228.827000]: Mission completed in 216.502 seconds
NFO] [1683658068.512044211, 228.706000000]: Task 'FollowLine' terminated[0m
[0m[ INFO] [1683658068.542778151, 228.737000000]: Running task 'SetStatusSync' at period 0.010000 main 1 timeout -1.000000 periodic 1[0m
[0m[ INFO] [1683658068.542868451, 228.737000000]: Task 'SetStatusSync' not running anymore (4)[0m
[0m[ INFO] [1683658068.542912662, 228.737000000]: Cleaning up task 20:SetStatusSync[0m
[0m[ INFO] [1683658068.542953465, 228.737000000]: Task 'SetStatusSync' terminated[0m
[0m[ INFO] [1683658068.578071421, 228.772000000]: Waiting for partner 'crawler_1' to reach status 4[0m
[0m[ INFO] [1683658068.578267379, 228.772000000]: Running task 'WaitForStatusSync' at period 0.010000 main 1 timeout -1.000000 periodic 1[0m
[0m[ INFO] [1683658068.578372803, 228.772000000]: Task 'WaitForStatusSync' not running anymore (4)[0m
[0m[ INFO] [1683658068.578406085, 228.772000000]: Cleaning up task 21:WaitForStatusSync[0m
[0m[ INFO] [1683658068.578439117, 228.772000000]: Task 'WaitForStatusSync' terminated[0m
[0m[ INFO] [1683658069.094709002, 229.283000000]: Running task 'Idle' at period 0.500000 main 1 timeout -1.000000 periodic 1[0m
6.239651845, 226.455000000]: Task 'FollowLine' terminated[0m
[0m[ INFO] [1683658066.265155290, 226.479000000]: Running task 'SetStatusSync' at period 0.010000 main 1 timeout -1.000000 periodic 1[0m
[0m[ INFO] [1683658066.265245430, 226.479000000]: Task 'SetStatusSync' not running anymore (4)[0m
[0m[ INFO] [1683658066.265280665, 226.479000000]: Cleaning up task 20:SetStatusSync[0m
[0m[ INFO] [1683658066.265322682, 226.480000000]: Task 'SetStatusSync' terminated[0m
[0m[ INFO] [1683658066.296972955, 226.507000000]: Waiting for partner 'crawler_0' to reach status 4[0m
[0m[ INFO] [1683658066.297158658, 226.507000000]: Running task 'WaitForStatusSync' at period 0.010000 main 1 timeout -1.000000 periodic 1[0m
[0m[ INFO] [1683658068.613631794, 228.808000000]: Task 'WaitForStatusSync' not running anymore (4)[0m
[0m[ INFO] [1683658068.613687039, 228.808000000]: Cleaning up task 21:WaitForStatusSync[0m
[0m[ INFO] [1683658068.613717015, 228.808000000]: Task 'WaitForStatusSync' terminated[0m
[0m[ INFO] [1683658069.129452362, 229.319000000]: Running task 'Idle' at period 0.500000 main 1 timeout -1.000000 periodic 1[0m
[31mWARNING: disk usage in log directory [/home/chroma/.ros/log] is over 1GB.
It's recommended that you use the 'rosclean' command.[0m
[31m================================================================================REQUIRED process [crawler_0/mission-2] has died!
process has finished cleanly
log file: /home/chroma/.ros/log/6aa5a7f8-ee99-11ed-9197-3fa0c4db1b13/crawler_0-mission-2*.log
Initiating shutdown!
================================================================================[0m
... logging to /home/chroma/.ros/log/6aa5a7f8-ee99-11ed-9197-3fa0c4db1b13/roslaunch-chroma-HP-ProBook-650-G2-4379.log
Checking log directory for disk usage. This may take a while.
Press Ctrl-C to interrupt
]2;/home/chroma/Documents/bugwright2-ws/bugwright_ws/src/my_sim/launch/crawler_navigation_nospawn.launch
[1mstarted roslaunch server http://chroma-HP-ProBook-650-G2:45117/[0m

SUMMARY
========

PARAMETERS
 * /crawler_0/mission/crawler_id: 0
 * /crawler_0/mission/crawlers_distance: 6.0
 * /crawler_0/mission/height: 6.0
 * /crawler_0/mission/overlap: 0.1
 * /crawler_0/mission/period: 0.01
 * /crawler_0/mission/server: task_server
 * /crawler_0/mission/stride_size: 2.0
 * /crawler_0/mission/velocity: 0.2
 * /crawler_0/mission/width: 6.0
 * /crawler_0/task_server/auto_topic: /crawler_0/cmd_vel
 * /crawler_0/task_server/base_frame: /crawler_0/base_f...
 * /crawler_0/task_server/id: 0
 * /crawler_0/task_server/joystick_topic: /crawler_0/teleop...
 * /crawler_0/task_server/lib_path: /home/chroma/Docu...
 * /crawler_0/task_server/my_id: 0
 * /crawler_0/task_server/my_name: crawler_0
 * /crawler_0/task_server/reference_frame: /world
 * /crawler_1/mission/crawler_id: 1
 * /crawler_1/mission/crawlers_distance: 6.0
 * /crawler_1/mission/height: 6.0
 * /crawler_1/mission/overlap: 0.1
 * /crawler_1/mission/period: 0.01
 * /crawler_1/mission/server: task_server
 * /crawler_1/mission/stride_size: 2.0
 * /crawler_1/mission/velocity: 0.2
 * /crawler_1/mission/width: 6.0
 * /crawler_1/task_server/auto_topic: /crawler_1/cmd_vel
 * /crawler_1/task_server/base_frame: /crawler_1/base_f...
 * /crawler_1/task_server/id: 1
 * /crawler_1/task_server/joystick_topic: /crawler_1/teleop...
 * /crawler_1/task_server/lib_path: /home/chroma/Docu...
 * /crawler_1/task_server/my_id: 1
 * /crawler_1/task_server/my_name: crawler_1
 * /crawler_1/task_server/reference_frame: /world
 * /rosdistro: noetic
 * /rosversion: 1.16.0

NODES
  /crawler_0/
    cmd_mux (topic_tools/mux)
    mission (floor_nav/peinture_au_rouleau.py)
    task_server (floor_nav/task_server)
  /crawler_1/
    cmd_mux (topic_tools/mux)
    mission (floor_nav/peinture_au_rouleau.py)
    task_server (floor_nav/task_server)

[1mROS_MASTER_URI=http://localhost:11311[0m
]2;/home/chroma/Documents/bugwright2-ws/bugwright_ws/src/my_sim/launch/crawler_navigation_nospawn.launch http://localhost:11311
[1mprocess[crawler_0/task_server-1]: started with pid [4400][0m
[1mprocess[crawler_0/mission-2]: started with pid [4401][0m
[1mprocess[crawler_0/cmd_mux-3]: started with pid [4402][0m
[1mprocess[crawler_1/task_server-4]: started with pid [4403][0m
[1mprocess[crawler_1/mission-5]: started with pid [4404][0m
[1mprocess[crawler_1/cmd_mux-6]: started with pid [4405][0m
[crawler_1/cmd_mux-6] killing on exit
[crawler_1/mission-5] killing on exit
[crawler_1/task_server-4] killing on exit
[crawler_0/cmd_mux-3] killing on exit
[crawler_0/task_server-1] killing on exit
[crawler_0/mission-2] killing on exit
shutting down processing monitor...
... shutting down processing monitor complete
[1mdone[0m
