warning: redefining global symbol: pi
when processing file: /home/chroma/Documents/bugwright2-ws/bugwright_ws/src/my_sim/models/CrawlerUGW/crawler.xacro
warning: redefining global symbol: pi
when processing file: /home/chroma/Documents/bugwright2-ws/bugwright_ws/src/my_sim/models/CrawlerUGW/crawler.xacro
[0m[ INFO] [1684080901.115415939]: Finished loading Gazebo ROS API Plugin.[0m
[0m[ INFO] [1684080901.117878109]: waitForService: Service [/gazebo/set_physics_properties] has not been advertised, waiting...[0m
[0m[ INFO] [1684080901.656559642]: waitForService: Service [/gazebo/set_physics_properties] is now available.[0m
[0m[ INFO] [1684080902.590298785, 0.149000000]: Camera Plugin: Using the 'robotNamespace' param: '/'[0m
[0m[ INFO] [1684080902.593205986, 0.149000000]: Camera Plugin (ns = /)  <tf_prefix_>, set to ""[0m
[0m[ INFO] [1684080902.603054778, 0.149000000]: <robotNamespace> set to: //[0m
[0m[ INFO] [1684080902.603104454, 0.149000000]: <topicName> set to: /crawler1/imu[0m
[0m[ INFO] [1684080902.603138974, 0.149000000]: <frameName> set to: crawler_1/base_link[0m
[0m[ INFO] [1684080902.603169430, 0.149000000]: <updateRateHZ> set to: 10[0m
[0m[ INFO] [1684080902.603189982, 0.149000000]: <gaussianNoise> set to: 0[0m
[0m[ INFO] [1684080902.603239804, 0.149000000]: <xyzOffset> set to: 0 0 0[0m
[0m[ INFO] [1684080902.603287811, 0.149000000]: <rpyOffset> set to: 0 -0 0[0m
[0m[ INFO] [1684080902.617522071, 0.149000000]: Physics dynamic reconfigure ready.[0m
[0m[ INFO] [1684080902.620100060, 0.149000000]: NS UWBe1 UwbPlugin::Load crawler1 Tag 0 Publish TF 1[0m
NS UWBe1 Uwb topic: uwb
[0m[ INFO] [1684080902.621056247, 0.149000000]: NS TAG1 UwbPlugin::Load crawler1 Tag 1 Publish TF 0[0m
NS TAG1 Uwb topic: crawler1/uwb_sim
[33m[ WARN] [1684080902.634373774, 0.149000000]: DiffDrive(ns = //): missing <rosDebugLevel> default is na[0m
[33m[ WARN] [1684080902.636508044, 0.149000000]: DiffDrive(ns = //): missing <wheelAcceleration> default is 0[0m
[33m[ WARN] [1684080902.636552912, 0.149000000]: DiffDrive(ns = //): missing <wheelTorque> default is 5[0m
[31m[ERROR] [1684080903.095156774, 0.348000000]: Tried to advertise a service that is already advertised in this node [/IFM_ir/set_camera_info][0m
[31m[ERROR] [1684080903.096410995, 0.348000000]: Tried to advertise a service that is already advertised in this node [/IFM_ir/set_parameters][0m
[0m[ INFO] [1684080902.634287455, 0.149000000]: Starting plugin DiffDrive(ns = //)[0m
[0m[ INFO] [1684080902.636169271, 0.149000000]: DiffDrive(ns = //): <tf_prefix> = [0m
[0m[ INFO] [1684080902.636775357, 0.149000000]: DiffDrive(ns = //): Try to subscribe to /crawler1/base_controller/cmd_vel[0m
[0m[ INFO] [1684080902.640860134, 0.149000000]: DiffDrive(ns = //): Subscribe to /crawler1/base_controller/cmd_vel[0m
[0m[ INFO] [1684080902.641947026, 0.149000000]: DiffDrive(ns = //): Advertise odom on /crawler1/odom [0m
[0m[ INFO] [1684080903.094868371, 0.348000000]: Camera Plugin: Using the 'robotNamespace' param: '/'[0m
[0m[ INFO] [1684080903.095094769, 0.348000000]: <robotNamespace> set to: //[0m
[0m[ INFO] [1684080903.095113931, 0.348000000]: <topicName> set to: /crawler0/imu[0m
[0m[ INFO] [1684080903.095125128, 0.348000000]: <frameName> set to: crawler_0/base_link[0m
[0m[ INFO] [1684080903.095225556, 0.348000000]: <updateRateHZ> set to: 10[0m
[0m[ INFO] [1684080903.095250934, 0.348000000]: <gaussianNoise> set to: 0[0m
[0m[ INFO] [1684080903.095283056, 0.348000000]: <xyzOffset> set to: 0 0 0[0m
[0m[ INFO] [1684080903.095301495, 0.348000000]: <rpyOffset> set to: 0 -0 0[0m
[0m[ INFO] [1684080903.096369202, 0.348000000]: Camera Plugin (ns = /)  <tf_prefix_>, set to ""[0m
[0m[ INFO] [1684080903.161079949, 0.348000000]: NS UWBe0 UwbPlugin::Load crawler0 Tag 0 Publish TF 1[0m
NS UWBe0 Uwb topic: uwb
[0m[ INFO] [1684080903.161384110, 0.348000000]: NS TAG0 UwbPlugin::Load crawler0 Tag 1 Publish TF 0[0m
NS TAG0 Uwb topic: crawler0/uwb_sim
[33m[ WARN] [1684080903.162205675, 0.348000000]: DiffDrive(ns = //): missing <rosDebugLevel> default is na[0m
[33m[ WARN] [1684080903.162809743, 0.348000000]: DiffDrive(ns = //): missing <wheelAcceleration> default is 0[0m
[33m[ WARN] [1684080903.162851221, 0.348000000]: DiffDrive(ns = //): missing <wheelTorque> default is 5[0m
[ERROR] [1684081454.007638, 534.285000]: Delete model service call failed: transport error completing service call: unable to receive data from sender, check sender's logs for details
[INFO] [1684080900.791699, 0.000000]: Loading model XML from ros parameter robot_description_crawler_0
[INFO] [1684080900.798548, 0.000000]: Waiting for service /gazebo/spawn_urdf_model
[INFO] [1684080901.705902, 0.000000]: Calling service /gazebo/spawn_urdf_model
[INFO] [1684080902.960710, 0.348000]: Spawn status: SpawnModel: Successfully spawned entity
[INFO] [1684080902.962570, 0.348000]: Waiting for shutdown to delete model crawler0
[INFO] [1684081453.603455, 534.011000]: Deleting model crawler0
[ERROR] [1684081454.007699, 534.285000]: Delete model service call failed: transport error completing service call: unable to receive data from sender, check sender's logs for details
[INFO] [1684080900.637059, 0.000000]: Loading model XML from ros parameter world_description
[INFO] [1684080900.662701, 0.000000]: Waiting for service /gazebo/spawn_urdf_model
[INFO] [1684080901.876105, 0.149000]: Calling service /gazebo/spawn_urdf_model
[INFO] [1684080903.575869, 0.541000]: Spawn status: SpawnModel: Successfully spawned entity
[INFO] [1684080903.577543, 0.541000]: Waiting for shutdown to delete model corrosion
[INFO] [1684081453.803031, 534.187000]: Deleting model corrosion
[ERROR] [1684081454.007567, 534.285000]: Delete model service call failed: transport error completing service call: unable to receive data from sender, check sender's logs for details
[INFO] [1684080900.732779, 0.000000]: Loading model XML from ros parameter robot_description_crawler_1
[INFO] [1684080900.743967, 0.000000]: Waiting for service /gazebo/spawn_urdf_model
[INFO] [1684080901.652012, 0.000000]: Calling service /gazebo/spawn_urdf_model
[INFO] [1684080902.606449, 0.149000]: Spawn status: SpawnModel: Successfully spawned entity
[INFO] [1684080902.609032, 0.149000]: Waiting for shutdown to delete model crawler1
[INFO] [1684081453.604167, 534.011000]: Deleting model crawler1
[31m[gazebo-2] escalating to SIGTERM[0m
... logging to /home/chroma/.ros/log/789d1116-f272-11ed-9003-e5e619360a76/roslaunch-chroma-HP-ProBook-650-G2-192628.log
Checking log directory for disk usage. This may take a while.
Press Ctrl-C to interrupt
Done checking log file disk usage. Usage is <1GB.
]2;/home/chroma/Documents/bugwright2-ws/bugwright_ws/src/my_sim/launch/crawler_ugw_with_uwb_simulation_spawn.launch
[1mstarted roslaunch server http://chroma-HP-ProBook-650-G2:32911/[0m

SUMMARY
========

PARAMETERS
 * /crawler0_gt/base_frame: crawler0_gt
 * /crawler0_gt/reference_frame: world
 * /crawler1_gt/base_frame: crawler1_gt
 * /crawler1_gt/reference_frame: world
 * /crawler_0_1_ugw_viz/base_frame: crawler_0/UWBe
 * /crawler_0_1_ugw_viz/tag_frame: crawler_1/UWBe
 * /crawler_0_1_ugw_viz/tag_name: crawler1
 * /gazebo/enable_ros_network: True
 * /og_viz/base_frame: UWBe
 * /og_viz/buddies/crawler0: crawler1
 * /og_viz/grid_height: 6
 * /og_viz/grid_resolution: 0.05
 * /og_viz/grid_width: 6
 * /og_viz/reference_frame: world
 * /robot_description_crawler_0: <?xml version="1....
 * /robot_description_crawler_1: <?xml version="1....
 * /robot_state_publisher_crawler_0/publish_frequency: 10.0
 * /robot_state_publisher_crawler_0/tf_prefix: crawler_0
 * /robot_state_publisher_crawler_1/publish_frequency: 10.0
 * /robot_state_publisher_crawler_1/tf_prefix: crawler_1
 * /robot_state_publisher_world/publish_frequency: 1.0
 * /rosdistro: noetic
 * /rosversion: 1.16.0
 * /use_sim_time: True
 * /world_description: <?xml version="1....

NODES
  /
    crawler0_gt (my_sim/pose_to_tf.py)
    crawler1_gt (my_sim/pose_to_tf.py)
    crawler_0_1_ugw_viz (my_sim/ugw_visualization.py)
    gazebo (gazebo_ros/gzserver)
    og_viz (my_sim/occgrid_visualization.py)
    robot_state_publisher_crawler_0 (robot_state_publisher/robot_state_publisher)
    robot_state_publisher_crawler_1 (robot_state_publisher/robot_state_publisher)
    robot_state_publisher_world (robot_state_publisher/robot_state_publisher)
    rviz (rviz/rviz)
    spawn_corrosion (gazebo_ros/spawn_model)
    spawn_crawler_0 (gazebo_ros/spawn_model)
    spawn_crawler_1 (gazebo_ros/spawn_model)
    world_to_world_tf (tf2_ros/static_transform_publisher)

auto-starting new master
[1mprocess[master]: started with pid [192664][0m
[1mROS_MASTER_URI=http://localhost:11311[0m
]2;/home/chroma/Documents/bugwright2-ws/bugwright_ws/src/my_sim/launch/crawler_ugw_with_uwb_simulation_spawn.launch http://localhost:11311
[1msetting /run_id to 789d1116-f272-11ed-9003-e5e619360a76[0m
[1mprocess[rosout-1]: started with pid [192681][0m
started core service [/rosout]
[1mprocess[gazebo-2]: started with pid [192688][0m
[1mprocess[spawn_corrosion-3]: started with pid [192693][0m
[1mprocess[robot_state_publisher_world-4]: started with pid [192694][0m
[1mprocess[world_to_world_tf-5]: started with pid [192695][0m
[1mprocess[spawn_crawler_0-6]: started with pid [192696][0m
[1mprocess[robot_state_publisher_crawler_0-7]: started with pid [192697][0m
[1mprocess[spawn_crawler_1-8]: started with pid [192706][0m
[1mprocess[robot_state_publisher_crawler_1-9]: started with pid [192707][0m
[1mprocess[crawler0_gt-10]: started with pid [192709][0m
[1mprocess[crawler1_gt-11]: started with pid [192715][0m
[1mprocess[crawler_0_1_ugw_viz-12]: started with pid [192724][0m
[1mprocess[og_viz-13]: started with pid [192740][0m
[1mprocess[rviz-14]: started with pid [192741][0m
[rviz-14] killing on exit
[og_viz-13] killing on exit
[crawler_0_1_ugw_viz-12] killing on exit
[crawler1_gt-11] killing on exit
[robot_state_publisher_crawler_1-9] killing on exit
[spawn_crawler_1-8] killing on exit
[crawler0_gt-10] killing on exit
[spawn_crawler_0-6] killing on exit
[world_to_world_tf-5] killing on exit
[robot_state_publisher_crawler_0-7] killing on exit
[robot_state_publisher_world-4] killing on exit
[spawn_corrosion-3] killing on exit
[gazebo-2] killing on exit
[rosout-1] killing on exit
[master] killing on exit
shutting down processing monitor...
... shutting down processing monitor complete
[1mdone[0m
