warning: redefining global symbol: pi
when processing file: /home/chroma/Documents/bugwright2-ws/bugwright_ws/src/my_sim/models/CrawlerUGW/crawler.xacro
warning: redefining global symbol: pi
when processing file: /home/chroma/Documents/bugwright2-ws/bugwright_ws/src/my_sim/models/CrawlerUGW/crawler.xacro
[0m[ INFO] [1686168557.397542024]: Finished loading Gazebo ROS API Plugin.[0m
[0m[ INFO] [1686168557.399660058]: waitForService: Service [/gazebo/set_physics_properties] has not been advertised, waiting...[0m
[0m[ INFO] [1686168557.895845214]: waitForService: Service [/gazebo/set_physics_properties] is now available.[0m
[0m[ INFO] [1686168557.954040147, 0.028000000]: Physics dynamic reconfigure ready.[0m
[0m[ INFO] [1686168558.718319538, 0.141000000]: Laser Plugin: Using the 'robotNamespace' param: '/'[0m
[0m[ INFO] [1686168558.718356763, 0.141000000]: Starting Laser Plugin (ns = /)[0m
[0m[ INFO] [1686168558.719824541, 0.141000000]: Laser Plugin (ns = /)  <tf_prefix_>, set to ""[0m
[0m[ INFO] [1686168558.726386708, 0.141000000]: <robotNamespace> set to: //[0m
[0m[ INFO] [1686168558.726407220, 0.141000000]: <topicName> set to: /crawler0/imu[0m
[0m[ INFO] [1686168558.726418010, 0.141000000]: <frameName> set to: crawler_0/base_link[0m
[0m[ INFO] [1686168558.726440099, 0.141000000]: <updateRateHZ> set to: 10[0m
[0m[ INFO] [1686168558.726452770, 0.141000000]: <gaussianNoise> set to: 0[0m
[0m[ INFO] [1686168558.726495590, 0.141000000]: <xyzOffset> set to: 0 0 0[0m
[0m[ INFO] [1686168558.726522293, 0.141000000]: <rpyOffset> set to: 0 -0 0[0m
[0m[ INFO] [1686168558.738424399, 0.141000000]: NS UWBe0 UwbPlugin::Load crawler0 Tag 0 Publish TF 1[0m
NS UWBe0 Uwb topic: uwb
[0m[ INFO] [1686168558.739286545, 0.141000000]: NS TAG0 UwbPlugin::Load crawler0 Tag 1 Publish TF 0[0m
NS TAG0 Uwb topic: crawler0/uwb_sim
[33m[ WARN] [1686168558.749584324, 0.141000000]: DiffDrive(ns = //): missing <rosDebugLevel> default is na[0m
[33m[ WARN] [1686168558.750520334, 0.141000000]: DiffDrive(ns = //): missing <wheelAcceleration> default is 0[0m
[33m[ WARN] [1686168558.750553343, 0.141000000]: DiffDrive(ns = //): missing <wheelTorque> default is 5[0m
[0m[ INFO] [1686168558.749518988, 0.141000000]: Starting plugin DiffDrive(ns = //)[0m
[0m[ INFO] [1686168558.750262454, 0.141000000]: DiffDrive(ns = //): <tf_prefix> = [0m
[0m[ INFO] [1686168558.750723882, 0.141000000]: DiffDrive(ns = //): Try to subscribe to /crawler0/base_controller/cmd_vel[0m
[0m[ INFO] [1686168558.753008917, 0.141000000]: DiffDrive(ns = //): Subscribe to /crawler0/base_controller/cmd_vel[0m
[0m[ INFO] [1686168558.753624373, 0.141000000]: DiffDrive(ns = //): Advertise odom on /crawler0/odom [0m
[0m[ INFO] [1686168559.906136103, 0.540000000]: Laser Plugin: Using the 'robotNamespace' param: '/'[0m
[0m[ INFO] [1686168559.906160333, 0.540000000]: Starting Laser Plugin (ns = /)[0m
[0m[ INFO] [1686168559.907277472, 0.540000000]: Laser Plugin (ns = /)  <tf_prefix_>, set to ""[0m
[0m[ INFO] [1686168559.908567271, 0.540000000]: <robotNamespace> set to: //[0m
[0m[ INFO] [1686168559.908584185, 0.540000000]: <topicName> set to: /crawler1/imu[0m
[0m[ INFO] [1686168559.908593480, 0.540000000]: <frameName> set to: crawler_1/base_link[0m
[0m[ INFO] [1686168559.908608249, 0.540000000]: <updateRateHZ> set to: 10[0m
[0m[ INFO] [1686168559.908642805, 0.540000000]: <gaussianNoise> set to: 0[0m
[0m[ INFO] [1686168559.908660252, 0.540000000]: <xyzOffset> set to: 0 0 0[0m
[0m[ INFO] [1686168559.908688457, 0.540000000]: <rpyOffset> set to: 0 -0 0[0m
[0m[ INFO] [1686168559.916564270, 0.540000000]: NS UWBe1 UwbPlugin::Load crawler1 Tag 0 Publish TF 1[0m
NS UWBe1 Uwb topic: uwb
[0m[ INFO] [1686168559.917036620, 0.540000000]: NS TAG1 UwbPlugin::Load crawler1 Tag 1 Publish TF 0[0m
NS TAG1 Uwb topic: crawler1/uwb_sim
[33m[ WARN] [1686168559.918517900, 0.540000000]: DiffDrive(ns = //): missing <rosDebugLevel> default is na[0m
[33m[ WARN] [1686168559.919726444, 0.540000000]: DiffDrive(ns = //): missing <wheelAcceleration> default is 0[0m
[33m[ WARN] [1686168559.919803826, 0.540000000]: DiffDrive(ns = //): missing <wheelTorque> default is 5[0m
[ERROR] [1686168561.048947, 1.652000]: bad callback: <function handle_uwb at 0x7f7483f56280>
Traceback (most recent call last):
  File "/opt/ros/noetic/lib/python3/dist-packages/rospy/topics.py", line 748, in _invoke_callback
    cb(msg, cb_args)
  File "/home/chroma/Documents/bugwright2-ws/bugwright_ws/src/my_sim/nodes/occgrid_visualization.py", line 40, in handle_uwb
    listener.waitForTransform('/' + str(reference_frame), tag, msg.header.stamp, rospy.Duration(1.0))
  File "/opt/ros/noetic/lib/python3/dist-packages/tf/listener.py", line 76, in waitForTransform
    raise tf2_ros.TransformException(error_msg or "no such transformation: \"{}\" -> \"{}\"".format(source_frame, target_frame))
tf2.TransformException: Lookup would require extrapolation 0.098000000s into the past.  Requested time 0.541000000 but the earliest data is at time 0.639000000, when looking up transform from frame [crawler_1/UWBe] to frame [world]

[ERROR] [1686168560.939781, 1.544000]: bad callback: <function handle_uwb at 0x7f94cbac6310>
Traceback (most recent call last):
  File "/opt/ros/noetic/lib/python3/dist-packages/rospy/topics.py", line 750, in _invoke_callback
    cb(msg)
  File "/home/chroma/Documents/bugwright2-ws/bugwright_ws/src/my_sim/nodes/ugw_visualization.py", line 21, in handle_uwb
    listener.waitForTransform(base_frame, tag_frame, msg.header.stamp,rospy.Duration(1.0))
  File "/opt/ros/noetic/lib/python3/dist-packages/tf/listener.py", line 76, in waitForTransform
    raise tf2_ros.TransformException(error_msg or "no such transformation: \"{}\" -> \"{}\"".format(source_frame, target_frame))
tf2.TransformException: Lookup would require extrapolation 0.098000000s into the past.  Requested time 0.541000000 but the earliest data is at time 0.639000000, when looking up transform from frame [crawler_1/UWBe] to frame [crawler_0/UWBe]

[ERROR] [1686169777.203161, 1092.726000]: Delete model service call failed: transport error completing service call: unable to receive data from sender, check sender's logs for details
[INFO] [1686168557.132235, 0.000000]: Loading model XML from ros parameter robot_description_crawler_1
[INFO] [1686168557.138329, 0.000000]: Waiting for service /gazebo/spawn_urdf_model
[INFO] [1686168558.052227, 0.121000]: Calling service /gazebo/spawn_urdf_model
[INFO] [1686168559.916211, 0.540000]: Spawn status: SpawnModel: Successfully spawned entity
[INFO] [1686168559.918773, 0.540000]: Waiting for shutdown to delete model crawler1
[INFO] [1686169776.843575, 1092.427000]: Deleting model crawler1
[ERROR] [1686169777.203202, 1092.726000]: Delete model service call failed: transport error completing service call: unable to receive data from sender, check sender's logs for details
[INFO] [1686168557.125352, 0.000000]: Loading model XML from ros parameter world_description
[INFO] [1686168557.137678, 0.000000]: Waiting for service /gazebo/spawn_urdf_model
[INFO] [1686168558.048160, 0.117000]: Calling service /gazebo/spawn_urdf_model
[INFO] [1686168559.049227, 0.340000]: Spawn status: SpawnModel: Successfully spawned entity
[INFO] [1686168559.050812, 0.340000]: Waiting for shutdown to delete model corrosion
[INFO] [1686169776.956044, 1092.535000]: Deleting model corrosion
[ERROR] [1686169777.203233, 1092.726000]: Delete model service call failed: transport error completing service call: unable to receive data from sender, check sender's logs for details
[INFO] [1686168557.033904, 0.000000]: Loading model XML from ros parameter robot_description_crawler_0
[INFO] [1686168557.040589, 0.000000]: Waiting for service /gazebo/spawn_urdf_model
[INFO] [1686168557.946551, 0.021000]: Calling service /gazebo/spawn_urdf_model
[INFO] [1686168558.729023, 0.141000]: Spawn status: SpawnModel: Successfully spawned entity
[INFO] [1686168558.730357, 0.141000]: Waiting for shutdown to delete model crawler0
[INFO] [1686169776.843061, 1092.426000]: Deleting model crawler0
[31mWARNING: disk usage in log directory [/home/chroma/.ros/log] is over 1GB.
It's recommended that you use the 'rosclean' command.[0m
[31m[gazebo-2] escalating to SIGTERM[0m
... logging to /home/chroma/.ros/log/2cf79fa0-056f-11ee-9aa2-738ee4d56d4e/roslaunch-chroma-HP-ProBook-650-G2-307650.log
Checking log directory for disk usage. This may take a while.
Press Ctrl-C to interrupt
]2;/home/chroma/Documents/bugwright2-ws/bugwright_ws/src/my_sim/launch/crawler_ugw_with_uwb_simulation_spawn.launch
[1mstarted roslaunch server http://chroma-HP-ProBook-650-G2:41427/[0m

SUMMARY
========

PARAMETERS
 * /crawler0_gt/base_frame: crawler0_gt
 * /crawler0_gt/reference_frame: world
 * /crawler1_gt/base_frame: crawler1_gt
 * /crawler1_gt/reference_frame: world
 * /crawler_0_1_ugw_viz/base_frame: crawler_0/UWBe
 * /crawler_0_1_ugw_viz/tag_frame: crawler_1/UWBe
 * /crawler_0_1_ugw_viz/tag_name: crawler1
 * /gazebo/enable_ros_network: True
 * /og_viz/base_frame: UWBe
 * /og_viz/buddies/crawler0: crawler1
 * /og_viz/grid_height: 6
 * /og_viz/grid_resolution: 0.05
 * /og_viz/grid_width: 6
 * /og_viz/reference_frame: world
 * /robot_description_crawler_0: <?xml version="1....
 * /robot_description_crawler_1: <?xml version="1....
 * /robot_state_publisher_crawler_0/publish_frequency: 10.0
 * /robot_state_publisher_crawler_0/tf_prefix: crawler_0
 * /robot_state_publisher_crawler_1/publish_frequency: 10.0
 * /robot_state_publisher_crawler_1/tf_prefix: crawler_1
 * /robot_state_publisher_world/publish_frequency: 1.0
 * /rosdistro: noetic
 * /rosversion: 1.16.0
 * /use_sim_time: True
 * /world_description: <?xml version="1....

NODES
  /
    crawler0_gt (my_sim/pose_to_tf.py)
    crawler1_gt (my_sim/pose_to_tf.py)
    crawler_0_1_ugw_viz (my_sim/ugw_visualization.py)
    gazebo (gazebo_ros/gzserver)
    og_viz (my_sim/occgrid_visualization.py)
    robot_state_publisher_crawler_0 (robot_state_publisher/robot_state_publisher)
    robot_state_publisher_crawler_1 (robot_state_publisher/robot_state_publisher)
    robot_state_publisher_world (robot_state_publisher/robot_state_publisher)
    rviz (rviz/rviz)
    spawn_corrosion (gazebo_ros/spawn_model)
    spawn_crawler_0 (gazebo_ros/spawn_model)
    spawn_crawler_1 (gazebo_ros/spawn_model)
    world_to_world_tf (tf2_ros/static_transform_publisher)

auto-starting new master
[1mprocess[master]: started with pid [307686][0m
[1mROS_MASTER_URI=http://localhost:11311[0m
]2;/home/chroma/Documents/bugwright2-ws/bugwright_ws/src/my_sim/launch/crawler_ugw_with_uwb_simulation_spawn.launch http://localhost:11311
[1msetting /run_id to 2cf79fa0-056f-11ee-9aa2-738ee4d56d4e[0m
[1mprocess[rosout-1]: started with pid [307703][0m
started core service [/rosout]
[1mprocess[gazebo-2]: started with pid [307710][0m
[1mprocess[spawn_corrosion-3]: started with pid [307714][0m
[1mprocess[robot_state_publisher_world-4]: started with pid [307716][0m
[1mprocess[world_to_world_tf-5]: started with pid [307717][0m
[1mprocess[spawn_crawler_0-6]: started with pid [307718][0m
[1mprocess[robot_state_publisher_crawler_0-7]: started with pid [307723][0m
[1mprocess[spawn_crawler_1-8]: started with pid [307729][0m
[1mprocess[robot_state_publisher_crawler_1-9]: started with pid [307732][0m
[1mprocess[crawler0_gt-10]: started with pid [307733][0m
[1mprocess[crawler1_gt-11]: started with pid [307738][0m
[1mprocess[crawler_0_1_ugw_viz-12]: started with pid [307742][0m
[1mprocess[og_viz-13]: started with pid [307755][0m
[1mprocess[rviz-14]: started with pid [307756][0m
[rviz-14] killing on exit
[og_viz-13] killing on exit
[crawler_0_1_ugw_viz-12] killing on exit
[robot_state_publisher_crawler_1-9] killing on exit
[crawler1_gt-11] killing on exit
[crawler0_gt-10] killing on exit
[robot_state_publisher_crawler_0-7] killing on exit
[spawn_crawler_0-6] killing on exit
[world_to_world_tf-5] killing on exit
[spawn_crawler_1-8] killing on exit
[robot_state_publisher_world-4] killing on exit
[spawn_corrosion-3] killing on exit
[gazebo-2] killing on exit
[rosout-1] killing on exit
[master] killing on exit
shutting down processing monitor...
... shutting down processing monitor complete
[1mdone[0m
