warning: redefining global symbol: pi
when processing file: /home/chroma/Documents/bugwright2-ws/bugwright_ws/src/my_sim/models/CrawlerUGW/crawler.xacro
warning: redefining global symbol: pi
when processing file: /home/chroma/Documents/bugwright2-ws/bugwright_ws/src/my_sim/models/CrawlerUGW/crawler.xacro
[0m[ INFO] [1684116245.538183081]: Finished loading Gazebo ROS API Plugin.[0m
[0m[ INFO] [1684116245.539737568]: waitForService: Service [/gazebo/set_physics_properties] has not been advertised, waiting...[0m
[0m[ INFO] [1684116246.036383232]: waitForService: Service [/gazebo/set_physics_properties] is now available.[0m
[0m[ INFO] [1684116246.405686443, 0.159000000]: Physics dynamic reconfigure ready.[0m
[0m[ INFO] [1684116246.993423611, 0.347000000]: Camera Plugin: Using the 'robotNamespace' param: '/'[0m
[0m[ INFO] [1684116246.996370237, 0.347000000]: Camera Plugin (ns = /)  <tf_prefix_>, set to ""[0m
[0m[ INFO] [1684116247.005692778, 0.347000000]: <robotNamespace> set to: //[0m
[0m[ INFO] [1684116247.005726606, 0.347000000]: <topicName> set to: /crawler0/imu[0m
[0m[ INFO] [1684116247.005756747, 0.347000000]: <frameName> set to: crawler_0/base_link[0m
[0m[ INFO] [1684116247.005790396, 0.347000000]: <updateRateHZ> set to: 10[0m
[0m[ INFO] [1684116247.005815243, 0.347000000]: <gaussianNoise> set to: 0[0m
[0m[ INFO] [1684116247.005860068, 0.347000000]: <xyzOffset> set to: 0 0 0[0m
[0m[ INFO] [1684116247.005911841, 0.347000000]: <rpyOffset> set to: 0 -0 0[0m
[0m[ INFO] [1684116247.115588190, 0.347000000]: NS UWBe0 UwbPlugin::Load crawler0 Tag 0 Publish TF 1[0m
NS UWBe0 Uwb topic: uwb
[0m[ INFO] [1684116247.116344216, 0.347000000]: NS TAG0 UwbPlugin::Load crawler0 Tag 1 Publish TF 0[0m
NS TAG0 Uwb topic: crawler0/uwb_sim
[33m[ WARN] [1684116247.126667913, 0.347000000]: DiffDrive(ns = //): missing <rosDebugLevel> default is na[0m
[33m[ WARN] [1684116247.128088579, 0.347000000]: DiffDrive(ns = //): missing <wheelAcceleration> default is 0[0m
[33m[ WARN] [1684116247.128130685, 0.347000000]: DiffDrive(ns = //): missing <wheelTorque> default is 5[0m
[31m[ERROR] [1684116247.504361962, 0.548000000]: Tried to advertise a service that is already advertised in this node [/IFM_ir/set_camera_info][0m
[31m[ERROR] [1684116247.505996283, 0.548000000]: Tried to advertise a service that is already advertised in this node [/IFM_ir/set_parameters][0m
[0m[ INFO] [1684116247.126591801, 0.347000000]: Starting plugin DiffDrive(ns = //)[0m
[0m[ INFO] [1684116247.127906235, 0.347000000]: DiffDrive(ns = //): <tf_prefix> = [0m
[0m[ INFO] [1684116247.128297611, 0.347000000]: DiffDrive(ns = //): Try to subscribe to /crawler0/base_controller/cmd_vel[0m
[0m[ INFO] [1684116247.130696430, 0.347000000]: DiffDrive(ns = //): Subscribe to /crawler0/base_controller/cmd_vel[0m
[0m[ INFO] [1684116247.131192128, 0.347000000]: DiffDrive(ns = //): Advertise odom on /crawler0/odom [0m
[0m[ INFO] [1684116247.504068833, 0.548000000]: Camera Plugin: Using the 'robotNamespace' param: '/'[0m
[0m[ INFO] [1684116247.504535861, 0.548000000]: <robotNamespace> set to: //[0m
[0m[ INFO] [1684116247.504557167, 0.548000000]: <topicName> set to: /crawler1/imu[0m
[0m[ INFO] [1684116247.504567302, 0.548000000]: <frameName> set to: crawler_1/base_link[0m
[0m[ INFO] [1684116247.504581857, 0.548000000]: <updateRateHZ> set to: 10[0m
[0m[ INFO] [1684116247.504593239, 0.548000000]: <gaussianNoise> set to: 0[0m
[0m[ INFO] [1684116247.504626681, 0.548000000]: <xyzOffset> set to: 0 0 0[0m
[0m[ INFO] [1684116247.504643832, 0.548000000]: <rpyOffset> set to: 0 -0 0[0m
[0m[ INFO] [1684116247.505959163, 0.548000000]: Camera Plugin (ns = /)  <tf_prefix_>, set to ""[0m
[0m[ INFO] [1684116247.539413968, 0.548000000]: NS UWBe1 UwbPlugin::Load crawler1 Tag 0 Publish TF 1[0m
NS UWBe1 Uwb topic: uwb
[0m[ INFO] [1684116247.539686167, 0.548000000]: NS TAG1 UwbPlugin::Load crawler1 Tag 1 Publish TF 0[0m
NS TAG1 Uwb topic: crawler1/uwb_sim
[33m[ WARN] [1684116247.540565087, 0.548000000]: DiffDrive(ns = //): missing <rosDebugLevel> default is na[0m
[33m[ WARN] [1684116247.541207717, 0.548000000]: DiffDrive(ns = //): missing <wheelAcceleration> default is 0[0m
[33m[ WARN] [1684116247.541225181, 0.548000000]: DiffDrive(ns = //): missing <wheelTorque> default is 5[0m
[ERROR] [1684118412.837521, 2157.147000]: Delete model service call failed: transport error completing service call: unable to receive data from sender, check sender's logs for details
[INFO] [1684116245.081953, 0.000000]: Loading model XML from ros parameter robot_description_crawler_1
[INFO] [1684116245.090379, 0.000000]: Waiting for service /gazebo/spawn_urdf_model
[INFO] [1684116246.298369, 0.147000]: Calling service /gazebo/spawn_urdf_model
[INFO] [1684116247.439113, 0.548000]: Spawn status: SpawnModel: Successfully spawned entity
[INFO] [1684116247.440720, 0.548000]: Waiting for shutdown to delete model crawler1
[INFO] [1684118412.553982, 2156.946000]: Deleting model crawler1
[ERROR] [1684118412.837521, 2157.147000]: Delete model service call failed: transport error completing service call: unable to receive data from sender, check sender's logs for details
[INFO] [1684116245.175484, 0.000000]: Loading model XML from ros parameter robot_description_crawler_0
[INFO] [1684116245.180270, 0.000000]: Waiting for service /gazebo/spawn_urdf_model
[INFO] [1684116246.086777, 0.037000]: Calling service /gazebo/spawn_urdf_model
[INFO] [1684116247.005719, 0.347000]: Spawn status: SpawnModel: Successfully spawned entity
[INFO] [1684116247.007648, 0.347000]: Waiting for shutdown to delete model crawler0
[INFO] [1684118412.555422, 2156.947000]: Deleting model crawler0
[ERROR] [1684118412.837512, 2157.147000]: Delete model service call failed: transport error completing service call: unable to receive data from sender, check sender's logs for details
[INFO] [1684116245.081322, 0.000000]: Loading model XML from ros parameter world_description
[INFO] [1684116245.110185, 0.000000]: Waiting for service /gazebo/spawn_urdf_model
[INFO] [1684116246.017004, 0.000000]: Calling service /gazebo/spawn_urdf_model
[INFO] [1684116246.394372, 0.148000]: Spawn status: SpawnModel: Successfully spawned entity
[INFO] [1684116246.398772, 0.152000]: Waiting for shutdown to delete model corrosion
[INFO] [1684118412.755602, 2157.144000]: Deleting model corrosion
[31m[gazebo-2] escalating to SIGTERM[0m
... logging to /home/chroma/.ros/log/c3ca124a-f2c4-11ed-9003-e5e619360a76/roslaunch-chroma-HP-ProBook-650-G2-222814.log
Checking log directory for disk usage. This may take a while.
Press Ctrl-C to interrupt
Done checking log file disk usage. Usage is <1GB.
]2;/home/chroma/Documents/bugwright2-ws/bugwright_ws/src/my_sim/launch/crawler_ugw_with_uwb_simulation_spawn.launch
[1mstarted roslaunch server http://chroma-HP-ProBook-650-G2:36605/[0m

SUMMARY
========

PARAMETERS
 * /crawler0_gt/base_frame: crawler0_gt
 * /crawler0_gt/reference_frame: world
 * /crawler1_gt/base_frame: crawler1_gt
 * /crawler1_gt/reference_frame: world
 * /crawler_0_1_ugw_viz/base_frame: crawler_0/UWBe
 * /crawler_0_1_ugw_viz/tag_frame: crawler_1/UWBe
 * /crawler_0_1_ugw_viz/tag_name: crawler1
 * /gazebo/enable_ros_network: True
 * /og_viz/base_frame: UWBe
 * /og_viz/buddies/crawler0: crawler1
 * /og_viz/grid_height: 6
 * /og_viz/grid_resolution: 0.05
 * /og_viz/grid_width: 6
 * /og_viz/reference_frame: world
 * /robot_description_crawler_0: <?xml version="1....
 * /robot_description_crawler_1: <?xml version="1....
 * /robot_state_publisher_crawler_0/publish_frequency: 10.0
 * /robot_state_publisher_crawler_0/tf_prefix: crawler_0
 * /robot_state_publisher_crawler_1/publish_frequency: 10.0
 * /robot_state_publisher_crawler_1/tf_prefix: crawler_1
 * /robot_state_publisher_world/publish_frequency: 1.0
 * /rosdistro: noetic
 * /rosversion: 1.16.0
 * /use_sim_time: True
 * /world_description: <?xml version="1....

NODES
  /
    crawler0_gt (my_sim/pose_to_tf.py)
    crawler1_gt (my_sim/pose_to_tf.py)
    crawler_0_1_ugw_viz (my_sim/ugw_visualization.py)
    gazebo (gazebo_ros/gzserver)
    og_viz (my_sim/occgrid_visualization.py)
    robot_state_publisher_crawler_0 (robot_state_publisher/robot_state_publisher)
    robot_state_publisher_crawler_1 (robot_state_publisher/robot_state_publisher)
    robot_state_publisher_world (robot_state_publisher/robot_state_publisher)
    rviz (rviz/rviz)
    spawn_corrosion (gazebo_ros/spawn_model)
    spawn_crawler_0 (gazebo_ros/spawn_model)
    spawn_crawler_1 (gazebo_ros/spawn_model)
    world_to_world_tf (tf2_ros/static_transform_publisher)

auto-starting new master
[1mprocess[master]: started with pid [222850][0m
[1mROS_MASTER_URI=http://localhost:11311[0m
]2;/home/chroma/Documents/bugwright2-ws/bugwright_ws/src/my_sim/launch/crawler_ugw_with_uwb_simulation_spawn.launch http://localhost:11311
[1msetting /run_id to c3ca124a-f2c4-11ed-9003-e5e619360a76[0m
[1mprocess[rosout-1]: started with pid [222867][0m
started core service [/rosout]
[1mprocess[gazebo-2]: started with pid [222874][0m
[1mprocess[spawn_corrosion-3]: started with pid [222878][0m
[1mprocess[robot_state_publisher_world-4]: started with pid [222880][0m
[1mprocess[world_to_world_tf-5]: started with pid [222881][0m
[1mprocess[spawn_crawler_0-6]: started with pid [222882][0m
[1mprocess[robot_state_publisher_crawler_0-7]: started with pid [222887][0m
[1mprocess[spawn_crawler_1-8]: started with pid [222893][0m
[1mprocess[robot_state_publisher_crawler_1-9]: started with pid [222895][0m
[1mprocess[crawler0_gt-10]: started with pid [222897][0m
[1mprocess[crawler1_gt-11]: started with pid [222902][0m
[1mprocess[crawler_0_1_ugw_viz-12]: started with pid [222909][0m
[1mprocess[og_viz-13]: started with pid [222919][0m
[1mprocess[rviz-14]: started with pid [222920][0m
[rviz-14] killing on exit
[og_viz-13] killing on exit
[crawler_0_1_ugw_viz-12] killing on exit
[crawler1_gt-11] killing on exit
[crawler0_gt-10] killing on exit
[robot_state_publisher_crawler_1-9] killing on exit
[spawn_crawler_1-8] killing on exit
[robot_state_publisher_crawler_0-7] killing on exit
[spawn_crawler_0-6] killing on exit
[world_to_world_tf-5] killing on exit
[robot_state_publisher_world-4] killing on exit
[spawn_corrosion-3] killing on exit
[gazebo-2] killing on exit
[rosout-1] killing on exit
[master] killing on exit
shutting down processing monitor...
... shutting down processing monitor complete
[1mdone[0m
