warning: redefining global symbol: pi
when processing file: /home/chroma/Documents/bugwright2-ws/bugwright_ws/src/my_sim/models/CrawlerUGW/crawler.xacro
warning: redefining global symbol: pi
when processing file: /home/chroma/Documents/bugwright2-ws/bugwright_ws/src/my_sim/models/CrawlerUGW/crawler.xacro
[0m[ INFO] [1685445977.267963333]: Finished loading Gazebo ROS API Plugin.[0m
[0m[ INFO] [1685445977.269632296]: waitForService: Service [/gazebo/set_physics_properties] has not been advertised, waiting...[0m
[0m[ INFO] [1685445977.744981103]: waitForService: Service [/gazebo/set_physics_properties] is now available.[0m
[0m[ INFO] [1685445977.775229277, 0.007000000]: Physics dynamic reconfigure ready.[0m
[0m[ INFO] [1685445978.555664210, 0.139000000]: Laser Plugin: Using the 'robotNamespace' param: '/'[0m
[0m[ INFO] [1685445978.555727938, 0.139000000]: Starting Laser Plugin (ns = /)[0m
[0m[ INFO] [1685445978.557288392, 0.139000000]: Laser Plugin (ns = /)  <tf_prefix_>, set to ""[0m
[0m[ INFO] [1685445978.569083551, 0.139000000]: <robotNamespace> set to: //[0m
[0m[ INFO] [1685445978.569116475, 0.139000000]: <topicName> set to: /crawler0/imu[0m
[0m[ INFO] [1685445978.569134662, 0.139000000]: <frameName> set to: crawler_0/base_link[0m
[0m[ INFO] [1685445978.569165753, 0.139000000]: <updateRateHZ> set to: 10[0m
[0m[ INFO] [1685445978.569188803, 0.139000000]: <gaussianNoise> set to: 0[0m
[0m[ INFO] [1685445978.569224262, 0.139000000]: <xyzOffset> set to: 0 0 0[0m
[0m[ INFO] [1685445978.569263914, 0.139000000]: <rpyOffset> set to: 0 -0 0[0m
[0m[ INFO] [1685445978.699448056, 0.139000000]: NS UWBe0 UwbPlugin::Load crawler0 Tag 0 Publish TF 1[0m
NS UWBe0 Uwb topic: uwb
[0m[ INFO] [1685445978.701420641, 0.139000000]: NS TAG0 UwbPlugin::Load crawler0 Tag 1 Publish TF 0[0m
NS TAG0 Uwb topic: crawler0/uwb_sim
[33m[ WARN] [1685445978.718780406, 0.139000000]: DiffDrive(ns = //): missing <rosDebugLevel> default is na[0m
[33m[ WARN] [1685445978.719879651, 0.139000000]: DiffDrive(ns = //): missing <wheelAcceleration> default is 0[0m
[33m[ WARN] [1685445978.719921518, 0.139000000]: DiffDrive(ns = //): missing <wheelTorque> default is 5[0m
[0m[ INFO] [1685445978.718693759, 0.139000000]: Starting plugin DiffDrive(ns = //)[0m
[0m[ INFO] [1685445978.719652263, 0.139000000]: DiffDrive(ns = //): <tf_prefix> = [0m
[0m[ INFO] [1685445978.720146217, 0.139000000]: DiffDrive(ns = //): Try to subscribe to /crawler0/base_controller/cmd_vel[0m
[0m[ INFO] [1685445978.722701652, 0.139000000]: DiffDrive(ns = //): Subscribe to /crawler0/base_controller/cmd_vel[0m
[0m[ INFO] [1685445978.723313295, 0.139000000]: DiffDrive(ns = //): Advertise odom on /crawler0/odom [0m
[0m[ INFO] [1685445979.852111050, 0.534000000]: Laser Plugin: Using the 'robotNamespace' param: '/'[0m
[0m[ INFO] [1685445979.852156749, 0.534000000]: Starting Laser Plugin (ns = /)[0m
[0m[ INFO] [1685445979.853232041, 0.534000000]: Laser Plugin (ns = /)  <tf_prefix_>, set to ""[0m
[0m[ INFO] [1685445979.855741587, 0.534000000]: <robotNamespace> set to: //[0m
[0m[ INFO] [1685445979.855759177, 0.534000000]: <topicName> set to: /crawler1/imu[0m
[0m[ INFO] [1685445979.855790153, 0.534000000]: <frameName> set to: crawler_1/base_link[0m
[0m[ INFO] [1685445979.855843359, 0.534000000]: <updateRateHZ> set to: 10[0m
[0m[ INFO] [1685445979.855890387, 0.534000000]: <gaussianNoise> set to: 0[0m
[0m[ INFO] [1685445979.855998801, 0.534000000]: <xyzOffset> set to: 0 0 0[0m
[0m[ INFO] [1685445979.856042682, 0.534000000]: <rpyOffset> set to: 0 -0 0[0m
[0m[ INFO] [1685445979.863887284, 0.534000000]: NS UWBe1 UwbPlugin::Load crawler1 Tag 0 Publish TF 1[0m
NS UWBe1 Uwb topic: uwb
[0m[ INFO] [1685445979.864170248, 0.534000000]: NS TAG1 UwbPlugin::Load crawler1 Tag 1 Publish TF 0[0m
NS TAG1 Uwb topic: crawler1/uwb_sim
[33m[ WARN] [1685445979.865459301, 0.534000000]: DiffDrive(ns = //): missing <rosDebugLevel> default is na[0m
[33m[ WARN] [1685445979.866541853, 0.534000000]: DiffDrive(ns = //): missing <wheelAcceleration> default is 0[0m
[33m[ WARN] [1685445979.866575885, 0.534000000]: DiffDrive(ns = //): missing <wheelTorque> default is 5[0m
[ERROR] [1685445981.004895, 1.655000]: bad callback: <function handle_uwb at 0x7f5db85e9280>
Traceback (most recent call last):
  File "/opt/ros/noetic/lib/python3/dist-packages/rospy/topics.py", line 748, in _invoke_callback
    cb(msg, cb_args)
  File "/home/chroma/Documents/bugwright2-ws/bugwright_ws/src/my_sim/nodes/occgrid_visualization.py", line 40, in handle_uwb
    listener.waitForTransform('/' + str(reference_frame), tag, msg.header.stamp, rospy.Duration(1.0))
  File "/opt/ros/noetic/lib/python3/dist-packages/tf/listener.py", line 76, in waitForTransform
    raise tf2_ros.TransformException(error_msg or "no such transformation: \"{}\" -> \"{}\"".format(source_frame, target_frame))
tf2.TransformException: Lookup would require extrapolation 0.094000000s into the past.  Requested time 0.539000000 but the earliest data is at time 0.633000000, when looking up transform from frame [crawler_1/UWBe] to frame [world]

[ERROR] [1685445980.893575, 1.545000]: bad callback: <function handle_uwb at 0x7f6aecb35310>
Traceback (most recent call last):
  File "/opt/ros/noetic/lib/python3/dist-packages/rospy/topics.py", line 750, in _invoke_callback
    cb(msg)
  File "/home/chroma/Documents/bugwright2-ws/bugwright_ws/src/my_sim/nodes/ugw_visualization.py", line 21, in handle_uwb
    listener.waitForTransform(base_frame, tag_frame, msg.header.stamp,rospy.Duration(1.0))
  File "/opt/ros/noetic/lib/python3/dist-packages/tf/listener.py", line 76, in waitForTransform
    raise tf2_ros.TransformException(error_msg or "no such transformation: \"{}\" -> \"{}\"".format(source_frame, target_frame))
tf2.TransformException: Lookup would require extrapolation 0.094000000s into the past.  Requested time 0.539000000 but the earliest data is at time 0.633000000, when looking up transform from frame [crawler_1/UWBe] to frame [crawler_0/UWBe]

[ERROR] [1685447223.258846, 1122.478000]: Delete model service call failed: transport error completing service call: unable to receive data from sender, check sender's logs for details
[INFO] [1685445976.994388, 0.000000]: Loading model XML from ros parameter robot_description_crawler_1
[INFO] [1685445977.002111, 0.000000]: Waiting for service /gazebo/spawn_urdf_model
[INFO] [1685445977.909496, 0.134000]: Calling service /gazebo/spawn_urdf_model
[INFO] [1685445979.863774, 0.534000]: Spawn status: SpawnModel: Successfully spawned entity
[INFO] [1685445979.865775, 0.534000]: Waiting for shutdown to delete model crawler1
[INFO] [1685447222.970472, 1122.277000]: Deleting model crawler1
[ERROR] [1685447223.258861, 1122.478000]: Delete model service call failed: transport error completing service call: unable to receive data from sender, check sender's logs for details
[INFO] [1685445976.982378, 0.000000]: Loading model XML from ros parameter world_description
[INFO] [1685445976.993682, 0.000000]: Waiting for service /gazebo/spawn_urdf_model
[INFO] [1685445977.901066, 0.126000]: Calling service /gazebo/spawn_urdf_model
[INFO] [1685445979.019933, 0.334000]: Spawn status: SpawnModel: Successfully spawned entity
[INFO] [1685445979.021324, 0.336000]: Waiting for shutdown to delete model corrosion
[INFO] [1685447223.073803, 1122.379000]: Deleting model corrosion
[ERROR] [1685447223.258845, 1122.478000]: Delete model service call failed: transport error completing service call: unable to receive data from sender, check sender's logs for details
[INFO] [1685445976.956811, 0.000000]: Loading model XML from ros parameter robot_description_crawler_0
[INFO] [1685445976.961182, 0.000000]: Waiting for service /gazebo/spawn_urdf_model
[INFO] [1685445977.868006, 0.094000]: Calling service /gazebo/spawn_urdf_model
[INFO] [1685445978.570049, 0.139000]: Spawn status: SpawnModel: Successfully spawned entity
[INFO] [1685445978.571312, 0.139000]: Waiting for shutdown to delete model crawler0
[INFO] [1685447222.971648, 1122.278000]: Deleting model crawler0
[31m[gazebo-2] escalating to SIGTERM[0m
... logging to /home/chroma/.ros/log/c9b9503e-fedc-11ed-ac04-a1f748f19be9/roslaunch-chroma-HP-ProBook-650-G2-364014.log
Checking log directory for disk usage. This may take a while.
Press Ctrl-C to interrupt
Done checking log file disk usage. Usage is <1GB.
]2;/home/chroma/Documents/bugwright2-ws/bugwright_ws/src/my_sim/launch/crawler_ugw_with_uwb_simulation_spawn.launch
[1mstarted roslaunch server http://chroma-HP-ProBook-650-G2:44763/[0m

SUMMARY
========

PARAMETERS
 * /crawler0_gt/base_frame: crawler0_gt
 * /crawler0_gt/reference_frame: world
 * /crawler1_gt/base_frame: crawler1_gt
 * /crawler1_gt/reference_frame: world
 * /crawler_0_1_ugw_viz/base_frame: crawler_0/UWBe
 * /crawler_0_1_ugw_viz/tag_frame: crawler_1/UWBe
 * /crawler_0_1_ugw_viz/tag_name: crawler1
 * /gazebo/enable_ros_network: True
 * /og_viz/base_frame: UWBe
 * /og_viz/buddies/crawler0: crawler1
 * /og_viz/grid_height: 6
 * /og_viz/grid_resolution: 0.05
 * /og_viz/grid_width: 6
 * /og_viz/reference_frame: world
 * /robot_description_crawler_0: <?xml version="1....
 * /robot_description_crawler_1: <?xml version="1....
 * /robot_state_publisher_crawler_0/publish_frequency: 10.0
 * /robot_state_publisher_crawler_0/tf_prefix: crawler_0
 * /robot_state_publisher_crawler_1/publish_frequency: 10.0
 * /robot_state_publisher_crawler_1/tf_prefix: crawler_1
 * /robot_state_publisher_world/publish_frequency: 1.0
 * /rosdistro: noetic
 * /rosversion: 1.16.0
 * /use_sim_time: True
 * /world_description: <?xml version="1....

NODES
  /
    crawler0_gt (my_sim/pose_to_tf.py)
    crawler1_gt (my_sim/pose_to_tf.py)
    crawler_0_1_ugw_viz (my_sim/ugw_visualization.py)
    gazebo (gazebo_ros/gzserver)
    og_viz (my_sim/occgrid_visualization.py)
    robot_state_publisher_crawler_0 (robot_state_publisher/robot_state_publisher)
    robot_state_publisher_crawler_1 (robot_state_publisher/robot_state_publisher)
    robot_state_publisher_world (robot_state_publisher/robot_state_publisher)
    rviz (rviz/rviz)
    spawn_corrosion (gazebo_ros/spawn_model)
    spawn_crawler_0 (gazebo_ros/spawn_model)
    spawn_crawler_1 (gazebo_ros/spawn_model)
    world_to_world_tf (tf2_ros/static_transform_publisher)

auto-starting new master
[1mprocess[master]: started with pid [364050][0m
[1mROS_MASTER_URI=http://localhost:11311[0m
]2;/home/chroma/Documents/bugwright2-ws/bugwright_ws/src/my_sim/launch/crawler_ugw_with_uwb_simulation_spawn.launch http://localhost:11311
[1msetting /run_id to c9b9503e-fedc-11ed-ac04-a1f748f19be9[0m
[1mprocess[rosout-1]: started with pid [364067][0m
started core service [/rosout]
[1mprocess[gazebo-2]: started with pid [364074][0m
[1mprocess[spawn_corrosion-3]: started with pid [364078][0m
[1mprocess[robot_state_publisher_world-4]: started with pid [364080][0m
[1mprocess[world_to_world_tf-5]: started with pid [364081][0m
[1mprocess[spawn_crawler_0-6]: started with pid [364082][0m
[1mprocess[robot_state_publisher_crawler_0-7]: started with pid [364087][0m
[1mprocess[spawn_crawler_1-8]: started with pid [364093][0m
[1mprocess[robot_state_publisher_crawler_1-9]: started with pid [364095][0m
[1mprocess[crawler0_gt-10]: started with pid [364098][0m
[1mprocess[crawler1_gt-11]: started with pid [364103][0m
[1mprocess[crawler_0_1_ugw_viz-12]: started with pid [364106][0m
[1mprocess[og_viz-13]: started with pid [364119][0m
[1mprocess[rviz-14]: started with pid [364120][0m
[rviz-14] killing on exit
[og_viz-13] killing on exit
[crawler_0_1_ugw_viz-12] killing on exit
[crawler1_gt-11] killing on exit
[crawler0_gt-10] killing on exit
[robot_state_publisher_crawler_1-9] killing on exit
[spawn_crawler_1-8] killing on exit
[robot_state_publisher_crawler_0-7] killing on exit
[spawn_crawler_0-6] killing on exit
[world_to_world_tf-5] killing on exit
[robot_state_publisher_world-4] killing on exit
[spawn_corrosion-3] killing on exit
[gazebo-2] killing on exit
[rosout-1] killing on exit
[master] killing on exit
shutting down processing monitor...
... shutting down processing monitor complete
[1mdone[0m
