warning: redefining global symbol: pi
when processing file: /home/chroma/Documents/bugwright2-ws/bugwright_ws/src/my_sim/models/CrawlerUGW/crawler.xacro
warning: redefining global symbol: pi
when processing file: /home/chroma/Documents/bugwright2-ws/bugwright_ws/src/my_sim/models/CrawlerUGW/crawler.xacro
[0m[ INFO] [1685674190.246359829]: Finished loading Gazebo ROS API Plugin.[0m
[0m[ INFO] [1685674190.248110539]: waitForService: Service [/gazebo/set_physics_properties] has not been advertised, waiting...[0m
[0m[ INFO] [1685674190.762931616]: waitForService: Service [/gazebo/set_physics_properties] is now available.[0m
[0m[ INFO] [1685674190.826056300, 0.058000000]: Physics dynamic reconfigure ready.[0m
[0m[ INFO] [1685674191.601326131, 0.156000000]: Laser Plugin: Using the 'robotNamespace' param: '/'[0m
[0m[ INFO] [1685674191.601375181, 0.156000000]: Starting Laser Plugin (ns = /)[0m
[0m[ INFO] [1685674191.602745299, 0.156000000]: Laser Plugin (ns = /)  <tf_prefix_>, set to ""[0m
[0m[ INFO] [1685674191.609226736, 0.156000000]: <robotNamespace> set to: //[0m
[0m[ INFO] [1685674191.609247555, 0.156000000]: <topicName> set to: /crawler1/imu[0m
[0m[ INFO] [1685674191.609257591, 0.156000000]: <frameName> set to: crawler_1/base_link[0m
[0m[ INFO] [1685674191.609279037, 0.156000000]: <updateRateHZ> set to: 10[0m
[0m[ INFO] [1685674191.609290195, 0.156000000]: <gaussianNoise> set to: 0[0m
[0m[ INFO] [1685674191.609311313, 0.156000000]: <xyzOffset> set to: 0 0 0[0m
[0m[ INFO] [1685674191.609337887, 0.156000000]: <rpyOffset> set to: 0 -0 0[0m
[0m[ INFO] [1685674191.620547135, 0.156000000]: NS UWBe1 UwbPlugin::Load crawler1 Tag 0 Publish TF 1[0m
NS UWBe1 Uwb topic: uwb
[0m[ INFO] [1685674191.621357405, 0.156000000]: NS TAG1 UwbPlugin::Load crawler1 Tag 1 Publish TF 0[0m
NS TAG1 Uwb topic: crawler1/uwb_sim
[33m[ WARN] [1685674191.631378209, 0.156000000]: DiffDrive(ns = //): missing <rosDebugLevel> default is na[0m
[33m[ WARN] [1685674191.632166239, 0.156000000]: DiffDrive(ns = //): missing <wheelAcceleration> default is 0[0m
[33m[ WARN] [1685674191.632186066, 0.156000000]: DiffDrive(ns = //): missing <wheelTorque> default is 5[0m
[0m[ INFO] [1685674191.631319694, 0.156000000]: Starting plugin DiffDrive(ns = //)[0m
[0m[ INFO] [1685674191.632026913, 0.156000000]: DiffDrive(ns = //): <tf_prefix> = [0m
[0m[ INFO] [1685674191.632351188, 0.156000000]: DiffDrive(ns = //): Try to subscribe to /crawler1/base_controller/cmd_vel[0m
[0m[ INFO] [1685674191.634631273, 0.156000000]: DiffDrive(ns = //): Subscribe to /crawler1/base_controller/cmd_vel[0m
[0m[ INFO] [1685674191.635203938, 0.156000000]: DiffDrive(ns = //): Advertise odom on /crawler1/odom [0m
[0m[ INFO] [1685674192.784876292, 0.555000000]: Laser Plugin: Using the 'robotNamespace' param: '/'[0m
[0m[ INFO] [1685674192.784918979, 0.555000000]: Starting Laser Plugin (ns = /)[0m
[0m[ INFO] [1685674192.785962558, 0.555000000]: Laser Plugin (ns = /)  <tf_prefix_>, set to ""[0m
[0m[ INFO] [1685674192.787360559, 0.555000000]: <robotNamespace> set to: //[0m
[0m[ INFO] [1685674192.787404604, 0.555000000]: <topicName> set to: /crawler0/imu[0m
[0m[ INFO] [1685674192.787415966, 0.555000000]: <frameName> set to: crawler_0/base_link[0m
[0m[ INFO] [1685674192.787446229, 0.555000000]: <updateRateHZ> set to: 10[0m
[0m[ INFO] [1685674192.787470359, 0.555000000]: <gaussianNoise> set to: 0[0m
[0m[ INFO] [1685674192.787485695, 0.555000000]: <xyzOffset> set to: 0 0 0[0m
[0m[ INFO] [1685674192.787500077, 0.555000000]: <rpyOffset> set to: 0 -0 0[0m
[0m[ INFO] [1685674192.793518591, 0.555000000]: NS UWBe0 UwbPlugin::Load crawler0 Tag 0 Publish TF 1[0m
NS UWBe0 Uwb topic: uwb
[0m[ INFO] [1685674192.793775463, 0.555000000]: NS TAG0 UwbPlugin::Load crawler0 Tag 1 Publish TF 0[0m
NS TAG0 Uwb topic: crawler0/uwb_sim
[33m[ WARN] [1685674192.794850221, 0.555000000]: DiffDrive(ns = //): missing <rosDebugLevel> default is na[0m
[33m[ WARN] [1685674192.795642165, 0.555000000]: DiffDrive(ns = //): missing <wheelAcceleration> default is 0[0m
[33m[ WARN] [1685674192.795661735, 0.555000000]: DiffDrive(ns = //): missing <wheelTorque> default is 5[0m
[ERROR] [1685674702.905419, 458.150000]: bad callback: <function handle_pose at 0x7f95ccc01310>
Traceback (most recent call last):
  File "/opt/ros/noetic/lib/python3/dist-packages/rospy/topics.py", line 750, in _invoke_callback
    cb(msg)
  File "/home/chroma/Documents/bugwright2-ws/bugwright_ws/src/my_sim/nodes/pose_to_tf.py", line 14, in handle_pose
    br.sendTransform((P.x, P.y, P.z),
  File "/opt/ros/noetic/lib/python3/dist-packages/tf/broadcaster.py", line 68, in sendTransform
    self.sendTransformMessage(t)
  File "/opt/ros/noetic/lib/python3/dist-packages/tf/broadcaster.py", line 75, in sendTransformMessage
    self.tf2_broadcaster.sendTransform([transform])
  File "/opt/ros/noetic/lib/python3/dist-packages/tf2_ros/transform_broadcaster.py", line 54, in sendTransform
    self.pub_tf.publish(TFMessage(transform))
  File "/opt/ros/noetic/lib/python3/dist-packages/rospy/topics.py", line 882, in publish
    self.impl.publish(data)
  File "/opt/ros/noetic/lib/python3/dist-packages/rospy/topics.py", line 1041, in publish
    raise ROSException("publish() to a closed topic")
rospy.exceptions.ROSException: publish() to a closed topic

[ERROR] [1685674703.200289, 458.342000]: Delete model service call failed: transport error completing service call: unable to receive data from sender, check sender's logs for details
[INFO] [1685674189.949681, 0.000000]: Loading model XML from ros parameter robot_description_crawler_0
[INFO] [1685674189.956592, 0.000000]: Waiting for service /gazebo/spawn_urdf_model
[INFO] [1685674190.866000, 0.094000]: Calling service /gazebo/spawn_urdf_model
[INFO] [1685674192.793268, 0.555000]: Spawn status: SpawnModel: Successfully spawned entity
[INFO] [1685674192.795245, 0.555000]: Waiting for shutdown to delete model crawler0
[INFO] [1685674702.897004, 458.143000]: Deleting model crawler0
[ERROR] [1685674703.200321, 458.342000]: Delete model service call failed: transport error completing service call: unable to receive data from sender, check sender's logs for details
[INFO] [1685674189.932269, 0.000000]: Loading model XML from ros parameter world_description
[INFO] [1685674189.943612, 0.000000]: Waiting for service /gazebo/spawn_urdf_model
[INFO] [1685674190.852226, 0.081000]: Calling service /gazebo/spawn_urdf_model
[INFO] [1685674191.928826, 0.355000]: Spawn status: SpawnModel: Successfully spawned entity
[INFO] [1685674191.930435, 0.355000]: Waiting for shutdown to delete model corrosion
[INFO] [1685674702.998584, 458.243000]: Deleting model corrosion
[ERROR] [1685674703.200310, 458.342000]: Delete model service call failed: transport error completing service call: unable to receive data from sender, check sender's logs for details
[INFO] [1685674189.936542, 0.000000]: Loading model XML from ros parameter robot_description_crawler_1
[INFO] [1685674189.940836, 0.000000]: Waiting for service /gazebo/spawn_urdf_model
[INFO] [1685674190.848764, 0.078000]: Calling service /gazebo/spawn_urdf_model
[INFO] [1685674191.610757, 0.156000]: Spawn status: SpawnModel: Successfully spawned entity
[INFO] [1685674191.611896, 0.156000]: Waiting for shutdown to delete model crawler1
[INFO] [1685674702.895572, 458.141000]: Deleting model crawler1
[31mWARNING: disk usage in log directory [/home/chroma/.ros/log] is over 1GB.
It's recommended that you use the 'rosclean' command.[0m
[31m[gazebo-2] escalating to SIGTERM[0m
... logging to /home/chroma/.ros/log/2339a0f4-00f0-11ee-9a5c-45fd429ce793/roslaunch-chroma-HP-ProBook-650-G2-90798.log
Checking log directory for disk usage. This may take a while.
Press Ctrl-C to interrupt
]2;/home/chroma/Documents/bugwright2-ws/bugwright_ws/src/my_sim/launch/crawler_ugw_with_uwb_simulation_spawn.launch
[1mstarted roslaunch server http://chroma-HP-ProBook-650-G2:42455/[0m

SUMMARY
========

PARAMETERS
 * /crawler0_gt/base_frame: crawler0_gt
 * /crawler0_gt/reference_frame: world
 * /crawler1_gt/base_frame: crawler1_gt
 * /crawler1_gt/reference_frame: world
 * /crawler_0_1_ugw_viz/base_frame: crawler_0/UWBe
 * /crawler_0_1_ugw_viz/tag_frame: crawler_1/UWBe
 * /crawler_0_1_ugw_viz/tag_name: crawler1
 * /gazebo/enable_ros_network: True
 * /og_viz/base_frame: UWBe
 * /og_viz/buddies/crawler0: crawler1
 * /og_viz/grid_height: 6
 * /og_viz/grid_resolution: 0.05
 * /og_viz/grid_width: 6
 * /og_viz/reference_frame: world
 * /robot_description_crawler_0: <?xml version="1....
 * /robot_description_crawler_1: <?xml version="1....
 * /robot_state_publisher_crawler_0/publish_frequency: 10.0
 * /robot_state_publisher_crawler_0/tf_prefix: crawler_0
 * /robot_state_publisher_crawler_1/publish_frequency: 10.0
 * /robot_state_publisher_crawler_1/tf_prefix: crawler_1
 * /robot_state_publisher_world/publish_frequency: 1.0
 * /rosdistro: noetic
 * /rosversion: 1.16.0
 * /use_sim_time: True
 * /world_description: <?xml version="1....

NODES
  /
    crawler0_gt (my_sim/pose_to_tf.py)
    crawler1_gt (my_sim/pose_to_tf.py)
    crawler_0_1_ugw_viz (my_sim/ugw_visualization.py)
    gazebo (gazebo_ros/gzserver)
    og_viz (my_sim/occgrid_visualization.py)
    robot_state_publisher_crawler_0 (robot_state_publisher/robot_state_publisher)
    robot_state_publisher_crawler_1 (robot_state_publisher/robot_state_publisher)
    robot_state_publisher_world (robot_state_publisher/robot_state_publisher)
    rviz (rviz/rviz)
    spawn_corrosion (gazebo_ros/spawn_model)
    spawn_crawler_0 (gazebo_ros/spawn_model)
    spawn_crawler_1 (gazebo_ros/spawn_model)
    world_to_world_tf (tf2_ros/static_transform_publisher)

auto-starting new master
[1mprocess[master]: started with pid [90834][0m
[1mROS_MASTER_URI=http://localhost:11311[0m
]2;/home/chroma/Documents/bugwright2-ws/bugwright_ws/src/my_sim/launch/crawler_ugw_with_uwb_simulation_spawn.launch http://localhost:11311
[1msetting /run_id to 2339a0f4-00f0-11ee-9a5c-45fd429ce793[0m
[1mprocess[rosout-1]: started with pid [90851][0m
started core service [/rosout]
[1mprocess[gazebo-2]: started with pid [90858][0m
[1mprocess[spawn_corrosion-3]: started with pid [90862][0m
[1mprocess[robot_state_publisher_world-4]: started with pid [90864][0m
[1mprocess[world_to_world_tf-5]: started with pid [90865][0m
[1mprocess[spawn_crawler_0-6]: started with pid [90866][0m
[1mprocess[robot_state_publisher_crawler_0-7]: started with pid [90871][0m
[1mprocess[spawn_crawler_1-8]: started with pid [90877][0m
[1mprocess[robot_state_publisher_crawler_1-9]: started with pid [90879][0m
[1mprocess[crawler0_gt-10]: started with pid [90881][0m
[1mprocess[crawler1_gt-11]: started with pid [90887][0m
[1mprocess[crawler_0_1_ugw_viz-12]: started with pid [90888][0m
[1mprocess[og_viz-13]: started with pid [90891][0m
[1mprocess[rviz-14]: started with pid [90902][0m
[rviz-14] killing on exit
[og_viz-13] killing on exit
[crawler_0_1_ugw_viz-12] killing on exit
[crawler1_gt-11] killing on exit
[robot_state_publisher_crawler_0-7] killing on exit
[spawn_crawler_1-8] killing on exit
[spawn_crawler_0-6] killing on exit
[robot_state_publisher_crawler_1-9] killing on exit
[world_to_world_tf-5] killing on exit
[crawler0_gt-10] killing on exit
[robot_state_publisher_world-4] killing on exit
[spawn_corrosion-3] killing on exit
[gazebo-2] killing on exit
[rosout-1] killing on exit
[master] killing on exit
shutting down processing monitor...
... shutting down processing monitor complete
[1mdone[0m
