warning: redefining global symbol: pi
when processing file: /home/chroma/Documents/bugwright2-ws/bugwright_ws/src/my_sim/models/CrawlerUGW/crawler.xacro
warning: redefining global symbol: pi
when processing file: /home/chroma/Documents/bugwright2-ws/bugwright_ws/src/my_sim/models/CrawlerUGW/crawler.xacro
[0m[ INFO] [1685499898.382125661]: Finished loading Gazebo ROS API Plugin.[0m
[0m[ INFO] [1685499898.384316856]: waitForService: Service [/gazebo/set_physics_properties] has not been advertised, waiting...[0m
[0m[ INFO] [1685499898.859193276]: waitForService: Service [/gazebo/set_physics_properties] is now available.[0m
[0m[ INFO] [1685499898.886489206, 0.008000000]: Physics dynamic reconfigure ready.[0m
[0m[ INFO] [1685499899.979106904, 0.356000000]: Laser Plugin: Using the 'robotNamespace' param: '/'[0m
[0m[ INFO] [1685499899.979144899, 0.356000000]: Starting Laser Plugin (ns = /)[0m
[0m[ INFO] [1685499899.981158408, 0.356000000]: Laser Plugin (ns = /)  <tf_prefix_>, set to ""[0m
[0m[ INFO] [1685499899.988321341, 0.356000000]: <robotNamespace> set to: //[0m
[0m[ INFO] [1685499899.988372242, 0.356000000]: <topicName> set to: /crawler1/imu[0m
[0m[ INFO] [1685499899.988382003, 0.356000000]: <frameName> set to: crawler_1/base_link[0m
[0m[ INFO] [1685499899.988408846, 0.356000000]: <updateRateHZ> set to: 10[0m
[0m[ INFO] [1685499899.988424624, 0.356000000]: <gaussianNoise> set to: 0[0m
[0m[ INFO] [1685499899.988467387, 0.356000000]: <xyzOffset> set to: 0 0 0[0m
[0m[ INFO] [1685499899.988528357, 0.356000000]: <rpyOffset> set to: 0 -0 0[0m
[0m[ INFO] [1685499899.999818964, 0.356000000]: NS UWBe1 UwbPlugin::Load crawler1 Tag 0 Publish TF 1[0m
NS UWBe1 Uwb topic: uwb
[0m[ INFO] [1685499900.000534255, 0.356000000]: NS TAG1 UwbPlugin::Load crawler1 Tag 1 Publish TF 0[0m
NS TAG1 Uwb topic: crawler1/uwb_sim
[33m[ WARN] [1685499900.010529218, 0.356000000]: DiffDrive(ns = //): missing <rosDebugLevel> default is na[0m
[33m[ WARN] [1685499900.011410088, 0.356000000]: DiffDrive(ns = //): missing <wheelAcceleration> default is 0[0m
[33m[ WARN] [1685499900.011491174, 0.356000000]: DiffDrive(ns = //): missing <wheelTorque> default is 5[0m
[0m[ INFO] [1685499900.010463228, 0.356000000]: Starting plugin DiffDrive(ns = //)[0m
[0m[ INFO] [1685499900.011171770, 0.356000000]: DiffDrive(ns = //): <tf_prefix> = [0m
[0m[ INFO] [1685499900.011796010, 0.356000000]: DiffDrive(ns = //): Try to subscribe to /crawler1/base_controller/cmd_vel[0m
[0m[ INFO] [1685499900.013793779, 0.356000000]: DiffDrive(ns = //): Subscribe to /crawler1/base_controller/cmd_vel[0m
[0m[ INFO] [1685499900.014348328, 0.356000000]: DiffDrive(ns = //): Advertise odom on /crawler1/odom [0m
[0m[ INFO] [1685499900.864265501, 0.556000000]: Laser Plugin: Using the 'robotNamespace' param: '/'[0m
[0m[ INFO] [1685499900.864291934, 0.556000000]: Starting Laser Plugin (ns = /)[0m
[0m[ INFO] [1685499900.865407394, 0.556000000]: Laser Plugin (ns = /)  <tf_prefix_>, set to ""[0m
[0m[ INFO] [1685499900.866772503, 0.556000000]: <robotNamespace> set to: //[0m
[0m[ INFO] [1685499900.866804338, 0.556000000]: <topicName> set to: /crawler0/imu[0m
[0m[ INFO] [1685499900.866824731, 0.556000000]: <frameName> set to: crawler_0/base_link[0m
[0m[ INFO] [1685499900.866858962, 0.556000000]: <updateRateHZ> set to: 10[0m
[0m[ INFO] [1685499900.866874594, 0.556000000]: <gaussianNoise> set to: 0[0m
[0m[ INFO] [1685499900.866890479, 0.556000000]: <xyzOffset> set to: 0 0 0[0m
[0m[ INFO] [1685499900.866904312, 0.556000000]: <rpyOffset> set to: 0 -0 0[0m
[0m[ INFO] [1685499900.873714617, 0.556000000]: NS UWBe0 UwbPlugin::Load crawler0 Tag 0 Publish TF 1[0m
NS UWBe0 Uwb topic: uwb
[0m[ INFO] [1685499900.874004704, 0.556000000]: NS TAG0 UwbPlugin::Load crawler0 Tag 1 Publish TF 0[0m
NS TAG0 Uwb topic: crawler0/uwb_sim
[33m[ WARN] [1685499900.874897980, 0.556000000]: DiffDrive(ns = //): missing <rosDebugLevel> default is na[0m
[33m[ WARN] [1685499900.875525394, 0.556000000]: DiffDrive(ns = //): missing <wheelAcceleration> default is 0[0m
[33m[ WARN] [1685499900.875555778, 0.556000000]: DiffDrive(ns = //): missing <wheelTorque> default is 5[0m
[ERROR] [1685501508.779646, 1454.051000]: Delete model service call failed: transport error completing service call: unable to receive data from sender, check sender's logs for details
[INFO] [1685499898.097457, 0.000000]: Loading model XML from ros parameter robot_description_crawler_0
[INFO] [1685499898.104244, 0.000000]: Waiting for service /gazebo/spawn_urdf_model
[INFO] [1685499899.011244, 0.125000]: Calling service /gazebo/spawn_urdf_model
[INFO] [1685499900.873572, 0.556000]: Spawn status: SpawnModel: Successfully spawned entity
[INFO] [1685499900.875361, 0.556000]: Waiting for shutdown to delete model crawler0
[INFO] [1685501508.574960, 1453.936000]: Deleting model crawler0
[ERROR] [1685501508.779694, 1454.051000]: Delete model service call failed: transport error completing service call: unable to receive data from sender, check sender's logs for details
[INFO] [1685499898.042816, 0.000000]: Loading model XML from ros parameter world_description
[INFO] [1685499898.050258, 0.000000]: Waiting for service /gazebo/spawn_urdf_model
[INFO] [1685499898.958708, 0.074000]: Calling service /gazebo/spawn_urdf_model
[INFO] [1685499899.123744, 0.156000]: Spawn status: SpawnModel: Successfully spawned entity
[INFO] [1685499899.127320, 0.160000]: Waiting for shutdown to delete model corrosion
[INFO] [1685501508.675828, 1454.037000]: Deleting model corrosion
[ERROR] [1685501508.779652, 1454.051000]: Delete model service call failed: transport error completing service call: unable to receive data from sender, check sender's logs for details
[INFO] [1685499898.088448, 0.000000]: Loading model XML from ros parameter robot_description_crawler_1
[INFO] [1685499898.094894, 0.000000]: Waiting for service /gazebo/spawn_urdf_model
[INFO] [1685499899.001944, 0.116000]: Calling service /gazebo/spawn_urdf_model
[INFO] [1685499899.991125, 0.356000]: Spawn status: SpawnModel: Successfully spawned entity
[INFO] [1685499899.992507, 0.356000]: Waiting for shutdown to delete model crawler1
[INFO] [1685501508.574829, 1453.936000]: Deleting model crawler1
[31m[gazebo-2] escalating to SIGTERM[0m
... logging to /home/chroma/.ros/log/552bc0f2-ff5a-11ed-ac04-a1f748f19be9/roslaunch-chroma-HP-ProBook-650-G2-414366.log
Checking log directory for disk usage. This may take a while.
Press Ctrl-C to interrupt
Done checking log file disk usage. Usage is <1GB.
]2;/home/chroma/Documents/bugwright2-ws/bugwright_ws/src/my_sim/launch/crawler_ugw_with_uwb_simulation_spawn.launch
[1mstarted roslaunch server http://chroma-HP-ProBook-650-G2:40419/[0m

SUMMARY
========

PARAMETERS
 * /crawler0_gt/base_frame: crawler0_gt
 * /crawler0_gt/reference_frame: world
 * /crawler1_gt/base_frame: crawler1_gt
 * /crawler1_gt/reference_frame: world
 * /crawler_0_1_ugw_viz/base_frame: crawler_0/UWBe
 * /crawler_0_1_ugw_viz/tag_frame: crawler_1/UWBe
 * /crawler_0_1_ugw_viz/tag_name: crawler1
 * /gazebo/enable_ros_network: True
 * /og_viz/base_frame: UWBe
 * /og_viz/buddies/crawler0: crawler1
 * /og_viz/grid_height: 6
 * /og_viz/grid_resolution: 0.05
 * /og_viz/grid_width: 6
 * /og_viz/reference_frame: world
 * /robot_description_crawler_0: <?xml version="1....
 * /robot_description_crawler_1: <?xml version="1....
 * /robot_state_publisher_crawler_0/publish_frequency: 10.0
 * /robot_state_publisher_crawler_0/tf_prefix: crawler_0
 * /robot_state_publisher_crawler_1/publish_frequency: 10.0
 * /robot_state_publisher_crawler_1/tf_prefix: crawler_1
 * /robot_state_publisher_world/publish_frequency: 1.0
 * /rosdistro: noetic
 * /rosversion: 1.16.0
 * /use_sim_time: True
 * /world_description: <?xml version="1....

NODES
  /
    crawler0_gt (my_sim/pose_to_tf.py)
    crawler1_gt (my_sim/pose_to_tf.py)
    crawler_0_1_ugw_viz (my_sim/ugw_visualization.py)
    gazebo (gazebo_ros/gzserver)
    og_viz (my_sim/occgrid_visualization.py)
    robot_state_publisher_crawler_0 (robot_state_publisher/robot_state_publisher)
    robot_state_publisher_crawler_1 (robot_state_publisher/robot_state_publisher)
    robot_state_publisher_world (robot_state_publisher/robot_state_publisher)
    rviz (rviz/rviz)
    spawn_corrosion (gazebo_ros/spawn_model)
    spawn_crawler_0 (gazebo_ros/spawn_model)
    spawn_crawler_1 (gazebo_ros/spawn_model)
    world_to_world_tf (tf2_ros/static_transform_publisher)

auto-starting new master
[1mprocess[master]: started with pid [414402][0m
[1mROS_MASTER_URI=http://localhost:11311[0m
]2;/home/chroma/Documents/bugwright2-ws/bugwright_ws/src/my_sim/launch/crawler_ugw_with_uwb_simulation_spawn.launch http://localhost:11311
[1msetting /run_id to 552bc0f2-ff5a-11ed-ac04-a1f748f19be9[0m
[1mprocess[rosout-1]: started with pid [414419][0m
started core service [/rosout]
[1mprocess[gazebo-2]: started with pid [414426][0m
[1mprocess[spawn_corrosion-3]: started with pid [414430][0m
[1mprocess[robot_state_publisher_world-4]: started with pid [414432][0m
[1mprocess[world_to_world_tf-5]: started with pid [414433][0m
[1mprocess[spawn_crawler_0-6]: started with pid [414434][0m
[1mprocess[robot_state_publisher_crawler_0-7]: started with pid [414439][0m
[1mprocess[spawn_crawler_1-8]: started with pid [414445][0m
[1mprocess[robot_state_publisher_crawler_1-9]: started with pid [414446][0m
[1mprocess[crawler0_gt-10]: started with pid [414449][0m
[1mprocess[crawler1_gt-11]: started with pid [414455][0m
[1mprocess[crawler_0_1_ugw_viz-12]: started with pid [414461][0m
[1mprocess[og_viz-13]: started with pid [414463][0m
[1mprocess[rviz-14]: started with pid [414471][0m
[og_viz-13] killing on exit
[rviz-14] killing on exit
[crawler_0_1_ugw_viz-12] killing on exit
[crawler1_gt-11] killing on exit
[crawler0_gt-10] killing on exit
[robot_state_publisher_crawler_1-9] killing on exit
[spawn_crawler_1-8] killing on exit
[robot_state_publisher_crawler_0-7] killing on exit
[spawn_crawler_0-6] killing on exit
[world_to_world_tf-5] killing on exit
[robot_state_publisher_world-4] killing on exit
[spawn_corrosion-3] killing on exit
[gazebo-2] killing on exit
[rosout-1] killing on exit
[master] killing on exit
shutting down processing monitor...
... shutting down processing monitor complete
[1mdone[0m
