warning: redefining global symbol: pi
when processing file: /home/chroma/Documents/bugwright2-ws/bugwright_ws/src/my_sim/models/CrawlerUGW/crawler.xacro
warning: redefining global symbol: pi
when processing file: /home/chroma/Documents/bugwright2-ws/bugwright_ws/src/my_sim/models/CrawlerUGW/crawler.xacro
[0m[ INFO] [1683983963.983625855]: Finished loading Gazebo ROS API Plugin.[0m
[0m[ INFO] [1683983963.985551211]: waitForService: Service [/gazebo/set_physics_properties] has not been advertised, waiting...[0m
[0m[ INFO] [1683983964.646399266]: waitForService: Service [/gazebo/set_physics_properties] is now available.[0m
[0m[ INFO] [1683983965.565876088, 0.156000000]: Camera Plugin: Using the 'robotNamespace' param: '/'[0m
[0m[ INFO] [1683983965.568873064, 0.156000000]: Camera Plugin (ns = /)  <tf_prefix_>, set to ""[0m
[0m[ INFO] [1683983965.578638612, 0.156000000]: <robotNamespace> set to: //[0m
[0m[ INFO] [1683983965.578683878, 0.156000000]: <topicName> set to: /crawler1/imu[0m
[0m[ INFO] [1683983965.578696662, 0.156000000]: <frameName> set to: crawler_1/base_link[0m
[0m[ INFO] [1683983965.578737896, 0.156000000]: <updateRateHZ> set to: 10[0m
[0m[ INFO] [1683983965.578761771, 0.156000000]: <gaussianNoise> set to: 0[0m
[0m[ INFO] [1683983965.578789814, 0.156000000]: <xyzOffset> set to: 0 0 0[0m
[0m[ INFO] [1683983965.578842955, 0.156000000]: <rpyOffset> set to: 0 -0 0[0m
[0m[ INFO] [1683983965.591865358, 0.156000000]: Physics dynamic reconfigure ready.[0m
[0m[ INFO] [1683983965.595972037, 0.156000000]: NS UWBe1 UwbPlugin::Load crawler1 Tag 0 Publish TF 1[0m
NS UWBe1 Uwb topic: uwb
[0m[ INFO] [1683983965.596980832, 0.156000000]: NS TAG1 UwbPlugin::Load crawler1 Tag 1 Publish TF 0[0m
NS TAG1 Uwb topic: crawler1/uwb_sim
[33m[ WARN] [1683983965.608230435, 0.156000000]: DiffDrive(ns = //): missing <rosDebugLevel> default is na[0m
[33m[ WARN] [1683983965.609806572, 0.156000000]: DiffDrive(ns = //): missing <wheelAcceleration> default is 0[0m
[33m[ WARN] [1683983965.609841749, 0.156000000]: DiffDrive(ns = //): missing <wheelTorque> default is 5[0m
[31m[ERROR] [1683983966.226008456, 0.556000000]: Tried to advertise a service that is already advertised in this node [/IFM_ir/set_camera_info][0m
[31m[ERROR] [1683983966.227197756, 0.556000000]: Tried to advertise a service that is already advertised in this node [/IFM_ir/set_parameters][0m
[0m[ INFO] [1683983965.608156086, 0.156000000]: Starting plugin DiffDrive(ns = //)[0m
[0m[ INFO] [1683983965.609605383, 0.156000000]: DiffDrive(ns = //): <tf_prefix> = [0m
[0m[ INFO] [1683983965.610064051, 0.156000000]: DiffDrive(ns = //): Try to subscribe to /crawler1/base_controller/cmd_vel[0m
[0m[ INFO] [1683983965.612935357, 0.156000000]: DiffDrive(ns = //): Subscribe to /crawler1/base_controller/cmd_vel[0m
[0m[ INFO] [1683983965.613585994, 0.156000000]: DiffDrive(ns = //): Advertise odom on /crawler1/odom [0m
[0m[ INFO] [1683983966.225724490, 0.556000000]: Camera Plugin: Using the 'robotNamespace' param: '/'[0m
[0m[ INFO] [1683983966.227152752, 0.556000000]: Camera Plugin (ns = /)  <tf_prefix_>, set to ""[0m
[0m[ INFO] [1683983966.227254692, 0.556000000]: <robotNamespace> set to: //[0m
[0m[ INFO] [1683983966.227291620, 0.556000000]: <topicName> set to: /crawler0/imu[0m
[0m[ INFO] [1683983966.227318555, 0.556000000]: <frameName> set to: crawler_0/base_link[0m
[0m[ INFO] [1683983966.227389871, 0.556000000]: <updateRateHZ> set to: 10[0m
[0m[ INFO] [1683983966.227422491, 0.556000000]: <gaussianNoise> set to: 0[0m
[0m[ INFO] [1683983966.227464982, 0.556000000]: <xyzOffset> set to: 0 0 0[0m
[0m[ INFO] [1683983966.227506921, 0.556000000]: <rpyOffset> set to: 0 -0 0[0m
[0m[ INFO] [1683983966.236978996, 0.556000000]: NS UWBe0 UwbPlugin::Load crawler0 Tag 0 Publish TF 1[0m
NS UWBe0 Uwb topic: uwb
[0m[ INFO] [1683983966.237300982, 0.556000000]: NS TAG0 UwbPlugin::Load crawler0 Tag 1 Publish TF 0[0m
NS TAG0 Uwb topic: crawler0/uwb_sim
[33m[ WARN] [1683983966.238414373, 0.556000000]: DiffDrive(ns = //): missing <rosDebugLevel> default is na[0m
[33m[ WARN] [1683983966.239729268, 0.556000000]: DiffDrive(ns = //): missing <wheelAcceleration> default is 0[0m
[33m[ WARN] [1683983966.239813277, 0.556000000]: DiffDrive(ns = //): missing <wheelTorque> default is 5[0m
[ERROR] [1683984533.639569, 565.367000]: Delete model service call failed: transport error completing service call: unable to receive data from sender, check sender's logs for details
[INFO] [1683983963.400845, 0.000000]: Loading model XML from ros parameter robot_description_crawler_1
[INFO] [1683983963.415621, 0.000000]: Waiting for service /gazebo/spawn_urdf_model
[INFO] [1683983964.624321, 0.000000]: Calling service /gazebo/spawn_urdf_model
[INFO] [1683983965.581206, 0.156000]: Spawn status: SpawnModel: Successfully spawned entity
[INFO] [1683983965.583088, 0.156000]: Waiting for shutdown to delete model crawler1
[INFO] [1683984533.484328, 565.266000]: Deleting model crawler1
[ERROR] [1683984533.640100, 565.367000]: Delete model service call failed: transport error completing service call: unable to receive data from sender, check sender's logs for details
[INFO] [1683983963.455328, 0.000000]: Loading model XML from ros parameter world_description
[INFO] [1683983963.463842, 0.000000]: Waiting for service /gazebo/spawn_urdf_model
[INFO] [1683983964.672405, 0.000000]: Calling service /gazebo/spawn_urdf_model
[INFO] [1683983965.897321, 0.355000]: Spawn status: SpawnModel: Successfully spawned entity
[INFO] [1683983965.898794, 0.357000]: Waiting for shutdown to delete model corrosion
[INFO] [1683984533.584969, 565.365000]: Deleting model corrosion
[ERROR] [1683984533.639604, 565.367000]: Delete model service call failed: transport error completing service call: unable to receive data from sender, check sender's logs for details
[INFO] [1683983963.560565, 0.000000]: Loading model XML from ros parameter robot_description_crawler_0
[INFO] [1683983963.566979, 0.000000]: Waiting for service /gazebo/spawn_urdf_model
[INFO] [1683983964.775682, 0.122000]: Calling service /gazebo/spawn_urdf_model
[INFO] [1683983966.236733, 0.556000]: Spawn status: SpawnModel: Successfully spawned entity
[INFO] [1683983966.238460, 0.556000]: Waiting for shutdown to delete model crawler0
[INFO] [1683984533.480671, 565.263000]: Deleting model crawler0
[31m[gazebo-2] escalating to SIGTERM[0m
... logging to /home/chroma/.ros/log/c5a849b8-f190-11ed-9003-e5e619360a76/roslaunch-chroma-HP-ProBook-650-G2-102727.log
Checking log directory for disk usage. This may take a while.
Press Ctrl-C to interrupt
Done checking log file disk usage. Usage is <1GB.
]2;/home/chroma/Documents/bugwright2-ws/bugwright_ws/src/my_sim/launch/crawler_ugw_with_uwb_simulation_spawn.launch
[1mstarted roslaunch server http://chroma-HP-ProBook-650-G2:43779/[0m

SUMMARY
========

PARAMETERS
 * /crawler0_gt/base_frame: crawler0_gt
 * /crawler0_gt/reference_frame: world
 * /crawler1_gt/base_frame: crawler1_gt
 * /crawler1_gt/reference_frame: world
 * /crawler_0_1_ugw_viz/base_frame: crawler_0/UWBe
 * /crawler_0_1_ugw_viz/tag_frame: crawler_1/UWBe
 * /crawler_0_1_ugw_viz/tag_name: crawler1
 * /gazebo/enable_ros_network: True
 * /og_viz/base_frame: UWBe
 * /og_viz/buddies/crawler0: crawler1
 * /og_viz/grid_height: 6
 * /og_viz/grid_resolution: 0.05
 * /og_viz/grid_width: 6
 * /og_viz/reference_frame: world
 * /robot_description_crawler_0: <?xml version="1....
 * /robot_description_crawler_1: <?xml version="1....
 * /robot_state_publisher_crawler_0/publish_frequency: 10.0
 * /robot_state_publisher_crawler_0/tf_prefix: crawler_0
 * /robot_state_publisher_crawler_1/publish_frequency: 10.0
 * /robot_state_publisher_crawler_1/tf_prefix: crawler_1
 * /robot_state_publisher_world/publish_frequency: 1.0
 * /rosdistro: noetic
 * /rosversion: 1.16.0
 * /use_sim_time: True
 * /world_description: <?xml version="1....

NODES
  /
    crawler0_gt (my_sim/pose_to_tf.py)
    crawler1_gt (my_sim/pose_to_tf.py)
    crawler_0_1_ugw_viz (my_sim/ugw_visualization.py)
    gazebo (gazebo_ros/gzserver)
    og_viz (my_sim/occgrid_visualization.py)
    robot_state_publisher_crawler_0 (robot_state_publisher/robot_state_publisher)
    robot_state_publisher_crawler_1 (robot_state_publisher/robot_state_publisher)
    robot_state_publisher_world (robot_state_publisher/robot_state_publisher)
    rviz (rviz/rviz)
    spawn_corrosion (gazebo_ros/spawn_model)
    spawn_crawler_0 (gazebo_ros/spawn_model)
    spawn_crawler_1 (gazebo_ros/spawn_model)
    world_to_world_tf (tf2_ros/static_transform_publisher)

auto-starting new master
[1mprocess[master]: started with pid [102763][0m
[1mROS_MASTER_URI=http://localhost:11311[0m
]2;/home/chroma/Documents/bugwright2-ws/bugwright_ws/src/my_sim/launch/crawler_ugw_with_uwb_simulation_spawn.launch http://localhost:11311
[1msetting /run_id to c5a849b8-f190-11ed-9003-e5e619360a76[0m
[1mprocess[rosout-1]: started with pid [102781][0m
started core service [/rosout]
[1mprocess[gazebo-2]: started with pid [102788][0m
[1mprocess[spawn_corrosion-3]: started with pid [102793][0m
[1mprocess[robot_state_publisher_world-4]: started with pid [102794][0m
[1mprocess[world_to_world_tf-5]: started with pid [102795][0m
[1mprocess[spawn_crawler_0-6]: started with pid [102796][0m
[1mprocess[robot_state_publisher_crawler_0-7]: started with pid [102801][0m
[1mprocess[spawn_crawler_1-8]: started with pid [102807][0m
[1mprocess[robot_state_publisher_crawler_1-9]: started with pid [102810][0m
[1mprocess[crawler0_gt-10]: started with pid [102811][0m
[1mprocess[crawler1_gt-11]: started with pid [102817][0m
[1mprocess[crawler_0_1_ugw_viz-12]: started with pid [102824][0m
[1mprocess[og_viz-13]: started with pid [102834][0m
[1mprocess[rviz-14]: started with pid [102835][0m
[rviz-14] killing on exit
[og_viz-13] killing on exit
[crawler_0_1_ugw_viz-12] killing on exit
[crawler0_gt-10] killing on exit
[robot_state_publisher_crawler_1-9] killing on exit
[crawler1_gt-11] killing on exit
[spawn_crawler_1-8] killing on exit
[robot_state_publisher_crawler_0-7] killing on exit
[spawn_crawler_0-6] killing on exit
[world_to_world_tf-5] killing on exit
[robot_state_publisher_world-4] killing on exit
[spawn_corrosion-3] killing on exit
[gazebo-2] killing on exit
[rosout-1] killing on exit
[master] killing on exit
shutting down processing monitor...
... shutting down processing monitor complete
[1mdone[0m
