warning: redefining global symbol: pi
when processing file: /home/chroma/Documents/bugwright2-ws/bugwright_ws/src/my_sim/models/CrawlerUGW/crawler.xacro
warning: redefining global symbol: pi
when processing file: /home/chroma/Documents/bugwright2-ws/bugwright_ws/src/my_sim/models/CrawlerUGW/crawler.xacro
[0m[ INFO] [1685282872.189744590]: Finished loading Gazebo ROS API Plugin.[0m
[0m[ INFO] [1685282872.191029443]: waitForService: Service [/gazebo/set_physics_properties] has not been advertised, waiting...[0m
[0m[ INFO] [1685282872.664094130]: waitForService: Service [/gazebo/set_physics_properties] is now available.[0m
[0m[ INFO] [1685282872.687997007, 0.011000000]: Physics dynamic reconfigure ready.[0m
[0m[ INFO] [1685282873.495719609, 0.155000000]: Laser Plugin: Using the 'robotNamespace' param: '/'[0m
[0m[ INFO] [1685282873.495774177, 0.155000000]: Starting Laser Plugin (ns = /)[0m
[0m[ INFO] [1685282873.497268303, 0.155000000]: Laser Plugin (ns = /)  <tf_prefix_>, set to ""[0m
[0m[ INFO] [1685282873.503761268, 0.155000000]: <robotNamespace> set to: //[0m
[0m[ INFO] [1685282873.503783038, 0.155000000]: <topicName> set to: /crawler1/imu[0m
[0m[ INFO] [1685282873.503795406, 0.155000000]: <frameName> set to: crawler_1/base_link[0m
[0m[ INFO] [1685282873.503816753, 0.155000000]: <updateRateHZ> set to: 10[0m
[0m[ INFO] [1685282873.503848281, 0.155000000]: <gaussianNoise> set to: 0[0m
[0m[ INFO] [1685282873.503872822, 0.155000000]: <xyzOffset> set to: 0 0 0[0m
[0m[ INFO] [1685282873.503934661, 0.155000000]: <rpyOffset> set to: 0 -0 0[0m
[0m[ INFO] [1685282873.515355772, 0.155000000]: NS UWBe1 UwbPlugin::Load crawler1 Tag 0 Publish TF 1[0m
NS UWBe1 Uwb topic: uwb
[0m[ INFO] [1685282873.515929130, 0.155000000]: NS TAG1 UwbPlugin::Load crawler1 Tag 1 Publish TF 0[0m
NS TAG1 Uwb topic: crawler1/uwb_sim
[33m[ WARN] [1685282873.526538542, 0.155000000]: DiffDrive(ns = //): missing <rosDebugLevel> default is na[0m
[33m[ WARN] [1685282873.527692996, 0.155000000]: DiffDrive(ns = //): missing <wheelAcceleration> default is 0[0m
[33m[ WARN] [1685282873.527730522, 0.155000000]: DiffDrive(ns = //): missing <wheelTorque> default is 5[0m
[0m[ INFO] [1685282873.526488257, 0.155000000]: Starting plugin DiffDrive(ns = //)[0m
[0m[ INFO] [1685282873.527465556, 0.155000000]: DiffDrive(ns = //): <tf_prefix> = [0m
[0m[ INFO] [1685282873.527930248, 0.155000000]: DiffDrive(ns = //): Try to subscribe to /crawler1/base_controller/cmd_vel[0m
[0m[ INFO] [1685282873.530026449, 0.155000000]: DiffDrive(ns = //): Subscribe to /crawler1/base_controller/cmd_vel[0m
[0m[ INFO] [1685282873.530554023, 0.155000000]: DiffDrive(ns = //): Advertise odom on /crawler1/odom [0m
[0m[ INFO] [1685282874.663367271, 0.554000000]: Laser Plugin: Using the 'robotNamespace' param: '/'[0m
[0m[ INFO] [1685282874.663408620, 0.554000000]: Starting Laser Plugin (ns = /)[0m
[0m[ INFO] [1685282874.664372902, 0.554000000]: Laser Plugin (ns = /)  <tf_prefix_>, set to ""[0m
[0m[ INFO] [1685282874.666960293, 0.554000000]: <robotNamespace> set to: //[0m
[0m[ INFO] [1685282874.666978661, 0.554000000]: <topicName> set to: /crawler0/imu[0m
[0m[ INFO] [1685282874.667022422, 0.554000000]: <frameName> set to: crawler_0/base_link[0m
[0m[ INFO] [1685282874.667059481, 0.554000000]: <updateRateHZ> set to: 10[0m
[0m[ INFO] [1685282874.667070560, 0.554000000]: <gaussianNoise> set to: 0[0m
[0m[ INFO] [1685282874.667088668, 0.554000000]: <xyzOffset> set to: 0 0 0[0m
[0m[ INFO] [1685282874.667101540, 0.554000000]: <rpyOffset> set to: 0 -0 0[0m
[0m[ INFO] [1685282874.673502122, 0.554000000]: NS UWBe0 UwbPlugin::Load crawler0 Tag 0 Publish TF 1[0m
NS UWBe0 Uwb topic: uwb
[0m[ INFO] [1685282874.673802647, 0.554000000]: NS TAG0 UwbPlugin::Load crawler0 Tag 1 Publish TF 0[0m
NS TAG0 Uwb topic: crawler0/uwb_sim
[33m[ WARN] [1685282874.675565763, 0.554000000]: DiffDrive(ns = //): missing <rosDebugLevel> default is na[0m
[33m[ WARN] [1685282874.676864034, 0.554000000]: DiffDrive(ns = //): missing <wheelAcceleration> default is 0[0m
[33m[ WARN] [1685282874.676884634, 0.554000000]: DiffDrive(ns = //): missing <wheelTorque> default is 5[0m
[ERROR] [1685283277.198243, 358.796000]: Delete model service call failed: transport error completing service call: unable to receive data from sender, check sender's logs for details
[INFO] [1685282871.872973, 0.000000]: Loading model XML from ros parameter robot_description_crawler_1
[INFO] [1685282871.877557, 0.000000]: Waiting for service /gazebo/spawn_urdf_model
[INFO] [1685282872.785113, 0.101000]: Calling service /gazebo/spawn_urdf_model
[INFO] [1685282873.506219, 0.155000]: Spawn status: SpawnModel: Successfully spawned entity
[INFO] [1685282873.507860, 0.155000]: Waiting for shutdown to delete model crawler1
[INFO] [1685283276.899256, 358.594000]: Deleting model crawler1
[ERROR] [1685283277.198249, 358.796000]: Delete model service call failed: transport error completing service call: unable to receive data from sender, check sender's logs for details
[INFO] [1685282871.914682, 0.000000]: Loading model XML from ros parameter world_description
[INFO] [1685282871.923217, 0.000000]: Waiting for service /gazebo/spawn_urdf_model
[INFO] [1685282872.830541, 0.145000]: Calling service /gazebo/spawn_urdf_model
[INFO] [1685282873.845108, 0.353000]: Spawn status: SpawnModel: Successfully spawned entity
[INFO] [1685282873.846544, 0.355000]: Waiting for shutdown to delete model corrosion
[INFO] [1685283277.101865, 358.795000]: Deleting model corrosion
[ERROR] [1685283277.198267, 358.796000]: Delete model service call failed: transport error completing service call: unable to receive data from sender, check sender's logs for details
[INFO] [1685282871.933326, 0.000000]: Loading model XML from ros parameter robot_description_crawler_0
[INFO] [1685282871.938740, 0.000000]: Waiting for service /gazebo/spawn_urdf_model
[INFO] [1685282872.846962, 0.155000]: Calling service /gazebo/spawn_urdf_model
[INFO] [1685282874.673298, 0.554000]: Spawn status: SpawnModel: Successfully spawned entity
[INFO] [1685282874.675967, 0.554000]: Waiting for shutdown to delete model crawler0
[INFO] [1685283276.900180, 358.595000]: Deleting model crawler0
[31m[gazebo-2] escalating to SIGTERM[0m
... logging to /home/chroma/.ros/log/077c8134-fd61-11ed-ac04-a1f748f19be9/roslaunch-chroma-HP-ProBook-650-G2-122932.log
Checking log directory for disk usage. This may take a while.
Press Ctrl-C to interrupt
Done checking log file disk usage. Usage is <1GB.
]2;/home/chroma/Documents/bugwright2-ws/bugwright_ws/src/my_sim/launch/crawler_ugw_with_uwb_simulation_spawn.launch
[1mstarted roslaunch server http://chroma-HP-ProBook-650-G2:32773/[0m

SUMMARY
========

PARAMETERS
 * /crawler0_gt/base_frame: crawler0_gt
 * /crawler0_gt/reference_frame: world
 * /crawler1_gt/base_frame: crawler1_gt
 * /crawler1_gt/reference_frame: world
 * /crawler_0_1_ugw_viz/base_frame: crawler_0/UWBe
 * /crawler_0_1_ugw_viz/tag_frame: crawler_1/UWBe
 * /crawler_0_1_ugw_viz/tag_name: crawler1
 * /gazebo/enable_ros_network: True
 * /og_viz/base_frame: UWBe
 * /og_viz/buddies/crawler0: crawler1
 * /og_viz/grid_height: 6
 * /og_viz/grid_resolution: 0.05
 * /og_viz/grid_width: 6
 * /og_viz/reference_frame: world
 * /robot_description_crawler_0: <?xml version="1....
 * /robot_description_crawler_1: <?xml version="1....
 * /robot_state_publisher_crawler_0/publish_frequency: 10.0
 * /robot_state_publisher_crawler_0/tf_prefix: crawler_0
 * /robot_state_publisher_crawler_1/publish_frequency: 10.0
 * /robot_state_publisher_crawler_1/tf_prefix: crawler_1
 * /robot_state_publisher_world/publish_frequency: 1.0
 * /rosdistro: noetic
 * /rosversion: 1.16.0
 * /use_sim_time: True
 * /world_description: <?xml version="1....

NODES
  /
    crawler0_gt (my_sim/pose_to_tf.py)
    crawler1_gt (my_sim/pose_to_tf.py)
    crawler_0_1_ugw_viz (my_sim/ugw_visualization.py)
    gazebo (gazebo_ros/gzserver)
    og_viz (my_sim/occgrid_visualization.py)
    robot_state_publisher_crawler_0 (robot_state_publisher/robot_state_publisher)
    robot_state_publisher_crawler_1 (robot_state_publisher/robot_state_publisher)
    robot_state_publisher_world (robot_state_publisher/robot_state_publisher)
    rviz (rviz/rviz)
    spawn_corrosion (gazebo_ros/spawn_model)
    spawn_crawler_0 (gazebo_ros/spawn_model)
    spawn_crawler_1 (gazebo_ros/spawn_model)
    world_to_world_tf (tf2_ros/static_transform_publisher)

auto-starting new master
[1mprocess[master]: started with pid [122968][0m
[1mROS_MASTER_URI=http://localhost:11311[0m
]2;/home/chroma/Documents/bugwright2-ws/bugwright_ws/src/my_sim/launch/crawler_ugw_with_uwb_simulation_spawn.launch http://localhost:11311
[1msetting /run_id to 077c8134-fd61-11ed-ac04-a1f748f19be9[0m
[1mprocess[rosout-1]: started with pid [122985][0m
started core service [/rosout]
[1mprocess[gazebo-2]: started with pid [122992][0m
[1mprocess[spawn_corrosion-3]: started with pid [122996][0m
[1mprocess[robot_state_publisher_world-4]: started with pid [122998][0m
[1mprocess[world_to_world_tf-5]: started with pid [122999][0m
[1mprocess[spawn_crawler_0-6]: started with pid [123000][0m
[1mprocess[robot_state_publisher_crawler_0-7]: started with pid [123005][0m
[1mprocess[spawn_crawler_1-8]: started with pid [123011][0m
[1mprocess[robot_state_publisher_crawler_1-9]: started with pid [123014][0m
[1mprocess[crawler0_gt-10]: started with pid [123015][0m
[1mprocess[crawler1_gt-11]: started with pid [123021][0m
[1mprocess[crawler_0_1_ugw_viz-12]: started with pid [123027][0m
[1mprocess[og_viz-13]: started with pid [123029][0m
[1mprocess[rviz-14]: started with pid [123038][0m
[rviz-14] killing on exit
[og_viz-13] killing on exit
[crawler_0_1_ugw_viz-12] killing on exit
[crawler1_gt-11] killing on exit
[crawler0_gt-10] killing on exit
[robot_state_publisher_crawler_1-9] killing on exit
[spawn_crawler_1-8] killing on exit
[robot_state_publisher_crawler_0-7] killing on exit
[world_to_world_tf-5] killing on exit
[spawn_crawler_0-6] killing on exit
[robot_state_publisher_world-4] killing on exit
[spawn_corrosion-3] killing on exit
[gazebo-2] killing on exit
[rosout-1] killing on exit
[master] killing on exit
shutting down processing monitor...
... shutting down processing monitor complete
[1mdone[0m
