warning: redefining global symbol: pi
when processing file: /home/chroma/Documents/bugwright2-ws/bugwright_ws/src/my_sim/models/CrawlerUGW/crawler.xacro
warning: redefining global symbol: pi
when processing file: /home/chroma/Documents/bugwright2-ws/bugwright_ws/src/my_sim/models/CrawlerUGW/crawler.xacro
[0m[ INFO] [1683993076.325086973]: Finished loading Gazebo ROS API Plugin.[0m
[0m[ INFO] [1683993076.326543381]: waitForService: Service [/gazebo/set_physics_properties] has not been advertised, waiting...[0m
[0m[ INFO] [1683993076.801232568, 0.001000000]: waitForService: Service [/gazebo/set_physics_properties] is now available.[0m
[0m[ INFO] [1683993076.832177977, 0.030000000]: Physics dynamic reconfigure ready.[0m
[0m[ INFO] [1683993077.765896568, 0.359000000]: Camera Plugin: Using the 'robotNamespace' param: '/'[0m
[0m[ INFO] [1683993077.768841452, 0.359000000]: Camera Plugin (ns = /)  <tf_prefix_>, set to ""[0m
[0m[ INFO] [1683993077.777308113, 0.359000000]: <robotNamespace> set to: //[0m
[0m[ INFO] [1683993077.777343886, 0.359000000]: <topicName> set to: /crawler0/imu[0m
[0m[ INFO] [1683993077.777353953, 0.359000000]: <frameName> set to: crawler_0/base_link[0m
[0m[ INFO] [1683993077.777374487, 0.359000000]: <updateRateHZ> set to: 10[0m
[0m[ INFO] [1683993077.777388346, 0.359000000]: <gaussianNoise> set to: 0[0m
[0m[ INFO] [1683993077.777423984, 0.359000000]: <xyzOffset> set to: 0 0 0[0m
[0m[ INFO] [1683993077.777456875, 0.359000000]: <rpyOffset> set to: 0 -0 0[0m
[0m[ INFO] [1683993077.888394407, 0.359000000]: NS UWBe0 UwbPlugin::Load crawler0 Tag 0 Publish TF 1[0m
NS UWBe0 Uwb topic: uwb
[0m[ INFO] [1683993077.889171166, 0.359000000]: NS TAG0 UwbPlugin::Load crawler0 Tag 1 Publish TF 0[0m
NS TAG0 Uwb topic: crawler0/uwb_sim
[33m[ WARN] [1683993077.899868931, 0.359000000]: DiffDrive(ns = //): missing <rosDebugLevel> default is na[0m
[33m[ WARN] [1683993077.901079371, 0.359000000]: DiffDrive(ns = //): missing <wheelAcceleration> default is 0[0m
[33m[ WARN] [1683993077.901126515, 0.359000000]: DiffDrive(ns = //): missing <wheelTorque> default is 5[0m
[31m[ERROR] [1683993078.207799239, 0.559000000]: Tried to advertise a service that is already advertised in this node [/IFM_ir/set_camera_info][0m
[31m[ERROR] [1683993078.209117779, 0.559000000]: Tried to advertise a service that is already advertised in this node [/IFM_ir/set_parameters][0m
[0m[ INFO] [1683993077.899790106, 0.359000000]: Starting plugin DiffDrive(ns = //)[0m
[0m[ INFO] [1683993077.900840532, 0.359000000]: DiffDrive(ns = //): <tf_prefix> = [0m
[0m[ INFO] [1683993077.901320841, 0.359000000]: DiffDrive(ns = //): Try to subscribe to /crawler0/base_controller/cmd_vel[0m
[0m[ INFO] [1683993077.903204878, 0.359000000]: DiffDrive(ns = //): Subscribe to /crawler0/base_controller/cmd_vel[0m
[0m[ INFO] [1683993077.903716075, 0.359000000]: DiffDrive(ns = //): Advertise odom on /crawler0/odom [0m
[0m[ INFO] [1683993078.207538622, 0.559000000]: Camera Plugin: Using the 'robotNamespace' param: '/'[0m
[0m[ INFO] [1683993078.207891144, 0.559000000]: <robotNamespace> set to: //[0m
[0m[ INFO] [1683993078.207906794, 0.559000000]: <topicName> set to: /crawler1/imu[0m
[0m[ INFO] [1683993078.207917423, 0.559000000]: <frameName> set to: crawler_1/base_link[0m
[0m[ INFO] [1683993078.207930664, 0.559000000]: <updateRateHZ> set to: 10[0m
[0m[ INFO] [1683993078.207940949, 0.559000000]: <gaussianNoise> set to: 0[0m
[0m[ INFO] [1683993078.207956375, 0.559000000]: <xyzOffset> set to: 0 0 0[0m
[0m[ INFO] [1683993078.207989547, 0.559000000]: <rpyOffset> set to: 0 -0 0[0m
[0m[ INFO] [1683993078.209035223, 0.559000000]: Camera Plugin (ns = /)  <tf_prefix_>, set to ""[0m
[0m[ INFO] [1683993078.304954184, 0.559000000]: NS UWBe1 UwbPlugin::Load crawler1 Tag 0 Publish TF 1[0m
NS UWBe1 Uwb topic: uwb
[0m[ INFO] [1683993078.305518316, 0.559000000]: NS TAG1 UwbPlugin::Load crawler1 Tag 1 Publish TF 0[0m
NS TAG1 Uwb topic: crawler1/uwb_sim
[33m[ WARN] [1683993078.307566693, 0.559000000]: DiffDrive(ns = //): missing <rosDebugLevel> default is na[0m
[33m[ WARN] [1683993078.309276704, 0.559000000]: DiffDrive(ns = //): missing <wheelAcceleration> default is 0[0m
[33m[ WARN] [1683993078.309349484, 0.559000000]: DiffDrive(ns = //): missing <wheelTorque> default is 5[0m
[ERROR] [1683994535.394954, 1451.172000]: Delete model service call failed: transport error completing service call: unable to receive data from sender, check sender's logs for details
[INFO] [1683993075.960658, 0.000000]: Loading model XML from ros parameter robot_description_crawler_0
[INFO] [1683993075.966048, 0.000000]: Waiting for service /gazebo/spawn_urdf_model
[INFO] [1683993076.872038, 0.067000]: Calling service /gazebo/spawn_urdf_model
[INFO] [1683993077.778007, 0.359000]: Spawn status: SpawnModel: Successfully spawned entity
[INFO] [1683993077.779339, 0.359000]: Waiting for shutdown to delete model crawler0
[INFO] [1683994535.104607, 1450.971000]: Deleting model crawler0
[ERROR] [1683994535.394974, 1451.172000]: Delete model service call failed: transport error completing service call: unable to receive data from sender, check sender's logs for details
[INFO] [1683993075.969591, 0.000000]: Loading model XML from ros parameter robot_description_crawler_1
[INFO] [1683993075.976153, 0.000000]: Waiting for service /gazebo/spawn_urdf_model
[INFO] [1683993076.882320, 0.077000]: Calling service /gazebo/spawn_urdf_model
[INFO] [1683993078.204391, 0.559000]: Spawn status: SpawnModel: Successfully spawned entity
[INFO] [1683993078.206152, 0.559000]: Waiting for shutdown to delete model crawler1
[INFO] [1683994535.105137, 1450.973000]: Deleting model crawler1
[ERROR] [1683994535.394961, 1451.172000]: Delete model service call failed: transport error completing service call: unable to receive data from sender, check sender's logs for details
[INFO] [1683993075.919158, 0.000000]: Loading model XML from ros parameter world_description
[INFO] [1683993075.925965, 0.000000]: Waiting for service /gazebo/spawn_urdf_model
[INFO] [1683993076.832355, 0.030000]: Calling service /gazebo/spawn_urdf_model
[INFO] [1683993077.036229, 0.160000]: Spawn status: SpawnModel: Successfully spawned entity
[INFO] [1683993077.038981, 0.163000]: Waiting for shutdown to delete model corrosion
[INFO] [1683994535.206880, 1451.073000]: Deleting model corrosion
[31m[gazebo-2] escalating to SIGTERM[0m
... logging to /home/chroma/.ros/log/fd3f3a20-f1a5-11ed-9003-e5e619360a76/roslaunch-chroma-HP-ProBook-650-G2-118074.log
Checking log directory for disk usage. This may take a while.
Press Ctrl-C to interrupt
Done checking log file disk usage. Usage is <1GB.
]2;/home/chroma/Documents/bugwright2-ws/bugwright_ws/src/my_sim/launch/crawler_ugw_with_uwb_simulation_spawn.launch
[1mstarted roslaunch server http://chroma-HP-ProBook-650-G2:46491/[0m

SUMMARY
========

PARAMETERS
 * /crawler0_gt/base_frame: crawler0_gt
 * /crawler0_gt/reference_frame: world
 * /crawler1_gt/base_frame: crawler1_gt
 * /crawler1_gt/reference_frame: world
 * /crawler_0_1_ugw_viz/base_frame: crawler_0/UWBe
 * /crawler_0_1_ugw_viz/tag_frame: crawler_1/UWBe
 * /crawler_0_1_ugw_viz/tag_name: crawler1
 * /gazebo/enable_ros_network: True
 * /og_viz/base_frame: UWBe
 * /og_viz/buddies/crawler0: crawler1
 * /og_viz/grid_height: 6
 * /og_viz/grid_resolution: 0.05
 * /og_viz/grid_width: 6
 * /og_viz/reference_frame: world
 * /robot_description_crawler_0: <?xml version="1....
 * /robot_description_crawler_1: <?xml version="1....
 * /robot_state_publisher_crawler_0/publish_frequency: 10.0
 * /robot_state_publisher_crawler_0/tf_prefix: crawler_0
 * /robot_state_publisher_crawler_1/publish_frequency: 10.0
 * /robot_state_publisher_crawler_1/tf_prefix: crawler_1
 * /robot_state_publisher_world/publish_frequency: 1.0
 * /rosdistro: noetic
 * /rosversion: 1.16.0
 * /use_sim_time: True
 * /world_description: <?xml version="1....

NODES
  /
    crawler0_gt (my_sim/pose_to_tf.py)
    crawler1_gt (my_sim/pose_to_tf.py)
    crawler_0_1_ugw_viz (my_sim/ugw_visualization.py)
    gazebo (gazebo_ros/gzserver)
    og_viz (my_sim/occgrid_visualization.py)
    robot_state_publisher_crawler_0 (robot_state_publisher/robot_state_publisher)
    robot_state_publisher_crawler_1 (robot_state_publisher/robot_state_publisher)
    robot_state_publisher_world (robot_state_publisher/robot_state_publisher)
    rviz (rviz/rviz)
    spawn_corrosion (gazebo_ros/spawn_model)
    spawn_crawler_0 (gazebo_ros/spawn_model)
    spawn_crawler_1 (gazebo_ros/spawn_model)
    world_to_world_tf (tf2_ros/static_transform_publisher)

auto-starting new master
[1mprocess[master]: started with pid [118110][0m
[1mROS_MASTER_URI=http://localhost:11311[0m
]2;/home/chroma/Documents/bugwright2-ws/bugwright_ws/src/my_sim/launch/crawler_ugw_with_uwb_simulation_spawn.launch http://localhost:11311
[1msetting /run_id to fd3f3a20-f1a5-11ed-9003-e5e619360a76[0m
[1mprocess[rosout-1]: started with pid [118127][0m
started core service [/rosout]
[1mprocess[gazebo-2]: started with pid [118134][0m
[1mprocess[spawn_corrosion-3]: started with pid [118138][0m
[1mprocess[robot_state_publisher_world-4]: started with pid [118140][0m
[1mprocess[world_to_world_tf-5]: started with pid [118141][0m
[1mprocess[spawn_crawler_0-6]: started with pid [118142][0m
[1mprocess[robot_state_publisher_crawler_0-7]: started with pid [118147][0m
[1mprocess[spawn_crawler_1-8]: started with pid [118153][0m
[1mprocess[robot_state_publisher_crawler_1-9]: started with pid [118156][0m
[1mprocess[crawler0_gt-10]: started with pid [118157][0m
[1mprocess[crawler1_gt-11]: started with pid [118163][0m
[1mprocess[crawler_0_1_ugw_viz-12]: started with pid [118170][0m
[1mprocess[og_viz-13]: started with pid [118172][0m
[1mprocess[rviz-14]: started with pid [118180][0m
[rviz-14] killing on exit
[og_viz-13] killing on exit
[crawler_0_1_ugw_viz-12] killing on exit
[robot_state_publisher_crawler_1-9] killing on exit
[crawler1_gt-11] killing on exit
[crawler0_gt-10] killing on exit
[robot_state_publisher_crawler_0-7] killing on exit
[spawn_crawler_0-6] killing on exit
[world_to_world_tf-5] killing on exit
[spawn_crawler_1-8] killing on exit
[spawn_corrosion-3] killing on exit
[robot_state_publisher_world-4] killing on exit
[gazebo-2] killing on exit
[rosout-1] killing on exit
[master] killing on exit
shutting down processing monitor...
... shutting down processing monitor complete
[1mdone[0m
