warning: redefining global symbol: pi
when processing file: /home/chroma/Documents/bugwright2-ws/bugwright_ws/src/my_sim/models/CrawlerUGW/crawler.xacro
warning: redefining global symbol: pi
when processing file: /home/chroma/Documents/bugwright2-ws/bugwright_ws/src/my_sim/models/CrawlerUGW/crawler.xacro
[0m[ INFO] [1684057376.870952627]: Finished loading Gazebo ROS API Plugin.[0m
[0m[ INFO] [1684057376.872657309]: waitForService: Service [/gazebo/set_physics_properties] has not been advertised, waiting...[0m
[0m[ INFO] [1684057377.367731135]: waitForService: Service [/gazebo/set_physics_properties] is now available.[0m
[0m[ INFO] [1684057377.386725124, 0.012000000]: Physics dynamic reconfigure ready.[0m
[0m[ INFO] [1684057378.325420315, 0.357000000]: Camera Plugin: Using the 'robotNamespace' param: '/'[0m
[0m[ INFO] [1684057378.328271743, 0.357000000]: Camera Plugin (ns = /)  <tf_prefix_>, set to ""[0m
[0m[ INFO] [1684057378.337641346, 0.357000000]: <robotNamespace> set to: //[0m
[0m[ INFO] [1684057378.337687983, 0.357000000]: <topicName> set to: /crawler0/imu[0m
[0m[ INFO] [1684057378.337698232, 0.357000000]: <frameName> set to: crawler_0/base_link[0m
[0m[ INFO] [1684057378.337735933, 0.357000000]: <updateRateHZ> set to: 10[0m
[0m[ INFO] [1684057378.337749815, 0.357000000]: <gaussianNoise> set to: 0[0m
[0m[ INFO] [1684057378.337768883, 0.357000000]: <xyzOffset> set to: 0 0 0[0m
[0m[ INFO] [1684057378.337822020, 0.357000000]: <rpyOffset> set to: 0 -0 0[0m
[0m[ INFO] [1684057378.349368719, 0.357000000]: NS UWBe0 UwbPlugin::Load crawler0 Tag 0 Publish TF 1[0m
NS UWBe0 Uwb topic: uwb
[0m[ INFO] [1684057378.350031627, 0.357000000]: NS TAG0 UwbPlugin::Load crawler0 Tag 1 Publish TF 0[0m
NS TAG0 Uwb topic: crawler0/uwb_sim
[33m[ WARN] [1684057378.361463499, 0.357000000]: DiffDrive(ns = //): missing <rosDebugLevel> default is na[0m
[33m[ WARN] [1684057378.362903534, 0.357000000]: DiffDrive(ns = //): missing <wheelAcceleration> default is 0[0m
[33m[ WARN] [1684057378.362952239, 0.357000000]: DiffDrive(ns = //): missing <wheelTorque> default is 5[0m
[31m[ERROR] [1684057378.796784046, 0.558000000]: Tried to advertise a service that is already advertised in this node [/IFM_ir/set_camera_info][0m
[31m[ERROR] [1684057378.798115387, 0.558000000]: Tried to advertise a service that is already advertised in this node [/IFM_ir/set_parameters][0m
[0m[ INFO] [1684057378.361306621, 0.357000000]: Starting plugin DiffDrive(ns = //)[0m
[0m[ INFO] [1684057378.362646769, 0.357000000]: DiffDrive(ns = //): <tf_prefix> = [0m
[0m[ INFO] [1684057378.363149262, 0.357000000]: DiffDrive(ns = //): Try to subscribe to /crawler0/base_controller/cmd_vel[0m
[0m[ INFO] [1684057378.365324556, 0.357000000]: DiffDrive(ns = //): Subscribe to /crawler0/base_controller/cmd_vel[0m
[0m[ INFO] [1684057378.365943455, 0.357000000]: DiffDrive(ns = //): Advertise odom on /crawler0/odom [0m
[0m[ INFO] [1684057378.796565640, 0.558000000]: Camera Plugin: Using the 'robotNamespace' param: '/'[0m
[0m[ INFO] [1684057378.796901379, 0.558000000]: <robotNamespace> set to: //[0m
[0m[ INFO] [1684057378.796942479, 0.558000000]: <topicName> set to: /crawler1/imu[0m
[0m[ INFO] [1684057378.796983812, 0.558000000]: <frameName> set to: crawler_1/base_link[0m
[0m[ INFO] [1684057378.797019433, 0.558000000]: <updateRateHZ> set to: 10[0m
[0m[ INFO] [1684057378.797051570, 0.558000000]: <gaussianNoise> set to: 0[0m
[0m[ INFO] [1684057378.797092029, 0.558000000]: <xyzOffset> set to: 0 0 0[0m
[0m[ INFO] [1684057378.797130642, 0.558000000]: <rpyOffset> set to: 0 -0 0[0m
[0m[ INFO] [1684057378.798062075, 0.558000000]: Camera Plugin (ns = /)  <tf_prefix_>, set to ""[0m
[0m[ INFO] [1684057378.864574470, 0.558000000]: NS UWBe1 UwbPlugin::Load crawler1 Tag 0 Publish TF 1[0m
NS UWBe1 Uwb topic: uwb
[0m[ INFO] [1684057378.864881136, 0.558000000]: NS TAG1 UwbPlugin::Load crawler1 Tag 1 Publish TF 0[0m
NS TAG1 Uwb topic: crawler1/uwb_sim
[33m[ WARN] [1684057378.866009860, 0.558000000]: DiffDrive(ns = //): missing <rosDebugLevel> default is na[0m
[33m[ WARN] [1684057378.866958349, 0.558000000]: DiffDrive(ns = //): missing <wheelAcceleration> default is 0[0m
[33m[ WARN] [1684057378.867008274, 0.558000000]: DiffDrive(ns = //): missing <wheelTorque> default is 5[0m
[ERROR] [1684058109.316824, 727.624000]: Delete model service call failed: transport error completing service call: unable to receive data from sender, check sender's logs for details
[INFO] [1684057376.576442, 0.000000]: Loading model XML from ros parameter robot_description_crawler_1
[INFO] [1684057376.581947, 0.000000]: Waiting for service /gazebo/spawn_urdf_model
[INFO] [1684057377.488317, 0.106000]: Calling service /gazebo/spawn_urdf_model
[INFO] [1684057378.664257, 0.558000]: Spawn status: SpawnModel: Successfully spawned entity
[INFO] [1684057378.665570, 0.558000]: Waiting for shutdown to delete model crawler1
[INFO] [1684058109.104639, 727.525000]: Deleting model crawler1
[ERROR] [1684058109.317423, 727.624000]: Delete model service call failed: transport error completing service call: unable to receive data from sender, check sender's logs for details
[INFO] [1684057376.570426, 0.000000]: Loading model XML from ros parameter robot_description_crawler_0
[INFO] [1684057376.579201, 0.000000]: Waiting for service /gazebo/spawn_urdf_model
[INFO] [1684057377.486711, 0.104000]: Calling service /gazebo/spawn_urdf_model
[INFO] [1684057378.338715, 0.357000]: Spawn status: SpawnModel: Successfully spawned entity
[INFO] [1684057378.339860, 0.357000]: Waiting for shutdown to delete model crawler0
[INFO] [1684058109.105597, 727.525000]: Deleting model crawler0
[ERROR] [1684058109.318549, 727.624000]: Delete model service call failed: transport error completing service call: unable to receive data from sender, check sender's logs for details
[INFO] [1684057376.508318, 0.000000]: Loading model XML from ros parameter world_description
[INFO] [1684057376.523973, 0.000000]: Waiting for service /gazebo/spawn_urdf_model
[INFO] [1684057377.430136, 0.052000]: Calling service /gazebo/spawn_urdf_model
[INFO] [1684057377.660928, 0.156000]: Spawn status: SpawnModel: Successfully spawned entity
[INFO] [1684057377.663155, 0.159000]: Waiting for shutdown to delete model corrosion
[INFO] [1684058109.206864, 727.623000]: Deleting model corrosion
[31m[gazebo-2] escalating to SIGTERM[0m
... logging to /home/chroma/.ros/log/b36147d6-f23b-11ed-9003-e5e619360a76/roslaunch-chroma-HP-ProBook-650-G2-172223.log
Checking log directory for disk usage. This may take a while.
Press Ctrl-C to interrupt
Done checking log file disk usage. Usage is <1GB.
]2;/home/chroma/Documents/bugwright2-ws/bugwright_ws/src/my_sim/launch/crawler_ugw_with_uwb_simulation_spawn.launch
[1mstarted roslaunch server http://chroma-HP-ProBook-650-G2:44313/[0m

SUMMARY
========

PARAMETERS
 * /crawler0_gt/base_frame: crawler0_gt
 * /crawler0_gt/reference_frame: world
 * /crawler1_gt/base_frame: crawler1_gt
 * /crawler1_gt/reference_frame: world
 * /crawler_0_1_ugw_viz/base_frame: crawler_0/UWBe
 * /crawler_0_1_ugw_viz/tag_frame: crawler_1/UWBe
 * /crawler_0_1_ugw_viz/tag_name: crawler1
 * /gazebo/enable_ros_network: True
 * /og_viz/base_frame: UWBe
 * /og_viz/buddies/crawler0: crawler1
 * /og_viz/grid_height: 6
 * /og_viz/grid_resolution: 0.05
 * /og_viz/grid_width: 6
 * /og_viz/reference_frame: world
 * /robot_description_crawler_0: <?xml version="1....
 * /robot_description_crawler_1: <?xml version="1....
 * /robot_state_publisher_crawler_0/publish_frequency: 10.0
 * /robot_state_publisher_crawler_0/tf_prefix: crawler_0
 * /robot_state_publisher_crawler_1/publish_frequency: 10.0
 * /robot_state_publisher_crawler_1/tf_prefix: crawler_1
 * /robot_state_publisher_world/publish_frequency: 1.0
 * /rosdistro: noetic
 * /rosversion: 1.16.0
 * /use_sim_time: True
 * /world_description: <?xml version="1....

NODES
  /
    crawler0_gt (my_sim/pose_to_tf.py)
    crawler1_gt (my_sim/pose_to_tf.py)
    crawler_0_1_ugw_viz (my_sim/ugw_visualization.py)
    gazebo (gazebo_ros/gzserver)
    og_viz (my_sim/occgrid_visualization.py)
    robot_state_publisher_crawler_0 (robot_state_publisher/robot_state_publisher)
    robot_state_publisher_crawler_1 (robot_state_publisher/robot_state_publisher)
    robot_state_publisher_world (robot_state_publisher/robot_state_publisher)
    rviz (rviz/rviz)
    spawn_corrosion (gazebo_ros/spawn_model)
    spawn_crawler_0 (gazebo_ros/spawn_model)
    spawn_crawler_1 (gazebo_ros/spawn_model)
    world_to_world_tf (tf2_ros/static_transform_publisher)

auto-starting new master
[1mprocess[master]: started with pid [172259][0m
[1mROS_MASTER_URI=http://localhost:11311[0m
]2;/home/chroma/Documents/bugwright2-ws/bugwright_ws/src/my_sim/launch/crawler_ugw_with_uwb_simulation_spawn.launch http://localhost:11311
[1msetting /run_id to b36147d6-f23b-11ed-9003-e5e619360a76[0m
[1mprocess[rosout-1]: started with pid [172276][0m
started core service [/rosout]
[1mprocess[gazebo-2]: started with pid [172283][0m
[1mprocess[spawn_corrosion-3]: started with pid [172287][0m
[1mprocess[robot_state_publisher_world-4]: started with pid [172289][0m
[1mprocess[world_to_world_tf-5]: started with pid [172290][0m
[1mprocess[spawn_crawler_0-6]: started with pid [172291][0m
[1mprocess[robot_state_publisher_crawler_0-7]: started with pid [172296][0m
[1mprocess[spawn_crawler_1-8]: started with pid [172303][0m
[1mprocess[robot_state_publisher_crawler_1-9]: started with pid [172305][0m
[1mprocess[crawler0_gt-10]: started with pid [172306][0m
[1mprocess[crawler1_gt-11]: started with pid [172312][0m
[1mprocess[crawler_0_1_ugw_viz-12]: started with pid [172318][0m
[1mprocess[og_viz-13]: started with pid [172328][0m
[1mprocess[rviz-14]: started with pid [172336][0m
[rviz-14] killing on exit
[og_viz-13] killing on exit
[crawler_0_1_ugw_viz-12] killing on exit
[crawler0_gt-10] killing on exit
[robot_state_publisher_crawler_1-9] killing on exit
[crawler1_gt-11] killing on exit
[spawn_crawler_1-8] killing on exit
[spawn_crawler_0-6] killing on exit
[robot_state_publisher_crawler_0-7] killing on exit
[world_to_world_tf-5] killing on exit
[robot_state_publisher_world-4] killing on exit
[spawn_corrosion-3] killing on exit
[gazebo-2] killing on exit
[rosout-1] killing on exit
[master] killing on exit
shutting down processing monitor...
... shutting down processing monitor complete
[1mdone[0m
