warning: redefining global symbol: pi
when processing file: /home/chroma/Documents/bugwright2-ws/bugwright_ws/src/my_sim/models/CrawlerUGW/crawler.xacro
warning: redefining global symbol: pi
when processing file: /home/chroma/Documents/bugwright2-ws/bugwright_ws/src/my_sim/models/CrawlerUGW/crawler.xacro
[0m[ INFO] [1685269662.064346384]: Finished loading Gazebo ROS API Plugin.[0m
[0m[ INFO] [1685269662.066132998]: waitForService: Service [/gazebo/set_physics_properties] has not been advertised, waiting...[0m
[0m[ INFO] [1685269662.562774577]: waitForService: Service [/gazebo/set_physics_properties] is now available.[0m
[0m[ INFO] [1685269662.583513335, 0.008000000]: Physics dynamic reconfigure ready.[0m
[0m[ INFO] [1685269663.393704039, 0.154000000]: Laser Plugin: Using the 'robotNamespace' param: '/'[0m
[0m[ INFO] [1685269663.393739350, 0.154000000]: Starting Laser Plugin (ns = /)[0m
[0m[ INFO] [1685269663.395488461, 0.154000000]: Laser Plugin (ns = /)  <tf_prefix_>, set to ""[0m
[0m[ INFO] [1685269663.402107338, 0.154000000]: <robotNamespace> set to: //[0m
[0m[ INFO] [1685269663.402147512, 0.154000000]: <topicName> set to: /crawler0/imu[0m
[0m[ INFO] [1685269663.402159973, 0.154000000]: <frameName> set to: crawler_0/base_link[0m
[0m[ INFO] [1685269663.402184000, 0.154000000]: <updateRateHZ> set to: 10[0m
[0m[ INFO] [1685269663.402197712, 0.154000000]: <gaussianNoise> set to: 0[0m
[0m[ INFO] [1685269663.402220162, 0.154000000]: <xyzOffset> set to: 0 0 0[0m
[0m[ INFO] [1685269663.402247393, 0.154000000]: <rpyOffset> set to: 0 -0 0[0m
[0m[ INFO] [1685269663.412519998, 0.154000000]: NS UWBe0 UwbPlugin::Load crawler0 Tag 0 Publish TF 1[0m
NS UWBe0 Uwb topic: uwb
[0m[ INFO] [1685269663.413503570, 0.154000000]: NS TAG0 UwbPlugin::Load crawler0 Tag 1 Publish TF 0[0m
NS TAG0 Uwb topic: crawler0/uwb_sim
[33m[ WARN] [1685269663.424015660, 0.154000000]: DiffDrive(ns = //): missing <rosDebugLevel> default is na[0m
[33m[ WARN] [1685269663.424946867, 0.154000000]: DiffDrive(ns = //): missing <wheelAcceleration> default is 0[0m
[33m[ WARN] [1685269663.424988815, 0.154000000]: DiffDrive(ns = //): missing <wheelTorque> default is 5[0m
[0m[ INFO] [1685269663.423934516, 0.154000000]: Starting plugin DiffDrive(ns = //)[0m
[0m[ INFO] [1685269663.424788899, 0.154000000]: DiffDrive(ns = //): <tf_prefix> = [0m
[0m[ INFO] [1685269663.425220899, 0.154000000]: DiffDrive(ns = //): Try to subscribe to /crawler0/base_controller/cmd_vel[0m
[0m[ INFO] [1685269663.427139647, 0.154000000]: DiffDrive(ns = //): Subscribe to /crawler0/base_controller/cmd_vel[0m
[0m[ INFO] [1685269663.427600015, 0.154000000]: DiffDrive(ns = //): Advertise odom on /crawler0/odom [0m
[0m[ INFO] [1685269664.258994834, 0.354000000]: Laser Plugin: Using the 'robotNamespace' param: '/'[0m
[0m[ INFO] [1685269664.259036564, 0.354000000]: Starting Laser Plugin (ns = /)[0m
[0m[ INFO] [1685269664.260149481, 0.354000000]: Laser Plugin (ns = /)  <tf_prefix_>, set to ""[0m
[0m[ INFO] [1685269664.262556503, 0.354000000]: <robotNamespace> set to: //[0m
[0m[ INFO] [1685269664.262580422, 0.354000000]: <topicName> set to: /crawler1/imu[0m
[0m[ INFO] [1685269664.262611017, 0.354000000]: <frameName> set to: crawler_1/base_link[0m
[0m[ INFO] [1685269664.262677350, 0.354000000]: <updateRateHZ> set to: 10[0m
[0m[ INFO] [1685269664.262732306, 0.354000000]: <gaussianNoise> set to: 0[0m
[0m[ INFO] [1685269664.262781342, 0.354000000]: <xyzOffset> set to: 0 0 0[0m
[0m[ INFO] [1685269664.262818985, 0.354000000]: <rpyOffset> set to: 0 -0 0[0m
[0m[ INFO] [1685269664.268905699, 0.354000000]: NS UWBe1 UwbPlugin::Load crawler1 Tag 0 Publish TF 1[0m
NS UWBe1 Uwb topic: uwb
[0m[ INFO] [1685269664.269174216, 0.354000000]: NS TAG1 UwbPlugin::Load crawler1 Tag 1 Publish TF 0[0m
NS TAG1 Uwb topic: crawler1/uwb_sim
[33m[ WARN] [1685269664.270318025, 0.354000000]: DiffDrive(ns = //): missing <rosDebugLevel> default is na[0m
[33m[ WARN] [1685269664.271052521, 0.354000000]: DiffDrive(ns = //): missing <wheelAcceleration> default is 0[0m
[33m[ WARN] [1685269664.271073134, 0.354000000]: DiffDrive(ns = //): missing <wheelTorque> default is 5[0m
[ERROR] [1685269964.178115, 273.329000]: Delete model service call failed: transport error completing service call: unable to receive data from sender, check sender's logs for details
[INFO] [1685269661.768028, 0.000000]: Loading model XML from ros parameter world_description
[INFO] [1685269661.779273, 0.000000]: Waiting for service /gazebo/spawn_urdf_model
[INFO] [1685269662.685779, 0.102000]: Calling service /gazebo/spawn_urdf_model
[INFO] [1685269664.548316, 0.550000]: Spawn status: SpawnModel: Successfully spawned entity
[INFO] [1685269664.549565, 0.551000]: Waiting for shutdown to delete model corrosion
[INFO] [1685269964.084787, 273.325000]: Deleting model corrosion
[ERROR] [1685269964.178122, 273.329000]: Delete model service call failed: transport error completing service call: unable to receive data from sender, check sender's logs for details
[INFO] [1685269661.719087, 0.000000]: Loading model XML from ros parameter robot_description_crawler_0
[INFO] [1685269661.723877, 0.000000]: Waiting for service /gazebo/spawn_urdf_model
[INFO] [1685269662.632311, 0.051000]: Calling service /gazebo/spawn_urdf_model
[INFO] [1685269663.403828, 0.154000]: Spawn status: SpawnModel: Successfully spawned entity
[INFO] [1685269663.404964, 0.154000]: Waiting for shutdown to delete model crawler0
[INFO] [1685269963.989971, 273.229000]: Deleting model crawler0
[ERROR] [1685269964.178122, 273.329000]: Delete model service call failed: transport error completing service call: unable to receive data from sender, check sender's logs for details
[INFO] [1685269661.732846, 0.000000]: Loading model XML from ros parameter robot_description_crawler_1
[INFO] [1685269661.739543, 0.000000]: Waiting for service /gazebo/spawn_urdf_model
[INFO] [1685269662.647151, 0.065000]: Calling service /gazebo/spawn_urdf_model
[INFO] [1685269664.268730, 0.354000]: Spawn status: SpawnModel: Successfully spawned entity
[INFO] [1685269664.270701, 0.354000]: Waiting for shutdown to delete model crawler1
[INFO] [1685269963.982500, 273.224000]: Deleting model crawler1
[31m[gazebo-2] escalating to SIGTERM[0m
... logging to /home/chroma/.ros/log/45a7f30e-fd42-11ed-ac04-a1f748f19be9/roslaunch-chroma-HP-ProBook-650-G2-90594.log
Checking log directory for disk usage. This may take a while.
Press Ctrl-C to interrupt
Done checking log file disk usage. Usage is <1GB.
]2;/home/chroma/Documents/bugwright2-ws/bugwright_ws/src/my_sim/launch/crawler_ugw_with_uwb_simulation_spawn.launch
[1mstarted roslaunch server http://chroma-HP-ProBook-650-G2:41929/[0m

SUMMARY
========

PARAMETERS
 * /crawler0_gt/base_frame: crawler0_gt
 * /crawler0_gt/reference_frame: world
 * /crawler1_gt/base_frame: crawler1_gt
 * /crawler1_gt/reference_frame: world
 * /crawler_0_1_ugw_viz/base_frame: crawler_0/UWBe
 * /crawler_0_1_ugw_viz/tag_frame: crawler_1/UWBe
 * /crawler_0_1_ugw_viz/tag_name: crawler1
 * /gazebo/enable_ros_network: True
 * /og_viz/base_frame: UWBe
 * /og_viz/buddies/crawler0: crawler1
 * /og_viz/grid_height: 6
 * /og_viz/grid_resolution: 0.05
 * /og_viz/grid_width: 6
 * /og_viz/reference_frame: world
 * /robot_description_crawler_0: <?xml version="1....
 * /robot_description_crawler_1: <?xml version="1....
 * /robot_state_publisher_crawler_0/publish_frequency: 10.0
 * /robot_state_publisher_crawler_0/tf_prefix: crawler_0
 * /robot_state_publisher_crawler_1/publish_frequency: 10.0
 * /robot_state_publisher_crawler_1/tf_prefix: crawler_1
 * /robot_state_publisher_world/publish_frequency: 1.0
 * /rosdistro: noetic
 * /rosversion: 1.16.0
 * /use_sim_time: True
 * /world_description: <?xml version="1....

NODES
  /
    crawler0_gt (my_sim/pose_to_tf.py)
    crawler1_gt (my_sim/pose_to_tf.py)
    crawler_0_1_ugw_viz (my_sim/ugw_visualization.py)
    gazebo (gazebo_ros/gzserver)
    og_viz (my_sim/occgrid_visualization.py)
    robot_state_publisher_crawler_0 (robot_state_publisher/robot_state_publisher)
    robot_state_publisher_crawler_1 (robot_state_publisher/robot_state_publisher)
    robot_state_publisher_world (robot_state_publisher/robot_state_publisher)
    rviz (rviz/rviz)
    spawn_corrosion (gazebo_ros/spawn_model)
    spawn_crawler_0 (gazebo_ros/spawn_model)
    spawn_crawler_1 (gazebo_ros/spawn_model)
    world_to_world_tf (tf2_ros/static_transform_publisher)

auto-starting new master
[1mprocess[master]: started with pid [90630][0m
[1mROS_MASTER_URI=http://localhost:11311[0m
]2;/home/chroma/Documents/bugwright2-ws/bugwright_ws/src/my_sim/launch/crawler_ugw_with_uwb_simulation_spawn.launch http://localhost:11311
[1msetting /run_id to 45a7f30e-fd42-11ed-ac04-a1f748f19be9[0m
[1mprocess[rosout-1]: started with pid [90647][0m
started core service [/rosout]
[1mprocess[gazebo-2]: started with pid [90654][0m
[1mprocess[spawn_corrosion-3]: started with pid [90658][0m
[1mprocess[robot_state_publisher_world-4]: started with pid [90660][0m
[1mprocess[world_to_world_tf-5]: started with pid [90661][0m
[1mprocess[spawn_crawler_0-6]: started with pid [90662][0m
[1mprocess[robot_state_publisher_crawler_0-7]: started with pid [90667][0m
[1mprocess[spawn_crawler_1-8]: started with pid [90673][0m
[1mprocess[robot_state_publisher_crawler_1-9]: started with pid [90676][0m
[1mprocess[crawler0_gt-10]: started with pid [90677][0m
[1mprocess[crawler1_gt-11]: started with pid [90683][0m
[1mprocess[crawler_0_1_ugw_viz-12]: started with pid [90688][0m
[1mprocess[og_viz-13]: started with pid [90698][0m
[1mprocess[rviz-14]: started with pid [90699][0m
[rviz-14] killing on exit
[og_viz-13] killing on exit
[crawler_0_1_ugw_viz-12] killing on exit
[crawler1_gt-11] killing on exit
[crawler0_gt-10] killing on exit
[robot_state_publisher_crawler_1-9] killing on exit
[robot_state_publisher_crawler_0-7] killing on exit
[world_to_world_tf-5] killing on exit
[spawn_crawler_1-8] killing on exit
[spawn_crawler_0-6] killing on exit
[robot_state_publisher_world-4] killing on exit
[spawn_corrosion-3] killing on exit
[gazebo-2] killing on exit
[rosout-1] killing on exit
[master] killing on exit
shutting down processing monitor...
... shutting down processing monitor complete
[1mdone[0m
