warning: redefining global symbol: pi
when processing file: /home/chroma/Documents/bugwright2-ws/bugwright_ws/src/my_sim/models/CrawlerUGW/crawler.xacro
warning: redefining global symbol: pi
when processing file: /home/chroma/Documents/bugwright2-ws/bugwright_ws/src/my_sim/models/CrawlerUGW/crawler.xacro
[0m[ INFO] [1684135470.888356176]: Finished loading Gazebo ROS API Plugin.[0m
[0m[ INFO] [1684135470.891166472]: waitForService: Service [/gazebo/set_physics_properties] has not been advertised, waiting...[0m
[0m[ INFO] [1684135471.469107622]: waitForService: Service [/gazebo/set_physics_properties] is now available.[0m
[0m[ INFO] [1684135471.490046639, 0.012000000]: Physics dynamic reconfigure ready.[0m
[0m[ INFO] [1684135472.400837263, 0.159000000]: Camera Plugin: Using the 'robotNamespace' param: '/'[0m
[0m[ INFO] [1684135472.403762517, 0.159000000]: Camera Plugin (ns = /)  <tf_prefix_>, set to ""[0m
[0m[ INFO] [1684135472.415211888, 0.159000000]: <robotNamespace> set to: //[0m
[0m[ INFO] [1684135472.415281504, 0.159000000]: <topicName> set to: /crawler0/imu[0m
[0m[ INFO] [1684135472.415313413, 0.159000000]: <frameName> set to: crawler_0/base_link[0m
[0m[ INFO] [1684135472.415364880, 0.159000000]: <updateRateHZ> set to: 10[0m
[0m[ INFO] [1684135472.415404983, 0.159000000]: <gaussianNoise> set to: 0[0m
[0m[ INFO] [1684135472.415451213, 0.159000000]: <xyzOffset> set to: 0 0 0[0m
[0m[ INFO] [1684135472.415500153, 0.159000000]: <rpyOffset> set to: 0 -0 0[0m
[0m[ INFO] [1684135472.525008858, 0.159000000]: NS UWBe0 UwbPlugin::Load crawler0 Tag 0 Publish TF 1[0m
NS UWBe0 Uwb topic: uwb
[0m[ INFO] [1684135472.525735992, 0.159000000]: NS TAG0 UwbPlugin::Load crawler0 Tag 1 Publish TF 0[0m
NS TAG0 Uwb topic: crawler0/uwb_sim
[33m[ WARN] [1684135472.535622693, 0.159000000]: DiffDrive(ns = //): missing <rosDebugLevel> default is na[0m
[33m[ WARN] [1684135472.536802215, 0.159000000]: DiffDrive(ns = //): missing <wheelAcceleration> default is 0[0m
[33m[ WARN] [1684135472.536823264, 0.159000000]: DiffDrive(ns = //): missing <wheelTorque> default is 5[0m
[31m[ERROR] [1684135473.206113915, 0.559000000]: Tried to advertise a service that is already advertised in this node [/IFM_ir/set_camera_info][0m
[31m[ERROR] [1684135473.207628885, 0.559000000]: Tried to advertise a service that is already advertised in this node [/IFM_ir/set_parameters][0m
[0m[ INFO] [1684135472.535565523, 0.159000000]: Starting plugin DiffDrive(ns = //)[0m
[0m[ INFO] [1684135472.536655655, 0.159000000]: DiffDrive(ns = //): <tf_prefix> = [0m
[0m[ INFO] [1684135472.537025968, 0.159000000]: DiffDrive(ns = //): Try to subscribe to /crawler0/base_controller/cmd_vel[0m
[0m[ INFO] [1684135472.539228475, 0.159000000]: DiffDrive(ns = //): Subscribe to /crawler0/base_controller/cmd_vel[0m
[0m[ INFO] [1684135472.539737587, 0.159000000]: DiffDrive(ns = //): Advertise odom on /crawler0/odom [0m
[0m[ INFO] [1684135473.205870195, 0.559000000]: Camera Plugin: Using the 'robotNamespace' param: '/'[0m
[0m[ INFO] [1684135473.207316606, 0.559000000]: <robotNamespace> set to: //[0m
[0m[ INFO] [1684135473.207359701, 0.559000000]: <topicName> set to: /crawler1/imu[0m
[0m[ INFO] [1684135473.207386007, 0.559000000]: <frameName> set to: crawler_1/base_link[0m
[0m[ INFO] [1684135473.207422547, 0.559000000]: <updateRateHZ> set to: 10[0m
[0m[ INFO] [1684135473.207456250, 0.559000000]: <gaussianNoise> set to: 0[0m
[0m[ INFO] [1684135473.207501806, 0.559000000]: <xyzOffset> set to: 0 0 0[0m
[0m[ INFO] [1684135473.207542584, 0.559000000]: <rpyOffset> set to: 0 -0 0[0m
[0m[ INFO] [1684135473.207580276, 0.559000000]: Camera Plugin (ns = /)  <tf_prefix_>, set to ""[0m
[0m[ INFO] [1684135473.215545491, 0.559000000]: NS UWBe1 UwbPlugin::Load crawler1 Tag 0 Publish TF 1[0m
NS UWBe1 Uwb topic: uwb
[0m[ INFO] [1684135473.215820780, 0.559000000]: NS TAG1 UwbPlugin::Load crawler1 Tag 1 Publish TF 0[0m
NS TAG1 Uwb topic: crawler1/uwb_sim
[33m[ WARN] [1684135473.216861551, 0.559000000]: DiffDrive(ns = //): missing <rosDebugLevel> default is na[0m
[33m[ WARN] [1684135473.218672566, 0.559000000]: DiffDrive(ns = //): missing <wheelAcceleration> default is 0[0m
[33m[ WARN] [1684135473.218731968, 0.559000000]: DiffDrive(ns = //): missing <wheelTorque> default is 5[0m
[ERROR] [1684136361.179793, 865.549000]: Delete model service call failed: transport error completing service call: unable to receive data from sender, check sender's logs for details
[INFO] [1684135470.419245, 0.000000]: Loading model XML from ros parameter world_description
[INFO] [1684135470.431730, 0.000000]: Waiting for service /gazebo/spawn_urdf_model
[INFO] [1684135471.640875, 0.158000]: Calling service /gazebo/spawn_urdf_model
[INFO] [1684135472.840640, 0.358000]: Spawn status: SpawnModel: Successfully spawned entity
[INFO] [1684135472.842141, 0.358000]: Waiting for shutdown to delete model corrosion
[INFO] [1684136361.066770, 865.547000]: Deleting model corrosion
[ERROR] [1684136361.179862, 865.549000]: Delete model service call failed: transport error completing service call: unable to receive data from sender, check sender's logs for details
[INFO] [1684135470.387617, 0.000000]: Loading model XML from ros parameter robot_description_crawler_0
[INFO] [1684135470.395718, 0.000000]: Waiting for service /gazebo/spawn_urdf_model
[INFO] [1684135471.603272, 0.121000]: Calling service /gazebo/spawn_urdf_model
[INFO] [1684135472.415193, 0.159000]: Spawn status: SpawnModel: Successfully spawned entity
[INFO] [1684135472.417425, 0.159000]: Waiting for shutdown to delete model crawler0
[INFO] [1684136360.864720, 865.353000]: Deleting model crawler0
[ERROR] [1684136361.179710, 865.549000]: Delete model service call failed: transport error completing service call: unable to receive data from sender, check sender's logs for details
[INFO] [1684135470.493067, 0.000000]: Loading model XML from ros parameter robot_description_crawler_1
[INFO] [1684135470.498796, 0.000000]: Waiting for service /gazebo/spawn_urdf_model
[INFO] [1684135471.706259, 0.159000]: Calling service /gazebo/spawn_urdf_model
[INFO] [1684135473.215178, 0.559000]: Spawn status: SpawnModel: Successfully spawned entity
[INFO] [1684135473.217083, 0.559000]: Waiting for shutdown to delete model crawler1
[INFO] [1684136360.865358, 865.353000]: Deleting model crawler1
[31m[gazebo-2] escalating to SIGTERM[0m
... logging to /home/chroma/.ros/log/86e1196e-f2f1-11ed-9003-e5e619360a76/roslaunch-chroma-HP-ProBook-650-G2-243119.log
Checking log directory for disk usage. This may take a while.
Press Ctrl-C to interrupt
Done checking log file disk usage. Usage is <1GB.
]2;/home/chroma/Documents/bugwright2-ws/bugwright_ws/src/my_sim/launch/crawler_ugw_with_uwb_simulation_spawn.launch
[1mstarted roslaunch server http://chroma-HP-ProBook-650-G2:37391/[0m

SUMMARY
========

PARAMETERS
 * /crawler0_gt/base_frame: crawler0_gt
 * /crawler0_gt/reference_frame: world
 * /crawler1_gt/base_frame: crawler1_gt
 * /crawler1_gt/reference_frame: world
 * /crawler_0_1_ugw_viz/base_frame: crawler_0/UWBe
 * /crawler_0_1_ugw_viz/tag_frame: crawler_1/UWBe
 * /crawler_0_1_ugw_viz/tag_name: crawler1
 * /gazebo/enable_ros_network: True
 * /og_viz/base_frame: UWBe
 * /og_viz/buddies/crawler0: crawler1
 * /og_viz/grid_height: 6
 * /og_viz/grid_resolution: 0.05
 * /og_viz/grid_width: 6
 * /og_viz/reference_frame: world
 * /robot_description_crawler_0: <?xml version="1....
 * /robot_description_crawler_1: <?xml version="1....
 * /robot_state_publisher_crawler_0/publish_frequency: 10.0
 * /robot_state_publisher_crawler_0/tf_prefix: crawler_0
 * /robot_state_publisher_crawler_1/publish_frequency: 10.0
 * /robot_state_publisher_crawler_1/tf_prefix: crawler_1
 * /robot_state_publisher_world/publish_frequency: 1.0
 * /rosdistro: noetic
 * /rosversion: 1.16.0
 * /use_sim_time: True
 * /world_description: <?xml version="1....

NODES
  /
    crawler0_gt (my_sim/pose_to_tf.py)
    crawler1_gt (my_sim/pose_to_tf.py)
    crawler_0_1_ugw_viz (my_sim/ugw_visualization.py)
    gazebo (gazebo_ros/gzserver)
    og_viz (my_sim/occgrid_visualization.py)
    robot_state_publisher_crawler_0 (robot_state_publisher/robot_state_publisher)
    robot_state_publisher_crawler_1 (robot_state_publisher/robot_state_publisher)
    robot_state_publisher_world (robot_state_publisher/robot_state_publisher)
    rviz (rviz/rviz)
    spawn_corrosion (gazebo_ros/spawn_model)
    spawn_crawler_0 (gazebo_ros/spawn_model)
    spawn_crawler_1 (gazebo_ros/spawn_model)
    world_to_world_tf (tf2_ros/static_transform_publisher)

auto-starting new master
[1mprocess[master]: started with pid [243155][0m
[1mROS_MASTER_URI=http://localhost:11311[0m
]2;/home/chroma/Documents/bugwright2-ws/bugwright_ws/src/my_sim/launch/crawler_ugw_with_uwb_simulation_spawn.launch http://localhost:11311
[1msetting /run_id to 86e1196e-f2f1-11ed-9003-e5e619360a76[0m
[1mprocess[rosout-1]: started with pid [243173][0m
started core service [/rosout]
[1mprocess[gazebo-2]: started with pid [243181][0m
[1mprocess[spawn_corrosion-3]: started with pid [243186][0m
[1mprocess[robot_state_publisher_world-4]: started with pid [243187][0m
[1mprocess[world_to_world_tf-5]: started with pid [243188][0m
[1mprocess[spawn_crawler_0-6]: started with pid [243189][0m
[1mprocess[robot_state_publisher_crawler_0-7]: started with pid [243190][0m
[1mprocess[spawn_crawler_1-8]: started with pid [243200][0m
[1mprocess[robot_state_publisher_crawler_1-9]: started with pid [243203][0m
[1mprocess[crawler0_gt-10]: started with pid [243204][0m
[1mprocess[crawler1_gt-11]: started with pid [243223][0m
[1mprocess[crawler_0_1_ugw_viz-12]: started with pid [243226][0m
[1mprocess[og_viz-13]: started with pid [243227][0m
[1mprocess[rviz-14]: started with pid [243230][0m
[rviz-14] killing on exit
[og_viz-13] killing on exit
[crawler_0_1_ugw_viz-12] killing on exit
[crawler1_gt-11] killing on exit
[crawler0_gt-10] killing on exit
[spawn_crawler_1-8] killing on exit
[spawn_crawler_0-6] killing on exit
[robot_state_publisher_crawler_1-9] killing on exit
[robot_state_publisher_crawler_0-7] killing on exit
[world_to_world_tf-5] killing on exit
[robot_state_publisher_world-4] killing on exit
[spawn_corrosion-3] killing on exit
[gazebo-2] killing on exit
[rosout-1] killing on exit
[master] killing on exit
shutting down processing monitor...
... shutting down processing monitor complete
[1mdone[0m
