the rosdep view is empty: call 'sudo rosdep init' and 'rosdep update'
the rosdep view is empty: call 'sudo rosdep init' and 'rosdep update'
[33m[ WARN] [1683662503.310346794, 18.799000000]: Task Idle interrupted[0m
[33m[ WARN] [1683662503.322745560, 18.811000000]: Task Idle interrupted[0m
[0m[ INFO] [1683662501.089496106]: Task scheduler created: debug 1[0m
[0m[ INFO] [1683662501.100289589]: Adding task Wait[0m
[0m[ INFO] [1683662501.100344019]: Adding task SetStatusSync[0m
[0m[ INFO] [1683662501.100375595]: Adding task WaitForStatusSync[0m
[0m[ INFO] [1683662501.100732287]: Looking for tasks in /home/chroma/Documents/bugwright2-ws/bugwright_ws/src/floor_nav/../../devel/share/floor_nav/tasks[0m
[0m[ INFO] [1683662501.102762604]: Adding task WaitForROI[0m
[0m[ INFO] [1683662501.104264674]: Adding task WaitForCompletion[0m
[0m[ INFO] [1683662501.105574858]: Adding task WaitForAuto[0m
[0m[ INFO] [1683662501.107373803]: Adding task Trigger[0m
[0m[ INFO] [1683662501.109441785]: Adding task SetManual[0m
[0m[ INFO] [1683662501.112734517]: Adding task SetHeading[0m
[0m[ INFO] [1683662501.116821895]: Adding task PlanTo[0m
[0m[ INFO] [1683662501.122271602]: Adding task ActionMoveGoal[0m
[0m[ INFO] [1683662501.126982861]: Adding task ActionMoveBase[0m
[0m[ INFO] [1683662501.128921274]: Adding task GoToPose[0m
[0m[ INFO] [1683662501.131463382]: Adding task GoTo[0m
[0m[ INFO] [1683662501.133830685]: Adding task FollowLine[0m
[0m[ INFO] [1683662501.135482484]: Adding task Clear[0m
[0m[ INFO] [1683662501.137793613]: Adding task AlignWithTarget[0m
[0m[ INFO] [1683662501.264141917, 16.773000000]: Task Directory:[0m
[0m[ INFO] [1683662501.264268903, 16.773000000]: 0 -- ActionMoveBase: Publish an action goal for move base[0m
[0m[ INFO] [1683662501.264325757, 16.773000000]: 1 -- ActionMoveGoal: Reach a desired goal using move base[0m
[0m[ INFO] [1683662501.264381050, 16.773000000]: 2 -- AlignWithTarget: Align with a target[0m
[0m[ INFO] [1683662501.264441273, 16.773000000]: 3 -- Clear: Clear the screen[0m
[0m[ INFO] [1683662501.264486873, 16.773000000]: 4 -- FollowLine: Follow a line[0m
[0m[ INFO] [1683662501.264533496, 16.774000000]: 5 -- GoTo: Reach a desired destination[0m
[0m[ INFO] [1683662501.264580183, 16.774000000]: 6 -- GoToPose: Reach a desired destination[0m
[0m[ INFO] [1683662501.264629966, 16.774000000]: 7 -- PlanTo: Reach a desired destination using the path planner[0m
[0m[ INFO] [1683662501.264674399, 16.774000000]: 8 -- SetHeading: Reach a desired heading angle[0m
[0m[ INFO] [1683662501.264718645, 16.774000000]: 9 -- SetManual: Set the control mux to manual mode[0m
[0m[ INFO] [1683662501.264765474, 16.774000000]: 10 -- SetStatusSync: Update the current task status to be published by the environment[0m
[0m[ INFO] [1683662501.264812830, 16.774000000]: 11 -- Trigger: Call a trigger service[0m
[0m[ INFO] [1683662501.264856791, 16.774000000]: 12 -- Wait: Do nothing for a given time[0m
[0m[ INFO] [1683662501.264905693, 16.774000000]: 13 -- WaitForAuto: Wait for the control mux to switch to auto[0m
[0m[ INFO] [1683662501.264950097, 16.774000000]: 14 -- WaitForCompletion: Do nothing until a given area is completely empty[0m
[0m[ INFO] [1683662501.264994262, 16.774000000]: 15 -- WaitForROI: Do nothing until we reach a given destination[0m
[0m[ INFO] [1683662501.265037664, 16.774000000]: 16 -- WaitForStatusSync: Wait for a sync object to get the desired status[0m
[0m[ INFO] [1683662501.265085308, 16.774000000]: 17 -- Idle: Do nothing[0m
[0m[ INFO] [1683662501.291583014, 16.799000000]: Running task 'Idle' at period 0,500000 main 1 timeout -1,000000 periodic 1[0m
[0m[ INFO] [1683662503.124256359, 18.621000000]: Terminating thread Idle[0m
[0m[ INFO] [1683662503.310443031, 18.799000000]: Cleaning up task 1:Idle[0m
[0m[ INFO] [1683662503.310462592, 18.799000000]: Task 'Idle' terminated[0m
[0m[ INFO] [1683662503.324860905, 18.813000000]: Running task 'SetStatusSync' at period 0.010000 main 1 timeout -1.000000 periodic 1[0m
[0m[ INFO] [1683662503.324950598, 18.813000000]: Task 'SetStatusSync' not running anymore (4)[0m
[0m[ INFO] [1683662503.324970174, 18.813000000]: Cleaning up task 2:SetStatusSync[0m
[0m[ INFO] [1683662503.324985030, 18.813000000]: Task 'SetStatusSync' terminated[0m
[0m[ INFO] [1683662503.356304809, 18.845000000]: W[0m[ INFO] [1683662501.052834792]: Task scheduler created: debug 1[0m
[0m[ INFO] [1683662501.078562608]: Adding task Wait[0m
[0m[ INFO] [1683662501.078673992]: Adding task SetStatusSync[0m
[0m[ INFO] [1683662501.078738301]: Adding task WaitForStatusSync[0m
[0m[ INFO] [1683662501.079264495]: Looking for tasks in /home/chroma/Documents/bugwright2-ws/bugwright_ws/src/floor_nav/../../devel/share/floor_nav/tasks[0m
[0m[ INFO] [1683662501.086671654]: Adding task WaitForROI[0m
[0m[ INFO] [1683662501.089459916]: Adding task WaitForCompletion[0m
[0m[ INFO] [1683662501.091830373]: Adding task WaitForAuto[0m
[0m[ INFO] [1683662501.098779991]: Adding task Trigger[0m
[0m[ INFO] [1683662501.100833079]: Adding task SetManual[0m
[0m[ INFO] [1683662501.102876847]: Adding task SetHeading[0m
[0m[ INFO] [1683662501.105091141]: Adding task PlanTo[0m
[0m[ INFO] [1683662501.110770219]: Adding task ActionMoveGoal[0m
[0m[ INFO] [1683662501.125246667]: Adding task ActionMoveBase[0m
[0m[ INFO] [1683662501.130126639]: Adding task GoToPose[0m
[0m[ INFO] [1683662501.137065502]: Adding task GoTo[0m
[0m[ INFO] [1683662501.142790895]: Adding task FollowLine[0m
[0m[ INFO] [1683662501.150490572]: Adding task Clear[0m
[0m[ INFO] [1683662501.154162280]: Adding task AlignWithTarget[0m
[0m[ INFO] [1683662501.294566398, 16.802000000]: Task Directory:[0m
[0m[ INFO] [1683662501.294666629, 16.802000000]: 0 -- ActionMoveBase: Publish an action goal for move base[0m
[0m[ INFO] [1683662501.294734855, 16.802000000]: 1 -- ActionMoveGoal: Reach a desired goal using move base[0m
[0m[ INFO] [1683662501.294797650, 16.802000000]: 2 -- AlignWithTarget: Align with a target[0m
[0m[ INFO] [1683662501.294867868, 16.803000000]: 3 -- Clear: Clear the screen[0m
[0m[ INFO] [1683662501.294944917, 16.803000000]: 4 -- FollowLine: Follow a line[0m
[0m[ INFO] [1683662501.295006220, 16.803000000]: 5 -- GoTo: Reach a desired destination[0m
[0m[ INFO] [1683662501.295071766, 16.803000000]: 6 -- GoToPose: Reach a desired destination[0m
[0m[ INFO] [1683662501.295131674, 16.803000000]: 7 -- PlanTo: Reach a desired destination using the path planner[0m
[0m[ INFO] [1683662501.295189771, 16.803000000]: 8 -- SetHeading: Reach a desired heading angle[0m
[0m[ INFO] [1683662501.295253565, 16.803000000]: 9 -- SetManual: Set the control mux to manual mode[0m
[0m[ INFO] [1683662501.295315538, 16.803000000]: 10 -- SetStatusSync: Update the current task status to be published by the environment[0m
[0m[ INFO] [1683662501.295375227, 16.803000000]: 11 -- Trigger: Call a trigger service[0m
[0m[ INFO] [1683662501.295433792, 16.803000000]: 12 -- Wait: Do nothing for a given time[0m
[0m[ INFO] [1683662501.295486078, 16.803000000]: 13 -- WaitForAuto: Wait for the control mux to switch to auto[0m
[0m[ INFO] [1683662501.295543618, 16.803000000]: 14 -- WaitForCompletion: Do nothing until a given area is completely empty[0m
[0m[ INFO] [1683662501.295604718, 16.803000000]: 15 -- WaitForROI: Do nothing until we reach a given destination[0m
[0m[ INFO] [1683662501.295665562, 16.803000000]: 16 -- WaitForStatusSync: Wait for a sync object to get the desired status[0m
[0m[ INFO] [1683662501.295722326, 16.803000000]: 17 -- Idle: Do nothing[0m
[0m[ INFO] [1683662501.308650244, 16.811000000]: Running task 'Idle' at period 0,500000 main 1 timeout -1,000000 periodic 1[0m
[0m[ INFO] [1683662503.124991503, 18.622000000]: Terminating thread Idle[0m
[0m[ INFO] [1683662503.322845475, 18.811000000]: Cleaning up task 1:Idle[0m
[0m[ INFO] [1683662503.322872764, 18.811000000]: Task 'Idle' terminated[0m
[0m[ INFO] [1683662503.344185106, 18.833000000]: Running task 'SetStatusSync' at period 0.010000 main 1 timeout -1.000000 periodic 1[0m
[0m[ INFO] [1683662503.344281863, 18.833000000]: Task 'SetStatusSync' not running anymore (4)[0m
[0m[ INFO] [1683662503.344305513, 18.833000000]: Cleaning up task 2:SetStatusSync[0m
[0m[ INFO] [1683662503.344327624, 18.833000000]: Task 'SetStatusSync' terminated[0m
[0m[ INFO] [1683662503.401134263, 18.890000000]: Waiting for partner 'crawler_0' to reach status 0[0m
[0m[ INFO] [1683662503.401283596, 18.891000000]: Running task 'WaitForStatusSync' at period 0.010000 main 1 timeout -1.000000 periodic 1[0m
[0m[ INFO] [1683662503.401374391, 18.891000000]: Task 'WaitForStatusSync' not running anymore (4)[0m
[0m[ INFO] [1683662503.401401698, 18.891000000]: Cleaning up task 3:WaitForStatusSync[0m
[0m[ INFO] [1683662503.401428994, 18.891000000]: Task 'WaitForStatusSync' terminated[0m
[0m[ INFO] [1683662503.462057345, 18.951000000]: Going to 3.10 3.00[0m
[0m[ INFO] [1683662503.462194536, 18.951000000]: Running task 'AlignWithTarget' at period 0.010000 main 1 timeout -1.000000 periodic 1[0m
[0m[ INFO] [1683662503.462395274, 18.951000000]: Task 'AlignWithTarget' not running anymore (4)[0m
[0m[ INFO] [1683662503.462423505, 18.951000000]: Cleaning up task 4:AlignWithTarget[0m
[0m[ INFO] [1683662503.462469009, 18.951000000]: Task 'AlignWithTarget' terminated[0m
[0m[ INFO] [1683662503.514444640, 19.004000000]: Going to 3.10 3.00[0m
[0m[ INFO] [1683662503.514621694, 19.004000000]: Running task 'FollowLine' at period 0.010000 main 1 timeout -1.000000 periodic 1[0m
[0m[ INFO] [1683662533.408399327, 48.814000000]: Task 'FollowLine' not running anymore (4)[0m
[0m[ INFO] [1683662533.408439674, 48.814000000]: Cleaning up task 5:FollowLine[0m
[0m[ INFO] [1683662533.408482725, 48.814000000]: Task 'FollowLine' terminated[0m
[0m[ INFO] [1683662533.446290523, 48.852000000]: Going to 9.10 3.00[0m
[0m[ INFO] [1683662533.446407204, 48.852000000]: Running task 'AlignWithTarget' at period 0.010000 main 1 timeout -1.000000 periodic 1[0m
[0m[ INFO] [1683662538.724145427, 54.112000000]: Task 'AlignWithTarget' not running anymore (4)[0m
[0m[ INFO] [1683662538.724187328, 54.112000000]: Cleaning up task 6:AlignWithTarget[0m
[0m[ INFO] [1683662538.724250487, 54.112000000]: Task 'AlignWithTarget' terminated[0m
[0m[ INFO] [1683662538.767501406, 54.155000000]: Going to 9.10 3.00[0m
[0m[ INFO] [1683662538.767620159, 54.155000000]: Running task 'FollowLine' at period 0.010000 main 1 timeout -1.000000 periodic 1[0m
[0m[ INFO] [1683662567.033332044, 82.305000000]: Task 'FollowLine' not running anymore (4)[0m
[0m[ INFO] [1683662567.033382215, 82.305000000]: Cleaning up task 7:FollowLine[0m
[0m[ INFO] [1683662567.033432997, 82.305000000]: Task 'FollowLine' terminated[0m
[0m[ INFO] [1683662567.063457122, 82.335000000]: Running task 'SetStatusSync' at period 0.010000 main 1 timeout -1.000000 periodic 1[0m
[0m[ INFO] [1683662567.063547252, 82.335000000]: Task 'SetStatusSync' not running anymore (4)[0m
[0m[ INFO] [1683662567.063590289, 82.335000000]: Cleaning up task 8:SetStatusSync[0m
[0m[ INFO] [1683662567.063634138, 82.335000000]: Task 'SetStatusSync' terminated[0m
[0m[ INFO] [1683662567.095422898, 82.366000000]: Waiting for partner 'crawler_0' to reach status 1[0m
[0m[ INFO] [1683662567.095623170, 82.366000000]: Running task 'WaitForStatusSync' at period 0.010000 main 1 timeout -1.000000 periodic 1[0m
[0m[ INFO] [1683662567.811096733, 83.076000000]: Task 'WaitForStatusSync' not running anymore (4)[0m
[0m[ INFO] [1683662567.811155363, 83.076000000]: Cleaning up task 9:WaitForStatusSync[0m
[0m[ INFO] [1683662567.811197194, 83.076000000]: Task 'WaitForStatusSync' terminated[0m
[0m[ INFO] [1683662567.868698487, 83.133000000]: Going to 9.00 3.00[0m
[0m[ INFO] [1683662567.868865670, 83.133000000]: Running task 'GoTo' at period 0.010000 main 1 timeout -1.000000 periodic 1[0m
[0m[ INFO] [1683662567.868981337, 83.133000000]: Task 'GoTo' not running anymore (4)[0m
[0m[ INFO] [1683662567.869030559, 83.133000000]: Cleaning up task 10:GoTo[0m
[0m[ INFO] [1683662567.869083170, 83.133000000]: Task 'GoTo' terminated[0m
[0m[ INFO] [1683662567.918317442, 83.183000000]: Running task 'SetStatusSync' at period 0.010000 main 1 timeout -1.000000 periodic 1[0m
[0m[ INFO] [1683662567.918417821, 83.183000000]: Task 'SetStatusSync' not running anymore (4)[0m
[0m[ INFO] [1683662567.918450149, 83.183000000]: Cleaning up task 1aiting for partner 'crawler_1' to reach status 0[0m
[0m[ INFO] [1683662503.356492767, 18.846000000]: Running task 'WaitForStatusSync' at period 0.010000 main 1 timeout -1.000000 periodic 1[0m
[0m[ INFO] [1683662503.356632055, 18.846000000]: Task 'WaitForStatusSync' not running anymore (4)[0m
[0m[ INFO] [1683662503.356743425, 18.846000000]: Cleaning up task 3:WaitForStatusSync[0m
[0m[ INFO] [1683662503.356801061, 18.846000000]: Task 'WaitForStatusSync' terminated[0m
[0m[ INFO] [1683662503.405314210, 18.895000000]: Going to -3.10 3.00[0m
[0m[ INFO] [1683662503.405421964, 18.895000000]: Running task 'AlignWithTarget' at period 0.010000 main 1 timeout -1.000000 periodic 1[0m
[0m[ INFO] [1683662503.405530226, 18.895000000]: Task 'AlignWithTarget' not running anymore (4)[0m
[0m[ INFO] [1683662503.405570776, 18.895000000]: Cleaning up task 4:AlignWithTarget[0m
[0m[ INFO] [1683662503.405609065, 18.895000000]: Task 'AlignWithTarget' terminated[0m
[0m[ INFO] [1683662503.468568683, 18.958000000]: Going to -3.10 3.00[0m
[0m[ INFO] [1683662503.468708580, 18.958000000]: Running task 'FollowLine' at period 0.010000 main 1 timeout -1.000000 periodic 1[0m
[0m[ INFO] [1683662533.001069125, 48.408000000]: Task 'FollowLine' not running anymore (4)[0m
[0m[ INFO] [1683662533.001119754, 48.408000000]: Cleaning up task 5:FollowLine[0m
[0m[ INFO] [1683662533.001150600, 48.408000000]: Task 'FollowLine' terminated[0m
[0m[ INFO] [1683662533.031521310, 48.438000000]: Going to 2.90 3.00[0m
[0m[ INFO] [1683662533.031636608, 48.438000000]: Running task 'AlignWithTarget' at period 0.010000 main 1 timeout -1.000000 periodic 1[0m
[0m[ INFO] [1683662539.021903475, 54.409000000]: Task 'AlignWithTarget' not running anymore (4)[0m
[0m[ INFO] [1683662539.021949104, 54.409000000]: Cleaning up task 6:AlignWithTarget[0m
[0m[ INFO] [1683662539.021992016, 54.409000000]: Task 'AlignWithTarget' terminated[0m
[0m[ INFO] [1683662539.075482314, 54.462000000]: Going to 2.90 3.00[0m
[0m[ INFO] [1683662539.075597692, 54.462000000]: Running task 'FollowLine' at period 0.010000 main 1 timeout -1.000000 periodic 1[0m
[0m[ INFO] [1683662567.693458817, 82.962000000]: Task 'FollowLine' not running anymore (4)[0m
[0m[ INFO] [1683662567.693510766, 82.962000000]: Cleaning up task 7:FollowLine[0m
[0m[ INFO] [1683662567.693620782, 82.962000000]: Task 'FollowLine' terminated[0m
[0m[ INFO] [1683662567.731809087, 83.000000000]: Running task 'SetStatusSync' at period 0.010000 main 1 timeout -1.000000 periodic 1[0m
[0m[ INFO] [1683662567.731905158, 83.000000000]: Task 'SetStatusSync' not running anymore (4)[0m
[0m[ INFO] [1683662567.731951318, 83.000000000]: Cleaning up task 8:SetStatusSync[0m
[0m[ INFO] [1683662567.731998030, 83.000000000]: Task 'SetStatusSync' terminated[0m
[0m[ INFO] [1683662567.762245022, 83.028000000]: Waiting for partner 'crawler_1' to reach status 1[0m
[0m[ INFO] [1683662567.762417622, 83.028000000]: Running task 'WaitForStatusSync' at period 0.010000 main 1 timeout -1.000000 periodic 1[0m
[0m[ INFO] [1683662567.762506129, 83.028000000]: Task 'WaitForStatusSync' not running anymore (4)[0m
[0m[ INFO] [1683662567.762527159, 83.028000000]: Cleaning up task 9:WaitForStatusSync[0m
[0m[ INFO] [1683662567.762539706, 83.028000000]: Task 'WaitForStatusSync' terminated[0m
[0m[ INFO] [1683662567.819004401, 83.084000000]: Going to 9.00 -3.00[0m
[0m[ INFO] [1683662567.819209144, 83.084000000]: Running task 'GoTo' at period 0.010000 main 1 timeout -1.000000 periodic 1[0m
[0m[ INFO] [1683662612.834685899, 127.814000000]: Task 'GoTo' not running anymore (4)[0m
[0m[ INFO] [1683662612.834761041, 127.814000000]: Cleaning up task 10:GoTo[0m
[0m[ INFO] [1683662612.834832300, 127.814000000]: Task 'GoTo' terminated[0m
[0m[ INFO] [1683662612.878669633, 127.858000000]: Running task 'SetStatusSync' at period 0.010000 main 1 timeout -1.000000 periodic 1[0m
[0m[ INFO] [1683662612.878752059, 127.858000000]: Task 'SetStatusSync' not running anymore (4)[0m
[0m[ INFO] [1683662612.878790901, 127.858000000]: Cleaning 1:SetStatusSync[0m
[0m[ INFO] [1683662567.918508595, 83.183000000]: Task 'SetStatusSync' terminated[0m
[0m[ INFO] [1683662567.968210101, 83.233000000]: Waiting for partner 'crawler_0' to reach status 2[0m
[0m[ INFO] [1683662567.968543435, 83.233000000]: Running task 'WaitForStatusSync' at period 0.010000 main 1 timeout -1.000000 periodic 1[0m
[0m[ INFO] [1683662612.905702381, 127.883000000]: Task 'WaitForStatusSync' not running anymore (4)[0m
[0m[ INFO] [1683662612.905749273, 127.883000000]: Cleaning up task 12:WaitForStatusSync[0m
[0m[ INFO] [1683662612.905820476, 127.883000000]: Task 'WaitForStatusSync' terminated[0m
[0m[ INFO] [1683662612.996420377, 127.972000000]: Going to 3.00 3.00[0m
[0m[ INFO] [1683662612.996638462, 127.972000000]: Running task 'GoTo' at period 0.010000 main 1 timeout -1.000000 periodic 1[0m
[0m[ INFO] [1683662656.570467041, 171.262000000]: Task 'GoTo' not running anymore (4)[0m
[0m[ INFO] [1683662656.570530689, 171.263000000]: Cleaning up task 13:GoTo[0m
[0m[ INFO] [1683662656.570569732, 171.263000000]: Task 'GoTo' terminated[0m
[0m[ INFO] [1683662656.604227972, 171.296000000]: Running task 'SetStatusSync' at period 0.010000 main 1 timeout -1.000000 periodic 1[0m
[0m[ INFO] [1683662656.604338294, 171.296000000]: Task 'SetStatusSync' not running anymore (4)[0m
[0m[ INFO] [1683662656.604378363, 171.296000000]: Cleaning up task 14:SetStatusSync[0m
[0m[ INFO] [1683662656.604413129, 171.296000000]: Task 'SetStatusSync' terminated[0m
[0m[ INFO] [1683662656.637825844, 171.329000000]: Waiting for partner 'crawler_0' to reach status 3[0m
[0m[ INFO] [1683662656.638034201, 171.329000000]: Running task 'WaitForStatusSync' at period 0.010000 main 1 timeout -1.000000 periodic 1[0m
[0m[ INFO] [1683662656.638145384, 171.329000000]: Task 'WaitForStatusSync' not running anymore (4)[0m
[0m[ INFO] [1683662656.638172816, 171.329000000]: Cleaning up task 15:WaitForStatusSync[0m
[0m[ INFO] [1683662656.638195746, 171.329000000]: Task 'WaitForStatusSync' terminated[0m
[0m[ INFO] [1683662656.715059194, 171.401000000]: Going to -3.00 3.10[0m
[0m[ INFO] [1683662656.715251341, 171.401000000]: Running task 'AlignWithTarget' at period 0.010000 main 1 timeout -1.000000 periodic 1[0m
[0m[ INFO] [1683662656.715359284, 171.401000000]: Task 'AlignWithTarget' not running anymore (4)[0m
[0m[ INFO] [1683662656.715401540, 171.401000000]: Cleaning up task 16:AlignWithTarget[0m
[0m[ INFO] [1683662656.715446783, 171.401000000]: Task 'AlignWithTarget' terminated[0m
[0m[ INFO] [1683662656.780429854, 171.466000000]: Going to -3.00 3.10[0m
[0m[ INFO] [1683662656.780620288, 171.466000000]: Running task 'FollowLine' at period 0.010000 main 1 timeout -1.000000 periodic 1[0m
[0m[ INFO] [1683662686.648050388, 201.256000000]: Task 'FollowLine' not running anymore (4)[0m
[0m[ INFO] [1683662686.648111179, 201.256000000]: Cleaning up task 17:FollowLine[0m
[0m[ INFO] [1683662686.648148138, 201.256000000]: Task 'FollowLine' terminated[0m
[0m[ INFO] [1683662686.679637337, 201.287000000]: Going to -3.00 9.10[0m
[0m[ INFO] [1683662686.679837873, 201.287000000]: Running task 'AlignWithTarget' at period 0.010000 main 1 timeout -1.000000 periodic 1[0m
[0m[ INFO] [1683662692.611346808, 207.207000000]: Task 'AlignWithTarget' not running anymore (4)[0m
[0m[ INFO] [1683662692.611383213, 207.207000000]: Cleaning up task 18:AlignWithTarget[0m
[0m[ INFO] [1683662692.611428778, 207.207000000]: Task 'AlignWithTarget' terminated[0m
[0m[ INFO] [1683662692.661626711, 207.257000000]: Going to -3.00 9.10[0m
[0m[ INFO] [1683662692.661821085, 207.257000000]: Running task 'FollowLine' at period 0.010000 main 1 timeout -1.000000 periodic 1[0m
[0m[ INFO] [1683662720.880395360, 235.407000000]: Task 'FollowLine' not running anymore (4)[0m
[0m[ INFO] [1683662720.880437040, 235.407000000]: Cleaning up task 19:FollowLine[0m
[0m[ INFO] [1683662720.880473024, 235.407000000]: Task 'FollowLine' terminated[0m
[0m[ INFO] [1683662720.914261247, 235.441000000]: Running task 'SetStatusSync' at period 0.010000 mup task 11:SetStatusSync[0m
[0m[ INFO] [1683662612.878858685, 127.858000000]: Task 'SetStatusSync' terminated[0m
[0m[ INFO] [1683662612.910262737, 127.887000000]: Waiting for partner 'crawler_1' to reach status 2[0m
[0m[ INFO] [1683662612.910478987, 127.887000000]: Running task 'WaitForStatusSync' at period 0.010000 main 1 timeout -1.000000 periodic 1[0m
[0m[ INFO] [1683662612.910575249, 127.887000000]: Task 'WaitForStatusSync' not running anymore (4)[0m
[0m[ INFO] [1683662612.910608820, 127.887000000]: Cleaning up task 12:WaitForStatusSync[0m
[0m[ INFO] [1683662612.910629924, 127.887000000]: Task 'WaitForStatusSync' terminated[0m
[0m[ INFO] [1683662613.011101202, 127.987000000]: Going to 3.00 -3.00[0m
[0m[ INFO] [1683662613.011299121, 127.987000000]: Running task 'GoTo' at period 0.010000 main 1 timeout -1.000000 periodic 1[0m
[0m[ INFO] [1683662651.593368975, 166.307000000]: Task 'GoTo' not running anymore (4)[0m
[0m[ INFO] [1683662651.593478573, 166.307000000]: Cleaning up task 13:GoTo[0m
[0m[ INFO] [1683662651.593677802, 166.307000000]: Task 'GoTo' terminated[0m
[0m[ INFO] [1683662651.627729690, 166.341000000]: Running task 'SetStatusSync' at period 0.010000 main 1 timeout -1.000000 periodic 1[0m
[0m[ INFO] [1683662651.627818055, 166.341000000]: Task 'SetStatusSync' not running anymore (4)[0m
[0m[ INFO] [1683662651.627857487, 166.341000000]: Cleaning up task 14:SetStatusSync[0m
[0m[ INFO] [1683662651.627891153, 166.341000000]: Task 'SetStatusSync' terminated[0m
[0m[ INFO] [1683662651.678088502, 166.391000000]: Waiting for partner 'crawler_1' to reach status 3[0m
[0m[ INFO] [1683662651.678256208, 166.391000000]: Running task 'WaitForStatusSync' at period 0.010000 main 1 timeout -1.000000 periodic 1[0m
[0m[ INFO] [1683662656.619195150, 171.311000000]: Task 'WaitForStatusSync' not running anymore (4)[0m
[0m[ INFO] [1683662656.619252134, 171.311000000]: Cleaning up task 15:WaitForStatusSync[0m
[0m[ INFO] [1683662656.619291269, 171.311000000]: Task 'WaitForStatusSync' terminated[0m
[0m[ INFO] [1683662656.676188068, 171.364000000]: Going to -3.00 -3.10[0m
[0m[ INFO] [1683662656.676405533, 171.364000000]: Running task 'AlignWithTarget' at period 0.010000 main 1 timeout -1.000000 periodic 1[0m
[0m[ INFO] [1683662656.676531964, 171.364000000]: Task 'AlignWithTarget' not running anymore (4)[0m
[0m[ INFO] [1683662656.676584904, 171.364000000]: Cleaning up task 16:AlignWithTarget[0m
[0m[ INFO] [1683662656.676760701, 171.364000000]: Task 'AlignWithTarget' terminated[0m
[0m[ INFO] [1683662656.743556287, 171.429000000]: Going to -3.00 -3.10[0m
[0m[ INFO] [1683662656.743734227, 171.429000000]: Running task 'FollowLine' at period 0.010000 main 1 timeout -1.000000 periodic 1[0m
[0m[ INFO] [1683662686.550370024, 201.159000000]: Task 'FollowLine' not running anymore (4)[0m
[0m[ INFO] [1683662686.550403359, 201.159000000]: Cleaning up task 17:FollowLine[0m
[0m[ INFO] [1683662686.550449427, 201.159000000]: Task 'FollowLine' terminated[0m
[0m[ INFO] [1683662686.584768760, 201.193000000]: Going to -3.00 2.90[0m
[0m[ INFO] [1683662686.584912331, 201.193000000]: Running task 'AlignWithTarget' at period 0.010000 main 1 timeout -1.000000 periodic 1[0m
[0m[ INFO] [1683662693.469452769, 208.063000000]: Task 'AlignWithTarget' not running anymore (4)[0m
[0m[ INFO] [1683662693.469495208, 208.063000000]: Cleaning up task 18:AlignWithTarget[0m
[0m[ INFO] [1683662693.469530016, 208.063000000]: Task 'AlignWithTarget' terminated[0m
[0m[ INFO] [1683662693.511152513, 208.105000000]: Going to -3.00 2.90[0m
[0m[ INFO] [1683662693.511293914, 208.105000000]: Running task 'FollowLine' at period 0.010000 main 1 timeout -1.000000 periodic 1[0m
[0m[ INFO] [1683662721.891183807, 236.416000000]: Task 'FollowLine' not running anymore (4)[0m
[0m[ INFO] [1683662721.891209002, 236.416000000]: Cleaning up task 19:FollowLine[0m
[0m[ INFO] [1683662721.891228794, 236.416000000]: Task 'FollowLine' terminated[0m
[0m[ INFO] [1683662721.929391672, 236.453000000]: Running task 'SetStatusSync' at pe[INFO] [1683662502.057846, 0.000000]: Creating link to services on node task_server
[INFO] [1683662503.110054, 18.607000]: Mission connected to server: task_server
[INFO] [1683662503.117649, 18.614000]: task_server: Starting task SetStatusSync in foreground
[INFO] [1683662503.119689, 18.616000]: Starting task SetStatusSync
[INFO] [1683662503.331948, 18.820000]: task_server: Starting task WaitForStatusSync in foreground
[INFO] [1683662503.334482, 18.823000]: Starting task WaitForStatusSync
[INFO] [1683662503.360788, 18.850000]: task_server: Starting task AlignWithTarget in foreground
[INFO] [1683662503.362432, 18.851000]: Starting task AlignWithTarget
[INFO] [1683662503.407386, 18.897000]: task_server: Starting task FollowLine in foreground
[INFO] [1683662503.408693, 18.898000]: Starting task FollowLine
[INFO] [1683662533.006365, 48.413000]: task_server: Starting task AlignWithTarget in foreground
[INFO] [1683662533.008067, 48.415000]: Starting task AlignWithTarget
[INFO] [1683662539.042175, 54.429000]: task_server: Starting task FollowLine in foreground
[INFO] [1683662539.043930, 54.430000]: Starting task FollowLine
[INFO] [1683662567.705835, 82.973000]: task_server: Starting task SetStatusSync in foreground
[INFO] [1683662567.708344, 82.976000]: Starting task SetStatusSync
[INFO] [1683662567.735166, 83.003000]: task_server: Starting task WaitForStatusSync in foreground
[INFO] [1683662567.737105, 83.004000]: Starting task WaitForStatusSync
[INFO] [1683662567.763860, 83.029000]: task_server: Starting task GoTo in foreground
[INFO] [1683662567.766393, 83.032000]: Starting task GoTo
[INFO] [1683662612.853867, 127.833000]: task_server: Starting task SetStatusSync in foreground
[INFO] [1683662612.856026, 127.835000]: Starting task SetStatusSync
[INFO] [1683662612.881717, 127.861000]: task_server: Starting task WaitForStatusSync in foreground
[INFO] [1683662612.883795, 127.863000]: Starting task WaitForStatusSync
[INFO] [1683662612.929557, 127.905000]: task_server: Starting task GoTo in foreground
[INFO] [1683662612.932367, 127.908000]: Starting task GoTo
[INFO] [1683662651.600289, 166.314000]: task_server: Starting task SetStatusSync in foreground
[INFO] [1683662651.602845, 166.316000]: Starting task SetStatusSync
[INFO] [1683662651.648202, 166.361000]: task_server: Starting task WaitForStatusSync in foreground
[INFO] [1683662651.651098, 166.364000]: Starting task WaitForStatusSync
[INFO] [1683662656.628478, 171.320000]: task_server: Starting task AlignWithTarget in foreground
[INFO] [1683662656.631002, 171.322000]: Starting task AlignWithTarget
[INFO] [1683662656.678983, 171.366000]: task_server: Starting task FollowLine in foreground
[INFO] [1683662656.682277, 171.368000]: Starting task FollowLine
[INFO] [1683662686.560576, 201.169000]: task_server: Starting task AlignWithTarget in foreground
[INFO] [1683662686.562270, 201.170000]: Starting task AlignWithTarget
[INFO] [1683662693.480305, 208.074000]: task_server: Starting task FollowLine in foreground
[INFO] [1683662693.482068, 208.076000]: Starting task FollowLine
[INFO] [1683662721.910728, 236.435000]: task_server: Starting task SetStatusSync in foreground
[INFO] [1683662721.912136, 236.436000]: Starting task SetStatusSync
[INFO] [1683662721.936444, 236.460000]: task_server: Starting task WaitForStatusSync in foreground
[INFO] [1683662721.937981, 236.462000]: Starting task WaitForStatusSync
[INFO] [1683662721.961354, 236.483000]: Mission completed in 217.869 seconds
[INFO] [1683662502.072424, 0.000000]: Creating link to services on node task_server
[INFO] [1683662503.110894, 18.608000]: Mission connected to server: task_server
[INFO] [1683662503.118577, 18.615000]: task_server: Starting task SetStatusSync in foreground
[INFO] [1683662503.120133, 18.616000]: Starting task SetStatusSync
[INFO] [1683662503.363914, 18.853000]: task_server: Starting task WaitForStatusSync in foreground
[INFO] [1683662503.365998, 18.855000]: Starting task WaitForStatusSync
[INFO] [1683662503.411715, 18.901000]: task_server: Starting task AlignWithTarget in foreground
[INFO] [1683662503.413280, 18.903000]: Starting task AlignWithTarget
[INFO] [1683662503.481933, 18.971000]: task_server: Starting task FollowLine in foreground
[INFO] [1683662503.483627, 18.973000]: Starting task FollowLine
[INFO] [1683662533.420876, 48.826000]: task_server: Starting task AlignWithTarget in foreground
[INFO] [1683662533.422361, 48.828000]: Starting task AlignWithTarget
[INFO] [1683662538.735330, 54.123000]: task_server: Starting task FollowLine in foreground
[INFO] [1683662538.736840, 54.124000]: Starting task FollowLine
[INFO] [1683662567.039052, 82.310000]: task_server: Starting task SetStatusSync in foreground
[INFO] [1683662567.041570, 82.310000]: Starting task SetStatusSync
[INFO] [1683662567.067532, 82.339000]: task_server: Starting task WaitForStatusSync in foreground
[INFO] [1683662567.069748, 82.341000]: Starting task WaitForStatusSync
[INFO] [1683662567.820936, 83.086000]: task_server: Starting task GoTo in foreground
[INFO] [1683662567.822657, 83.087000]: Starting task GoTo
[INFO] [1683662567.889658, 83.154000]: task_server: Starting task SetStatusSync in foreground
[INFO] [1683662567.892116, 83.156000]: Starting task SetStatusSync
[INFO] [1683662567.938205, 83.202000]: task_server: Starting task WaitForStatusSync in foreground
[INFO] [1683662567.940979, 83.205000]: Starting task WaitForStatusSync
[INFO] [1683662612.923455, 127.900000]: task_server: Starting task GoTo in foreground
[INFO] [1683662612.926222, 127.902000]: Starting task GoTo
[INFO] [1683662656.578582, 171.270000]: task_server: Starting task SetStatusSync in foreground
[INFO] [1683662656.581055, 171.272000]: Starting task SetStatusSync
[INFO] [1683662656.607533, 171.299000]: task_server: Starting task WaitForStatusSync in foreground
[INFO] [1683662656.610253, 171.300000]: Starting task WaitForStatusSync
[INFO] [1683662656.657928, 171.349000]: task_server: Starting task AlignWithTarget in foreground
[INFO] [1683662656.660856, 171.352000]: Starting task AlignWithTarget
[INFO] [1683662656.728027, 171.414000]: task_server: Starting task FollowLine in foreground
[INFO] [1683662656.732887, 171.419000]: Starting task FollowLine
[INFO] [1683662686.653543, 201.261000]: task_server: Starting task AlignWithTarget in foreground
[INFO] [1683662686.655698, 201.263000]: Starting task AlignWithTarget
[INFO] [1683662692.630152, 207.225000]: task_server: Starting task FollowLine in foreground
[INFO] [1683662692.631622, 207.227000]: Starting task FollowLine
[INFO] [1683662720.897415, 235.424000]: task_server: Starting task SetStatusSync in foreground
[INFO] [1683662720.899162, 235.426000]: Starting task SetStatusSync
[INFO] [1683662720.922734, 235.448000]: task_server: Starting task WaitForStatusSync in foreground
[INFO] [1683662720.924423, 235.450000]: Starting task WaitForStatusSync
[INFO] [1683662721.974896, 236.496000]: Mission completed in 217.881 seconds
riod 0.010000 main 1 timeout -1.000000 periodic 1[0m
[0m[ INFO] [1683662721.929472462, 236.453000000]: Task 'SetStatusSync' not running anymore (4)[0m
[0m[ INFO] [1683662721.929509918, 236.453000000]: Cleaning up task 20:SetStatusSync[0m
[0m[ INFO] [1683662721.929545001, 236.453000000]: Task 'SetStatusSync' terminated[0m
[0m[ INFO] [1683662721.956057738, 236.478000000]: Waiting for partner 'crawler_1' to reach status 4[0m
[0m[ INFO] [1683662721.956206877, 236.478000000]: Running task 'WaitForStatusSync' at period 0.010000 main 1 timeout -1.000000 periodic 1[0m
[0m[ INFO] [1683662721.956262080, 236.478000000]: Task 'WaitForStatusSync' not running anymore (4)[0m
[0m[ INFO] [1683662721.956281609, 236.478000000]: Cleaning up task 21:WaitForStatusSync[0m
[0m[ INFO] [1683662721.956307203, 236.478000000]: Task 'WaitForStatusSync' terminated[0m
[0m[ INFO] [1683662722.474669075, 236.995000000]: Running task 'Idle' at period 0.500000 main 1 timeout -1.000000 periodic 1[0m
ain 1 timeout -1.000000 periodic 1[0m
[0m[ INFO] [1683662720.914353858, 235.441000000]: Task 'SetStatusSync' not running anymore (4)[0m
[0m[ INFO] [1683662720.914382798, 235.441000000]: Cleaning up task 20:SetStatusSync[0m
[0m[ INFO] [1683662720.914407134, 235.441000000]: Task 'SetStatusSync' terminated[0m
[0m[ INFO] [1683662720.943080909, 235.468000000]: Waiting for partner 'crawler_0' to reach status 4[0m
[0m[ INFO] [1683662720.943238457, 235.469000000]: Running task 'WaitForStatusSync' at period 0.010000 main 1 timeout -1.000000 periodic 1[0m
[0m[ INFO] [1683662721.957302069, 236.479000000]: Task 'WaitForStatusSync' not running anymore (4)[0m
[0m[ INFO] [1683662721.957349367, 236.479000000]: Cleaning up task 21:WaitForStatusSync[0m
[0m[ INFO] [1683662721.957373953, 236.479000000]: Task 'WaitForStatusSync' terminated[0m
[0m[ INFO] [1683662722.477390076, 236.997000000]: Running task 'Idle' at period 0.500000 main 1 timeout -1.000000 periodic 1[0m
[31mWARNING: disk usage in log directory [/home/chroma/.ros/log] is over 1GB.
It's recommended that you use the 'rosclean' command.[0m
[31m================================================================================REQUIRED process [crawler_0/mission-2] has died!
process has finished cleanly
log file: /home/chroma/.ros/log/43f2b6e0-eea4-11ed-9197-3fa0c4db1b13/crawler_0-mission-2*.log
Initiating shutdown!
================================================================================[0m
... logging to /home/chroma/.ros/log/43f2b6e0-eea4-11ed-9197-3fa0c4db1b13/roslaunch-chroma-HP-ProBook-650-G2-24551.log
Checking log directory for disk usage. This may take a while.
Press Ctrl-C to interrupt
]2;/home/chroma/Documents/bugwright2-ws/bugwright_ws/src/my_sim/launch/crawler_navigation_nospawn.launch
[1mstarted roslaunch server http://chroma-HP-ProBook-650-G2:33467/[0m

SUMMARY
========

PARAMETERS
 * /crawler_0/mission/crawler_id: 0
 * /crawler_0/mission/crawlers_distance: 6.0
 * /crawler_0/mission/height: 6.0
 * /crawler_0/mission/overlap: 0.1
 * /crawler_0/mission/period: 0.01
 * /crawler_0/mission/server: task_server
 * /crawler_0/mission/stride_size: 2.0
 * /crawler_0/mission/velocity: 0.2
 * /crawler_0/mission/width: 6.0
 * /crawler_0/task_server/auto_topic: /crawler_0/cmd_vel
 * /crawler_0/task_server/base_frame: /crawler_0/base_f...
 * /crawler_0/task_server/id: 0
 * /crawler_0/task_server/joystick_topic: /crawler_0/teleop...
 * /crawler_0/task_server/lib_path: /home/chroma/Docu...
 * /crawler_0/task_server/my_id: 0
 * /crawler_0/task_server/my_name: crawler_0
 * /crawler_0/task_server/reference_frame: /world
 * /crawler_1/mission/crawler_id: 1
 * /crawler_1/mission/crawlers_distance: 6.0
 * /crawler_1/mission/height: 6.0
 * /crawler_1/mission/overlap: 0.1
 * /crawler_1/mission/period: 0.01
 * /crawler_1/mission/server: task_server
 * /crawler_1/mission/stride_size: 2.0
 * /crawler_1/mission/velocity: 0.2
 * /crawler_1/mission/width: 6.0
 * /crawler_1/task_server/auto_topic: /crawler_1/cmd_vel
 * /crawler_1/task_server/base_frame: /crawler_1/base_f...
 * /crawler_1/task_server/id: 1
 * /crawler_1/task_server/joystick_topic: /crawler_1/teleop...
 * /crawler_1/task_server/lib_path: /home/chroma/Docu...
 * /crawler_1/task_server/my_id: 1
 * /crawler_1/task_server/my_name: crawler_1
 * /crawler_1/task_server/reference_frame: /world
 * /rosdistro: noetic
 * /rosversion: 1.16.0

NODES
  /crawler_0/
    cmd_mux (topic_tools/mux)
    mission (floor_nav/peinture_au_rouleau.py)
    task_server (floor_nav/task_server)
  /crawler_1/
    cmd_mux (topic_tools/mux)
    mission (floor_nav/peinture_au_rouleau.py)
    task_server (floor_nav/task_server)

[1mROS_MASTER_URI=http://localhost:11311[0m
]2;/home/chroma/Documents/bugwright2-ws/bugwright_ws/src/my_sim/launch/crawler_navigation_nospawn.launch http://localhost:11311
[1mprocess[crawler_0/task_server-1]: started with pid [24577][0m
[1mprocess[crawler_0/mission-2]: started with pid [24578][0m
[1mprocess[crawler_0/cmd_mux-3]: started with pid [24579][0m
[1mprocess[crawler_1/task_server-4]: started with pid [24580][0m
[1mprocess[crawler_1/mission-5]: started with pid [24581][0m
[1mprocess[crawler_1/cmd_mux-6]: started with pid [24586][0m
[crawler_1/cmd_mux-6] killing on exit
[crawler_0/cmd_mux-3] killing on exit
[crawler_1/task_server-4] killing on exit
[crawler_0/mission-2] killing on exit
[crawler_0/task_server-1] killing on exit
[crawler_1/mission-5] killing on exit
shutting down processing monitor...
... shutting down processing monitor complete
[1mdone[0m
