warning: redefining global symbol: pi
when processing file: /home/chroma/Documents/bugwright2-ws/bugwright_ws/src/my_sim/models/CrawlerUGW/crawler.xacro
warning: redefining global symbol: pi
when processing file: /home/chroma/Documents/bugwright2-ws/bugwright_ws/src/my_sim/models/CrawlerUGW/crawler.xacro
[0m[ INFO] [1685311430.174665347]: Finished loading Gazebo ROS API Plugin.[0m
[0m[ INFO] [1685311430.176058755]: waitForService: Service [/gazebo/set_physics_properties] has not been advertised, waiting...[0m
[0m[ INFO] [1685311430.671037186]: waitForService: Service [/gazebo/set_physics_properties] is now available.[0m
[0m[ INFO] [1685311430.920201345, 0.163000000]: Physics dynamic reconfigure ready.[0m
[0m[ INFO] [1685311431.744762642, 0.353000000]: Laser Plugin: Using the 'robotNamespace' param: '/'[0m
[0m[ INFO] [1685311431.744798887, 0.353000000]: Starting Laser Plugin (ns = /)[0m
[0m[ INFO] [1685311431.746474972, 0.353000000]: Laser Plugin (ns = /)  <tf_prefix_>, set to ""[0m
[0m[ INFO] [1685311431.757397706, 0.353000000]: <robotNamespace> set to: //[0m
[0m[ INFO] [1685311431.757426020, 0.353000000]: <topicName> set to: /crawler1/imu[0m
[0m[ INFO] [1685311431.757441545, 0.353000000]: <frameName> set to: crawler_1/base_link[0m
[0m[ INFO] [1685311431.757471830, 0.353000000]: <updateRateHZ> set to: 10[0m
[0m[ INFO] [1685311431.757492266, 0.353000000]: <gaussianNoise> set to: 0[0m
[0m[ INFO] [1685311431.757527788, 0.353000000]: <xyzOffset> set to: 0 0 0[0m
[0m[ INFO] [1685311431.757599069, 0.353000000]: <rpyOffset> set to: 0 -0 0[0m
[0m[ INFO] [1685311431.769257746, 0.353000000]: NS UWBe1 UwbPlugin::Load crawler1 Tag 0 Publish TF 1[0m
NS UWBe1 Uwb topic: uwb
[0m[ INFO] [1685311431.769891330, 0.353000000]: NS TAG1 UwbPlugin::Load crawler1 Tag 1 Publish TF 0[0m
NS TAG1 Uwb topic: crawler1/uwb_sim
[33m[ WARN] [1685311431.779706016, 0.353000000]: DiffDrive(ns = //): missing <rosDebugLevel> default is na[0m
[33m[ WARN] [1685311431.780676678, 0.353000000]: DiffDrive(ns = //): missing <wheelAcceleration> default is 0[0m
[33m[ WARN] [1685311431.780696332, 0.353000000]: DiffDrive(ns = //): missing <wheelTorque> default is 5[0m
[0m[ INFO] [1685311431.779659527, 0.353000000]: Starting plugin DiffDrive(ns = //)[0m
[0m[ INFO] [1685311431.780513790, 0.353000000]: DiffDrive(ns = //): <tf_prefix> = [0m
[0m[ INFO] [1685311431.780879207, 0.353000000]: DiffDrive(ns = //): Try to subscribe to /crawler1/base_controller/cmd_vel[0m
[0m[ INFO] [1685311431.783240037, 0.353000000]: DiffDrive(ns = //): Subscribe to /crawler1/base_controller/cmd_vel[0m
[0m[ INFO] [1685311431.783741471, 0.353000000]: DiffDrive(ns = //): Advertise odom on /crawler1/odom [0m
[0m[ INFO] [1685311432.603998826, 0.553000000]: Laser Plugin: Using the 'robotNamespace' param: '/'[0m
[0m[ INFO] [1685311432.604022755, 0.553000000]: Starting Laser Plugin (ns = /)[0m
[0m[ INFO] [1685311432.604921618, 0.553000000]: Laser Plugin (ns = /)  <tf_prefix_>, set to ""[0m
[0m[ INFO] [1685311432.606448825, 0.553000000]: <robotNamespace> set to: //[0m
[0m[ INFO] [1685311432.606466407, 0.553000000]: <topicName> set to: /crawler0/imu[0m
[0m[ INFO] [1685311432.606476214, 0.553000000]: <frameName> set to: crawler_0/base_link[0m
[0m[ INFO] [1685311432.606491907, 0.553000000]: <updateRateHZ> set to: 10[0m
[0m[ INFO] [1685311432.606504198, 0.553000000]: <gaussianNoise> set to: 0[0m
[0m[ INFO] [1685311432.606537388, 0.553000000]: <xyzOffset> set to: 0 0 0[0m
[0m[ INFO] [1685311432.606552138, 0.553000000]: <rpyOffset> set to: 0 -0 0[0m
[0m[ INFO] [1685311432.614208500, 0.553000000]: NS UWBe0 UwbPlugin::Load crawler0 Tag 0 Publish TF 1[0m
NS UWBe0 Uwb topic: uwb
[0m[ INFO] [1685311432.614460097, 0.553000000]: NS TAG0 UwbPlugin::Load crawler0 Tag 1 Publish TF 0[0m
NS TAG0 Uwb topic: crawler0/uwb_sim
[33m[ WARN] [1685311432.615474605, 0.553000000]: DiffDrive(ns = //): missing <rosDebugLevel> default is na[0m
[33m[ WARN] [1685311432.616163078, 0.553000000]: DiffDrive(ns = //): missing <wheelAcceleration> default is 0[0m
[33m[ WARN] [1685311432.616212487, 0.553000000]: DiffDrive(ns = //): missing <wheelTorque> default is 5[0m
[ERROR] [1685312156.524701, 664.618000]: Delete model service call failed: transport error completing service call: unable to receive data from sender, check sender's logs for details
[INFO] [1685311429.939684, 0.000000]: Loading model XML from ros parameter robot_description_crawler_0
[INFO] [1685311429.945337, 0.000000]: Waiting for service /gazebo/spawn_urdf_model
[INFO] [1685311430.851654, 0.152000]: Calling service /gazebo/spawn_urdf_model
[INFO] [1685311432.614136, 0.553000]: Spawn status: SpawnModel: Successfully spawned entity
[INFO] [1685311432.615937, 0.553000]: Waiting for shutdown to delete model crawler0
[INFO] [1685312156.311125, 664.505000]: Deleting model crawler0
[ERROR] [1685312156.524719, 664.618000]: Delete model service call failed: transport error completing service call: unable to receive data from sender, check sender's logs for details
[INFO] [1685311429.903701, 0.000000]: Loading model XML from ros parameter robot_description_crawler_1
[INFO] [1685311429.910858, 0.000000]: Waiting for service /gazebo/spawn_urdf_model
[INFO] [1685311430.819927, 0.120000]: Calling service /gazebo/spawn_urdf_model
[INFO] [1685311431.759166, 0.353000]: Spawn status: SpawnModel: Successfully spawned entity
[INFO] [1685311431.760589, 0.353000]: Waiting for shutdown to delete model crawler1
[INFO] [1685312156.307664, 664.502000]: Deleting model crawler1
[ERROR] [1685312156.525509, 664.618000]: Delete model service call failed: transport error completing service call: unable to receive data from sender, check sender's logs for details
[INFO] [1685311429.768889, 0.000000]: Loading model XML from ros parameter world_description
[INFO] [1685311429.776369, 0.000000]: Waiting for service /gazebo/spawn_urdf_model
[INFO] [1685311430.683556, 0.000000]: Calling service /gazebo/spawn_urdf_model
[INFO] [1685311430.911168, 0.153000]: Spawn status: SpawnModel: Successfully spawned entity
[INFO] [1685311430.914276, 0.157000]: Waiting for shutdown to delete model corrosion
[INFO] [1685312156.417290, 664.609000]: Deleting model corrosion
[31m[gazebo-2] escalating to SIGTERM[0m
... logging to /home/chroma/.ros/log/8563978a-fda3-11ed-ac04-a1f748f19be9/roslaunch-chroma-HP-ProBook-650-G2-158017.log
Checking log directory for disk usage. This may take a while.
Press Ctrl-C to interrupt
Done checking log file disk usage. Usage is <1GB.
]2;/home/chroma/Documents/bugwright2-ws/bugwright_ws/src/my_sim/launch/crawler_ugw_with_uwb_simulation_spawn.launch
[1mstarted roslaunch server http://chroma-HP-ProBook-650-G2:39135/[0m

SUMMARY
========

PARAMETERS
 * /crawler0_gt/base_frame: crawler0_gt
 * /crawler0_gt/reference_frame: world
 * /crawler1_gt/base_frame: crawler1_gt
 * /crawler1_gt/reference_frame: world
 * /crawler_0_1_ugw_viz/base_frame: crawler_0/UWBe
 * /crawler_0_1_ugw_viz/tag_frame: crawler_1/UWBe
 * /crawler_0_1_ugw_viz/tag_name: crawler1
 * /gazebo/enable_ros_network: True
 * /og_viz/base_frame: UWBe
 * /og_viz/buddies/crawler0: crawler1
 * /og_viz/grid_height: 6
 * /og_viz/grid_resolution: 0.05
 * /og_viz/grid_width: 6
 * /og_viz/reference_frame: world
 * /robot_description_crawler_0: <?xml version="1....
 * /robot_description_crawler_1: <?xml version="1....
 * /robot_state_publisher_crawler_0/publish_frequency: 10.0
 * /robot_state_publisher_crawler_0/tf_prefix: crawler_0
 * /robot_state_publisher_crawler_1/publish_frequency: 10.0
 * /robot_state_publisher_crawler_1/tf_prefix: crawler_1
 * /robot_state_publisher_world/publish_frequency: 1.0
 * /rosdistro: noetic
 * /rosversion: 1.16.0
 * /use_sim_time: True
 * /world_description: <?xml version="1....

NODES
  /
    crawler0_gt (my_sim/pose_to_tf.py)
    crawler1_gt (my_sim/pose_to_tf.py)
    crawler_0_1_ugw_viz (my_sim/ugw_visualization.py)
    gazebo (gazebo_ros/gzserver)
    og_viz (my_sim/occgrid_visualization.py)
    robot_state_publisher_crawler_0 (robot_state_publisher/robot_state_publisher)
    robot_state_publisher_crawler_1 (robot_state_publisher/robot_state_publisher)
    robot_state_publisher_world (robot_state_publisher/robot_state_publisher)
    rviz (rviz/rviz)
    spawn_corrosion (gazebo_ros/spawn_model)
    spawn_crawler_0 (gazebo_ros/spawn_model)
    spawn_crawler_1 (gazebo_ros/spawn_model)
    world_to_world_tf (tf2_ros/static_transform_publisher)

auto-starting new master
[1mprocess[master]: started with pid [158053][0m
[1mROS_MASTER_URI=http://localhost:11311[0m
]2;/home/chroma/Documents/bugwright2-ws/bugwright_ws/src/my_sim/launch/crawler_ugw_with_uwb_simulation_spawn.launch http://localhost:11311
[1msetting /run_id to 8563978a-fda3-11ed-ac04-a1f748f19be9[0m
[1mprocess[rosout-1]: started with pid [158070][0m
started core service [/rosout]
[1mprocess[gazebo-2]: started with pid [158077][0m
[1mprocess[spawn_corrosion-3]: started with pid [158081][0m
[1mprocess[robot_state_publisher_world-4]: started with pid [158083][0m
[1mprocess[world_to_world_tf-5]: started with pid [158084][0m
[1mprocess[spawn_crawler_0-6]: started with pid [158085][0m
[1mprocess[robot_state_publisher_crawler_0-7]: started with pid [158090][0m
[1mprocess[spawn_crawler_1-8]: started with pid [158096][0m
[1mprocess[robot_state_publisher_crawler_1-9]: started with pid [158098][0m
[1mprocess[crawler0_gt-10]: started with pid [158100][0m
[1mprocess[crawler1_gt-11]: started with pid [158105][0m
[1mprocess[crawler_0_1_ugw_viz-12]: started with pid [158112][0m
[1mprocess[og_viz-13]: started with pid [158121][0m
[1mprocess[rviz-14]: started with pid [158123][0m
[rviz-14] killing on exit
[og_viz-13] killing on exit
[crawler_0_1_ugw_viz-12] killing on exit
[crawler1_gt-11] killing on exit
[crawler0_gt-10] killing on exit
[robot_state_publisher_crawler_1-9] killing on exit
[spawn_crawler_1-8] killing on exit
[robot_state_publisher_crawler_0-7] killing on exit
[spawn_crawler_0-6] killing on exit
[world_to_world_tf-5] killing on exit
[robot_state_publisher_world-4] killing on exit
[spawn_corrosion-3] killing on exit
[gazebo-2] killing on exit
[rosout-1] killing on exit
[master] killing on exit
shutting down processing monitor...
... shutting down processing monitor complete
[1mdone[0m
