warning: redefining global symbol: pi
when processing file: /home/chroma/Documents/bugwright2-ws/bugwright_ws/src/my_sim/models/CrawlerUGW/crawler.xacro
warning: redefining global symbol: pi
when processing file: /home/chroma/Documents/bugwright2-ws/bugwright_ws/src/my_sim/models/CrawlerUGW/crawler.xacro
[0m[ INFO] [1684004105.929165090]: Finished loading Gazebo ROS API Plugin.[0m
[0m[ INFO] [1684004105.930523504]: waitForService: Service [/gazebo/set_physics_properties] has not been advertised, waiting...[0m
[0m[ INFO] [1684004106.425139447]: waitForService: Service [/gazebo/set_physics_properties] is now available.[0m
[0m[ INFO] [1684004106.444515929, 0.014000000]: Physics dynamic reconfigure ready.[0m
[0m[ INFO] [1684004107.385783916, 0.358000000]: Camera Plugin: Using the 'robotNamespace' param: '/'[0m
[0m[ INFO] [1684004107.388583753, 0.358000000]: Camera Plugin (ns = /)  <tf_prefix_>, set to ""[0m
[0m[ INFO] [1684004107.397406520, 0.358000000]: <robotNamespace> set to: //[0m
[0m[ INFO] [1684004107.397474817, 0.358000000]: <topicName> set to: /crawler0/imu[0m
[0m[ INFO] [1684004107.397492506, 0.358000000]: <frameName> set to: crawler_0/base_link[0m
[0m[ INFO] [1684004107.397520641, 0.358000000]: <updateRateHZ> set to: 10[0m
[0m[ INFO] [1684004107.397541836, 0.358000000]: <gaussianNoise> set to: 0[0m
[0m[ INFO] [1684004107.397575051, 0.358000000]: <xyzOffset> set to: 0 0 0[0m
[0m[ INFO] [1684004107.397615656, 0.358000000]: <rpyOffset> set to: 0 -0 0[0m
[0m[ INFO] [1684004107.506811400, 0.358000000]: NS UWBe0 UwbPlugin::Load crawler0 Tag 0 Publish TF 1[0m
NS UWBe0 Uwb topic: uwb
[0m[ INFO] [1684004107.507661465, 0.358000000]: NS TAG0 UwbPlugin::Load crawler0 Tag 1 Publish TF 0[0m
NS TAG0 Uwb topic: crawler0/uwb_sim
[33m[ WARN] [1684004107.517829920, 0.358000000]: DiffDrive(ns = //): missing <rosDebugLevel> default is na[0m
[33m[ WARN] [1684004107.519124457, 0.358000000]: DiffDrive(ns = //): missing <wheelAcceleration> default is 0[0m
[33m[ WARN] [1684004107.519160660, 0.358000000]: DiffDrive(ns = //): missing <wheelTorque> default is 5[0m
[31m[ERROR] [1684004107.839526350, 0.560000000]: Tried to advertise a service that is already advertised in this node [/IFM_ir/set_camera_info][0m
[31m[ERROR] [1684004107.840725554, 0.560000000]: Tried to advertise a service that is already advertised in this node [/IFM_ir/set_parameters][0m
[0m[ INFO] [1684004107.517716487, 0.358000000]: Starting plugin DiffDrive(ns = //)[0m
[0m[ INFO] [1684004107.518923303, 0.358000000]: DiffDrive(ns = //): <tf_prefix> = [0m
[0m[ INFO] [1684004107.519360589, 0.358000000]: DiffDrive(ns = //): Try to subscribe to /crawler0/base_controller/cmd_vel[0m
[0m[ INFO] [1684004107.521977683, 0.358000000]: DiffDrive(ns = //): Subscribe to /crawler0/base_controller/cmd_vel[0m
[0m[ INFO] [1684004107.522600391, 0.358000000]: DiffDrive(ns = //): Advertise odom on /crawler0/odom [0m
[0m[ INFO] [1684004107.839201652, 0.560000000]: Camera Plugin: Using the 'robotNamespace' param: '/'[0m
[0m[ INFO] [1684004107.839613698, 0.560000000]: <robotNamespace> set to: //[0m
[0m[ INFO] [1684004107.839643338, 0.560000000]: <topicName> set to: /crawler1/imu[0m
[0m[ INFO] [1684004107.839678584, 0.560000000]: <frameName> set to: crawler_1/base_link[0m
[0m[ INFO] [1684004107.839735851, 0.560000000]: <updateRateHZ> set to: 10[0m
[0m[ INFO] [1684004107.839755120, 0.560000000]: <gaussianNoise> set to: 0[0m
[0m[ INFO] [1684004107.839788145, 0.560000000]: <xyzOffset> set to: 0 0 0[0m
[0m[ INFO] [1684004107.839840124, 0.560000000]: <rpyOffset> set to: 0 -0 0[0m
[0m[ INFO] [1684004107.840679288, 0.560000000]: Camera Plugin (ns = /)  <tf_prefix_>, set to ""[0m
[0m[ INFO] [1684004107.925661191, 0.560000000]: NS UWBe1 UwbPlugin::Load crawler1 Tag 0 Publish TF 1[0m
NS UWBe1 Uwb topic: uwb
[0m[ INFO] [1684004107.926142212, 0.560000000]: NS TAG1 UwbPlugin::Load crawler1 Tag 1 Publish TF 0[0m
NS TAG1 Uwb topic: crawler1/uwb_sim
[33m[ WARN] [1684004107.928280552, 0.560000000]: DiffDrive(ns = //): missing <rosDebugLevel> default is na[0m
[33m[ WARN] [1684004107.930163338, 0.560000000]: DiffDrive(ns = //): missing <wheelAcceleration> default is 0[0m
[33m[ WARN] [1684004107.930235743, 0.560000000]: DiffDrive(ns = //): missing <wheelTorque> default is 5[0m
[ERROR] [1684004109.045466, 1.658000]: bad callback: <function handle_uwb at 0x7f125e892310>
Traceback (most recent call last):
  File "/opt/ros/noetic/lib/python3/dist-packages/rospy/topics.py", line 750, in _invoke_callback
    cb(msg)
  File "/home/chroma/Documents/bugwright2-ws/bugwright_ws/src/my_sim/nodes/ugw_visualization.py", line 21, in handle_uwb
    listener.waitForTransform(base_frame, tag_frame, msg.header.stamp,rospy.Duration(1.0))
  File "/opt/ros/noetic/lib/python3/dist-packages/tf/listener.py", line 76, in waitForTransform
    raise tf2_ros.TransformException(error_msg or "no such transformation: \"{}\" -> \"{}\"".format(source_frame, target_frame))
tf2.TransformException: Lookup would require extrapolation 0.001000000s into the past.  Requested time 0.658000000 but the earliest data is at time 0.659000000, when looking up transform from frame [crawler_1/UWBe] to frame [crawler_0/UWBe]

[ERROR] [1684004109.155331, 1.768000]: bad callback: <function handle_uwb at 0x7fdcd2ad0280>
Traceback (most recent call last):
  File "/opt/ros/noetic/lib/python3/dist-packages/rospy/topics.py", line 748, in _invoke_callback
    cb(msg, cb_args)
  File "/home/chroma/Documents/bugwright2-ws/bugwright_ws/src/my_sim/nodes/occgrid_visualization.py", line 40, in handle_uwb
    listener.waitForTransform('/' + str(reference_frame), tag, msg.header.stamp, rospy.Duration(1.0))
  File "/opt/ros/noetic/lib/python3/dist-packages/tf/listener.py", line 76, in waitForTransform
    raise tf2_ros.TransformException(error_msg or "no such transformation: \"{}\" -> \"{}\"".format(source_frame, target_frame))
tf2.TransformException: Lookup would require extrapolation 0.001000000s into the past.  Requested time 0.658000000 but the earliest data is at time 0.659000000, when looking up transform from frame [crawler_1/UWBe] to frame [world]

[ERROR] [1684008034.805757, 3912.949000]: Delete model service call failed: transport error completing service call: unable to receive data from sender, check sender's logs for details
[INFO] [1684004105.670468, 0.000000]: Loading model XML from ros parameter robot_description_crawler_0
[INFO] [1684004105.676871, 0.000000]: Waiting for service /gazebo/spawn_urdf_model
[INFO] [1684004106.583581, 0.145000]: Calling service /gazebo/spawn_urdf_model
[INFO] [1684004107.397131, 0.358000]: Spawn status: SpawnModel: Successfully spawned entity
[INFO] [1684004107.398998, 0.358000]: Waiting for shutdown to delete model crawler0
[INFO] [1684008034.513612, 3912.745000]: Deleting model crawler0
[ERROR] [1684008034.805774, 3912.949000]: Delete model service call failed: transport error completing service call: unable to receive data from sender, check sender's logs for details
[INFO] [1684004105.594560, 0.000000]: Loading model XML from ros parameter world_description
[INFO] [1684004105.601652, 0.000000]: Waiting for service /gazebo/spawn_urdf_model
[INFO] [1684004106.510072, 0.074000]: Calling service /gazebo/spawn_urdf_model
[INFO] [1684004106.656535, 0.158000]: Spawn status: SpawnModel: Successfully spawned entity
[INFO] [1684004106.658030, 0.160000]: Waiting for shutdown to delete model corrosion
[INFO] [1684008034.629112, 3912.860000]: Deleting model corrosion
[ERROR] [1684008034.805757, 3912.949000]: Delete model service call failed: transport error completing service call: unable to receive data from sender, check sender's logs for details
[INFO] [1684004105.712065, 0.000000]: Loading model XML from ros parameter robot_description_crawler_1
[INFO] [1684004105.718766, 0.000000]: Waiting for service /gazebo/spawn_urdf_model
[INFO] [1684004106.624516, 0.158000]: Calling service /gazebo/spawn_urdf_model
[INFO] [1684004107.825216, 0.560000]: Spawn status: SpawnModel: Successfully spawned entity
[INFO] [1684004107.826527, 0.560000]: Waiting for shutdown to delete model crawler1
[INFO] [1684008034.514515, 3912.746000]: Deleting model crawler1
[31m[gazebo-2] escalating to SIGTERM[0m
... logging to /home/chroma/.ros/log/ab70e670-f1bf-11ed-9003-e5e619360a76/roslaunch-chroma-HP-ProBook-650-G2-126766.log
Checking log directory for disk usage. This may take a while.
Press Ctrl-C to interrupt
Done checking log file disk usage. Usage is <1GB.
]2;/home/chroma/Documents/bugwright2-ws/bugwright_ws/src/my_sim/launch/crawler_ugw_with_uwb_simulation_spawn.launch
[1mstarted roslaunch server http://chroma-HP-ProBook-650-G2:39313/[0m

SUMMARY
========

PARAMETERS
 * /crawler0_gt/base_frame: crawler0_gt
 * /crawler0_gt/reference_frame: world
 * /crawler1_gt/base_frame: crawler1_gt
 * /crawler1_gt/reference_frame: world
 * /crawler_0_1_ugw_viz/base_frame: crawler_0/UWBe
 * /crawler_0_1_ugw_viz/tag_frame: crawler_1/UWBe
 * /crawler_0_1_ugw_viz/tag_name: crawler1
 * /gazebo/enable_ros_network: True
 * /og_viz/base_frame: UWBe
 * /og_viz/buddies/crawler0: crawler1
 * /og_viz/grid_height: 6
 * /og_viz/grid_resolution: 0.05
 * /og_viz/grid_width: 6
 * /og_viz/reference_frame: world
 * /robot_description_crawler_0: <?xml version="1....
 * /robot_description_crawler_1: <?xml version="1....
 * /robot_state_publisher_crawler_0/publish_frequency: 10.0
 * /robot_state_publisher_crawler_0/tf_prefix: crawler_0
 * /robot_state_publisher_crawler_1/publish_frequency: 10.0
 * /robot_state_publisher_crawler_1/tf_prefix: crawler_1
 * /robot_state_publisher_world/publish_frequency: 1.0
 * /rosdistro: noetic
 * /rosversion: 1.16.0
 * /use_sim_time: True
 * /world_description: <?xml version="1....

NODES
  /
    crawler0_gt (my_sim/pose_to_tf.py)
    crawler1_gt (my_sim/pose_to_tf.py)
    crawler_0_1_ugw_viz (my_sim/ugw_visualization.py)
    gazebo (gazebo_ros/gzserver)
    og_viz (my_sim/occgrid_visualization.py)
    robot_state_publisher_crawler_0 (robot_state_publisher/robot_state_publisher)
    robot_state_publisher_crawler_1 (robot_state_publisher/robot_state_publisher)
    robot_state_publisher_world (robot_state_publisher/robot_state_publisher)
    rviz (rviz/rviz)
    spawn_corrosion (gazebo_ros/spawn_model)
    spawn_crawler_0 (gazebo_ros/spawn_model)
    spawn_crawler_1 (gazebo_ros/spawn_model)
    world_to_world_tf (tf2_ros/static_transform_publisher)

auto-starting new master
[1mprocess[master]: started with pid [126802][0m
[1mROS_MASTER_URI=http://localhost:11311[0m
]2;/home/chroma/Documents/bugwright2-ws/bugwright_ws/src/my_sim/launch/crawler_ugw_with_uwb_simulation_spawn.launch http://localhost:11311
[1msetting /run_id to ab70e670-f1bf-11ed-9003-e5e619360a76[0m
[1mprocess[rosout-1]: started with pid [126819][0m
started core service [/rosout]
[1mprocess[gazebo-2]: started with pid [126826][0m
[1mprocess[spawn_corrosion-3]: started with pid [126830][0m
[1mprocess[robot_state_publisher_world-4]: started with pid [126832][0m
[1mprocess[world_to_world_tf-5]: started with pid [126833][0m
[1mprocess[spawn_crawler_0-6]: started with pid [126834][0m
[1mprocess[robot_state_publisher_crawler_0-7]: started with pid [126839][0m
[1mprocess[spawn_crawler_1-8]: started with pid [126845][0m
[1mprocess[robot_state_publisher_crawler_1-9]: started with pid [126848][0m
[1mprocess[crawler0_gt-10]: started with pid [126849][0m
[1mprocess[crawler1_gt-11]: started with pid [126855][0m
[1mprocess[crawler_0_1_ugw_viz-12]: started with pid [126861][0m
[1mprocess[og_viz-13]: started with pid [126871][0m
[1mprocess[rviz-14]: started with pid [126872][0m
[rviz-14] killing on exit
[og_viz-13] killing on exit
[crawler_0_1_ugw_viz-12] killing on exit
[crawler1_gt-11] killing on exit
[crawler0_gt-10] killing on exit
[robot_state_publisher_crawler_1-9] killing on exit
[spawn_crawler_1-8] killing on exit
[robot_state_publisher_crawler_0-7] killing on exit
[spawn_crawler_0-6] killing on exit
[world_to_world_tf-5] killing on exit
[robot_state_publisher_world-4] killing on exit
[spawn_corrosion-3] killing on exit
[gazebo-2] killing on exit
[rosout-1] killing on exit
[master] killing on exit
shutting down processing monitor...
... shutting down processing monitor complete
[1mdone[0m
