warning: redefining global symbol: pi
when processing file: /home/chroma/Documents/bugwright2-ws/bugwright_ws/src/my_sim/models/CrawlerUGW/crawler.xacro
warning: redefining global symbol: pi
when processing file: /home/chroma/Documents/bugwright2-ws/bugwright_ws/src/my_sim/models/CrawlerUGW/crawler.xacro
[0m[ INFO] [1684110285.353724163]: Finished loading Gazebo ROS API Plugin.[0m
[0m[ INFO] [1684110285.355552510]: waitForService: Service [/gazebo/set_physics_properties] has not been advertised, waiting...[0m
[0m[ INFO] [1684110285.850111342]: waitForService: Service [/gazebo/set_physics_properties] is now available.[0m
[0m[ INFO] [1684110285.869590349, 0.017000000]: Physics dynamic reconfigure ready.[0m
[0m[ INFO] [1684110286.791801738, 0.360000000]: Camera Plugin: Using the 'robotNamespace' param: '/'[0m
[0m[ INFO] [1684110286.795039588, 0.360000000]: Camera Plugin (ns = /)  <tf_prefix_>, set to ""[0m
[0m[ INFO] [1684110286.803786799, 0.360000000]: <robotNamespace> set to: //[0m
[0m[ INFO] [1684110286.803835601, 0.360000000]: <topicName> set to: /crawler1/imu[0m
[0m[ INFO] [1684110286.803866390, 0.360000000]: <frameName> set to: crawler_1/base_link[0m
[0m[ INFO] [1684110286.803887979, 0.360000000]: <updateRateHZ> set to: 10[0m
[0m[ INFO] [1684110286.803899824, 0.360000000]: <gaussianNoise> set to: 0[0m
[0m[ INFO] [1684110286.803922167, 0.360000000]: <xyzOffset> set to: 0 0 0[0m
[0m[ INFO] [1684110286.803957070, 0.360000000]: <rpyOffset> set to: 0 -0 0[0m
[0m[ INFO] [1684110286.913074602, 0.360000000]: NS UWBe1 UwbPlugin::Load crawler1 Tag 0 Publish TF 1[0m
NS UWBe1 Uwb topic: uwb
[0m[ INFO] [1684110286.913785609, 0.360000000]: NS TAG1 UwbPlugin::Load crawler1 Tag 1 Publish TF 0[0m
NS TAG1 Uwb topic: crawler1/uwb_sim
[33m[ WARN] [1684110286.925546335, 0.360000000]: DiffDrive(ns = //): missing <rosDebugLevel> default is na[0m
[33m[ WARN] [1684110286.927031131, 0.360000000]: DiffDrive(ns = //): missing <wheelAcceleration> default is 0[0m
[33m[ WARN] [1684110286.927068829, 0.360000000]: DiffDrive(ns = //): missing <wheelTorque> default is 5[0m
[31m[ERROR] [1684110287.302665471, 0.561000000]: Tried to advertise a service that is already advertised in this node [/IFM_ir/set_camera_info][0m
[31m[ERROR] [1684110287.304443726, 0.561000000]: Tried to advertise a service that is already advertised in this node [/IFM_ir/set_parameters][0m
[0m[ INFO] [1684110286.925451674, 0.360000000]: Starting plugin DiffDrive(ns = //)[0m
[0m[ INFO] [1684110286.926764985, 0.360000000]: DiffDrive(ns = //): <tf_prefix> = [0m
[0m[ INFO] [1684110286.927286362, 0.360000000]: DiffDrive(ns = //): Try to subscribe to /crawler1/base_controller/cmd_vel[0m
[0m[ INFO] [1684110286.929426968, 0.360000000]: DiffDrive(ns = //): Subscribe to /crawler1/base_controller/cmd_vel[0m
[0m[ INFO] [1684110286.929903588, 0.360000000]: DiffDrive(ns = //): Advertise odom on /crawler1/odom [0m
[0m[ INFO] [1684110287.302324062, 0.561000000]: Camera Plugin: Using the 'robotNamespace' param: '/'[0m
[0m[ INFO] [1684110287.302783470, 0.561000000]: <robotNamespace> set to: //[0m
[0m[ INFO] [1684110287.302838366, 0.561000000]: <topicName> set to: /crawler0/imu[0m
[0m[ INFO] [1684110287.302868921, 0.561000000]: <frameName> set to: crawler_0/base_link[0m
[0m[ INFO] [1684110287.302883517, 0.561000000]: <updateRateHZ> set to: 10[0m
[0m[ INFO] [1684110287.302912060, 0.561000000]: <gaussianNoise> set to: 0[0m
[0m[ INFO] [1684110287.302927572, 0.561000000]: <xyzOffset> set to: 0 0 0[0m
[0m[ INFO] [1684110287.302941611, 0.561000000]: <rpyOffset> set to: 0 -0 0[0m
[0m[ INFO] [1684110287.304367442, 0.561000000]: Camera Plugin (ns = /)  <tf_prefix_>, set to ""[0m
[0m[ INFO] [1684110287.337160979, 0.561000000]: NS UWBe0 UwbPlugin::Load crawler0 Tag 0 Publish TF 1[0m
NS UWBe0 Uwb topic: uwb
[0m[ INFO] [1684110287.337339113, 0.561000000]: NS TAG0 UwbPlugin::Load crawler0 Tag 1 Publish TF 0[0m
NS TAG0 Uwb topic: crawler0/uwb_sim
[33m[ WARN] [1684110287.338109286, 0.561000000]: DiffDrive(ns = //): missing <rosDebugLevel> default is na[0m
[33m[ WARN] [1684110287.338672456, 0.561000000]: DiffDrive(ns = //): missing <wheelAcceleration> default is 0[0m
[33m[ WARN] [1684110287.338690301, 0.561000000]: DiffDrive(ns = //): missing <wheelTorque> default is 5[0m
[ERROR] [1684111423.339086, 1132.092000]: Delete model service call failed: transport error completing service call: unable to receive data from sender, check sender's logs for details
[INFO] [1684110285.036320, 0.000000]: Loading model XML from ros parameter robot_description_crawler_1
[INFO] [1684110285.042807, 0.000000]: Waiting for service /gazebo/spawn_urdf_model
[INFO] [1684110285.949323, 0.091000]: Calling service /gazebo/spawn_urdf_model
[INFO] [1684110286.803444, 0.360000]: Spawn status: SpawnModel: Successfully spawned entity
[INFO] [1684110286.805117, 0.360000]: Waiting for shutdown to delete model crawler1
[INFO] [1684111423.135378, 1131.989000]: Deleting model crawler1
[ERROR] [1684111423.339131, 1132.092000]: Delete model service call failed: transport error completing service call: unable to receive data from sender, check sender's logs for details
[INFO] [1684110285.021067, 0.000000]: Loading model XML from ros parameter world_description
[INFO] [1684110285.040933, 0.000000]: Waiting for service /gazebo/spawn_urdf_model
[INFO] [1684110285.947950, 0.089000]: Calling service /gazebo/spawn_urdf_model
[INFO] [1684110286.224731, 0.160000]: Spawn status: SpawnModel: Successfully spawned entity
[INFO] [1684110286.227314, 0.163000]: Waiting for shutdown to delete model corrosion
[INFO] [1684111423.238374, 1132.092000]: Deleting model corrosion
[ERROR] [1684111423.339122, 1132.092000]: Delete model service call failed: transport error completing service call: unable to receive data from sender, check sender's logs for details
[INFO] [1684110285.119496, 0.000000]: Loading model XML from ros parameter robot_description_crawler_0
[INFO] [1684110285.124068, 0.000000]: Waiting for service /gazebo/spawn_urdf_model
[INFO] [1684110286.031175, 0.160000]: Calling service /gazebo/spawn_urdf_model
[INFO] [1684110287.236816, 0.561000]: Spawn status: SpawnModel: Successfully spawned entity
[INFO] [1684110287.238394, 0.561000]: Waiting for shutdown to delete model crawler0
[INFO] [1684111423.136125, 1131.990000]: Deleting model crawler0
[31m[gazebo-2] escalating to SIGTERM[0m
... logging to /home/chroma/.ros/log/e343ebea-f2b6-11ed-9003-e5e619360a76/roslaunch-chroma-HP-ProBook-650-G2-218037.log
Checking log directory for disk usage. This may take a while.
Press Ctrl-C to interrupt
Done checking log file disk usage. Usage is <1GB.
]2;/home/chroma/Documents/bugwright2-ws/bugwright_ws/src/my_sim/launch/crawler_ugw_with_uwb_simulation_spawn.launch
[1mstarted roslaunch server http://chroma-HP-ProBook-650-G2:41659/[0m

SUMMARY
========

PARAMETERS
 * /crawler0_gt/base_frame: crawler0_gt
 * /crawler0_gt/reference_frame: world
 * /crawler1_gt/base_frame: crawler1_gt
 * /crawler1_gt/reference_frame: world
 * /crawler_0_1_ugw_viz/base_frame: crawler_0/UWBe
 * /crawler_0_1_ugw_viz/tag_frame: crawler_1/UWBe
 * /crawler_0_1_ugw_viz/tag_name: crawler1
 * /gazebo/enable_ros_network: True
 * /og_viz/base_frame: UWBe
 * /og_viz/buddies/crawler0: crawler1
 * /og_viz/grid_height: 6
 * /og_viz/grid_resolution: 0.05
 * /og_viz/grid_width: 6
 * /og_viz/reference_frame: world
 * /robot_description_crawler_0: <?xml version="1....
 * /robot_description_crawler_1: <?xml version="1....
 * /robot_state_publisher_crawler_0/publish_frequency: 10.0
 * /robot_state_publisher_crawler_0/tf_prefix: crawler_0
 * /robot_state_publisher_crawler_1/publish_frequency: 10.0
 * /robot_state_publisher_crawler_1/tf_prefix: crawler_1
 * /robot_state_publisher_world/publish_frequency: 1.0
 * /rosdistro: noetic
 * /rosversion: 1.16.0
 * /use_sim_time: True
 * /world_description: <?xml version="1....

NODES
  /
    crawler0_gt (my_sim/pose_to_tf.py)
    crawler1_gt (my_sim/pose_to_tf.py)
    crawler_0_1_ugw_viz (my_sim/ugw_visualization.py)
    gazebo (gazebo_ros/gzserver)
    og_viz (my_sim/occgrid_visualization.py)
    robot_state_publisher_crawler_0 (robot_state_publisher/robot_state_publisher)
    robot_state_publisher_crawler_1 (robot_state_publisher/robot_state_publisher)
    robot_state_publisher_world (robot_state_publisher/robot_state_publisher)
    rviz (rviz/rviz)
    spawn_corrosion (gazebo_ros/spawn_model)
    spawn_crawler_0 (gazebo_ros/spawn_model)
    spawn_crawler_1 (gazebo_ros/spawn_model)
    world_to_world_tf (tf2_ros/static_transform_publisher)

auto-starting new master
[1mprocess[master]: started with pid [218073][0m
[1mROS_MASTER_URI=http://localhost:11311[0m
]2;/home/chroma/Documents/bugwright2-ws/bugwright_ws/src/my_sim/launch/crawler_ugw_with_uwb_simulation_spawn.launch http://localhost:11311
[1msetting /run_id to e343ebea-f2b6-11ed-9003-e5e619360a76[0m
[1mprocess[rosout-1]: started with pid [218090][0m
started core service [/rosout]
[1mprocess[gazebo-2]: started with pid [218097][0m
[1mprocess[spawn_corrosion-3]: started with pid [218101][0m
[1mprocess[robot_state_publisher_world-4]: started with pid [218103][0m
[1mprocess[world_to_world_tf-5]: started with pid [218104][0m
[1mprocess[spawn_crawler_0-6]: started with pid [218105][0m
[1mprocess[robot_state_publisher_crawler_0-7]: started with pid [218110][0m
[1mprocess[spawn_crawler_1-8]: started with pid [218116][0m
[1mprocess[robot_state_publisher_crawler_1-9]: started with pid [218119][0m
[1mprocess[crawler0_gt-10]: started with pid [218120][0m
[1mprocess[crawler1_gt-11]: started with pid [218125][0m
[1mprocess[crawler_0_1_ugw_viz-12]: started with pid [218132][0m
[1mprocess[og_viz-13]: started with pid [218141][0m
[1mprocess[rviz-14]: started with pid [218143][0m
[rviz-14] killing on exit
[og_viz-13] killing on exit
[crawler_0_1_ugw_viz-12] killing on exit
[crawler1_gt-11] killing on exit
[robot_state_publisher_crawler_1-9] killing on exit
[spawn_crawler_1-8] killing on exit
[crawler0_gt-10] killing on exit
[spawn_crawler_0-6] killing on exit
[world_to_world_tf-5] killing on exit
[robot_state_publisher_crawler_0-7] killing on exit
[robot_state_publisher_world-4] killing on exit
[spawn_corrosion-3] killing on exit
[gazebo-2] killing on exit
[rosout-1] killing on exit
[master] killing on exit
shutting down processing monitor...
... shutting down processing monitor complete
[1mdone[0m
