warning: redefining global symbol: pi
when processing file: /home/chroma/Documents/bugwright2-ws/bugwright_ws/src/my_sim/models/CrawlerUGW/crawler.xacro
warning: redefining global symbol: pi
when processing file: /home/chroma/Documents/bugwright2-ws/bugwright_ws/src/my_sim/models/CrawlerUGW/crawler.xacro
[0m[ INFO] [1685871844.136492624]: Finished loading Gazebo ROS API Plugin.[0m
[0m[ INFO] [1685871844.138190703]: waitForService: Service [/gazebo/set_physics_properties] has not been advertised, waiting...[0m
[0m[ INFO] [1685871844.633843261]: waitForService: Service [/gazebo/set_physics_properties] is now available.[0m
[0m[ INFO] [1685871845.456492885, 0.158000000]: Laser Plugin: Using the 'robotNamespace' param: '/'[0m
[0m[ INFO] [1685871845.456549664, 0.158000000]: Starting Laser Plugin (ns = /)[0m
[0m[ INFO] [1685871845.458410873, 0.158000000]: Laser Plugin (ns = /)  <tf_prefix_>, set to ""[0m
[0m[ INFO] [1685871845.465817269, 0.158000000]: <robotNamespace> set to: //[0m
[0m[ INFO] [1685871845.465882856, 0.158000000]: <topicName> set to: /crawler1/imu[0m
[0m[ INFO] [1685871845.465893693, 0.158000000]: <frameName> set to: crawler_1/base_link[0m
[0m[ INFO] [1685871845.465937235, 0.158000000]: <updateRateHZ> set to: 10[0m
[0m[ INFO] [1685871845.465950833, 0.158000000]: <gaussianNoise> set to: 0[0m
[0m[ INFO] [1685871845.466012405, 0.158000000]: <xyzOffset> set to: 0 0 0[0m
[0m[ INFO] [1685871845.466055428, 0.158000000]: <rpyOffset> set to: 0 -0 0[0m
[0m[ INFO] [1685871845.477646577, 0.158000000]: Physics dynamic reconfigure ready.[0m
[0m[ INFO] [1685871845.481763894, 0.158000000]: NS UWBe1 UwbPlugin::Load crawler1 Tag 0 Publish TF 1[0m
NS UWBe1 Uwb topic: uwb
[0m[ INFO] [1685871845.482348284, 0.158000000]: NS TAG1 UwbPlugin::Load crawler1 Tag 1 Publish TF 0[0m
NS TAG1 Uwb topic: crawler1/uwb_sim
[33m[ WARN] [1685871845.495401727, 0.158000000]: DiffDrive(ns = //): missing <rosDebugLevel> default is na[0m
[33m[ WARN] [1685871845.496146610, 0.158000000]: DiffDrive(ns = //): missing <wheelAcceleration> default is 0[0m
[33m[ WARN] [1685871845.496213885, 0.158000000]: DiffDrive(ns = //): missing <wheelTorque> default is 5[0m
[0m[ INFO] [1685871845.495311914, 0.158000000]: Starting plugin DiffDrive(ns = //)[0m
[0m[ INFO] [1685871845.495999984, 0.158000000]: DiffDrive(ns = //): <tf_prefix> = [0m
[0m[ INFO] [1685871845.496396433, 0.158000000]: DiffDrive(ns = //): Try to subscribe to /crawler1/base_controller/cmd_vel[0m
[0m[ INFO] [1685871845.498035164, 0.158000000]: DiffDrive(ns = //): Subscribe to /crawler1/base_controller/cmd_vel[0m
[0m[ INFO] [1685871845.498636788, 0.158000000]: DiffDrive(ns = //): Advertise odom on /crawler1/odom [0m
[0m[ INFO] [1685871846.323053198, 0.358000000]: Laser Plugin: Using the 'robotNamespace' param: '/'[0m
[0m[ INFO] [1685871846.323097267, 0.358000000]: Starting Laser Plugin (ns = /)[0m
[0m[ INFO] [1685871846.324140127, 0.358000000]: Laser Plugin (ns = /)  <tf_prefix_>, set to ""[0m
[0m[ INFO] [1685871846.325545814, 0.358000000]: <robotNamespace> set to: //[0m
[0m[ INFO] [1685871846.325562214, 0.358000000]: <topicName> set to: /crawler0/imu[0m
[0m[ INFO] [1685871846.325589617, 0.358000000]: <frameName> set to: crawler_0/base_link[0m
[0m[ INFO] [1685871846.325623583, 0.358000000]: <updateRateHZ> set to: 10[0m
[0m[ INFO] [1685871846.325652811, 0.358000000]: <gaussianNoise> set to: 0[0m
[0m[ INFO] [1685871846.325714810, 0.358000000]: <xyzOffset> set to: 0 0 0[0m
[0m[ INFO] [1685871846.325776262, 0.358000000]: <rpyOffset> set to: 0 -0 0[0m
[0m[ INFO] [1685871846.332115999, 0.358000000]: NS UWBe0 UwbPlugin::Load crawler0 Tag 0 Publish TF 1[0m
NS UWBe0 Uwb topic: uwb
[0m[ INFO] [1685871846.332401516, 0.358000000]: NS TAG0 UwbPlugin::Load crawler0 Tag 1 Publish TF 0[0m
NS TAG0 Uwb topic: crawler0/uwb_sim
[33m[ WARN] [1685871846.333712656, 0.358000000]: DiffDrive(ns = //): missing <rosDebugLevel> default is na[0m
[33m[ WARN] [1685871846.334628750, 0.358000000]: DiffDrive(ns = //): missing <wheelAcceleration> default is 0[0m
[33m[ WARN] [1685871846.334706507, 0.358000000]: DiffDrive(ns = //): missing <wheelTorque> default is 5[0m
[ERROR] [1685873936.425311, 1921.476000]: Delete model service call failed: transport error completing service call: unable to receive data from sender, check sender's logs for details
[INFO] [1685871843.724688, 0.000000]: Loading model XML from ros parameter robot_description_crawler_1
[INFO] [1685871843.732492, 0.000000]: Waiting for service /gazebo/spawn_urdf_model
[INFO] [1685871844.638925, 0.000000]: Calling service /gazebo/spawn_urdf_model
[INFO] [1685871845.468703, 0.158000]: Spawn status: SpawnModel: Successfully spawned entity
[INFO] [1685871845.471312, 0.158000]: Waiting for shutdown to delete model crawler1
[INFO] [1685873936.126045, 1921.274000]: Deleting model crawler1
[ERROR] [1685873936.425288, 1921.476000]: Delete model service call failed: transport error completing service call: unable to receive data from sender, check sender's logs for details
[INFO] [1685871843.749686, 0.000000]: Loading model XML from ros parameter robot_description_crawler_0
[INFO] [1685871843.755341, 0.000000]: Waiting for service /gazebo/spawn_urdf_model
[INFO] [1685871844.661847, 0.000000]: Calling service /gazebo/spawn_urdf_model
[INFO] [1685871846.331881, 0.358000]: Spawn status: SpawnModel: Successfully spawned entity
[INFO] [1685871846.334205, 0.358000]: Waiting for shutdown to delete model crawler0
[INFO] [1685873936.126614, 1921.274000]: Deleting model crawler0
[ERROR] [1685873936.425718, 1921.476000]: Delete model service call failed: transport error completing service call: unable to receive data from sender, check sender's logs for details
[INFO] [1685871843.686354, 0.000000]: Loading model XML from ros parameter world_description
[INFO] [1685871843.695538, 0.000000]: Waiting for service /gazebo/spawn_urdf_model
[INFO] [1685871844.903418, 0.158000]: Calling service /gazebo/spawn_urdf_model
[INFO] [1685871846.645634, 0.557000]: Spawn status: SpawnModel: Successfully spawned entity
[INFO] [1685871846.647274, 0.559000]: Waiting for shutdown to delete model corrosion
[INFO] [1685873936.227570, 1921.375000]: Deleting model corrosion
[31mWARNING: disk usage in log directory [/home/chroma/.ros/log] is over 1GB.
It's recommended that you use the 'rosclean' command.[0m
[31m[gazebo-2] escalating to SIGTERM[0m
... logging to /home/chroma/.ros/log/5607775e-02bc-11ee-835a-cbdee1d2ed59/roslaunch-chroma-HP-ProBook-650-G2-61143.log
Checking log directory for disk usage. This may take a while.
Press Ctrl-C to interrupt
]2;/home/chroma/Documents/bugwright2-ws/bugwright_ws/src/my_sim/launch/crawler_ugw_with_uwb_simulation_spawn.launch
[1mstarted roslaunch server http://chroma-HP-ProBook-650-G2:39841/[0m

SUMMARY
========

PARAMETERS
 * /crawler0_gt/base_frame: crawler0_gt
 * /crawler0_gt/reference_frame: world
 * /crawler1_gt/base_frame: crawler1_gt
 * /crawler1_gt/reference_frame: world
 * /crawler_0_1_ugw_viz/base_frame: crawler_0/UWBe
 * /crawler_0_1_ugw_viz/tag_frame: crawler_1/UWBe
 * /crawler_0_1_ugw_viz/tag_name: crawler1
 * /gazebo/enable_ros_network: True
 * /og_viz/base_frame: UWBe
 * /og_viz/buddies/crawler0: crawler1
 * /og_viz/grid_height: 6
 * /og_viz/grid_resolution: 0.05
 * /og_viz/grid_width: 6
 * /og_viz/reference_frame: world
 * /robot_description_crawler_0: <?xml version="1....
 * /robot_description_crawler_1: <?xml version="1....
 * /robot_state_publisher_crawler_0/publish_frequency: 10.0
 * /robot_state_publisher_crawler_0/tf_prefix: crawler_0
 * /robot_state_publisher_crawler_1/publish_frequency: 10.0
 * /robot_state_publisher_crawler_1/tf_prefix: crawler_1
 * /robot_state_publisher_world/publish_frequency: 1.0
 * /rosdistro: noetic
 * /rosversion: 1.16.0
 * /use_sim_time: True
 * /world_description: <?xml version="1....

NODES
  /
    crawler0_gt (my_sim/pose_to_tf.py)
    crawler1_gt (my_sim/pose_to_tf.py)
    crawler_0_1_ugw_viz (my_sim/ugw_visualization.py)
    gazebo (gazebo_ros/gzserver)
    og_viz (my_sim/occgrid_visualization.py)
    robot_state_publisher_crawler_0 (robot_state_publisher/robot_state_publisher)
    robot_state_publisher_crawler_1 (robot_state_publisher/robot_state_publisher)
    robot_state_publisher_world (robot_state_publisher/robot_state_publisher)
    rviz (rviz/rviz)
    spawn_corrosion (gazebo_ros/spawn_model)
    spawn_crawler_0 (gazebo_ros/spawn_model)
    spawn_crawler_1 (gazebo_ros/spawn_model)
    world_to_world_tf (tf2_ros/static_transform_publisher)

auto-starting new master
[1mprocess[master]: started with pid [61179][0m
[1mROS_MASTER_URI=http://localhost:11311[0m
]2;/home/chroma/Documents/bugwright2-ws/bugwright_ws/src/my_sim/launch/crawler_ugw_with_uwb_simulation_spawn.launch http://localhost:11311
[1msetting /run_id to 5607775e-02bc-11ee-835a-cbdee1d2ed59[0m
[1mprocess[rosout-1]: started with pid [61196][0m
started core service [/rosout]
[1mprocess[gazebo-2]: started with pid [61203][0m
[1mprocess[spawn_corrosion-3]: started with pid [61207][0m
[1mprocess[robot_state_publisher_world-4]: started with pid [61209][0m
[1mprocess[world_to_world_tf-5]: started with pid [61210][0m
[1mprocess[spawn_crawler_0-6]: started with pid [61211][0m
[1mprocess[robot_state_publisher_crawler_0-7]: started with pid [61216][0m
[1mprocess[spawn_crawler_1-8]: started with pid [61222][0m
[1mprocess[robot_state_publisher_crawler_1-9]: started with pid [61224][0m
[1mprocess[crawler0_gt-10]: started with pid [61226][0m
[1mprocess[crawler1_gt-11]: started with pid [61232][0m
[1mprocess[crawler_0_1_ugw_viz-12]: started with pid [61238][0m
[1mprocess[og_viz-13]: started with pid [61247][0m
[1mprocess[rviz-14]: started with pid [61249][0m
[rviz-14] killing on exit
[og_viz-13] killing on exit
[crawler_0_1_ugw_viz-12] killing on exit
[spawn_crawler_1-8] killing on exit
[crawler0_gt-10] killing on exit
[robot_state_publisher_crawler_1-9] killing on exit
[crawler1_gt-11] killing on exit
[robot_state_publisher_crawler_0-7] killing on exit
[spawn_crawler_0-6] killing on exit
[world_to_world_tf-5] killing on exit
[robot_state_publisher_world-4] killing on exit
[spawn_corrosion-3] killing on exit
[gazebo-2] killing on exit
[rosout-1] killing on exit
[master] killing on exit
shutting down processing monitor...
... shutting down processing monitor complete
[1mdone[0m
