warning: redefining global symbol: pi
when processing file: /home/chroma/Documents/bugwright2-ws/bugwright_ws/src/my_sim/models/CrawlerUGW/crawler.xacro
warning: redefining global symbol: pi
when processing file: /home/chroma/Documents/bugwright2-ws/bugwright_ws/src/my_sim/models/CrawlerUGW/crawler.xacro
[0m[ INFO] [1685378902.498275084]: Finished loading Gazebo ROS API Plugin.[0m
[0m[ INFO] [1685378902.499572665]: waitForService: Service [/gazebo/set_physics_properties] has not been advertised, waiting...[0m
[0m[ INFO] [1685378903.015685440]: waitForService: Service [/gazebo/set_physics_properties] is now available.[0m
[0m[ INFO] [1685378903.037925254, 0.010000000]: Physics dynamic reconfigure ready.[0m
[0m[ INFO] [1685378903.864452230, 0.154000000]: Laser Plugin: Using the 'robotNamespace' param: '/'[0m
[0m[ INFO] [1685378903.864503163, 0.154000000]: Starting Laser Plugin (ns = /)[0m
[0m[ INFO] [1685378903.866245749, 0.154000000]: Laser Plugin (ns = /)  <tf_prefix_>, set to ""[0m
[0m[ INFO] [1685378903.872351837, 0.154000000]: <robotNamespace> set to: //[0m
[0m[ INFO] [1685378903.872383993, 0.154000000]: <topicName> set to: /crawler1/imu[0m
[0m[ INFO] [1685378903.872412680, 0.154000000]: <frameName> set to: crawler_1/base_link[0m
[0m[ INFO] [1685378903.872459880, 0.154000000]: <updateRateHZ> set to: 10[0m
[0m[ INFO] [1685378903.872493780, 0.154000000]: <gaussianNoise> set to: 0[0m
[0m[ INFO] [1685378903.872539692, 0.154000000]: <xyzOffset> set to: 0 0 0[0m
[0m[ INFO] [1685378903.872591507, 0.154000000]: <rpyOffset> set to: 0 -0 0[0m
[0m[ INFO] [1685378903.883765496, 0.154000000]: NS UWBe1 UwbPlugin::Load crawler1 Tag 0 Publish TF 1[0m
NS UWBe1 Uwb topic: uwb
[0m[ INFO] [1685378903.885113689, 0.154000000]: NS TAG1 UwbPlugin::Load crawler1 Tag 1 Publish TF 0[0m
NS TAG1 Uwb topic: crawler1/uwb_sim
[33m[ WARN] [1685378903.896187943, 0.154000000]: DiffDrive(ns = //): missing <rosDebugLevel> default is na[0m
[33m[ WARN] [1685378903.897331586, 0.154000000]: DiffDrive(ns = //): missing <wheelAcceleration> default is 0[0m
[33m[ WARN] [1685378903.897360887, 0.154000000]: DiffDrive(ns = //): missing <wheelTorque> default is 5[0m
[0m[ INFO] [1685378903.896140323, 0.154000000]: Starting plugin DiffDrive(ns = //)[0m
[0m[ INFO] [1685378903.897082451, 0.154000000]: DiffDrive(ns = //): <tf_prefix> = [0m
[0m[ INFO] [1685378903.897588417, 0.154000000]: DiffDrive(ns = //): Try to subscribe to /crawler1/base_controller/cmd_vel[0m
[0m[ INFO] [1685378903.899763587, 0.154000000]: DiffDrive(ns = //): Subscribe to /crawler1/base_controller/cmd_vel[0m
[0m[ INFO] [1685378903.900444270, 0.154000000]: DiffDrive(ns = //): Advertise odom on /crawler1/odom [0m
[0m[ INFO] [1685378904.714354239, 0.353000000]: Laser Plugin: Using the 'robotNamespace' param: '/'[0m
[0m[ INFO] [1685378904.714397713, 0.353000000]: Starting Laser Plugin (ns = /)[0m
[0m[ INFO] [1685378904.715544107, 0.353000000]: Laser Plugin (ns = /)  <tf_prefix_>, set to ""[0m
[0m[ INFO] [1685378904.719024822, 0.353000000]: <robotNamespace> set to: //[0m
[0m[ INFO] [1685378904.719066888, 0.353000000]: <topicName> set to: /crawler0/imu[0m
[0m[ INFO] [1685378904.719078592, 0.353000000]: <frameName> set to: crawler_0/base_link[0m
[0m[ INFO] [1685378904.719094336, 0.353000000]: <updateRateHZ> set to: 10[0m
[0m[ INFO] [1685378904.719128536, 0.353000000]: <gaussianNoise> set to: 0[0m
[0m[ INFO] [1685378904.719163932, 0.353000000]: <xyzOffset> set to: 0 0 0[0m
[0m[ INFO] [1685378904.719179523, 0.353000000]: <rpyOffset> set to: 0 -0 0[0m
[0m[ INFO] [1685378904.725692162, 0.353000000]: NS UWBe0 UwbPlugin::Load crawler0 Tag 0 Publish TF 1[0m
NS UWBe0 Uwb topic: uwb
[0m[ INFO] [1685378904.725952332, 0.353000000]: NS TAG0 UwbPlugin::Load crawler0 Tag 1 Publish TF 0[0m
NS TAG0 Uwb topic: crawler0/uwb_sim
[33m[ WARN] [1685378904.727108055, 0.353000000]: DiffDrive(ns = //): missing <rosDebugLevel> default is na[0m
[33m[ WARN] [1685378904.728177347, 0.353000000]: DiffDrive(ns = //): missing <wheelAcceleration> default is 0[0m
[33m[ WARN] [1685378904.728218037, 0.353000000]: DiffDrive(ns = //): missing <wheelTorque> default is 5[0m
[ERROR] [1685379418.946931, 469.532000]: Delete model service call failed: transport error completing service call: unable to receive data from sender, check sender's logs for details
[INFO] [1685378902.228128, 0.000000]: Loading model XML from ros parameter robot_description_crawler_0
[INFO] [1685378902.240528, 0.000000]: Waiting for service /gazebo/spawn_urdf_model
[INFO] [1685378903.153979, 0.119000]: Calling service /gazebo/spawn_urdf_model
[INFO] [1685378904.725521, 0.353000]: Spawn status: SpawnModel: Successfully spawned entity
[INFO] [1685378904.727221, 0.353000]: Waiting for shutdown to delete model crawler0
[INFO] [1685379418.670096, 469.328000]: Deleting model crawler0
[ERROR] [1685379418.947032, 469.532000]: Delete model service call failed: transport error completing service call: unable to receive data from sender, check sender's logs for details
[INFO] [1685378902.090306, 0.000000]: Loading model XML from ros parameter world_description
[INFO] [1685378902.097225, 0.000000]: Waiting for service /gazebo/spawn_urdf_model
[INFO] [1685378903.304305, 0.154000]: Calling service /gazebo/spawn_urdf_model
[INFO] [1685378904.986545, 0.552000]: Spawn status: SpawnModel: Successfully spawned entity
[INFO] [1685378904.988056, 0.554000]: Waiting for shutdown to delete model corrosion
[INFO] [1685379418.857354, 469.509000]: Deleting model corrosion
[ERROR] [1685379418.947000, 469.532000]: Delete model service call failed: transport error completing service call: unable to receive data from sender, check sender's logs for details
[INFO] [1685378902.193791, 0.000000]: Loading model XML from ros parameter robot_description_crawler_1
[INFO] [1685378902.201078, 0.000000]: Waiting for service /gazebo/spawn_urdf_model
[INFO] [1685378903.109146, 0.000000]: Calling service /gazebo/spawn_urdf_model
[INFO] [1685378903.875183, 0.154000]: Spawn status: SpawnModel: Successfully spawned entity
[INFO] [1685378903.876363, 0.154000]: Waiting for shutdown to delete model crawler1
[INFO] [1685379418.677707, 469.333000]: Deleting model crawler1
[31m[gazebo-2] escalating to SIGTERM[0m
... logging to /home/chroma/.ros/log/9e0208ce-fe40-11ed-ac04-a1f748f19be9/roslaunch-chroma-HP-ProBook-650-G2-294153.log
Checking log directory for disk usage. This may take a while.
Press Ctrl-C to interrupt
Done checking log file disk usage. Usage is <1GB.
]2;/home/chroma/Documents/bugwright2-ws/bugwright_ws/src/my_sim/launch/crawler_ugw_with_uwb_simulation_spawn.launch
[1mstarted roslaunch server http://chroma-HP-ProBook-650-G2:37747/[0m

SUMMARY
========

PARAMETERS
 * /crawler0_gt/base_frame: crawler0_gt
 * /crawler0_gt/reference_frame: world
 * /crawler1_gt/base_frame: crawler1_gt
 * /crawler1_gt/reference_frame: world
 * /crawler_0_1_ugw_viz/base_frame: crawler_0/UWBe
 * /crawler_0_1_ugw_viz/tag_frame: crawler_1/UWBe
 * /crawler_0_1_ugw_viz/tag_name: crawler1
 * /gazebo/enable_ros_network: True
 * /og_viz/base_frame: UWBe
 * /og_viz/buddies/crawler0: crawler1
 * /og_viz/grid_height: 6
 * /og_viz/grid_resolution: 0.05
 * /og_viz/grid_width: 6
 * /og_viz/reference_frame: world
 * /robot_description_crawler_0: <?xml version="1....
 * /robot_description_crawler_1: <?xml version="1....
 * /robot_state_publisher_crawler_0/publish_frequency: 10.0
 * /robot_state_publisher_crawler_0/tf_prefix: crawler_0
 * /robot_state_publisher_crawler_1/publish_frequency: 10.0
 * /robot_state_publisher_crawler_1/tf_prefix: crawler_1
 * /robot_state_publisher_world/publish_frequency: 1.0
 * /rosdistro: noetic
 * /rosversion: 1.16.0
 * /use_sim_time: True
 * /world_description: <?xml version="1....

NODES
  /
    crawler0_gt (my_sim/pose_to_tf.py)
    crawler1_gt (my_sim/pose_to_tf.py)
    crawler_0_1_ugw_viz (my_sim/ugw_visualization.py)
    gazebo (gazebo_ros/gzserver)
    og_viz (my_sim/occgrid_visualization.py)
    robot_state_publisher_crawler_0 (robot_state_publisher/robot_state_publisher)
    robot_state_publisher_crawler_1 (robot_state_publisher/robot_state_publisher)
    robot_state_publisher_world (robot_state_publisher/robot_state_publisher)
    rviz (rviz/rviz)
    spawn_corrosion (gazebo_ros/spawn_model)
    spawn_crawler_0 (gazebo_ros/spawn_model)
    spawn_crawler_1 (gazebo_ros/spawn_model)
    world_to_world_tf (tf2_ros/static_transform_publisher)

auto-starting new master
[1mprocess[master]: started with pid [294189][0m
[1mROS_MASTER_URI=http://localhost:11311[0m
]2;/home/chroma/Documents/bugwright2-ws/bugwright_ws/src/my_sim/launch/crawler_ugw_with_uwb_simulation_spawn.launch http://localhost:11311
[1msetting /run_id to 9e0208ce-fe40-11ed-ac04-a1f748f19be9[0m
[1mprocess[rosout-1]: started with pid [294206][0m
started core service [/rosout]
[1mprocess[gazebo-2]: started with pid [294213][0m
[1mprocess[spawn_corrosion-3]: started with pid [294217][0m
[1mprocess[robot_state_publisher_world-4]: started with pid [294219][0m
[1mprocess[world_to_world_tf-5]: started with pid [294220][0m
[1mprocess[spawn_crawler_0-6]: started with pid [294221][0m
[1mprocess[robot_state_publisher_crawler_0-7]: started with pid [294226][0m
[1mprocess[spawn_crawler_1-8]: started with pid [294232][0m
[1mprocess[robot_state_publisher_crawler_1-9]: started with pid [294235][0m
[1mprocess[crawler0_gt-10]: started with pid [294241][0m
[1mprocess[crawler1_gt-11]: started with pid [294243][0m
[1mprocess[crawler_0_1_ugw_viz-12]: started with pid [294248][0m
[1mprocess[og_viz-13]: started with pid [294258][0m
[1mprocess[rviz-14]: started with pid [294266][0m
[rviz-14] killing on exit
[og_viz-13] killing on exit
[crawler_0_1_ugw_viz-12] killing on exit
[robot_state_publisher_crawler_1-9] killing on exit
[crawler1_gt-11] killing on exit
[crawler0_gt-10] killing on exit
[robot_state_publisher_crawler_0-7] killing on exit
[spawn_crawler_0-6] killing on exit
[world_to_world_tf-5] killing on exit
[spawn_crawler_1-8] killing on exit
[robot_state_publisher_world-4] killing on exit
[spawn_corrosion-3] killing on exit
[gazebo-2] killing on exit
[rosout-1] killing on exit
[master] killing on exit
shutting down processing monitor...
... shutting down processing monitor complete
[1mdone[0m
