warning: redefining global symbol: pi
when processing file: /home/chroma/Documents/bugwright2-ws/bugwright_ws/src/my_sim/models/CrawlerUGW/crawler.xacro
warning: redefining global symbol: pi
when processing file: /home/chroma/Documents/bugwright2-ws/bugwright_ws/src/my_sim/models/CrawlerUGW/crawler.xacro
[0m[ INFO] [1685867548.907264213]: Finished loading Gazebo ROS API Plugin.[0m
[0m[ INFO] [1685867548.908398213]: waitForService: Service [/gazebo/set_physics_properties] has not been advertised, waiting...[0m
[0m[ INFO] [1685867549.403139269, 0.003000000]: waitForService: Service [/gazebo/set_physics_properties] is now available.[0m
[0m[ INFO] [1685867549.421522314, 0.020000000]: Physics dynamic reconfigure ready.[0m
[0m[ INFO] [1685867550.539087644, 0.361000000]: Laser Plugin: Using the 'robotNamespace' param: '/'[0m
[0m[ INFO] [1685867550.539135832, 0.361000000]: Starting Laser Plugin (ns = /)[0m
[0m[ INFO] [1685867550.540687225, 0.361000000]: Laser Plugin (ns = /)  <tf_prefix_>, set to ""[0m
[0m[ INFO] [1685867550.549860428, 0.361000000]: <robotNamespace> set to: //[0m
[0m[ INFO] [1685867550.549891634, 0.361000000]: <topicName> set to: /crawler1/imu[0m
[0m[ INFO] [1685867550.549913114, 0.361000000]: <frameName> set to: crawler_1/base_link[0m
[0m[ INFO] [1685867550.549946431, 0.361000000]: <updateRateHZ> set to: 10[0m
[0m[ INFO] [1685867550.549995347, 0.361000000]: <gaussianNoise> set to: 0[0m
[0m[ INFO] [1685867550.550054346, 0.361000000]: <xyzOffset> set to: 0 0 0[0m
[0m[ INFO] [1685867550.550130903, 0.361000000]: <rpyOffset> set to: 0 -0 0[0m
[0m[ INFO] [1685867550.680411434, 0.361000000]: NS UWBe1 UwbPlugin::Load crawler1 Tag 0 Publish TF 1[0m
NS UWBe1 Uwb topic: uwb
[0m[ INFO] [1685867550.681507792, 0.361000000]: NS TAG1 UwbPlugin::Load crawler1 Tag 1 Publish TF 0[0m
NS TAG1 Uwb topic: crawler1/uwb_sim
[33m[ WARN] [1685867550.696346172, 0.361000000]: DiffDrive(ns = //): missing <rosDebugLevel> default is na[0m
[33m[ WARN] [1685867550.697807161, 0.361000000]: DiffDrive(ns = //): missing <wheelAcceleration> default is 0[0m
[33m[ WARN] [1685867550.697830972, 0.361000000]: DiffDrive(ns = //): missing <wheelTorque> default is 5[0m
[0m[ INFO] [1685867550.696278076, 0.361000000]: Starting plugin DiffDrive(ns = //)[0m
[0m[ INFO] [1685867550.697641025, 0.361000000]: DiffDrive(ns = //): <tf_prefix> = [0m
[0m[ INFO] [1685867550.698019527, 0.361000000]: DiffDrive(ns = //): Try to subscribe to /crawler1/base_controller/cmd_vel[0m
[0m[ INFO] [1685867550.699941258, 0.361000000]: DiffDrive(ns = //): Subscribe to /crawler1/base_controller/cmd_vel[0m
[0m[ INFO] [1685867550.700378879, 0.361000000]: DiffDrive(ns = //): Advertise odom on /crawler1/odom [0m
[0m[ INFO] [1685867551.528676317, 0.561000000]: Laser Plugin: Using the 'robotNamespace' param: '/'[0m
[0m[ INFO] [1685867551.528718907, 0.561000000]: Starting Laser Plugin (ns = /)[0m
[0m[ INFO] [1685867551.529879811, 0.561000000]: Laser Plugin (ns = /)  <tf_prefix_>, set to ""[0m
[0m[ INFO] [1685867551.532371053, 0.561000000]: <robotNamespace> set to: //[0m
[0m[ INFO] [1685867551.532395360, 0.561000000]: <topicName> set to: /crawler0/imu[0m
[0m[ INFO] [1685867551.532418261, 0.561000000]: <frameName> set to: crawler_0/base_link[0m
[0m[ INFO] [1685867551.532446931, 0.561000000]: <updateRateHZ> set to: 10[0m
[0m[ INFO] [1685867551.532488291, 0.561000000]: <gaussianNoise> set to: 0[0m
[0m[ INFO] [1685867551.532551787, 0.561000000]: <xyzOffset> set to: 0 0 0[0m
[0m[ INFO] [1685867551.532617825, 0.561000000]: <rpyOffset> set to: 0 -0 0[0m
[0m[ INFO] [1685867551.539298040, 0.561000000]: NS UWBe0 UwbPlugin::Load crawler0 Tag 0 Publish TF 1[0m
NS UWBe0 Uwb topic: uwb
[0m[ INFO] [1685867551.539770645, 0.561000000]: NS TAG0 UwbPlugin::Load crawler0 Tag 1 Publish TF 0[0m
NS TAG0 Uwb topic: crawler0/uwb_sim
[33m[ WARN] [1685867551.541108605, 0.561000000]: DiffDrive(ns = //): missing <rosDebugLevel> default is na[0m
[33m[ WARN] [1685867551.542259003, 0.561000000]: DiffDrive(ns = //): missing <wheelAcceleration> default is 0[0m
[33m[ WARN] [1685867551.542298890, 0.561000000]: DiffDrive(ns = //): missing <wheelTorque> default is 5[0m
[ERROR] [1685868789.385020, 1131.169000]: Delete model service call failed: transport error completing service call: unable to receive data from sender, check sender's logs for details
[INFO] [1685867548.591593, 0.000000]: Loading model XML from ros parameter robot_description_crawler_0
[INFO] [1685867548.601461, 0.000000]: Waiting for service /gazebo/spawn_urdf_model
[INFO] [1685867549.508016, 0.102000]: Calling service /gazebo/spawn_urdf_model
[INFO] [1685867551.539254, 0.561000]: Spawn status: SpawnModel: Successfully spawned entity
[INFO] [1685867551.541135, 0.561000]: Waiting for shutdown to delete model crawler0
[INFO] [1685868789.180932, 1131.071000]: Deleting model crawler0
[ERROR] [1685868789.385030, 1131.169000]: Delete model service call failed: transport error completing service call: unable to receive data from sender, check sender's logs for details
[INFO] [1685867548.536152, 0.000000]: Loading model XML from ros parameter robot_description_crawler_1
[INFO] [1685867548.541866, 0.000000]: Waiting for service /gazebo/spawn_urdf_model
[INFO] [1685867549.447809, 0.000000]: Calling service /gazebo/spawn_urdf_model
[INFO] [1685867550.550485, 0.361000]: Spawn status: SpawnModel: Successfully spawned entity
[INFO] [1685867550.552083, 0.361000]: Waiting for shutdown to delete model crawler1
[INFO] [1685868789.180407, 1131.070000]: Deleting model crawler1
[ERROR] [1685868789.385120, 1131.169000]: Delete model service call failed: transport error completing service call: unable to receive data from sender, check sender's logs for details
[INFO] [1685867548.525645, 0.000000]: Loading model XML from ros parameter world_description
[INFO] [1685867548.537437, 0.000000]: Waiting for service /gazebo/spawn_urdf_model
[INFO] [1685867549.443984, 0.000000]: Calling service /gazebo/spawn_urdf_model
[INFO] [1685867549.685861, 0.161000]: Spawn status: SpawnModel: Successfully spawned entity
[INFO] [1685867549.687570, 0.163000]: Waiting for shutdown to delete model corrosion
[INFO] [1685868789.283392, 1131.168000]: Deleting model corrosion
[31mWARNING: disk usage in log directory [/home/chroma/.ros/log] is over 1GB.
It's recommended that you use the 'rosclean' command.[0m
[31m[gazebo-2] escalating to SIGTERM[0m
... logging to /home/chroma/.ros/log/55e4cfb0-02b2-11ee-835a-cbdee1d2ed59/roslaunch-chroma-HP-ProBook-650-G2-57377.log
Checking log directory for disk usage. This may take a while.
Press Ctrl-C to interrupt
]2;/home/chroma/Documents/bugwright2-ws/bugwright_ws/src/my_sim/launch/crawler_ugw_with_uwb_simulation_spawn.launch
[1mstarted roslaunch server http://chroma-HP-ProBook-650-G2:40627/[0m

SUMMARY
========

PARAMETERS
 * /crawler0_gt/base_frame: crawler0_gt
 * /crawler0_gt/reference_frame: world
 * /crawler1_gt/base_frame: crawler1_gt
 * /crawler1_gt/reference_frame: world
 * /crawler_0_1_ugw_viz/base_frame: crawler_0/UWBe
 * /crawler_0_1_ugw_viz/tag_frame: crawler_1/UWBe
 * /crawler_0_1_ugw_viz/tag_name: crawler1
 * /gazebo/enable_ros_network: True
 * /og_viz/base_frame: UWBe
 * /og_viz/buddies/crawler0: crawler1
 * /og_viz/grid_height: 6
 * /og_viz/grid_resolution: 0.05
 * /og_viz/grid_width: 6
 * /og_viz/reference_frame: world
 * /robot_description_crawler_0: <?xml version="1....
 * /robot_description_crawler_1: <?xml version="1....
 * /robot_state_publisher_crawler_0/publish_frequency: 10.0
 * /robot_state_publisher_crawler_0/tf_prefix: crawler_0
 * /robot_state_publisher_crawler_1/publish_frequency: 10.0
 * /robot_state_publisher_crawler_1/tf_prefix: crawler_1
 * /robot_state_publisher_world/publish_frequency: 1.0
 * /rosdistro: noetic
 * /rosversion: 1.16.0
 * /use_sim_time: True
 * /world_description: <?xml version="1....

NODES
  /
    crawler0_gt (my_sim/pose_to_tf.py)
    crawler1_gt (my_sim/pose_to_tf.py)
    crawler_0_1_ugw_viz (my_sim/ugw_visualization.py)
    gazebo (gazebo_ros/gzserver)
    og_viz (my_sim/occgrid_visualization.py)
    robot_state_publisher_crawler_0 (robot_state_publisher/robot_state_publisher)
    robot_state_publisher_crawler_1 (robot_state_publisher/robot_state_publisher)
    robot_state_publisher_world (robot_state_publisher/robot_state_publisher)
    rviz (rviz/rviz)
    spawn_corrosion (gazebo_ros/spawn_model)
    spawn_crawler_0 (gazebo_ros/spawn_model)
    spawn_crawler_1 (gazebo_ros/spawn_model)
    world_to_world_tf (tf2_ros/static_transform_publisher)

auto-starting new master
[1mprocess[master]: started with pid [57413][0m
[1mROS_MASTER_URI=http://localhost:11311[0m
]2;/home/chroma/Documents/bugwright2-ws/bugwright_ws/src/my_sim/launch/crawler_ugw_with_uwb_simulation_spawn.launch http://localhost:11311
[1msetting /run_id to 55e4cfb0-02b2-11ee-835a-cbdee1d2ed59[0m
[1mprocess[rosout-1]: started with pid [57430][0m
started core service [/rosout]
[1mprocess[gazebo-2]: started with pid [57437][0m
[1mprocess[spawn_corrosion-3]: started with pid [57441][0m
[1mprocess[robot_state_publisher_world-4]: started with pid [57443][0m
[1mprocess[world_to_world_tf-5]: started with pid [57444][0m
[1mprocess[spawn_crawler_0-6]: started with pid [57445][0m
[1mprocess[robot_state_publisher_crawler_0-7]: started with pid [57450][0m
[1mprocess[spawn_crawler_1-8]: started with pid [57456][0m
[1mprocess[robot_state_publisher_crawler_1-9]: started with pid [57457][0m
[1mprocess[crawler0_gt-10]: started with pid [57460][0m
[1mprocess[crawler1_gt-11]: started with pid [57466][0m
[1mprocess[crawler_0_1_ugw_viz-12]: started with pid [57472][0m
[1mprocess[og_viz-13]: started with pid [57481][0m
[1mprocess[rviz-14]: started with pid [57483][0m
[rviz-14] killing on exit
[og_viz-13] killing on exit
[crawler_0_1_ugw_viz-12] killing on exit
[robot_state_publisher_crawler_0-7] killing on exit
[crawler0_gt-10] killing on exit
[robot_state_publisher_crawler_1-9] killing on exit
[spawn_crawler_1-8] killing on exit
[crawler1_gt-11] killing on exit
[spawn_crawler_0-6] killing on exit
[world_to_world_tf-5] killing on exit
[robot_state_publisher_world-4] killing on exit
[spawn_corrosion-3] killing on exit
[gazebo-2] killing on exit
[rosout-1] killing on exit
[master] killing on exit
shutting down processing monitor...
... shutting down processing monitor complete
[1mdone[0m
