warning: redefining global symbol: pi
when processing file: /home/chroma/Documents/bugwright2-ws/bugwright_ws/src/my_sim/models/CrawlerUGW/crawler.xacro
warning: redefining global symbol: pi
when processing file: /home/chroma/Documents/bugwright2-ws/bugwright_ws/src/my_sim/models/CrawlerUGW/crawler.xacro
[0m[ INFO] [1683998753.130133141]: Finished loading Gazebo ROS API Plugin.[0m
[0m[ INFO] [1683998753.131353844]: waitForService: Service [/gazebo/set_physics_properties] has not been advertised, waiting...[0m
[0m[ INFO] [1683998753.627708000]: waitForService: Service [/gazebo/set_physics_properties] is now available.[0m
[0m[ INFO] [1683998753.660463028, 0.005000000]: Physics dynamic reconfigure ready.[0m
[0m[ INFO] [1683998754.593325715, 0.141000000]: Camera Plugin: Using the 'robotNamespace' param: '/'[0m
[0m[ INFO] [1683998754.596147750, 0.141000000]: Camera Plugin (ns = /)  <tf_prefix_>, set to ""[0m
[0m[ INFO] [1683998754.605119665, 0.141000000]: <robotNamespace> set to: //[0m
[0m[ INFO] [1683998754.605141440, 0.141000000]: <topicName> set to: /crawler1/imu[0m
[0m[ INFO] [1683998754.605153262, 0.141000000]: <frameName> set to: crawler_1/base_link[0m
[0m[ INFO] [1683998754.605199964, 0.141000000]: <updateRateHZ> set to: 10[0m
[0m[ INFO] [1683998754.605228787, 0.141000000]: <gaussianNoise> set to: 0[0m
[0m[ INFO] [1683998754.605275208, 0.141000000]: <xyzOffset> set to: 0 0 0[0m
[0m[ INFO] [1683998754.605324430, 0.141000000]: <rpyOffset> set to: 0 -0 0[0m
[0m[ INFO] [1683998754.617869137, 0.141000000]: NS UWBe1 UwbPlugin::Load crawler1 Tag 0 Publish TF 1[0m
NS UWBe1 Uwb topic: uwb
[0m[ INFO] [1683998754.618629967, 0.141000000]: NS TAG1 UwbPlugin::Load crawler1 Tag 1 Publish TF 0[0m
NS TAG1 Uwb topic: crawler1/uwb_sim
[33m[ WARN] [1683998754.629731171, 0.141000000]: DiffDrive(ns = //): missing <rosDebugLevel> default is na[0m
[33m[ WARN] [1683998754.631375879, 0.141000000]: DiffDrive(ns = //): missing <wheelAcceleration> default is 0[0m
[33m[ WARN] [1683998754.631413635, 0.141000000]: DiffDrive(ns = //): missing <wheelTorque> default is 5[0m
[31m[ERROR] [1683998755.179232468, 0.544000000]: Tried to advertise a service that is already advertised in this node [/IFM_ir/set_camera_info][0m
[31m[ERROR] [1683998755.180724998, 0.544000000]: Tried to advertise a service that is already advertised in this node [/IFM_ir/set_parameters][0m
[0m[ INFO] [1683998754.629635834, 0.141000000]: Starting plugin DiffDrive(ns = //)[0m
[0m[ INFO] [1683998754.631109623, 0.141000000]: DiffDrive(ns = //): <tf_prefix> = [0m
[0m[ INFO] [1683998754.631702041, 0.141000000]: DiffDrive(ns = //): Try to subscribe to /crawler1/base_controller/cmd_vel[0m
[0m[ INFO] [1683998754.634166648, 0.141000000]: DiffDrive(ns = //): Subscribe to /crawler1/base_controller/cmd_vel[0m
[0m[ INFO] [1683998754.634739958, 0.141000000]: DiffDrive(ns = //): Advertise odom on /crawler1/odom [0m
[0m[ INFO] [1683998755.178961033, 0.544000000]: Camera Plugin: Using the 'robotNamespace' param: '/'[0m
[0m[ INFO] [1683998755.180414696, 0.544000000]: <robotNamespace> set to: //[0m
[0m[ INFO] [1683998755.180448587, 0.544000000]: <topicName> set to: /crawler0/imu[0m
[0m[ INFO] [1683998755.180467965, 0.544000000]: <frameName> set to: crawler_0/base_link[0m
[0m[ INFO] [1683998755.180496869, 0.544000000]: <updateRateHZ> set to: 10[0m
[0m[ INFO] [1683998755.180525095, 0.544000000]: <gaussianNoise> set to: 0[0m
[0m[ INFO] [1683998755.180561914, 0.544000000]: <xyzOffset> set to: 0 0 0[0m
[0m[ INFO] [1683998755.180596257, 0.544000000]: <rpyOffset> set to: 0 -0 0[0m
[0m[ INFO] [1683998755.180703706, 0.544000000]: Camera Plugin (ns = /)  <tf_prefix_>, set to ""[0m
[0m[ INFO] [1683998755.189058985, 0.544000000]: NS UWBe0 UwbPlugin::Load crawler0 Tag 0 Publish TF 1[0m
NS UWBe0 Uwb topic: uwb
[0m[ INFO] [1683998755.189341084, 0.544000000]: NS TAG0 UwbPlugin::Load crawler0 Tag 1 Publish TF 0[0m
NS TAG0 Uwb topic: crawler0/uwb_sim
[33m[ WARN] [1683998755.190373185, 0.544000000]: DiffDrive(ns = //): missing <rosDebugLevel> default is na[0m
[33m[ WARN] [1683998755.191692218, 0.544000000]: DiffDrive(ns = //): missing <wheelAcceleration> default is 0[0m
[33m[ WARN] [1683998755.191747873, 0.544000000]: DiffDrive(ns = //): missing <wheelTorque> default is 5[0m
[ERROR] [1684001225.026950, 2461.220000]: Delete model service call failed: transport error completing service call: unable to receive data from sender, check sender's logs for details
[INFO] [1683998752.784226, 0.000000]: Loading model XML from ros parameter robot_description_crawler_1
[INFO] [1683998752.789895, 0.000000]: Waiting for service /gazebo/spawn_urdf_model
[INFO] [1683998753.696141, 0.037000]: Calling service /gazebo/spawn_urdf_model
[INFO] [1683998754.606202, 0.141000]: Spawn status: SpawnModel: Successfully spawned entity
[INFO] [1683998754.607685, 0.141000]: Waiting for shutdown to delete model crawler1
[INFO] [1684001224.720220, 2461.018000]: Deleting model crawler1
[ERROR] [1684001225.027051, 2461.220000]: Delete model service call failed: transport error completing service call: unable to receive data from sender, check sender's logs for details
[INFO] [1683998752.901294, 0.000000]: Loading model XML from ros parameter robot_description_crawler_0
[INFO] [1683998752.906080, 0.000000]: Waiting for service /gazebo/spawn_urdf_model
[INFO] [1683998753.813770, 0.141000]: Calling service /gazebo/spawn_urdf_model
[INFO] [1683998755.188885, 0.544000]: Spawn status: SpawnModel: Successfully spawned entity
[INFO] [1683998755.190455, 0.544000]: Waiting for shutdown to delete model crawler0
[INFO] [1684001224.721609, 2461.019000]: Deleting model crawler0
[ERROR] [1684001225.027607, 2461.220000]: Delete model service call failed: transport error completing service call: unable to receive data from sender, check sender's logs for details
[INFO] [1683998752.875555, 0.000000]: Loading model XML from ros parameter world_description
[INFO] [1683998752.884868, 0.000000]: Waiting for service /gazebo/spawn_urdf_model
[INFO] [1683998753.792272, 0.128000]: Calling service /gazebo/spawn_urdf_model
[INFO] [1683998754.897984, 0.343000]: Spawn status: SpawnModel: Successfully spawned entity
[INFO] [1683998754.899371, 0.345000]: Waiting for shutdown to delete model corrosion
[INFO] [1684001224.824661, 2461.119000]: Deleting model corrosion
[31m[gazebo-2] escalating to SIGTERM[0m
... logging to /home/chroma/.ros/log/34f36d8a-f1b3-11ed-9003-e5e619360a76/roslaunch-chroma-HP-ProBook-650-G2-123603.log
Checking log directory for disk usage. This may take a while.
Press Ctrl-C to interrupt
Done checking log file disk usage. Usage is <1GB.
]2;/home/chroma/Documents/bugwright2-ws/bugwright_ws/src/my_sim/launch/crawler_ugw_with_uwb_simulation_spawn.launch
[1mstarted roslaunch server http://chroma-HP-ProBook-650-G2:33207/[0m

SUMMARY
========

PARAMETERS
 * /crawler0_gt/base_frame: crawler0_gt
 * /crawler0_gt/reference_frame: world
 * /crawler1_gt/base_frame: crawler1_gt
 * /crawler1_gt/reference_frame: world
 * /crawler_0_1_ugw_viz/base_frame: crawler_0/UWBe
 * /crawler_0_1_ugw_viz/tag_frame: crawler_1/UWBe
 * /crawler_0_1_ugw_viz/tag_name: crawler1
 * /gazebo/enable_ros_network: True
 * /og_viz/base_frame: UWBe
 * /og_viz/buddies/crawler0: crawler1
 * /og_viz/grid_height: 6
 * /og_viz/grid_resolution: 0.05
 * /og_viz/grid_width: 6
 * /og_viz/reference_frame: world
 * /robot_description_crawler_0: <?xml version="1....
 * /robot_description_crawler_1: <?xml version="1....
 * /robot_state_publisher_crawler_0/publish_frequency: 10.0
 * /robot_state_publisher_crawler_0/tf_prefix: crawler_0
 * /robot_state_publisher_crawler_1/publish_frequency: 10.0
 * /robot_state_publisher_crawler_1/tf_prefix: crawler_1
 * /robot_state_publisher_world/publish_frequency: 1.0
 * /rosdistro: noetic
 * /rosversion: 1.16.0
 * /use_sim_time: True
 * /world_description: <?xml version="1....

NODES
  /
    crawler0_gt (my_sim/pose_to_tf.py)
    crawler1_gt (my_sim/pose_to_tf.py)
    crawler_0_1_ugw_viz (my_sim/ugw_visualization.py)
    gazebo (gazebo_ros/gzserver)
    og_viz (my_sim/occgrid_visualization.py)
    robot_state_publisher_crawler_0 (robot_state_publisher/robot_state_publisher)
    robot_state_publisher_crawler_1 (robot_state_publisher/robot_state_publisher)
    robot_state_publisher_world (robot_state_publisher/robot_state_publisher)
    rviz (rviz/rviz)
    spawn_corrosion (gazebo_ros/spawn_model)
    spawn_crawler_0 (gazebo_ros/spawn_model)
    spawn_crawler_1 (gazebo_ros/spawn_model)
    world_to_world_tf (tf2_ros/static_transform_publisher)

auto-starting new master
[1mprocess[master]: started with pid [123639][0m
[1mROS_MASTER_URI=http://localhost:11311[0m
]2;/home/chroma/Documents/bugwright2-ws/bugwright_ws/src/my_sim/launch/crawler_ugw_with_uwb_simulation_spawn.launch http://localhost:11311
[1msetting /run_id to 34f36d8a-f1b3-11ed-9003-e5e619360a76[0m
[1mprocess[rosout-1]: started with pid [123656][0m
started core service [/rosout]
[1mprocess[gazebo-2]: started with pid [123663][0m
[1mprocess[spawn_corrosion-3]: started with pid [123667][0m
[1mprocess[robot_state_publisher_world-4]: started with pid [123669][0m
[1mprocess[world_to_world_tf-5]: started with pid [123670][0m
[1mprocess[spawn_crawler_0-6]: started with pid [123671][0m
[1mprocess[robot_state_publisher_crawler_0-7]: started with pid [123676][0m
[1mprocess[spawn_crawler_1-8]: started with pid [123682][0m
[1mprocess[robot_state_publisher_crawler_1-9]: started with pid [123684][0m
[1mprocess[crawler0_gt-10]: started with pid [123690][0m
[1mprocess[crawler1_gt-11]: started with pid [123693][0m
[1mprocess[crawler_0_1_ugw_viz-12]: started with pid [123705][0m
[1mprocess[og_viz-13]: started with pid [123708][0m
[1mprocess[rviz-14]: started with pid [123709][0m
[rviz-14] killing on exit
[og_viz-13] killing on exit
[crawler_0_1_ugw_viz-12] killing on exit
[crawler1_gt-11] killing on exit
[crawler0_gt-10] killing on exit
[robot_state_publisher_crawler_1-9] killing on exit
[spawn_crawler_1-8] killing on exit
[spawn_crawler_0-6] killing on exit
[world_to_world_tf-5] killing on exit
[robot_state_publisher_crawler_0-7] killing on exit
[robot_state_publisher_world-4] killing on exit
[spawn_corrosion-3] killing on exit
[gazebo-2] killing on exit
[rosout-1] killing on exit
[master] killing on exit
shutting down processing monitor...
... shutting down processing monitor complete
[1mdone[0m
